src/AppWithSimpleAuth.tsx(133,10): error TS1005: ';' expected.
src/components/AccessibilityButton.tsx(28,10): error TS1005: ';' expected.
src/components/AccessibilityProvider.tsx(141,6): error TS1005: ';' expected.
src/components/AccessibilityProvider.tsx(212,41): error TS1005: ';' expected.
src/components/AccessibilityProvider.tsx(239,55): error TS1005: ';' expected.
src/components/AccessibilityProvider.tsx(250,52): error TS1005: ';' expected.
src/components/AccessibilityProvider.tsx(295,10): error TS1005: ';' expected.
src/components/AstralTetherDemo.tsx(52,18): error TS1005: ';' expected.
src/components/auth/AnonymousLogin.tsx(1,141): error TS1005: 'from' expected.
src/components/auth/AnonymousLogin.tsx(1,148): error TS1005: ';' expected.
src/components/auth/AnonymousLogin.tsx(1,156): error TS1109: Expression expected.
src/components/auth/AnonymousLogin.tsx(1,218): error TS1005: ';' expected.
src/components/auth/AnonymousLogin.tsx(1,283): error TS1005: ';' expected.
src/components/auth/AnonymousLogin.tsx(1,315): error TS1005: 'from' expected.
src/components/auth/AnonymousLogin.tsx(1,322): error TS1005: ';' expected.
src/components/auth/AnonymousLogin.tsx(1,367): error TS1005: ';' expected.
src/components/auth/AnonymousLogin.tsx(1,403): error TS1005: ';' expected.
src/components/auth/AnonymousLogin.tsx(1,423): error TS1005: ';' expected.
src/components/auth/AnonymousLogin.tsx(1,443): error TS1005: ';' expected.
src/components/auth/AnonymousLogin.tsx(1,463): error TS1005: ';' expected.
src/components/auth/AnonymousLogin.tsx(1,486): error TS1005: ';' expected.
src/components/auth/AnonymousLogin.tsx(1,496): error TS1128: Declaration or statement expected.
src/components/auth/AnonymousLogin.tsx(1,497): error TS1128: Declaration or statement expected.
src/components/auth/AnonymousLogin.tsx(1,549): error TS1005: '>' expected.
src/components/auth/AnonymousLogin.tsx(1,2627): error TS1005: ';' expected.
src/components/auth/AnonymousLogin.tsx(1,2634): error TS1434: Unexpected keyword or identifier.
src/components/auth/AnonymousLogin.tsx(1,2637): error TS1434: Unexpected keyword or identifier.
src/components/auth/AnonymousLogin.tsx(1,2644): error TS1434: Unexpected keyword or identifier.
src/components/auth/AnonymousLogin.tsx(1,2654): error TS1434: Unexpected keyword or identifier.
src/components/auth/AnonymousLogin.tsx(1,2671): error TS1109: Expression expected.
src/components/auth/AnonymousLogin.tsx(1,2732): error TS1128: Declaration or statement expected.
src/components/auth/AnonymousLogin.tsx(1,2733): error TS1128: Declaration or statement expected.
src/components/auth/AnonymousLogin.tsx(1,2735): error TS1005: 'try' expected.
src/components/auth/AnonymousLogin.tsx(1,2745): error TS1128: Declaration or statement expected.
src/components/auth/AnonymousLogin.tsx(1,2775): error TS1128: Declaration or statement expected.
src/components/auth/AnonymousLogin.tsx(1,2778): error TS1128: Declaration or statement expected.
src/components/auth/AnonymousLogin.tsx(1,2779): error TS1128: Declaration or statement expected.
src/components/auth/AnonymousLogin.tsx(1,2853): error TS1005: ',' expected.
src/components/auth/AnonymousLogin.tsx(1,2863): error TS1005: ';' expected.
src/components/auth/AnonymousLogin.tsx(1,15820): error TS1005: '}' expected.
src/components/auth/AuthGuard.tsx(254,26): error TS1005: '}' expected.
src/components/AutoSaveIndicator.tsx(29,1): error TS1131: Property or signature expected.
src/components/BreathingExercise/BreathingExercise.tsx(85,10): error TS1005: ';' expected.
src/components/BreathingExercise/BreathingExercise.tsx(200,78): error TS1005: ';' expected.
src/components/BreathingWidget.tsx(77,35): error TS1005: ';' expected.
src/components/CalmingBackground.tsx(190,26): error TS1005: ';' expected.
src/components/chat/AnonymousIndicator.tsx(1,166): error TS1005: 'from' expected.
src/components/chat/AnonymousIndicator.tsx(1,173): error TS1005: ';' expected.
src/components/chat/AnonymousIndicator.tsx(1,181): error TS1109: Expression expected.
src/components/chat/AnonymousIndicator.tsx(1,197): error TS1005: 'from' expected.
src/components/chat/AnonymousIndicator.tsx(1,204): error TS1005: ';' expected.
src/components/chat/AnonymousIndicator.tsx(1,219): error TS1109: Expression expected.
src/components/ComprehensivePerformanceMonitor.tsx(94,72): error TS1005: ';' expected.
src/components/CoreFeaturesDashboard.tsx(1,140): error TS1005: 'from' expected.
src/components/CoreFeaturesDashboard.tsx(1,147): error TS1005: ';' expected.
src/components/CoreFeaturesDashboard.tsx(1,155): error TS1109: Expression expected.
src/components/CoreFeaturesDashboard.tsx(1,188): error TS1005: 'from' expected.
src/components/CoreFeaturesDashboard.tsx(1,195): error TS1005: ';' expected.
src/components/CoreFeaturesDashboard.tsx(1,232): error TS1109: Expression expected.
src/components/CoreFeaturesDashboard.tsx(1,263): error TS1005: 'from' expected.
src/components/CoreFeaturesDashboard.tsx(1,270): error TS1005: ';' expected.
src/components/CoreFeaturesDashboard.tsx(1,305): error TS1109: Expression expected.
src/components/CoreFeaturesDashboard.tsx(1,336): error TS1005: 'from' expected.
src/components/CoreFeaturesDashboard.tsx(1,343): error TS1005: ';' expected.
src/components/CoreFeaturesDashboard.tsx(1,378): error TS1109: Expression expected.
src/components/CoreFeaturesDashboard.tsx(1,412): error TS1005: 'from' expected.
src/components/CoreFeaturesDashboard.tsx(1,419): error TS1005: ';' expected.
src/components/CoreFeaturesDashboard.tsx(1,457): error TS1109: Expression expected.
src/components/CoreFeaturesDashboard.tsx(1,484): error TS1005: 'from' expected.
src/components/CoreFeaturesDashboard.tsx(1,491): error TS1005: ';' expected.
src/components/CoreFeaturesDashboard.tsx(1,522): error TS1109: Expression expected.
src/components/CoreFeaturesDashboard.tsx(1,550): error TS1005: 'from' expected.
src/components/CoreFeaturesDashboard.tsx(1,557): error TS1005: ';' expected.
src/components/CoreFeaturesDashboard.tsx(1,589): error TS1109: Expression expected.
src/components/CoreFeaturesDashboard.tsx(1,624): error TS1005: 'from' expected.
src/components/CoreFeaturesDashboard.tsx(1,631): error TS1005: ';' expected.
src/components/crisis/CrisisIntegrationManager.tsx(55,21): error TS1005: ';' expected.
src/components/crisis/CrisisIntegrationManager.tsx(55,22): error TS1002: Unterminated string literal.
src/components/crisis/CrisisIntegrationManager.tsx(66,1): error TS1131: Property or signature expected.
src/components/crisis/CrisisIntegrationManager.tsx(80,29): error TS1005: ';' expected.
src/components/crisis/CrisisIntegrationManager.tsx(80,30): error TS1002: Unterminated string literal.
src/components/crisis/CrisisIntegrationManager.tsx(158,22): error TS1138: Parameter declaration expected.
src/components/crisis/CrisisIntegrationManager.tsx(159,22): error TS1011: An element access expression should take an argument.
src/components/crisis/CrisisIntegrationManager.tsx(160,3): error TS1128: Declaration or statement expected.
src/components/crisis/CrisisIntegrationManager.tsx(160,4): error TS1128: Declaration or statement expected.
src/components/crisis/CrisisIntegrationManager.tsx(160,27): error TS1005: ';' expected.
src/components/crisis/CrisisIntegrationManager.tsx(316,14): error TS1005: ',' expected.
src/components/crisis/CrisisIntegrationManager.tsx(316,28): error TS1005: ',' expected.
src/components/crisis/CrisisIntegrationManager.tsx(316,34): error TS1005: ',' expected.
src/components/crisis/CrisisIntegrationManager.tsx(317,21): error TS1005: ',' expected.
src/components/crisis/CrisisIntegrationManager.tsx(317,23): error TS1002: Unterminated string literal.
src/components/crisis/CrisisIntegrationManager.tsx(319,14): error TS1005: ';' expected.
src/components/crisis/CrisisIntegrationManager.tsx(319,25): error TS1005: ';' expected.
src/components/crisis/CrisisIntegrationManager.tsx(319,33): error TS1434: Unexpected keyword or identifier.
src/components/crisis/CrisisIntegrationManager.tsx(319,44): error TS1002: Unterminated string literal.
src/components/crisis/CrisisIntegrationManager.tsx(321,19): error TS1005: ';' expected.
src/components/crisis/CrisisIntegrationManager.tsx(322,16): error TS1005: ';' expected.
src/components/crisis/CrisisIntegrationManager.tsx(324,26): error TS1005: ',' expected.
src/components/crisis/CrisisIntegrationManager.tsx(324,31): error TS1005: ',' expected.
src/components/crisis/CrisisIntegrationManager.tsx(324,34): error TS1005: ',' expected.
src/components/crisis/CrisisIntegrationManager.tsx(324,36): error TS1002: Unterminated string literal.
src/components/crisis/CrisisIntegrationManager.tsx(325,13): error TS1005: ':' expected.
src/components/crisis/CrisisIntegrationManager.tsx(325,19): error TS1005: ',' expected.
src/components/crisis/CrisisIntegrationManager.tsx(325,21): error TS1136: Property assignment expected.
src/components/crisis/CrisisIntegrationManager.tsx(325,24): error TS1005: ',' expected.
src/components/crisis/CrisisIntegrationManager.tsx(326,11): error TS1005: ',' expected.
src/components/crisis/CrisisIntegrationManager.tsx(326,12): error TS1128: Declaration or statement expected.
src/components/crisis/CrisisIntegrationManager.tsx(328,32): error TS1005: ';' expected.
src/components/crisis/CrisisIntegrationManager.tsx(328,32): error TS1434: Unexpected keyword or identifier.
src/components/crisis/CrisisIntegrationManager.tsx(328,42): error TS1002: Unterminated string literal.
src/components/crisis/CrisisIntegrationManager.tsx(331,9): error TS1128: Declaration or statement expected.
src/components/crisis/CrisisIntegrationManager.tsx(332,7): error TS1128: Declaration or statement expected.
src/components/crisis/CrisisIntegrationManager.tsx(332,8): error TS1128: Declaration or statement expected.
src/components/crisis/CrisisIntegrationManager.tsx(333,5): error TS1128: Declaration or statement expected.
src/components/crisis/CrisisIntegrationManager.tsx(361,53): error TS1005: ';' expected.
src/components/crisis/CrisisIntegrationManager.tsx(361,54): error TS1002: Unterminated string literal.
src/components/crisis/CrisisIntegrationManager.tsx(362,3): error TS1128: Declaration or statement expected.
src/components/crisis/CrisisIntegrationManager.tsx(362,4): error TS1128: Declaration or statement expected.
src/components/crisis/CrisisIntegrationManager.tsx(362,55): error TS1005: ';' expected.
src/components/crisis/CrisisIntegrationManager.tsx(368,18): error TS1005: '{' expected.
src/components/crisis/CrisisIntegrationManager.tsx(368,20): error TS1130: 'case' or 'default' expected.
src/components/crisis/CrisisIntegrationManager.tsx(369,12): error TS1005: ':' expected.
src/components/crisis/CrisisIntegrationManager.tsx(369,32): error TS1005: ',' expected.
src/components/crisis/CrisisIntegrationManager.tsx(369,41): error TS1005: ':' expected.
src/components/crisis/CrisisIntegrationManager.tsx(370,7): error TS1005: ',' expected.
src/components/crisis/CrisisIntegrationManager.tsx(370,12): error TS1005: ':' expected.
src/components/crisis/CrisisIntegrationManager.tsx(370,28): error TS1005: ',' expected.
src/components/crisis/CrisisIntegrationManager.tsx(371,16): error TS1005: ':' expected.
src/components/crisis/CrisisIntegrationManager.tsx(372,7): error TS1005: ',' expected.
src/components/crisis/CrisisIntegrationManager.tsx(372,12): error TS1005: ':' expected.
src/components/crisis/CrisisIntegrationManager.tsx(372,32): error TS1005: ',' expected.
src/components/crisis/CrisisIntegrationManager.tsx(373,16): error TS1005: ':' expected.
src/components/crisis/CrisisIntegrationManager.tsx(374,7): error TS1005: ',' expected.
src/components/crisis/CrisisIntegrationManager.tsx(374,12): error TS1005: ':' expected.
src/components/crisis/CrisisIntegrationManager.tsx(374,27): error TS1005: ',' expected.
src/components/crisis/CrisisIntegrationManager.tsx(375,16): error TS1005: ':' expected.
src/components/crisis/CrisisIntegrationManager.tsx(376,7): error TS1005: ',' expected.
src/components/crisis/CrisisIntegrationManager.tsx(377,9): error TS1109: Expression expected.
src/components/crisis/CrisisIntegrationManager.tsx(377,16): error TS1005: ':' expected.
src/components/crisis/CrisisIntegrationManager.tsx(408,31): error TS1005: ';' expected.
src/components/crisis/CrisisIntegrationManager.tsx(408,35): error TS1005: ';' expected.
src/components/crisis/CrisisIntegrationManager.tsx(408,36): error TS1002: Unterminated string literal.
src/components/crisis/CrisisIntegrationManager.tsx(418,55): error TS1005: ';' expected.
src/components/crisis/CrisisIntegrationManager.tsx(418,56): error TS1002: Unterminated string literal.
src/components/crisis/CrisisIntegrationManager.tsx(422,19): error TS1005: ',' expected.
src/components/crisis/CrisisIntegrationManager.tsx(422,21): error TS1002: Unterminated string literal.
src/components/crisis/CrisisIntegrationManager.tsx(423,9): error TS1005: ':' expected.
src/components/crisis/CrisisIntegrationManager.tsx(423,14): error TS1005: ',' expected.
src/components/crisis/CrisisIntegrationManager.tsx(423,26): error TS1005: ':' expected.
src/components/crisis/CrisisIntegrationManager.tsx(423,31): error TS1005: ',' expected.
src/components/crisis/CrisisIntegrationManager.tsx(423,39): error TS1005: ',' expected.
src/components/crisis/CrisisIntegrationManager.tsx(423,41): error TS1002: Unterminated string literal.
src/components/crisis/CrisisIntegrationManager.tsx(424,9): error TS1005: ':' expected.
src/components/crisis/CrisisIntegrationManager.tsx(424,16): error TS1005: ',' expected.
src/components/crisis/CrisisIntegrationManager.tsx(424,24): error TS1005: ':' expected.
src/components/crisis/CrisisIntegrationManager.tsx(424,32): error TS1005: ',' expected.
src/components/crisis/CrisisIntegrationManager.tsx(424,37): error TS1005: ',' expected.
src/components/crisis/CrisisIntegrationManager.tsx(424,41): error TS1005: ',' expected.
src/components/crisis/CrisisIntegrationManager.tsx(424,46): error TS1005: ',' expected.
src/components/crisis/CrisisIntegrationManager.tsx(424,55): error TS1005: ',' expected.
src/components/crisis/CrisisIntegrationManager.tsx(424,59): error TS1005: ',' expected.
src/components/crisis/CrisisIntegrationManager.tsx(424,64): error TS1005: ',' expected.
src/components/crisis/CrisisIntegrationManager.tsx(424,70): error TS1005: ',' expected.
src/components/crisis/CrisisIntegrationManager.tsx(424,78): error TS1005: ',' expected.
src/components/crisis/CrisisIntegrationManager.tsx(424,79): error TS1003: Identifier expected.
src/components/crisis/CrisisIntegrationManager.tsx(424,80): error TS1002: Unterminated string literal.
src/components/crisis/CrisisIntegrationManager.tsx(425,7): error TS1005: ':' expected.
src/components/crisis/CrisisIntegrationManager.tsx(427,56): error TS1005: ';' expected.
src/components/crisis/CrisisIntegrationManager.tsx(427,57): error TS1002: Unterminated string literal.
src/components/crisis/CrisisIntegrationManager.tsx(436,59): error TS1005: ';' expected.
src/components/crisis/CrisisIntegrationManager.tsx(436,60): error TS1002: Unterminated string literal.
src/components/crisis/CrisisIntegrationManager.tsx(440,28): error TS1005: ',' expected.
src/components/crisis/CrisisIntegrationManager.tsx(440,35): error TS1005: ',' expected.
src/components/crisis/CrisisIntegrationManager.tsx(440,37): error TS1002: Unterminated string literal.
src/components/crisis/CrisisIntegrationManager.tsx(441,9): error TS1005: ':' expected.
src/components/crisis/CrisisIntegrationManager.tsx(441,16): error TS1005: ',' expected.
src/components/crisis/CrisisIntegrationManager.tsx(441,87): error TS1005: ':' expected.
src/components/crisis/CrisisIntegrationManager.tsx(453,51): error TS1005: ',' expected.
src/components/crisis/CrisisIntegrationManager.tsx(453,54): error TS1002: Unterminated string literal.
src/components/crisis/CrisisIntegrationManager.tsx(456,69): error TS1005: ',' expected.
src/components/crisis/CrisisIntegrationManager.tsx(456,70): error TS1002: Unterminated string literal.
src/components/crisis/CrisisIntegrationManager.tsx(457,54): error TS1005: ',' expected.
src/components/crisis/CrisisIntegrationManager.tsx(457,57): error TS1002: Unterminated string literal.
src/components/crisis/CrisisIntegrationManager.tsx(474,87): error TS1005: ',' expected.
src/components/crisis/CrisisIntegrationManager.tsx(474,90): error TS1002: Unterminated string literal.
src/components/crisis/CrisisIntegrationManager.tsx(575,1): error TS1160: Unterminated template literal.
src/components/crisis/CrisisTimeline.tsx(1,47): error TS1005: 'from' expected.
src/components/crisis/CrisisTimeline.tsx(1,54): error TS1005: ';' expected.
src/components/crisis/CrisisTimeline.tsx(1,62): error TS1109: Expression expected.
src/components/crisis/CrisisTimeline.tsx(1,96): error TS1005: 'from' expected.
src/components/crisis/CrisisTimeline.tsx(1,103): error TS1005: ';' expected.
src/components/crisis/CrisisTimeline.tsx(1,144): error TS1109: Expression expected.
src/components/crisis/EnhancedPanicButton.tsx(1,59): error TS1005: 'from' expected.
src/components/crisis/EnhancedPanicButton.tsx(1,66): error TS1005: ';' expected.
src/components/crisis/EnhancedPanicButton.tsx(1,74): error TS1109: Expression expected.
src/components/crisis/EnhancedPanicButton.tsx(1,107): error TS1005: 'from' expected.
src/components/crisis/EnhancedPanicButton.tsx(1,114): error TS1005: ';' expected.
src/components/crisis/EnhancedPanicButton.tsx(1,154): error TS1109: Expression expected.
src/components/crisis/EnhancedPanicButton.tsx(1,188): error TS1005: 'from' expected.
src/components/crisis/EnhancedPanicButton.tsx(1,195): error TS1005: ';' expected.
src/components/crisis/EnhancedPanicButton.tsx(1,236): error TS1109: Expression expected.
src/components/crisis/EnhancedPanicButton.tsx(1,275): error TS1005: ';' expected.
src/components/crisis/EnhancedPanicButton.tsx(1,390): error TS1128: Declaration or statement expected.
src/components/crisis/EnhancedPanicButton.tsx(1,391): error TS1128: Declaration or statement expected.
src/components/crisis/EnhancedPanicButton.tsx(1,453): error TS1005: '>' expected.
src/components/crisis/EnhancedPanicButton.tsx(1,479): error TS1005: ',' expected.
src/components/crisis/EnhancedPanicButton.tsx(1,482): error TS1005: ':' expected.
src/components/crisis/EnhancedPanicButton.tsx(1,504): error TS1005: ':' expected.
src/components/crisis/EnhancedPanicButton.tsx(1,509): error TS1005: ',' expected.
src/components/crisis/EnhancedPanicButton.tsx(1,512): error TS1005: ':' expected.
src/components/crisis/EnhancedPanicButton.tsx(1,621): error TS1389: 'const' is not allowed as a variable declaration name.
src/components/crisis/EnhancedPanicButton.tsx(1,629): error TS1005: ',' expected.
src/components/crisis/EnhancedPanicButton.tsx(1,653): error TS1005: ',' expected.
src/components/crisis/EnhancedPanicButton.tsx(1,655): error TS1134: Variable declaration expected.
src/components/crisis/EnhancedPanicButton.tsx(1,665): error TS1005: ',' expected.
src/components/crisis/EnhancedPanicButton.tsx(1,674): error TS1005: ';' expected.
src/components/crisis/EnhancedPanicButton.tsx(1,682): error TS1005: ',' expected.
src/components/crisis/EnhancedPanicButton.tsx(1,704): error TS1005: ',' expected.
src/components/crisis/EnhancedPanicButton.tsx(1,706): error TS1134: Variable declaration expected.
src/components/crisis/EnhancedPanicButton.tsx(1,716): error TS1005: ',' expected.
src/components/crisis/EnhancedPanicButton.tsx(1,724): error TS1005: ';' expected.
src/components/crisis/EnhancedPanicButton.tsx(1,732): error TS1005: ',' expected.
src/components/crisis/EnhancedPanicButton.tsx(1,768): error TS1005: ',' expected.
src/components/crisis/EnhancedPanicButton.tsx(1,770): error TS1134: Variable declaration expected.
src/components/crisis/EnhancedPanicButton.tsx(1,780): error TS1005: ',' expected.
src/components/crisis/EnhancedPanicButton.tsx(1,789): error TS1005: ';' expected.
src/components/crisis/EnhancedPanicButton.tsx(1,797): error TS1005: ',' expected.
src/components/crisis/EnhancedPanicButton.tsx(1,835): error TS1005: ',' expected.
src/components/crisis/EnhancedPanicButton.tsx(1,837): error TS1134: Variable declaration expected.
src/components/crisis/EnhancedPanicButton.tsx(1,847): error TS1005: ',' expected.
src/components/crisis/EnhancedPanicButton.tsx(1,864): error TS1003: Identifier expected.
src/components/crisis/EnhancedPanicButton.tsx(1,873): error TS1005: ';' expected.
src/components/crisis/EnhancedPanicButton.tsx(1,881): error TS1005: ',' expected.
src/components/crisis/EnhancedPanicButton.tsx(1,909): error TS1005: ',' expected.
src/components/crisis/EnhancedPanicButton.tsx(1,911): error TS1134: Variable declaration expected.
src/components/crisis/EnhancedPanicButton.tsx(1,921): error TS1005: ',' expected.
src/components/crisis/EnhancedPanicButton.tsx(1,942): error TS1003: Identifier expected.
src/components/crisis/EnhancedPanicButton.tsx(1,957): error TS1005: ';' expected.
src/components/crisis/EnhancedPanicButton.tsx(1,965): error TS1005: ',' expected.
src/components/crisis/EnhancedPanicButton.tsx(1,1003): error TS1005: ',' expected.
src/components/crisis/EnhancedPanicButton.tsx(1,1005): error TS1134: Variable declaration expected.
src/components/crisis/EnhancedPanicButton.tsx(1,1015): error TS1005: ',' expected.
src/components/crisis/EnhancedPanicButton.tsx(1,1025): error TS1109: Expression expected.
src/components/crisis/EnhancedPanicButton.tsx(1,1033): error TS1005: ',' expected.
src/components/crisis/EnhancedPanicButton.tsx(1,1059): error TS1005: ',' expected.
src/components/crisis/EnhancedPanicButton.tsx(1,1061): error TS1134: Variable declaration expected.
src/components/crisis/EnhancedPanicButton.tsx(1,1071): error TS1005: ',' expected.
src/components/crisis/EnhancedPanicButton.tsx(1,1076): error TS1005: ';' expected.
src/components/crisis/EnhancedPanicButton.tsx(1,1084): error TS1005: ',' expected.
src/components/crisis/EnhancedPanicButton.tsx(1,1120): error TS1005: ',' expected.
src/components/crisis/EnhancedPanicButton.tsx(1,1122): error TS1134: Variable declaration expected.
src/components/crisis/EnhancedPanicButton.tsx(1,1132): error TS1005: ',' expected.
src/components/crisis/EnhancedPanicButton.tsx(1,3240): error TS1005: ';' expected.
src/components/crisis/EnhancedPanicButton.tsx(1,3314): error TS1005: ';' expected.
src/components/crisis/EnhancedPanicButton.tsx(1,3396): error TS1005: ';' expected.
src/components/crisis/EnhancedPanicButton.tsx(1,3492): error TS1005: ';' expected.
src/components/crisis/EnhancedPanicButton.tsx(1,8088): error TS1005: ';' expected.
src/components/crisis/EnhancedPanicButton.tsx(1,8103): error TS1005: ';' expected.
src/components/crisis/EnhancedPanicButton.tsx(1,8258): error TS1005: ';' expected.
src/components/crisis/EnhancedPanicButton.tsx(1,14386): error TS1005: ';' expected.
src/components/crisis/EnhancedPanicButton.tsx(1,14394): error TS1434: Unexpected keyword or identifier.
src/components/crisis/EnhancedPanicButton.tsx(1,14401): error TS1005: ';' expected.
src/components/crisis/EnhancedPanicButton.tsx(1,14409): error TS1435: Unknown keyword or identifier. Did you mean 'out'?
src/components/crisis/EnhancedPanicButton.tsx(1,14428): error TS1005: ';' expected.
src/components/crisis/EnhancedPanicButton.tsx(1,14546): error TS1005: ';' expected.
src/components/crisis/EnhancedPanicButton.tsx(1,14560): error TS1109: Expression expected.
src/components/crisis/EnhancedPanicButton.tsx(1,14572): error TS1109: Expression expected.
src/components/crisis/EnhancedPanicButton.tsx(1,14573): error TS1128: Declaration or statement expected.
src/components/crisis/EnhancedPanicButton.tsx(1,14614): error TS1005: ';' expected.
src/components/crisis/EnhancedPanicButton.tsx(1,14652): error TS1005: ')' expected.
src/components/crisis/EnhancedPanicButton.tsx(1,14718): error TS1005: ';' expected.
src/components/crisis/EnhancedPanicButton.tsx(1,14728): error TS1005: ';' expected.
src/components/crisis/EnhancedPanicButton.tsx(1,14764): error TS1005: ';' expected.
src/components/crisis/EnhancedPanicButton.tsx(1,14771): error TS1434: Unexpected keyword or identifier.
src/components/crisis/EnhancedPanicButton.tsx(1,14774): error TS1434: Unexpected keyword or identifier.
src/components/crisis/EnhancedPanicButton.tsx(1,14783): error TS1128: Declaration or statement expected.
src/components/crisis/EnhancedPanicButton.tsx(1,14798): error TS1109: Expression expected.
src/components/crisis/EnhancedPanicButton.tsx(1,14810): error TS1109: Expression expected.
src/components/crisis/EnhancedPanicButton.tsx(1,14859): error TS1005: ';' expected.
src/components/crisis/EnhancedPanicButton.tsx(1,14897): error TS1005: ')' expected.
src/components/crisis/EnhancedPanicButton.tsx(1,14970): error TS1005: ';' expected.
src/components/crisis/EnhancedPanicButton.tsx(1,14988): error TS1005: ';' expected.
src/components/crisis/EnhancedPanicButton.tsx(1,15003): error TS1005: ';' expected.
src/components/crisis/EnhancedPanicButton.tsx(1,15023): error TS1109: Expression expected.
src/components/crisis/EnhancedPanicButton.tsx(1,15040): error TS1109: Expression expected.
src/components/crisis/EnhancedPanicButton.tsx(1,15092): error TS1005: ';' expected.
src/components/crisis/EnhancedPanicButton.tsx(1,15110): error TS1005: ';' expected.
src/components/crisis/EnhancedPanicButton.tsx(1,15149): error TS1005: ';' expected.
src/components/crisis/EnhancedPanicButton.tsx(1,15152): error TS1434: Unexpected keyword or identifier.
src/components/crisis/EnhancedPanicButton.tsx(1,15156): error TS1128: Declaration or statement expected.
src/components/crisis/EnhancedPanicButton.tsx(1,15159): error TS1128: Declaration or statement expected.
src/components/crisis/EnhancedPanicButton.tsx(1,15177): error TS1109: Expression expected.
src/components/crisis/EnhancedPanicButton.tsx(1,15179): error TS1109: Expression expected.
src/components/crisis/EnhancedPanicButton.tsx(1,15192): error TS1109: Expression expected.
src/components/crisis/EnhancedPanicButton.tsx(1,15226): error TS1109: Expression expected.
src/components/crisis/EnhancedPanicButton.tsx(1,15242): error TS1109: Expression expected.
src/components/crisis/EnhancedPanicButton.tsx(1,15295): error TS1005: ';' expected.
src/components/crisis/EnhancedPanicButton.tsx(1,15313): error TS1005: ';' expected.
src/components/crisis/EnhancedPanicButton.tsx(1,15354): error TS1005: ';' expected.
src/components/crisis/EnhancedPanicButton.tsx(1,15365): error TS1128: Declaration or statement expected.
src/components/crisis/EnhancedPanicButton.tsx(1,15368): error TS1128: Declaration or statement expected.
src/components/crisis/EnhancedPanicButton.tsx(1,15386): error TS1109: Expression expected.
src/components/crisis/EnhancedPanicButton.tsx(1,15388): error TS1109: Expression expected.
src/components/crisis/EnhancedPanicButton.tsx(1,15401): error TS1109: Expression expected.
src/components/crisis/EnhancedPanicButton.tsx(1,15435): error TS1109: Expression expected.
src/components/crisis/EnhancedPanicButton.tsx(1,15448): error TS1109: Expression expected.
src/components/crisis/EnhancedPanicButton.tsx(1,15504): error TS1005: ';' expected.
src/components/crisis/EnhancedPanicButton.tsx(1,15520): error TS1005: ';' expected.
src/components/crisis/EnhancedPanicButton.tsx(1,15561): error TS1005: ';' expected.
src/components/crisis/EnhancedPanicButton.tsx(1,15576): error TS1005: ';' expected.
src/components/crisis/EnhancedPanicButton.tsx(1,15580): error TS1005: '{' expected.
src/components/crisis/EnhancedPanicButton.tsx(1,15586): error TS1003: Identifier expected.
src/components/crisis/EnhancedPanicButton.tsx(1,15604): error TS1109: Expression expected.
src/components/crisis/EnhancedPanicButton.tsx(1,15606): error TS1109: Expression expected.
src/components/crisis/EnhancedPanicButton.tsx(1,15619): error TS1109: Expression expected.
src/components/crisis/EnhancedPanicButton.tsx(1,15631): error TS1128: Declaration or statement expected.
src/components/crisis/EnhancedPanicButton.tsx(1,15645): error TS1109: Expression expected.
src/components/crisis/EnhancedPanicButton.tsx(1,15657): error TS1109: Expression expected.
src/components/crisis/EnhancedPanicButton.tsx(1,15658): error TS1128: Declaration or statement expected.
src/components/crisis/EnhancedPanicButton.tsx(1,15734): error TS1005: '}' expected.
src/components/crisis/EnhancedPanicButton.tsx(1,15828): error TS1381: Unexpected token. Did you mean `{'}'}` or `&rbrace;`?
src/components/crisis/EnhancedPanicButton.tsx(1,15916): error TS1381: Unexpected token. Did you mean `{'}'}` or `&rbrace;`?
src/components/crisis/EnhancedPanicButton.tsx(1,16296): error TS1381: Unexpected token. Did you mean `{'}'}` or `&rbrace;`?
src/components/crisis/EnhancedPanicButton.tsx(1,16419): error TS1381: Unexpected token. Did you mean `{'}'}` or `&rbrace;`?
src/components/crisis/EnhancedPanicButton.tsx(1,16514): error TS1381: Unexpected token. Did you mean `{'}'}` or `&rbrace;`?
src/components/crisis/EnhancedPanicButton.tsx(1,16633): error TS1381: Unexpected token. Did you mean `{'}'}` or `&rbrace;`?
src/components/crisis/EnhancedPanicButton.tsx(1,16717): error TS1381: Unexpected token. Did you mean `{'}'}` or `&rbrace;`?
src/components/crisis/EnhancedPanicButton.tsx(1,16799): error TS1381: Unexpected token. Did you mean `{'}'}` or `&rbrace;`?
src/components/crisis/EnhancedPanicButton.tsx(1,16808): error TS1381: Unexpected token. Did you mean `{'}'}` or `&rbrace;`?
src/components/crisis/EnhancedPanicButton.tsx(1,17095): error TS1381: Unexpected token. Did you mean `{'}'}` or `&rbrace;`?
src/components/crisis/EnhancedPanicButton.tsx(1,17195): error TS1381: Unexpected token. Did you mean `{'}'}` or `&rbrace;`?
src/components/crisis/EnhancedPanicButton.tsx(1,17261): error TS1381: Unexpected token. Did you mean `{'}'}` or `&rbrace;`?
src/components/crisis/EnhancedPanicButton.tsx(1,17270): error TS1381: Unexpected token. Did you mean `{'}'}` or `&rbrace;`?
src/components/crisis/EnhancedPanicButton.tsx(1,17387): error TS1381: Unexpected token. Did you mean `{'}'}` or `&rbrace;`?
src/components/crisis/EnhancedPanicButton.tsx(1,17643): error TS1381: Unexpected token. Did you mean `{'}'}` or `&rbrace;`?
src/components/crisis/EnhancedPanicButton.tsx(1,17740): error TS1381: Unexpected token. Did you mean `{'}'}` or `&rbrace;`?
src/components/crisis/EnhancedPanicButton.tsx(1,17802): error TS1381: Unexpected token. Did you mean `{'}'}` or `&rbrace;`?
src/components/crisis/EnhancedPanicButton.tsx(1,17870): error TS1381: Unexpected token. Did you mean `{'}'}` or `&rbrace;`?
src/components/crisis/EnhancedPanicButton.tsx(1,18103): error TS1381: Unexpected token. Did you mean `{'}'}` or `&rbrace;`?
src/components/crisis/EnhancedPanicButton.tsx(1,18424): error TS1381: Unexpected token. Did you mean `{'}'}` or `&rbrace;`?
src/components/crisis/EnhancedPanicButton.tsx(1,18507): error TS1381: Unexpected token. Did you mean `{'}'}` or `&rbrace;`?
src/components/crisis/EnhancedPanicButton.tsx(1,18558): error TS1381: Unexpected token. Did you mean `{'}'}` or `&rbrace;`?
src/components/crisis/EnhancedPanicButton.tsx(1,18567): error TS1381: Unexpected token. Did you mean `{'}'}` or `&rbrace;`?
src/components/crisis/EnhancedPanicButton.tsx(1,18672): error TS1381: Unexpected token. Did you mean `{'}'}` or `&rbrace;`?
src/components/crisis/EnhancedPanicButton.tsx(1,18916): error TS1381: Unexpected token. Did you mean `{'}'}` or `&rbrace;`?
src/components/crisis/EnhancedPanicButton.tsx(1,19017): error TS1381: Unexpected token. Did you mean `{'}'}` or `&rbrace;`?
src/components/crisis/EnhancedPanicButton.tsx(1,19090): error TS1381: Unexpected token. Did you mean `{'}'}` or `&rbrace;`?
src/components/crisis/EnhancedPanicButton.tsx(1,19224): error TS1381: Unexpected token. Did you mean `{'}'}` or `&rbrace;`?
src/components/crisis/EnhancedPanicButton.tsx(1,19233): error TS1381: Unexpected token. Did you mean `{'}'}` or `&rbrace;`?
src/components/crisis/EnhancedPanicButton.tsx(1,19240): error TS1381: Unexpected token. Did you mean `{'}'}` or `&rbrace;`?
src/components/crisis/EnhancedPanicButton.tsx(1,19253): error TS1005: ';' expected.
src/components/crisis/EnhancedPanicButton.tsx(1,19255): error TS1109: Expression expected.
src/components/crisis/EnhancedPanicButton.tsx(1,19258): error TS1109: Expression expected.
src/components/crisis/EnhancedPanicButton.tsx(1,19259): error TS1128: Declaration or statement expected.
src/components/crisis/EnhancedPanicButton.tsx(1,19260): error TS1128: Declaration or statement expected.
src/components/crisis/EnhancedPanicButton.tsx(1,19295): error TS1005: ';' expected.
src/components/CrisisAlert.tsx(342,1): error TS1005: '}' expected.
src/components/CrisisAlertNotification.tsx(498,3): error TS1005: '}' expected.
src/components/CrisisStressTestingDashboard.tsx(152,21): error TS1005: ';' expected.
src/components/DesignSystemShowcase.tsx(1,179): error TS1005: 'from' expected.
src/components/DesignSystemShowcase.tsx(1,186): error TS1005: ';' expected.
src/components/DesignSystemShowcase.tsx(1,194): error TS1109: Expression expected.
src/components/DesignSystemShowcase.tsx(1,250): error TS1389: 'const' is not allowed as a variable declaration name.
src/components/DesignSystemShowcase.tsx(1,258): error TS1005: ',' expected.
src/components/DesignSystemShowcase.tsx(1,280): error TS1005: ',' expected.
src/components/DesignSystemShowcase.tsx(1,282): error TS1134: Variable declaration expected.
src/components/DesignSystemShowcase.tsx(1,292): error TS1005: ',' expected.
src/components/DesignSystemShowcase.tsx(1,606): error TS1005: ';' expected.
src/components/DesignSystemShowcase.tsx(1,618): error TS1005: ';' expected.
src/components/DesignSystemShowcase.tsx(1,637): error TS1128: Declaration or statement expected.
src/components/DesignSystemShowcase.tsx(1,654): error TS1005: ';' expected.
src/components/DesignSystemShowcase.tsx(1,668): error TS1005: ';' expected.
src/components/DesignSystemShowcase.tsx(1,682): error TS1128: Declaration or statement expected.
src/components/DesignSystemShowcase.tsx(1,683): error TS1128: Declaration or statement expected.
src/components/DesignSystemShowcase.tsx(1,701): error TS1005: ';' expected.
src/components/DesignSystemShowcase.tsx(1,713): error TS1005: ';' expected.
src/components/DesignSystemShowcase.tsx(1,725): error TS1128: Declaration or statement expected.
src/components/DesignSystemShowcase.tsx(1,726): error TS1128: Declaration or statement expected.
src/components/DesignSystemShowcase.tsx(1,739): error TS1005: ';' expected.
src/components/DesignSystemShowcase.tsx(1,757): error TS1005: ';' expected.
src/components/DesignSystemShowcase.tsx(1,775): error TS1128: Declaration or statement expected.
src/components/DesignSystemShowcase.tsx(1,776): error TS1128: Declaration or statement expected.
src/components/DesignSystemShowcase.tsx(1,789): error TS1005: ';' expected.
src/components/DesignSystemShowcase.tsx(1,802): error TS1005: ';' expected.
src/components/DesignSystemShowcase.tsx(1,814): error TS1128: Declaration or statement expected.
src/components/DesignSystemShowcase.tsx(1,823): error TS1109: Expression expected.
src/components/DesignSystemShowcase.tsx(1,839): error TS1005: ',' expected.
src/components/DesignSystemShowcase.tsx(1,853): error TS1005: ';' expected.
src/components/DesignSystemShowcase.tsx(1,865): error TS1005: ';' expected.
src/components/DesignSystemShowcase.tsx(1,880): error TS1005: ';' expected.
src/components/DesignSystemShowcase.tsx(1,892): error TS1128: Declaration or statement expected.
src/components/DesignSystemShowcase.tsx(1,893): error TS1128: Declaration or statement expected.
src/components/DesignSystemShowcase.tsx(1,901): error TS1005: ';' expected.
src/components/DesignSystemShowcase.tsx(1,924): error TS1127: Invalid character.
src/components/DesignSystemShowcase.tsx(1,943): error TS1005: ';' expected.
src/components/DesignSystemShowcase.tsx(1,951): error TS1005: ';' expected.
src/components/DesignSystemShowcase.tsx(1,977): error TS1127: Invalid character.
src/components/DesignSystemShowcase.tsx(1,999): error TS1005: ';' expected.
src/components/DesignSystemShowcase.tsx(1,1008): error TS1005: ';' expected.
src/components/DesignSystemShowcase.tsx(1,1030): error TS1127: Invalid character.
src/components/DesignSystemShowcase.tsx(1,1048): error TS1005: ';' expected.
src/components/DesignSystemShowcase.tsx(1,1057): error TS1005: ';' expected.
src/components/DesignSystemShowcase.tsx(1,1083): error TS1127: Invalid character.
src/components/DesignSystemShowcase.tsx(1,1105): error TS1005: ';' expected.
src/components/DesignSystemShowcase.tsx(1,1110): error TS1005: ';' expected.
src/components/DesignSystemShowcase.tsx(1,1121): error TS1109: Expression expected.
src/components/DesignSystemShowcase.tsx(1,1126): error TS2657: JSX expressions must have one parent element.
src/components/DesignSystemShowcase.tsx(1,1205): error TS1005: '}' expected.
src/components/DesignSystemShowcase.tsx(1,1231): error TS1382: Unexpected token. Did you mean `{'>'}` or `&gt;`?
src/components/DesignSystemShowcase.tsx(1,1316): error TS1003: Identifier expected.
src/components/DesignSystemShowcase.tsx(1,1343): error TS1382: Unexpected token. Did you mean `{'>'}` or `&gt;`?
src/components/DesignSystemShowcase.tsx(1,1393): error TS17002: Expected corresponding JSX closing tag for 'div'.
src/components/DesignSystemShowcase.tsx(1,1444): error TS1003: Identifier expected.
src/components/DesignSystemShowcase.tsx(1,1482): error TS1005: '}' expected.
src/components/DesignSystemShowcase.tsx(1,1505): error TS1381: Unexpected token. Did you mean `{'}'}` or `&rbrace;`?
src/components/DesignSystemShowcase.tsx(1,1506): error TS1382: Unexpected token. Did you mean `{'>'}` or `&gt;`?
src/components/DesignSystemShowcase.tsx(1,1681): error TS17002: Expected corresponding JSX closing tag for 'div'.
src/components/DesignSystemShowcase.tsx(1,1728): error TS1003: Identifier expected.
src/components/DesignSystemShowcase.tsx(1,1752): error TS1003: Identifier expected.
src/components/DesignSystemShowcase.tsx(1,1752): error TS1005: ';' expected.
src/components/DesignSystemShowcase.tsx(1,1783): error TS1005: ';' expected.
src/components/DesignSystemShowcase.tsx(1,1786): error TS1005: ';' expected.
src/components/DesignSystemShowcase.tsx(1,1786): error TS1351: An identifier or keyword cannot immediately follow a numeric literal.
src/components/DesignSystemShowcase.tsx(1,1812): error TS1005: ';' expected.
src/components/DesignSystemShowcase.tsx(1,1854): error TS1005: ';' expected.
src/components/DesignSystemShowcase.tsx(1,1878): error TS1005: ';' expected.
src/components/DesignSystemShowcase.tsx(1,1897): error TS1128: Declaration or statement expected.
src/components/DesignSystemShowcase.tsx(1,1948): error TS1003: Identifier expected.
src/components/DesignSystemShowcase.tsx(1,1968): error TS1003: Identifier expected.
src/components/DesignSystemShowcase.tsx(1,1994): error TS1005: ';' expected.
src/components/DesignSystemShowcase.tsx(1,2010): error TS1128: Declaration or statement expected.
src/components/DesignSystemShowcase.tsx(1,2029): error TS1109: Expression expected.
src/components/DesignSystemShowcase.tsx(1,2043): error TS1109: Expression expected.
src/components/DesignSystemShowcase.tsx(1,2055): error TS1109: Expression expected.
src/components/DesignSystemShowcase.tsx(1,2115): error TS1005: ';' expected.
src/components/DesignSystemShowcase.tsx(1,2150): error TS1005: ';' expected.
src/components/DesignSystemShowcase.tsx(1,2179): error TS1005: ';' expected.
src/components/DesignSystemShowcase.tsx(1,2181): error TS1005: ';' expected.
src/components/DesignSystemShowcase.tsx(1,2181): error TS1351: An identifier or keyword cannot immediately follow a numeric literal.
src/components/DesignSystemShowcase.tsx(1,2191): error TS1005: ';' expected.
src/components/DesignSystemShowcase.tsx(1,2204): error TS1005: ';' expected.
src/components/DesignSystemShowcase.tsx(1,2220): error TS1351: An identifier or keyword cannot immediately follow a numeric literal.
src/components/DesignSystemShowcase.tsx(1,2226): error TS1109: Expression expected.
src/components/DesignSystemShowcase.tsx(1,2252): error TS1005: ';' expected.
src/components/DesignSystemShowcase.tsx(1,2292): error TS1109: Expression expected.
src/components/DesignSystemShowcase.tsx(1,2376): error TS1005: ',' expected.
src/components/DesignSystemShowcase.tsx(1,2391): error TS1136: Property assignment expected.
src/components/DesignSystemShowcase.tsx(1,2394): error TS1005: ';' expected.
src/components/DesignSystemShowcase.tsx(1,2417): error TS1005: ';' expected.
src/components/DesignSystemShowcase.tsx(1,2451): error TS1005: ',' expected.
src/components/DesignSystemShowcase.tsx(1,2463): error TS1005: ';' expected.
src/components/DesignSystemShowcase.tsx(1,2477): error TS1109: Expression expected.
src/components/DesignSystemShowcase.tsx(1,2489): error TS1005: ':' expected.
src/components/DesignSystemShowcase.tsx(1,2496): error TS1109: Expression expected.
src/components/DesignSystemShowcase.tsx(1,2509): error TS1109: Expression expected.
src/components/DesignSystemShowcase.tsx(1,2528): error TS1005: ',' expected.
src/components/DesignSystemShowcase.tsx(1,2547): error TS1005: ';' expected.
src/components/DesignSystemShowcase.tsx(1,2566): error TS1109: Expression expected.
src/components/DesignSystemShowcase.tsx(1,2567): error TS1128: Declaration or statement expected.
src/components/DesignSystemShowcase.tsx(1,2577): error TS1128: Declaration or statement expected.
src/components/DesignSystemShowcase.tsx(1,2589): error TS1109: Expression expected.
src/components/DesignSystemShowcase.tsx(1,2604): error TS1005: ';' expected.
src/components/DesignSystemShowcase.tsx(1,2642): error TS1005: ';' expected.
src/components/DesignSystemShowcase.tsx(1,2695): error TS1005: ';' expected.
src/components/DesignSystemShowcase.tsx(1,2722): error TS1005: ';' expected.
src/components/DesignSystemShowcase.tsx(1,2764): error TS1005: ';' expected.
src/components/DesignSystemShowcase.tsx(1,2786): error TS1005: ';' expected.
src/components/DesignSystemShowcase.tsx(1,2803): error TS1005: ';' expected.
src/components/DesignSystemShowcase.tsx(1,2841): error TS1005: ';' expected.
src/components/DesignSystemShowcase.tsx(1,2886): error TS1109: Expression expected.
src/components/DesignSystemShowcase.tsx(1,2911): error TS1005: ';' expected.
src/components/DesignSystemShowcase.tsx(1,2959): error TS1005: ';' expected.
src/components/DesignSystemShowcase.tsx(1,2963): error TS1128: Declaration or statement expected.
src/components/DesignSystemShowcase.tsx(1,2997): error TS1005: ';' expected.
src/components/DesignSystemShowcase.tsx(1,3018): error TS1005: ';' expected.
src/components/DesignSystemShowcase.tsx(1,3048): error TS1005: ';' expected.
src/components/DesignSystemShowcase.tsx(1,3054): error TS1434: Unexpected keyword or identifier.
src/components/DesignSystemShowcase.tsx(1,3066): error TS1005: '(' expected.
src/components/DesignSystemShowcase.tsx(1,3071): error TS1005: ')' expected.
src/components/DesignSystemShowcase.tsx(1,3080): error TS1434: Unexpected keyword or identifier.
src/components/DesignSystemShowcase.tsx(1,3084): error TS1434: Unexpected keyword or identifier.
src/components/DesignSystemShowcase.tsx(1,3125): error TS1005: ';' expected.
src/components/DesignSystemShowcase.tsx(1,3129): error TS1005: '(' expected.
src/components/DesignSystemShowcase.tsx(1,3140): error TS1005: ';' expected.
src/components/DesignSystemShowcase.tsx(1,3148): error TS1005: ';' expected.
src/components/DesignSystemShowcase.tsx(1,3153): error TS1005: '(' expected.
src/components/DesignSystemShowcase.tsx(1,3159): error TS1005: ')' expected.
src/components/DesignSystemShowcase.tsx(1,3186): error TS1003: Identifier expected.
src/components/DesignSystemShowcase.tsx(1,3233): error TS1003: Identifier expected.
src/components/DesignSystemShowcase.tsx(1,3252): error TS1003: Identifier expected.
src/components/DesignSystemShowcase.tsx(1,3290): error TS1005: ';' expected.
src/components/DesignSystemShowcase.tsx(1,3364): error TS1005: ';' expected.
src/components/DesignSystemShowcase.tsx(1,3380): error TS1005: ';' expected.
src/components/DesignSystemShowcase.tsx(1,3420): error TS1005: ':' expected.
src/components/DesignSystemShowcase.tsx(1,3434): error TS1005: ',' expected.
src/components/DesignSystemShowcase.tsx(1,3443): error TS1005: ':' expected.
src/components/DesignSystemShowcase.tsx(1,3475): error TS1005: ';' expected.
src/components/DesignSystemShowcase.tsx(1,3496): error TS1005: ';' expected.
src/components/DesignSystemShowcase.tsx(1,3537): error TS1005: ';' expected.
src/components/DesignSystemShowcase.tsx(1,3772): error TS1005: ';' expected.
src/components/DesignSystemShowcase.tsx(1,3787): error TS1005: ';' expected.
src/components/DesignSystemShowcase.tsx(1,3816): error TS1109: Expression expected.
src/components/DesignSystemShowcase.tsx(1,3828): error TS1005: ';' expected.
src/components/DesignSystemShowcase.tsx(1,3869): error TS1005: ';' expected.
src/components/DesignSystemShowcase.tsx(1,3908): error TS1005: ';' expected.
src/components/DesignSystemShowcase.tsx(1,3954): error TS1109: Expression expected.
src/components/DesignSystemShowcase.tsx(1,3987): error TS1005: ';' expected.
src/components/DesignSystemShowcase.tsx(1,3990): error TS1005: ';' expected.
src/components/DesignSystemShowcase.tsx(1,3990): error TS1351: An identifier or keyword cannot immediately follow a numeric literal.
src/components/DesignSystemShowcase.tsx(1,4014): error TS1005: ';' expected.
src/components/DesignSystemShowcase.tsx(1,4061): error TS1005: ':' expected.
src/components/DesignSystemShowcase.tsx(1,4069): error TS1005: ',' expected.
src/components/DesignSystemShowcase.tsx(1,4095): error TS1005: ':' expected.
src/components/DesignSystemShowcase.tsx(1,4098): error TS1351: An identifier or keyword cannot immediately follow a numeric literal.
src/components/DesignSystemShowcase.tsx(1,4101): error TS1005: ',' expected.
src/components/DesignSystemShowcase.tsx(1,4178): error TS1005: ':' expected.
src/components/DesignSystemShowcase.tsx(1,4201): error TS1005: ',' expected.
src/components/DesignSystemShowcase.tsx(1,4204): error TS1005: ':' expected.
src/components/DesignSystemShowcase.tsx(1,4225): error TS1005: ',' expected.
src/components/DesignSystemShowcase.tsx(1,4234): error TS1005: ',' expected.
src/components/DesignSystemShowcase.tsx(1,4239): error TS1005: ',' expected.
src/components/DesignSystemShowcase.tsx(1,4246): error TS1005: ',' expected.
src/components/DesignSystemShowcase.tsx(1,4256): error TS1005: ',' expected.
src/components/DesignSystemShowcase.tsx(1,4260): error TS1005: ',' expected.
src/components/DesignSystemShowcase.tsx(1,4264): error TS1005: ',' expected.
src/components/DesignSystemShowcase.tsx(1,4269): error TS1005: ',' expected.
src/components/DesignSystemShowcase.tsx(1,4320): error TS1005: ',' expected.
src/components/DesignSystemShowcase.tsx(1,4328): error TS1005: ',' expected.
src/components/DesignSystemShowcase.tsx(1,4340): error TS1005: ',' expected.
src/components/DesignSystemShowcase.tsx(1,4341): error TS1003: Identifier expected.
src/components/DesignSystemShowcase.tsx(1,4393): error TS1005: ':' expected.
src/components/DesignSystemShowcase.tsx(1,4403): error TS1005: ',' expected.
src/components/DesignSystemShowcase.tsx(1,4424): error TS1005: ':' expected.
src/components/DesignSystemShowcase.tsx(1,4426): error TS1136: Property assignment expected.
src/components/DesignSystemShowcase.tsx(1,4434): error TS1005: ';' expected.
src/components/DesignSystemShowcase.tsx(1,4440): error TS1128: Declaration or statement expected.
src/components/DesignSystemShowcase.tsx(1,4519): error TS1005: ';' expected.
src/components/DesignSystemShowcase.tsx(1,4548): error TS1005: ';' expected.
src/components/DesignSystemShowcase.tsx(1,4587): error TS1005: ';' expected.
src/components/DesignSystemShowcase.tsx(1,4609): error TS1005: ';' expected.
src/components/DesignSystemShowcase.tsx(1,4631): error TS1005: ';' expected.
src/components/DesignSystemShowcase.tsx(1,4685): error TS1005: ';' expected.
src/components/DesignSystemShowcase.tsx(1,4706): error TS1005: ';' expected.
src/components/DesignSystemShowcase.tsx(1,4748): error TS1005: ';' expected.
src/components/DesignSystemShowcase.tsx(1,4796): error TS1005: ',' expected.
src/components/DesignSystemShowcase.tsx(1,4805): error TS1005: ':' expected.
src/components/DesignSystemShowcase.tsx(1,4808): error TS1351: An identifier or keyword cannot immediately follow a numeric literal.
src/components/DesignSystemShowcase.tsx(1,4811): error TS1005: ',' expected.
src/components/DesignSystemShowcase.tsx(1,4826): error TS1005: ':' expected.
src/components/DesignSystemShowcase.tsx(1,4829): error TS1351: An identifier or keyword cannot immediately follow a numeric literal.
src/components/DesignSystemShowcase.tsx(1,4832): error TS1005: ',' expected.
src/components/DesignSystemShowcase.tsx(1,4870): error TS1005: ':' expected.
src/components/DesignSystemShowcase.tsx(1,4880): error TS1005: ',' expected.
src/components/DesignSystemShowcase.tsx(1,4915): error TS1005: ':' expected.
src/components/DesignSystemShowcase.tsx(1,4917): error TS1136: Property assignment expected.
src/components/DesignSystemShowcase.tsx(1,5012): error TS1005: ';' expected.
src/components/DesignSystemShowcase.tsx(1,5022): error TS1005: ';' expected.
src/components/DesignSystemShowcase.tsx(1,5057): error TS1109: Expression expected.
src/components/DesignSystemShowcase.tsx(1,5152): error TS1005: ';' expected.
src/components/DesignSystemShowcase.tsx(1,5163): error TS1005: ';' expected.
src/components/DesignSystemShowcase.tsx(1,5181): error TS1005: ';' expected.
src/components/DesignSystemShowcase.tsx(1,5192): error TS1005: ';' expected.
src/components/DesignSystemShowcase.tsx(1,5219): error TS1005: ';' expected.
src/components/DesignSystemShowcase.tsx(1,5242): error TS1128: Declaration or statement expected.
src/components/DesignSystemShowcase.tsx(1,5265): error TS1109: Expression expected.
src/components/DesignSystemShowcase.tsx(1,5283): error TS1109: Expression expected.
src/components/DesignSystemShowcase.tsx(1,5318): error TS1005: ';' expected.
src/components/DesignSystemShowcase.tsx(1,5329): error TS1005: ';' expected.
src/components/DesignSystemShowcase.tsx(1,5350): error TS1005: ';' expected.
src/components/DesignSystemShowcase.tsx(1,5390): error TS1005: ';' expected.
src/components/DesignSystemShowcase.tsx(1,5397): error TS1128: Declaration or statement expected.
src/components/DesignSystemShowcase.tsx(1,5440): error TS1005: ';' expected.
src/components/DesignSystemShowcase.tsx(1,5459): error TS1005: ';' expected.
src/components/DesignSystemShowcase.tsx(1,5476): error TS1005: ';' expected.
src/components/DesignSystemShowcase.tsx(1,5497): error TS1005: ';' expected.
src/components/DesignSystemShowcase.tsx(1,5508): error TS1109: Expression expected.
src/components/DesignSystemShowcase.tsx(1,5554): error TS1003: Identifier expected.
src/components/DesignSystemShowcase.tsx(1,5570): error TS1003: Identifier expected.
src/components/DesignSystemShowcase.tsx(1,5600): error TS1005: ';' expected.
src/components/DesignSystemShowcase.tsx(1,5622): error TS1128: Declaration or statement expected.
src/components/DesignSystemShowcase.tsx(1,5676): error TS1003: Identifier expected.
src/components/DesignSystemShowcase.tsx(1,5706): error TS1003: Identifier expected.
src/components/DesignSystemShowcase.tsx(1,5738): error TS1005: ';' expected.
src/components/DesignSystemShowcase.tsx(1,5759): error TS1128: Declaration or statement expected.
src/components/DesignSystemShowcase.tsx(1,5813): error TS1003: Identifier expected.
src/components/DesignSystemShowcase.tsx(1,5843): error TS1003: Identifier expected.
src/components/DesignSystemShowcase.tsx(1,5875): error TS1005: ';' expected.
src/components/DesignSystemShowcase.tsx(1,5896): error TS1128: Declaration or statement expected.
src/components/DesignSystemShowcase.tsx(1,5919): error TS1109: Expression expected.
src/components/DesignSystemShowcase.tsx(1,5937): error TS1109: Expression expected.
src/components/DesignSystemShowcase.tsx(1,5972): error TS1005: ';' expected.
src/components/DesignSystemShowcase.tsx(1,5983): error TS1005: ';' expected.
src/components/DesignSystemShowcase.tsx(1,6004): error TS1005: ';' expected.
src/components/DesignSystemShowcase.tsx(1,6049): error TS1005: ';' expected.
src/components/DesignSystemShowcase.tsx(1,6092): error TS1005: ';' expected.
src/components/DesignSystemShowcase.tsx(1,6111): error TS1005: ';' expected.
src/components/DesignSystemShowcase.tsx(1,6128): error TS1005: ';' expected.
src/components/DesignSystemShowcase.tsx(1,6149): error TS1005: ';' expected.
src/components/DesignSystemShowcase.tsx(1,6160): error TS1109: Expression expected.
src/components/DesignSystemShowcase.tsx(1,6212): error TS1003: Identifier expected.
src/components/DesignSystemShowcase.tsx(1,6237): error TS1003: Identifier expected.
src/components/DesignSystemShowcase.tsx(1,6269): error TS1005: ';' expected.
src/components/DesignSystemShowcase.tsx(1,6292): error TS1128: Declaration or statement expected.
src/components/DesignSystemShowcase.tsx(1,6352): error TS1003: Identifier expected.
src/components/DesignSystemShowcase.tsx(1,6376): error TS1003: Identifier expected.
src/components/DesignSystemShowcase.tsx(1,6407): error TS1005: ';' expected.
src/components/DesignSystemShowcase.tsx(1,6430): error TS1128: Declaration or statement expected.
src/components/DesignSystemShowcase.tsx(1,6490): error TS1003: Identifier expected.
src/components/DesignSystemShowcase.tsx(1,6513): error TS1003: Identifier expected.
src/components/DesignSystemShowcase.tsx(1,6543): error TS1005: ';' expected.
src/components/DesignSystemShowcase.tsx(1,6566): error TS1128: Declaration or statement expected.
src/components/DesignSystemShowcase.tsx(1,6589): error TS1109: Expression expected.
src/components/DesignSystemShowcase.tsx(1,6607): error TS1109: Expression expected.
src/components/DesignSystemShowcase.tsx(1,6623): error TS1109: Expression expected.
src/components/DesignSystemShowcase.tsx(1,6637): error TS1109: Expression expected.
src/components/DesignSystemShowcase.tsx(1,6638): error TS1128: Declaration or statement expected.
src/components/DesignSystemShowcase.tsx(1,6660): error TS1109: Expression expected.
src/components/DesignSystemShowcase.tsx(1,6672): error TS1109: Expression expected.
src/components/DesignSystemShowcase.tsx(1,6702): error TS1005: ';' expected.
src/components/DesignSystemShowcase.tsx(1,6713): error TS1005: ';' expected.
src/components/DesignSystemShowcase.tsx(1,6755): error TS1109: Expression expected.
src/components/DesignSystemShowcase.tsx(1,6785): error TS1005: ';' expected.
src/components/DesignSystemShowcase.tsx(1,6795): error TS1005: ';' expected.
src/components/DesignSystemShowcase.tsx(1,6816): error TS1005: ';' expected.
src/components/DesignSystemShowcase.tsx(1,6856): error TS1005: ';' expected.
src/components/DesignSystemShowcase.tsx(1,6860): error TS1128: Declaration or statement expected.
src/components/DesignSystemShowcase.tsx(1,6905): error TS1005: ';' expected.
src/components/DesignSystemShowcase.tsx(1,6908): error TS1005: ';' expected.
src/components/DesignSystemShowcase.tsx(1,6908): error TS1351: An identifier or keyword cannot immediately follow a numeric literal.
src/components/DesignSystemShowcase.tsx(1,6937): error TS1005: ';' expected.
src/components/DesignSystemShowcase.tsx(1,7139): error TS1005: ';' expected.
src/components/DesignSystemShowcase.tsx(1,7149): error TS1005: ';' expected.
src/components/DesignSystemShowcase.tsx(1,7206): error TS1005: ';' expected.
src/components/DesignSystemShowcase.tsx(1,7216): error TS1005: ';' expected.
src/components/DesignSystemShowcase.tsx(1,7254): error TS1005: ';' expected.
src/components/DesignSystemShowcase.tsx(1,7318): error TS1003: Identifier expected.
src/components/DesignSystemShowcase.tsx(1,7331): error TS1005: '}' expected.
src/components/DesignSystemShowcase.tsx(1,7342): error TS1003: Identifier expected.
src/components/DesignSystemShowcase.tsx(1,7349): error TS1128: Declaration or statement expected.
src/components/DesignSystemShowcase.tsx(1,7350): error TS1109: Expression expected.
src/components/DesignSystemShowcase.tsx(1,7516): error TS1005: ';' expected.
src/components/DesignSystemShowcase.tsx(1,7527): error TS1005: ';' expected.
src/components/DesignSystemShowcase.tsx(1,7584): error TS1005: ';' expected.
src/components/DesignSystemShowcase.tsx(1,7595): error TS1005: ';' expected.
src/components/DesignSystemShowcase.tsx(1,7637): error TS1005: ';' expected.
src/components/DesignSystemShowcase.tsx(1,7701): error TS1003: Identifier expected.
src/components/DesignSystemShowcase.tsx(1,7714): error TS1005: '}' expected.
src/components/DesignSystemShowcase.tsx(1,7725): error TS1003: Identifier expected.
src/components/DesignSystemShowcase.tsx(1,7732): error TS1128: Declaration or statement expected.
src/components/DesignSystemShowcase.tsx(1,7733): error TS1109: Expression expected.
src/components/DesignSystemShowcase.tsx(1,7868): error TS1005: ';' expected.
src/components/DesignSystemShowcase.tsx(1,7881): error TS1005: ';' expected.
src/components/DesignSystemShowcase.tsx(1,7911): error TS1128: Declaration or statement expected.
src/components/DesignSystemShowcase.tsx(1,7970): error TS1005: ';' expected.
src/components/DesignSystemShowcase.tsx(1,7983): error TS1005: ';' expected.
src/components/DesignSystemShowcase.tsx(1,8019): error TS1005: ';' expected.
src/components/DesignSystemShowcase.tsx(1,8088): error TS1003: Identifier expected.
src/components/DesignSystemShowcase.tsx(1,8101): error TS1005: '}' expected.
src/components/DesignSystemShowcase.tsx(1,8112): error TS1003: Identifier expected.
src/components/DesignSystemShowcase.tsx(1,8247): error TS1005: ';' expected.
src/components/DesignSystemShowcase.tsx(1,8306): error TS1005: ';' expected.
src/components/DesignSystemShowcase.tsx(1,8327): error TS1005: ';' expected.
src/components/DesignSystemShowcase.tsx(1,8371): error TS1005: ';' expected.
src/components/DesignSystemShowcase.tsx(1,8427): error TS1005: ':' expected.
src/components/DesignSystemShowcase.tsx(1,8436): error TS1005: ',' expected.
src/components/DesignSystemShowcase.tsx(1,8447): error TS1005: ':' expected.
src/components/DesignSystemShowcase.tsx(1,8482): error TS1005: ';' expected.
src/components/DesignSystemShowcase.tsx(1,8504): error TS1005: ';' expected.
src/components/DesignSystemShowcase.tsx(1,8532): error TS1005: ';' expected.
src/components/DesignSystemShowcase.tsx(1,8858): error TS1005: ';' expected.
src/components/DesignSystemShowcase.tsx(1,8863): error TS1434: Unexpected keyword or identifier.
src/components/DesignSystemShowcase.tsx(1,8942): error TS1005: ';' expected.
src/components/DesignSystemShowcase.tsx(1,8964): error TS1005: ';' expected.
src/components/DesignSystemShowcase.tsx(1,8992): error TS1005: ';' expected.
src/components/DesignSystemShowcase.tsx(1,9316): error TS1005: ';' expected.
src/components/DesignSystemShowcase.tsx(1,9325): error TS1434: Unexpected keyword or identifier.
src/components/DesignSystemShowcase.tsx(1,9329): error TS1434: Unexpected keyword or identifier.
src/components/DesignSystemShowcase.tsx(1,9337): error TS1128: Declaration or statement expected.
src/components/DesignSystemShowcase.tsx(1,9370): error TS1128: Declaration or statement expected.
src/components/DesignSystemShowcase.tsx(1,9447): error TS1005: ';' expected.
src/components/DesignSystemShowcase.tsx(1,9467): error TS1005: ';' expected.
src/components/DesignSystemShowcase.tsx(1,9482): error TS1005: ';' expected.
src/components/DesignSystemShowcase.tsx(1,9522): error TS1005: ':' expected.
src/components/DesignSystemShowcase.tsx(1,9527): error TS1005: ',' expected.
src/components/DesignSystemShowcase.tsx(1,9536): error TS1005: ':' expected.
src/components/DesignSystemShowcase.tsx(1,9685): error TS1005: ';' expected.
src/components/DesignSystemShowcase.tsx(1,9718): error TS1005: ';' expected.
src/components/DesignSystemShowcase.tsx(1,9794): error TS1128: Declaration or statement expected.
src/components/DesignSystemShowcase.tsx(1,9825): error TS1005: ';' expected.
src/components/DesignSystemShowcase.tsx(1,9847): error TS1005: ';' expected.
src/components/DesignSystemShowcase.tsx(1,9876): error TS1109: Expression expected.
src/components/DesignSystemShowcase.tsx(1,9908): error TS1005: ';' expected.
src/components/DesignSystemShowcase.tsx(1,9927): error TS1005: ';' expected.
src/components/DesignSystemShowcase.tsx(1,9951): error TS1005: ';' expected.
src/components/DesignSystemShowcase.tsx(1,9981): error TS1127: Invalid character.
src/components/DesignSystemShowcase.tsx(1,9982): error TS1127: Invalid character.
src/components/DesignSystemShowcase.tsx(1,9983): error TS1128: Declaration or statement expected.
src/components/DesignSystemShowcase.tsx(1,10021): error TS1005: ';' expected.
src/components/DesignSystemShowcase.tsx(1,10039): error TS1005: ';' expected.
src/components/DesignSystemShowcase.tsx(1,10078): error TS1005: ';' expected.
src/components/DesignSystemShowcase.tsx(1,10098): error TS2657: JSX expressions must have one parent element.
src/components/DesignSystemShowcase.tsx(1,10432): error TS1003: Identifier expected.
src/components/DesignSystemShowcase.tsx(1,10459): error TS1382: Unexpected token. Did you mean `{'>'}` or `&gt;`?
src/components/DesignSystemShowcase.tsx(1,10510): error TS17002: Expected corresponding JSX closing tag for 'div'.
src/components/DesignSystemShowcase.tsx(1,10568): error TS1003: Identifier expected.
src/components/DesignSystemShowcase.tsx(1,10591): error TS1003: Identifier expected.
src/components/DesignSystemShowcase.tsx(1,10591): error TS1005: ';' expected.
src/components/DesignSystemShowcase.tsx(1,10622): error TS1005: ';' expected.
src/components/DesignSystemShowcase.tsx(1,10647): error TS1128: Declaration or statement expected.
src/components/DesignSystemShowcase.tsx(1,10670): error TS1109: Expression expected.
src/components/DesignSystemShowcase.tsx(1,10688): error TS1109: Expression expected.
src/components/DesignSystemShowcase.tsx(1,10733): error TS1128: Declaration or statement expected.
src/components/DesignSystemShowcase.tsx(1,10764): error TS1005: ';' expected.
src/components/DesignSystemShowcase.tsx(1,10792): error TS1005: ';' expected.
src/components/DesignSystemShowcase.tsx(1,10832): error TS1005: ':' expected.
src/components/DesignSystemShowcase.tsx(1,10846): error TS1005: ',' expected.
src/components/DesignSystemShowcase.tsx(1,10855): error TS1005: ':' expected.
src/components/DesignSystemShowcase.tsx(1,10892): error TS1005: ';' expected.
src/components/DesignSystemShowcase.tsx(1,10913): error TS1005: ';' expected.
src/components/DesignSystemShowcase.tsx(1,10958): error TS1005: ';' expected.
src/components/DesignSystemShowcase.tsx(1,10978): error TS1005: ',' expected.
src/components/DesignSystemShowcase.tsx(1,10986): error TS1005: ';' expected.
src/components/DesignSystemShowcase.tsx(1,11003): error TS1005: ':' expected.
src/components/DesignSystemShowcase.tsx(1,11010): error TS1109: Expression expected.
src/components/DesignSystemShowcase.tsx(1,11011): error TS1109: Expression expected.
src/components/DesignSystemShowcase.tsx(1,11041): error TS1005: ';' expected.
src/components/DesignSystemShowcase.tsx(1,11129): error TS1128: Declaration or statement expected.
src/components/DesignSystemShowcase.tsx(1,11201): error TS1005: ';' expected.
src/components/DesignSystemShowcase.tsx(1,11223): error TS1005: ';' expected.
src/components/DesignSystemShowcase.tsx(1,11242): error TS1005: ';' expected.
src/components/DesignSystemShowcase.tsx(1,11243): error TS1434: Unexpected keyword or identifier.
src/components/DesignSystemShowcase.tsx(1,11338): error TS1005: ':' expected.
src/components/DesignSystemShowcase.tsx(1,11361): error TS1005: ';' expected.
src/components/DesignSystemShowcase.tsx(1,11437): error TS1005: ';' expected.
src/components/DesignSystemShowcase.tsx(1,11518): error TS1003: Identifier expected.
src/components/DesignSystemShowcase.tsx(1,11561): error TS1005: '}' expected.
src/components/DesignSystemShowcase.tsx(1,11562): error TS1381: Unexpected token. Did you mean `{'}'}` or `&rbrace;`?
src/components/DesignSystemShowcase.tsx(1,11677): error TS1005: '}' expected.
src/components/DesignSystemShowcase.tsx(1,11678): error TS1381: Unexpected token. Did you mean `{'}'}` or `&rbrace;`?
src/components/DesignSystemShowcase.tsx(1,11697): error TS1382: Unexpected token. Did you mean `{'>'}` or `&gt;`?
src/components/DesignSystemShowcase.tsx(1,14432): error TS1005: '}' expected.
src/components/DesignSystemShowcase.tsx(1,14445): error TS1381: Unexpected token. Did you mean `{'}'}` or `&rbrace;`?
src/components/DesignSystemShowcase.tsx(1,14558): error TS1005: '}' expected.
src/components/DesignSystemShowcase.tsx(1,14574): error TS1005: '}' expected.
src/components/DesignSystemShowcase.tsx(1,14702): error TS1381: Unexpected token. Did you mean `{'}'}` or `&rbrace;`?
src/components/DesignSystemShowcase.tsx(1,14703): error TS1382: Unexpected token. Did you mean `{'>'}` or `&gt;`?
src/components/DesignSystemShowcase.tsx(1,14744): error TS1005: '}' expected.
src/components/DesignSystemShowcase.tsx(1,14852): error TS1381: Unexpected token. Did you mean `{'}'}` or `&rbrace;`?
src/components/DesignSystemShowcase.tsx(1,14853): error TS1382: Unexpected token. Did you mean `{'>'}` or `&gt;`?
src/components/DesignSystemShowcase.tsx(1,14894): error TS1005: '}' expected.
src/components/DesignSystemShowcase.tsx(1,15052): error TS1381: Unexpected token. Did you mean `{'}'}` or `&rbrace;`?
src/components/DesignSystemShowcase.tsx(1,15053): error TS1382: Unexpected token. Did you mean `{'>'}` or `&gt;`?
src/components/DesignSystemShowcase.tsx(1,15094): error TS1005: ';' expected.
src/components/DesignSystemShowcase.tsx(1,15125): error TS1005: ';' expected.
src/components/DesignSystemShowcase.tsx(1,15136): error TS1005: ';' expected.
src/components/DesignSystemShowcase.tsx(1,15160): error TS1005: ';' expected.
src/components/DesignSystemShowcase.tsx(1,15225): error TS1005: ';' expected.
src/components/DesignSystemShowcase.tsx(1,15242): error TS1005: ';' expected.
src/components/DesignSystemShowcase.tsx(1,15285): error TS1005: ';' expected.
src/components/DesignSystemShowcase.tsx(1,15314): error TS1127: Invalid character.
src/components/DesignSystemShowcase.tsx(1,15316): error TS1128: Declaration or statement expected.
src/components/DesignSystemShowcase.tsx(1,15378): error TS1005: ';' expected.
src/components/DesignSystemShowcase.tsx(1,15397): error TS1005: ';' expected.
src/components/DesignSystemShowcase.tsx(1,15429): error TS1005: ';' expected.
src/components/DesignSystemShowcase.tsx(1,15433): error TS1005: '(' expected.
src/components/DesignSystemShowcase.tsx(1,15440): error TS1005: ';' expected.
src/components/DesignSystemShowcase.tsx(1,15445): error TS1005: '(' expected.
src/components/DesignSystemShowcase.tsx(1,15452): error TS1005: ')' expected.
src/components/DesignSystemShowcase.tsx(1,15458): error TS1434: Unexpected keyword or identifier.
src/components/DesignSystemShowcase.tsx(1,15466): error TS1434: Unexpected keyword or identifier.
src/components/DesignSystemShowcase.tsx(1,15470): error TS1434: Unexpected keyword or identifier.
src/components/DesignSystemShowcase.tsx(1,15504): error TS1003: Identifier expected.
src/components/DesignSystemShowcase.tsx(1,15524): error TS1109: Expression expected.
src/components/DesignSystemShowcase.tsx(1,15561): error TS1005: ';' expected.
src/components/DesignSystemShowcase.tsx(1,15579): error TS1005: ';' expected.
src/components/DesignSystemShowcase.tsx(1,15602): error TS1005: ';' expected.
src/components/DesignSystemShowcase.tsx(1,15636): error TS1005: ';' expected.
src/components/DesignSystemShowcase.tsx(1,15644): error TS1109: Expression expected.
src/components/DesignSystemShowcase.tsx(1,15680): error TS1005: ';' expected.
src/components/DesignSystemShowcase.tsx(1,15696): error TS1005: ';' expected.
src/components/DesignSystemShowcase.tsx(1,15701): error TS1005: ';' expected.
src/components/DesignSystemShowcase.tsx(1,15704): error TS1434: Unexpected keyword or identifier.
src/components/DesignSystemShowcase.tsx(1,15709): error TS1434: Unexpected keyword or identifier.
src/components/DesignSystemShowcase.tsx(1,15712): error TS1434: Unexpected keyword or identifier.
src/components/DesignSystemShowcase.tsx(1,15717): error TS1434: Unexpected keyword or identifier.
src/components/DesignSystemShowcase.tsx(1,15721): error TS1434: Unexpected keyword or identifier.
src/components/DesignSystemShowcase.tsx(1,15729): error TS1434: Unexpected keyword or identifier.
src/components/DesignSystemShowcase.tsx(1,15745): error TS1003: Identifier expected.
src/components/DesignSystemShowcase.tsx(1,15785): error TS1005: ';' expected.
src/components/DesignSystemShowcase.tsx(1,15805): error TS1005: ';' expected.
src/components/DesignSystemShowcase.tsx(1,15831): error TS1005: ';' expected.
src/components/DesignSystemShowcase.tsx(1,15836): error TS1434: Unexpected keyword or identifier.
src/components/DesignSystemShowcase.tsx(1,15855): error TS1128: Declaration or statement expected.
src/components/DesignSystemShowcase.tsx(1,15878): error TS1109: Expression expected.
src/components/DesignSystemShowcase.tsx(1,15915): error TS1005: ';' expected.
src/components/DesignSystemShowcase.tsx(1,15940): error TS1005: ';' expected.
src/components/DesignSystemShowcase.tsx(1,15963): error TS1005: ';' expected.
src/components/DesignSystemShowcase.tsx(1,15998): error TS1005: ';' expected.
src/components/DesignSystemShowcase.tsx(1,16007): error TS1128: Declaration or statement expected.
src/components/DesignSystemShowcase.tsx(1,16045): error TS1005: ';' expected.
src/components/DesignSystemShowcase.tsx(1,16068): error TS1005: ';' expected.
src/components/DesignSystemShowcase.tsx(1,16113): error TS1005: ';' expected.
src/components/DesignSystemShowcase.tsx(1,16133): error TS1109: Expression expected.
src/components/DesignSystemShowcase.tsx(1,16170): error TS1005: ';' expected.
src/components/DesignSystemShowcase.tsx(1,16189): error TS1005: ';' expected.
src/components/DesignSystemShowcase.tsx(1,16212): error TS1005: ';' expected.
src/components/DesignSystemShowcase.tsx(1,16247): error TS1005: ';' expected.
src/components/DesignSystemShowcase.tsx(1,16252): error TS1434: Unexpected keyword or identifier.
src/components/DesignSystemShowcase.tsx(1,16257): error TS1128: Declaration or statement expected.
src/components/DesignSystemShowcase.tsx(1,16295): error TS1005: ';' expected.
src/components/DesignSystemShowcase.tsx(1,16314): error TS1005: ';' expected.
src/components/DesignSystemShowcase.tsx(1,16335): error TS1005: ';' expected.
src/components/DesignSystemShowcase.tsx(1,16375): error TS1005: ',' expected.
src/components/DesignSystemShowcase.tsx(1,16378): error TS1138: Parameter declaration expected.
src/components/DesignSystemShowcase.tsx(1,16407): error TS1005: ')' expected.
src/components/DesignSystemShowcase.tsx(1,16416): error TS1005: ',' expected.
src/components/DesignSystemShowcase.tsx(1,16419): error TS1005: ',' expected.
src/components/DesignSystemShowcase.tsx(1,16434): error TS1005: ':' expected.
src/components/DesignSystemShowcase.tsx(1,16452): error TS1005: ',' expected.
src/components/DesignSystemShowcase.tsx(1,16483): error TS1005: ',' expected.
src/components/DesignSystemShowcase.tsx(1,16490): error TS1131: Property or signature expected.
src/components/DesignSystemShowcase.tsx(1,16504): error TS1005: ':' expected.
src/components/DesignSystemShowcase.tsx(1,16506): error TS1005: ',' expected.
src/components/DesignSystemShowcase.tsx(1,16506): error TS1351: An identifier or keyword cannot immediately follow a numeric literal.
src/components/DesignSystemShowcase.tsx(1,16524): error TS1005: ':' expected.
src/components/DesignSystemShowcase.tsx(1,16525): error TS1005: ',' expected.
src/components/DesignSystemShowcase.tsx(1,16572): error TS1005: ',' expected.
src/components/DesignSystemShowcase.tsx(1,16589): error TS1005: ',' expected.
src/components/DesignSystemShowcase.tsx(1,16631): error TS1005: ',' expected.
src/components/DesignSystemShowcase.tsx(1,16655): error TS1109: Expression expected.
src/components/DesignSystemShowcase.tsx(1,16656): error TS1005: ';' expected.
src/components/DesignSystemShowcase.tsx(1,16674): error TS1128: Declaration or statement expected.
src/components/DesignSystemShowcase.tsx(1,16694): error TS1109: Expression expected.
src/components/DesignSystemShowcase.tsx(1,16781): error TS1005: ';' expected.
src/components/DesignSystemShowcase.tsx(1,16791): error TS1005: ';' expected.
src/components/DesignSystemShowcase.tsx(1,16815): error TS1005: ';' expected.
src/components/DesignSystemShowcase.tsx(1,16845): error TS1005: ';' expected.
src/components/DesignSystemShowcase.tsx(1,16871): error TS1005: ';' expected.
src/components/DesignSystemShowcase.tsx(1,16943): error TS1005: ';' expected.
src/components/DesignSystemShowcase.tsx(1,16958): error TS1005: ';' expected.
src/components/DesignSystemShowcase.tsx(1,16994): error TS1005: ';' expected.
src/components/DesignSystemShowcase.tsx(1,17027): error TS1005: ';' expected.
src/components/DesignSystemShowcase.tsx(1,17092): error TS1005: ';' expected.
src/components/DesignSystemShowcase.tsx(1,17107): error TS1005: ';' expected.
src/components/DesignSystemShowcase.tsx(1,17135): error TS1005: ';' expected.
src/components/DesignSystemShowcase.tsx(1,17163): error TS1127: Invalid character.
src/components/DesignSystemShowcase.tsx(1,17165): error TS1128: Declaration or statement expected.
src/components/DesignSystemShowcase.tsx(1,17208): error TS1005: ';' expected.
src/components/DesignSystemShowcase.tsx(1,17224): error TS1005: ';' expected.
src/components/DesignSystemShowcase.tsx(1,17255): error TS1005: ';' expected.
src/components/DesignSystemShowcase.tsx(1,17279): error TS2657: JSX expressions must have one parent element.
src/components/DesignSystemShowcase.tsx(1,17900): error TS1005: ';' expected.
src/components/DesignSystemShowcase.tsx(1,17920): error TS1109: Expression expected.
src/components/DesignSystemShowcase.tsx(1,17938): error TS1109: Expression expected.
src/components/DesignSystemShowcase.tsx(1,17954): error TS1109: Expression expected.
src/components/DesignSystemShowcase.tsx(1,17968): error TS1109: Expression expected.
src/components/DesignSystemShowcase.tsx(1,17969): error TS1128: Declaration or statement expected.
src/components/DesignSystemShowcase.tsx(1,17976): error TS1128: Declaration or statement expected.
src/components/DesignSystemShowcase.tsx(1,18013): error TS1128: Declaration or statement expected.
src/components/DesignSystemShowcase.tsx(1,18042): error TS1005: ';' expected.
src/components/DesignSystemShowcase.tsx(1,18056): error TS1005: ';' expected.
src/components/DesignSystemShowcase.tsx(1,18072): error TS1005: ';' expected.
src/components/DesignSystemShowcase.tsx(1,18122): error TS1005: ';' expected.
src/components/DesignSystemShowcase.tsx(1,18144): error TS1005: ';' expected.
src/components/DesignSystemShowcase.tsx(1,18169): error TS1005: ';' expected.
src/components/DesignSystemShowcase.tsx(1,18170): error TS1005: ';' expected.
src/components/DesignSystemShowcase.tsx(1,18170): error TS1351: An identifier or keyword cannot immediately follow a numeric literal.
src/components/DesignSystemShowcase.tsx(1,18187): error TS1005: ';' expected.
src/components/DesignSystemShowcase.tsx(1,18199): error TS1128: Declaration or statement expected.
src/components/DesignSystemShowcase.tsx(1,18200): error TS1109: Expression expected.
src/components/DesignSystemShowcase.tsx(1,18221): error TS1005: ';' expected.
src/components/DesignSystemShowcase.tsx(1,18237): error TS1128: Declaration or statement expected.
src/components/DesignSystemShowcase.tsx(1,18280): error TS1003: Identifier expected.
src/components/DesignSystemShowcase.tsx(1,18295): error TS1003: Identifier expected.
src/components/DesignSystemShowcase.tsx(1,18360): error TS1005: '}' expected.
src/components/DesignSystemShowcase.tsx(1,18361): error TS1005: ';' expected.
src/components/DesignSystemShowcase.tsx(1,18361): error TS1351: An identifier or keyword cannot immediately follow a numeric literal.
src/components/DesignSystemShowcase.tsx(1,18406): error TS1005: ';' expected.
src/components/DesignSystemShowcase.tsx(1,18465): error TS1005: ';' expected.
src/components/DesignSystemShowcase.tsx(1,18478): error TS1005: ';' expected.
src/components/DesignSystemShowcase.tsx(1,18506): error TS1005: ';' expected.
src/components/DesignSystemShowcase.tsx(1,18542): error TS1127: Invalid character.
src/components/DesignSystemShowcase.tsx(1,18543): error TS1005: ':' expected.
src/components/DesignSystemShowcase.tsx(1,18546): error TS1005: ',' expected.
src/components/DesignSystemShowcase.tsx(1,18655): error TS1005: ':' expected.
src/components/DesignSystemShowcase.tsx(1,18692): error TS1005: ';' expected.
src/components/DesignSystemShowcase.tsx(1,18699): error TS1128: Declaration or statement expected.
src/components/DesignSystemShowcase.tsx(1,18735): error TS1005: ';' expected.
src/components/DesignSystemShowcase.tsx(1,18754): error TS1005: ';' expected.
src/components/DesignSystemShowcase.tsx(1,18778): error TS1005: ';' expected.
src/components/DesignSystemShowcase.tsx(1,18842): error TS1005: ';' expected.
src/components/DesignSystemShowcase.tsx(1,18857): error TS1005: ';' expected.
src/components/DesignSystemShowcase.tsx(1,18889): error TS1005: ';' expected.
src/components/DesignSystemShowcase.tsx(1,18917): error TS1109: Expression expected.
src/components/DesignSystemShowcase.tsx(1,18958): error TS1005: ';' expected.
src/components/DesignSystemShowcase.tsx(1,18973): error TS1005: ';' expected.
src/components/DesignSystemShowcase.tsx(1,18998): error TS1005: ';' expected.
src/components/DesignSystemShowcase.tsx(1,19040): error TS1005: '}' expected.
src/components/DesignSystemShowcase.tsx(1,19042): error TS1003: Identifier expected.
src/components/DesignSystemShowcase.tsx(1,19059): error TS1127: Invalid character.
src/components/DesignSystemShowcase.tsx(1,19060): error TS1005: ';' expected.
src/components/DesignSystemShowcase.tsx(1,19063): error TS1005: ';' expected.
src/components/DesignSystemShowcase.tsx(1,19186): error TS1005: ';' expected.
src/components/DesignSystemShowcase.tsx(1,19195): error TS1128: Declaration or statement expected.
src/components/DesignSystemShowcase.tsx(1,19196): error TS1109: Expression expected.
src/components/DesignSystemShowcase.tsx(1,19206): error TS1005: ';' expected.
src/components/DesignSystemShowcase.tsx(1,19213): error TS1128: Declaration or statement expected.
src/components/DesignSystemShowcase.tsx(1,19270): error TS1005: ';' expected.
src/components/DesignSystemShowcase.tsx(1,19290): error TS1005: ';' expected.
src/components/DesignSystemShowcase.tsx(1,19313): error TS1005: ';' expected.
src/components/DesignSystemShowcase.tsx(1,19315): error TS1005: ';' expected.
src/components/DesignSystemShowcase.tsx(1,19315): error TS1351: An identifier or keyword cannot immediately follow a numeric literal.
src/components/DesignSystemShowcase.tsx(1,19331): error TS1005: ';' expected.
src/components/DesignSystemShowcase.tsx(1,19348): error TS1005: ';' expected.
src/components/DesignSystemShowcase.tsx(1,19389): error TS1005: ';' expected.
src/components/DesignSystemShowcase.tsx(1,19434): error TS1005: ':' expected.
src/components/DesignSystemShowcase.tsx(1,19440): error TS1005: ',' expected.
src/components/DesignSystemShowcase.tsx(1,19464): error TS1005: ':' expected.
src/components/DesignSystemShowcase.tsx(1,19468): error TS1351: An identifier or keyword cannot immediately follow a numeric literal.
src/components/DesignSystemShowcase.tsx(1,19470): error TS1005: ',' expected.
src/components/DesignSystemShowcase.tsx(1,19481): error TS1005: ':' expected.
src/components/DesignSystemShowcase.tsx(1,19485): error TS1005: ':' expected.
src/components/DesignSystemShowcase.tsx(1,19491): error TS1109: Expression expected.
src/components/DesignSystemShowcase.tsx(1,19530): error TS1005: ';' expected.
src/components/DesignSystemShowcase.tsx(1,19550): error TS1005: ';' expected.
src/components/DesignSystemShowcase.tsx(1,19573): error TS1005: ';' expected.
src/components/DesignSystemShowcase.tsx(1,19575): error TS1005: ';' expected.
src/components/DesignSystemShowcase.tsx(1,19575): error TS1351: An identifier or keyword cannot immediately follow a numeric literal.
src/components/DesignSystemShowcase.tsx(1,19591): error TS1005: ';' expected.
src/components/DesignSystemShowcase.tsx(1,19608): error TS1005: ';' expected.
src/components/DesignSystemShowcase.tsx(1,19642): error TS1005: ';' expected.
src/components/DesignSystemShowcase.tsx(1,19660): error TS1109: Expression expected.
src/components/DesignSystemShowcase.tsx(1,19676): error TS1109: Expression expected.
src/components/DesignSystemShowcase.tsx(1,19690): error TS1109: Expression expected.
src/components/DesignSystemShowcase.tsx(1,19702): error TS1109: Expression expected.
src/components/DesignSystemShowcase.tsx(1,19746): error TS1128: Declaration or statement expected.
src/components/DesignSystemShowcase.tsx(1,19775): error TS1005: ';' expected.
src/components/DesignSystemShowcase.tsx(1,19789): error TS1005: ';' expected.
src/components/DesignSystemShowcase.tsx(1,19805): error TS1005: ';' expected.
src/components/DesignSystemShowcase.tsx(1,19855): error TS1005: ';' expected.
src/components/DesignSystemShowcase.tsx(1,19877): error TS1005: ';' expected.
src/components/DesignSystemShowcase.tsx(1,19902): error TS1005: ';' expected.
src/components/DesignSystemShowcase.tsx(1,19903): error TS1005: ';' expected.
src/components/DesignSystemShowcase.tsx(1,19903): error TS1351: An identifier or keyword cannot immediately follow a numeric literal.
src/components/DesignSystemShowcase.tsx(1,19920): error TS1005: ';' expected.
src/components/DesignSystemShowcase.tsx(1,19932): error TS1128: Declaration or statement expected.
src/components/DesignSystemShowcase.tsx(1,19933): error TS1109: Expression expected.
src/components/DesignSystemShowcase.tsx(1,19975): error TS1005: ';' expected.
src/components/DesignSystemShowcase.tsx(1,19990): error TS2657: JSX expressions must have one parent element.
src/components/DesignSystemShowcase.tsx(1,20094): error TS1005: '}' expected.
src/components/DesignSystemShowcase.tsx(1,20095): error TS1351: An identifier or keyword cannot immediately follow a numeric literal.
src/components/DesignSystemShowcase.tsx(1,20100): error TS1381: Unexpected token. Did you mean `{'}'}` or `&rbrace;`?
src/components/DesignSystemShowcase.tsx(1,20101): error TS1382: Unexpected token. Did you mean `{'>'}` or `&gt;`?
src/components/DesignSystemShowcase.tsx(1,20124): error TS17002: Expected corresponding JSX closing tag for 'div'.
src/components/DesignSystemShowcase.tsx(1,20172): error TS1005: '}' expected.
src/components/DesignSystemShowcase.tsx(1,20173): error TS1351: An identifier or keyword cannot immediately follow a numeric literal.
src/components/DesignSystemShowcase.tsx(1,20178): error TS1381: Unexpected token. Did you mean `{'}'}` or `&rbrace;`?
src/components/DesignSystemShowcase.tsx(1,20179): error TS1382: Unexpected token. Did you mean `{'>'}` or `&gt;`?
src/components/DesignSystemShowcase.tsx(1,20222): error TS1005: '}' expected.
src/components/DesignSystemShowcase.tsx(1,20226): error TS1003: Identifier expected.
src/components/DesignSystemShowcase.tsx(1,20328): error TS1381: Unexpected token. Did you mean `{'}'}` or `&rbrace;`?
src/components/DesignSystemShowcase.tsx(1,20329): error TS1382: Unexpected token. Did you mean `{'>'}` or `&gt;`?
src/components/DesignSystemShowcase.tsx(1,20537): error TS1003: Identifier expected.
src/components/DesignSystemShowcase.tsx(1,20550): error TS1005: '}' expected.
src/components/DesignSystemShowcase.tsx(1,20563): error TS1381: Unexpected token. Did you mean `{'}'}` or `&rbrace;`?
src/components/DesignSystemShowcase.tsx(1,20564): error TS1382: Unexpected token. Did you mean `{'>'}` or `&gt;`?
src/components/DesignSystemShowcase.tsx(1,20571): error TS1005: ';' expected.
src/components/DesignSystemShowcase.tsx(1,20634): error TS1005: ';' expected.
src/components/DesignSystemShowcase.tsx(1,20659): error TS1005: ':' expected.
src/components/DesignSystemShowcase.tsx(1,20660): error TS1005: ',' expected.
src/components/DesignSystemShowcase.tsx(1,20660): error TS1351: An identifier or keyword cannot immediately follow a numeric literal.
src/components/DesignSystemShowcase.tsx(1,20689): error TS1005: ',' expected.
src/components/DesignSystemShowcase.tsx(1,20696): error TS1131: Property or signature expected.
src/components/DesignSystemShowcase.tsx(1,20709): error TS1005: ':' expected.
src/components/DesignSystemShowcase.tsx(1,20842): error TS1005: '(' expected.
src/components/DesignSystemShowcase.tsx(1,20854): error TS1005: ',' expected.
src/components/DesignSystemShowcase.tsx(1,20862): error TS1005: ',' expected.
src/components/DesignSystemShowcase.tsx(1,20868): error TS1005: ',' expected.
src/components/DesignSystemShowcase.tsx(1,20919): error TS1005: ';' expected.
src/components/DesignSystemShowcase.tsx(1,21028): error TS1003: Identifier expected.
src/components/DesignSystemShowcase.tsx(1,21041): error TS1005: '}' expected.
src/components/DesignSystemShowcase.tsx(1,21054): error TS1381: Unexpected token. Did you mean `{'}'}` or `&rbrace;`?
src/components/DesignSystemShowcase.tsx(1,21055): error TS1382: Unexpected token. Did you mean `{'>'}` or `&gt;`?
src/components/DesignSystemShowcase.tsx(1,21062): error TS1005: ';' expected.
src/components/DesignSystemShowcase.tsx(1,21184): error TS1005: '}' expected.
src/components/DesignSystemShowcase.tsx(1,21185): error TS1005: ';' expected.
src/components/DesignSystemShowcase.tsx(1,21185): error TS1351: An identifier or keyword cannot immediately follow a numeric literal.
src/components/DesignSystemShowcase.tsx(1,21236): error TS1005: ';' expected.
src/components/DesignSystemShowcase.tsx(1,21256): error TS1005: ':' expected.
src/components/DesignSystemShowcase.tsx(1,21330): error TS1005: ',' expected.
src/components/DesignSystemShowcase.tsx(1,21354): error TS1005: '(' expected.
src/components/DesignSystemShowcase.tsx(1,21419): error TS1005: ':' expected.
src/components/DesignSystemShowcase.tsx(1,21452): error TS1005: ';' expected.
src/components/DesignSystemShowcase.tsx(1,21475): error TS1005: ';' expected.
src/components/DesignSystemShowcase.tsx(1,21537): error TS1005: ';' expected.
src/components/DesignSystemShowcase.tsx(1,21554): error TS1005: ';' expected.
src/components/DesignSystemShowcase.tsx(1,21585): error TS1109: Expression expected.
src/components/DesignSystemShowcase.tsx(1,21613): error TS1127: Invalid character.
src/components/DesignSystemShowcase.tsx(1,21615): error TS1128: Declaration or statement expected.
src/components/DesignSystemShowcase.tsx(1,21664): error TS1005: '}' expected.
src/components/DesignSystemShowcase.tsx(1,21666): error TS1003: Identifier expected.
src/components/DesignSystemShowcase.tsx(1,21675): error TS1128: Declaration or statement expected.
src/components/DesignSystemShowcase.tsx(1,21676): error TS1109: Expression expected.
src/components/DesignSystemShowcase.tsx(1,21683): error TS1005: ';' expected.
src/components/DesignSystemShowcase.tsx(1,21692): error TS1434: Unexpected keyword or identifier.
src/components/DesignSystemShowcase.tsx(1,21695): error TS1434: Unexpected keyword or identifier.
src/components/DesignSystemShowcase.tsx(1,21700): error TS1434: Unexpected keyword or identifier.
src/components/DesignSystemShowcase.tsx(1,21717): error TS1005: ';' expected.
src/components/EnhancedErrorBoundary-broken.tsx(1,180): error TS1005: 'from' expected.
src/components/EnhancedErrorBoundary-broken.tsx(1,187): error TS1005: ';' expected.
src/components/EnhancedErrorBoundary-broken.tsx(1,195): error TS1109: Expression expected.
src/components/EnhancedErrorBoundary-broken.tsx(1,224): error TS1005: 'from' expected.
src/components/EnhancedErrorBoundary-broken.tsx(1,231): error TS1005: ';' expected.
src/components/EnhancedErrorBoundary-broken.tsx(1,264): error TS1109: Expression expected.
src/components/EnhancedErrorBoundary-broken.tsx(1,289): error TS1005: 'from' expected.
src/components/EnhancedErrorBoundary-broken.tsx(1,296): error TS1005: ';' expected.
src/components/EnhancedErrorBoundary-simplified.tsx(1,101): error TS1005: 'from' expected.
src/components/EnhancedErrorBoundary-simplified.tsx(1,108): error TS1005: ';' expected.
src/components/EnhancedErrorBoundary-simplified.tsx(1,116): error TS1109: Expression expected.
src/components/EnhancedErrorBoundary-simplified.tsx(1,141): error TS1005: 'from' expected.
src/components/EnhancedErrorBoundary-simplified.tsx(1,148): error TS1005: ';' expected.
src/components/EnhancedErrorBoundary.tsx(54,20): error TS1005: ',' expected.
src/components/EnhancedErrorBoundary.tsx(54,22): error TS1002: Unterminated string literal.
src/components/EnhancedErrorBoundary.tsx(55,7): error TS1005: ':' expected.
src/components/EnhancedErrorBoundary.tsx(55,15): error TS1005: ',' expected.
src/components/EnhancedErrorBoundary.tsx(55,26): error TS1005: ':' expected.
src/components/EnhancedErrorBoundary.tsx(61,3): error TS1128: Declaration or statement expected.
src/components/EnhancedErrorBoundary.tsx(170,5): error TS1068: Unexpected token. A constructor, method, accessor, or property was expected.
src/components/EnhancedErrorBoundary.tsx(171,3): error TS1128: Declaration or statement expected.
src/components/EnhancedErrorBoundary.tsx(172,1): error TS1128: Declaration or statement expected.
src/components/EnhancedLazyComponent.tsx(164,6): error TS1128: Declaration or statement expected.
src/components/EnhancedLazyComponent.tsx(164,56): error TS1005: ';' expected.
src/components/EnhancedLazyComponent.tsx(181,6): error TS1128: Declaration or statement expected.
src/components/EnhancedLazyComponent.tsx(181,30): error TS1005: ';' expected.
src/components/EnhancedModal.tsx(200,4): error TS1128: Declaration or statement expected.
src/components/EnhancedModal.tsx(200,113): error TS1005: ';' expected.
src/components/EnhancedMoodChart.tsx(166,3): error TS1005: '}' expected.
src/components/EnhancedToast.tsx(199,1): error TS1005: '}' expected.
src/components/FormInput.tsx(454,1): error TS1005: '}' expected.
src/components/HelpTutorialSystem.tsx(613,31): error TS1005: ';' expected.
src/components/Landing.tsx(1,27): error TS1005: 'from' expected.
src/components/Landing.tsx(1,34): error TS1005: ';' expected.
src/components/Landing.tsx(1,42): error TS1109: Expression expected.
src/components/Landing.tsx(1,59): error TS1005: 'from' expected.
src/components/Landing.tsx(1,66): error TS1005: ';' expected.
src/components/Landing.tsx(1,80): error TS1109: Expression expected.
src/components/Landing.tsx(1,105): error TS1005: 'from' expected.
src/components/Landing.tsx(1,112): error TS1005: ';' expected.
src/components/Landing.tsx(1,124): error TS1109: Expression expected.
src/components/Landing.tsx(1,140): error TS1005: 'from' expected.
src/components/Landing.tsx(1,147): error TS1005: ';' expected.
src/components/Landing.tsx(1,160): error TS1109: Expression expected.
src/components/Landing.tsx(1,177): error TS1005: 'from' expected.
src/components/Landing.tsx(1,184): error TS1005: ';' expected.
src/components/Landing.tsx(1,198): error TS1109: Expression expected.
src/components/Landing.tsx(1,220): error TS1005: ';' expected.
src/components/Landing.tsx(1,272): error TS1005: ',' expected.
src/components/Landing.tsx(1,304): error TS1005: ',' expected.
src/components/Landing.tsx(1,306): error TS1134: Variable declaration expected.
src/components/Landing.tsx(1,316): error TS1005: ',' expected.
src/components/Landing.tsx(1,375): error TS1005: ';' expected.
src/components/Landing.tsx(1,394): error TS1005: ';' expected.
src/components/Landing.tsx(1,416): error TS1005: ';' expected.
src/components/Landing.tsx(1,438): error TS1005: ';' expected.
src/components/Landing.tsx(1,441): error TS1434: Unexpected keyword or identifier.
src/components/Landing.tsx(1,446): error TS1434: Unexpected keyword or identifier.
src/components/Landing.tsx(1,458): error TS1434: Unexpected keyword or identifier.
src/components/Landing.tsx(1,463): error TS1434: Unexpected keyword or identifier.
src/components/Landing.tsx(1,473): error TS1434: Unexpected keyword or identifier.
src/components/Landing.tsx(1,481): error TS1434: Unexpected keyword or identifier.
src/components/Landing.tsx(1,485): error TS1434: Unexpected keyword or identifier.
src/components/Landing.tsx(1,494): error TS1434: Unexpected keyword or identifier.
src/components/Landing.tsx(1,507): error TS1434: Unexpected keyword or identifier.
src/components/Landing.tsx(1,550): error TS1005: ';' expected.
src/components/Landing.tsx(1,589): error TS1005: ';' expected.
src/components/Landing.tsx(1,696): error TS1005: ';' expected.
src/components/Landing.tsx(1,721): error TS1005: ';' expected.
src/components/Landing.tsx(1,735): error TS1005: ';' expected.
src/components/Landing.tsx(1,757): error TS1005: ';' expected.
src/components/Landing.tsx(1,783): error TS1005: ';' expected.
src/components/Landing.tsx(1,786): error TS1434: Unexpected keyword or identifier.
src/components/Landing.tsx(1,791): error TS1434: Unexpected keyword or identifier.
src/components/Landing.tsx(1,798): error TS1434: Unexpected keyword or identifier.
src/components/Landing.tsx(1,805): error TS1434: Unexpected keyword or identifier.
src/components/Landing.tsx(1,818): error TS1005: '(' expected.
src/components/Landing.tsx(1,827): error TS1005: ')' expected.
src/components/Landing.tsx(1,831): error TS1434: Unexpected keyword or identifier.
src/components/Landing.tsx(1,840): error TS1434: Unexpected keyword or identifier.
src/components/Landing.tsx(1,850): error TS1003: Identifier expected.
src/components/Landing.tsx(1,879): error TS1005: ';' expected.
src/components/Landing.tsx(1,919): error TS1005: ';' expected.
src/components/Landing.tsx(1,1008): error TS1128: Declaration or statement expected.
src/components/Landing.tsx(1,1023): error TS1005: ';' expected.
src/components/Landing.tsx(1,1041): error TS1005: ';' expected.
src/components/Landing.tsx(1,1059): error TS1005: ';' expected.
src/components/Landing.tsx(1,1081): error TS1005: ';' expected.
src/components/Landing.tsx(1,1090): error TS1109: Expression expected.
src/components/Landing.tsx(1,1095): error TS1005: '(' expected.
src/components/Landing.tsx(1,1106): error TS1005: ')' expected.
src/components/Landing.tsx(1,1122): error TS1005: ';' expected.
src/components/Landing.tsx(1,1139): error TS1005: '(' expected.
src/components/Landing.tsx(1,1147): error TS1005: ')' expected.
src/components/Landing.tsx(1,1154): error TS1434: Unexpected keyword or identifier.
src/components/Landing.tsx(1,1171): error TS1003: Identifier expected.
src/components/Landing.tsx(1,1178): error TS1005: ';' expected.
src/components/Landing.tsx(1,1207): error TS1005: ';' expected.
src/components/Landing.tsx(1,1221): error TS1005: ';' expected.
src/components/Landing.tsx(1,1242): error TS1005: ';' expected.
src/components/Landing.tsx(1,1381): error TS1005: ';' expected.
src/components/Landing.tsx(1,1392): error TS1005: ';' expected.
src/components/Landing.tsx(1,1411): error TS1005: ';' expected.
src/components/Landing.tsx(1,1426): error TS1005: ';' expected.
src/components/Landing.tsx(1,1451): error TS1005: ';' expected.
src/components/Landing.tsx(1,1480): error TS1005: ';' expected.
src/components/Landing.tsx(1,1502): error TS1005: ';' expected.
src/components/Landing.tsx(1,1507): error TS1434: Unexpected keyword or identifier.
src/components/Landing.tsx(1,1509): error TS1434: Unexpected keyword or identifier.
src/components/Landing.tsx(1,1518): error TS1434: Unexpected keyword or identifier.
src/components/Landing.tsx(1,1525): error TS1434: Unexpected keyword or identifier.
src/components/Landing.tsx(1,1528): error TS1434: Unexpected keyword or identifier.
src/components/Landing.tsx(1,1549): error TS1005: ';' expected.
src/components/Landing.tsx(1,1556): error TS1434: Unexpected keyword or identifier.
src/components/Landing.tsx(1,1566): error TS1434: Unexpected keyword or identifier.
src/components/Landing.tsx(1,1574): error TS1434: Unexpected keyword or identifier.
src/components/Landing.tsx(1,1584): error TS1434: Unexpected keyword or identifier.
src/components/Landing.tsx(1,1590): error TS1434: Unexpected keyword or identifier.
src/components/Landing.tsx(1,1598): error TS1003: Identifier expected.
src/components/Landing.tsx(1,1621): error TS1005: ';' expected.
src/components/Landing.tsx(1,1633): error TS1005: ';' expected.
src/components/Landing.tsx(1,1636): error TS1003: Identifier expected.
src/components/Landing.tsx(1,1646): error TS1005: ';' expected.
src/components/Landing.tsx(1,1670): error TS1005: ';' expected.
src/components/Landing.tsx(1,1692): error TS1005: ';' expected.
src/components/Landing.tsx(1,1709): error TS1005: ';' expected.
src/components/Landing.tsx(1,1740): error TS1005: ';' expected.
src/components/Landing.tsx(1,1870): error TS1005: ';' expected.
src/components/Landing.tsx(1,1888): error TS1005: ';' expected.
src/components/Landing.tsx(1,1917): error TS1005: ';' expected.
src/components/Landing.tsx(1,1954): error TS1005: ';' expected.
src/components/Landing.tsx(1,1987): error TS1005: ';' expected.
src/components/Landing.tsx(1,1997): error TS1005: ';' expected.
src/components/Landing.tsx(1,2006): error TS1434: Unexpected keyword or identifier.
src/components/Landing.tsx(1,2010): error TS1434: Unexpected keyword or identifier.
src/components/Landing.tsx(1,2019): error TS1434: Unexpected keyword or identifier.
src/components/Landing.tsx(1,2024): error TS1434: Unexpected keyword or identifier.
src/components/Landing.tsx(1,2031): error TS1434: Unexpected keyword or identifier.
src/components/Landing.tsx(1,2034): error TS1434: Unexpected keyword or identifier.
src/components/Landing.tsx(1,2045): error TS1434: Unexpected keyword or identifier.
src/components/Landing.tsx(1,2048): error TS1434: Unexpected keyword or identifier.
src/components/Landing.tsx(1,2057): error TS1434: Unexpected keyword or identifier.
src/components/Landing.tsx(1,2061): error TS1434: Unexpected keyword or identifier.
src/components/Landing.tsx(1,2066): error TS1434: Unexpected keyword or identifier.
src/components/Landing.tsx(1,2089): error TS1005: ';' expected.
src/components/Landing.tsx(1,2094): error TS1003: Identifier expected.
src/components/Landing.tsx(1,2123): error TS1109: Expression expected.
src/components/Landing.tsx(1,2139): error TS1005: ',' expected.
src/components/Landing.tsx(1,2157): error TS1005: ';' expected.
src/components/Landing.tsx(1,2160): error TS1005: ';' expected.
src/components/Landing.tsx(1,2160): error TS1351: An identifier or keyword cannot immediately follow a numeric literal.
src/components/Landing.tsx(1,2162): error TS1109: Expression expected.
src/components/Landing.tsx(1,2169): error TS1005: ';' expected.
src/components/Landing.tsx(1,2191): error TS1128: Declaration or statement expected.
src/components/Landing.tsx(1,2212): error TS1005: ';' expected.
src/components/Landing.tsx(1,2223): error TS1005: ';' expected.
src/components/Landing.tsx(1,2244): error TS1128: Declaration or statement expected.
src/components/Landing.tsx(1,2252): error TS1005: ';' expected.
src/components/Landing.tsx(1,2282): error TS1005: ';' expected.
src/components/Landing.tsx(1,2316): error TS1005: ';' expected.
src/components/Landing.tsx(1,2319): error TS1109: Expression expected.
src/components/Landing.tsx(1,2326): error TS1005: ';' expected.
src/components/Landing.tsx(1,2349): error TS1005: ';' expected.
src/components/Landing.tsx(1,2354): error TS1005: ';' expected.
src/components/Landing.tsx(1,2365): error TS1109: Expression expected.
src/components/Landing.tsx(1,2440): error TS1005: '}' expected.
src/components/Landing.tsx(1,2456): error TS1382: Unexpected token. Did you mean `{'>'}` or `&gt;`?
src/components/Landing.tsx(1,2778): error TS1003: Identifier expected.
src/components/Landing.tsx(1,2803): error TS1382: Unexpected token. Did you mean `{'>'}` or `&gt;`?
src/components/Landing.tsx(1,2877): error TS17002: Expected corresponding JSX closing tag for 'div'.
src/components/Landing.tsx(1,3432): error TS1003: Identifier expected.
src/components/Landing.tsx(1,3586): error TS1382: Unexpected token. Did you mean `{'>'}` or `&gt;`?
src/components/Landing.tsx(1,3641): error TS17002: Expected corresponding JSX closing tag for 'div'.
src/components/Landing.tsx(1,3689): error TS1003: Identifier expected.
src/components/Landing.tsx(1,3854): error TS1005: '}' expected.
src/components/Landing.tsx(1,3855): error TS1381: Unexpected token. Did you mean `{'}'}` or `&rbrace;`?
src/components/Landing.tsx(1,3924): error TS1382: Unexpected token. Did you mean `{'>'}` or `&gt;`?
src/components/Landing.tsx(1,3971): error TS17002: Expected corresponding JSX closing tag for 'div'.
src/components/Landing.tsx(1,4128): error TS1005: ')' expected.
src/components/Landing.tsx(1,4138): error TS1005: ',' expected.
src/components/Landing.tsx(1,4153): error TS1005: ':' expected.
src/components/Landing.tsx(1,4163): error TS1005: ',' expected.
src/components/Landing.tsx(1,4191): error TS1005: ',' expected.
src/components/Landing.tsx(1,4221): error TS1005: '(' expected.
src/components/Landing.tsx(1,4233): error TS1005: ';' expected.
src/components/Landing.tsx(1,4267): error TS1005: ';' expected.
src/components/Landing.tsx(1,4301): error TS1005: ',' expected.
src/components/Landing.tsx(1,4308): error TS1005: ';' expected.
src/components/Landing.tsx(1,4355): error TS1005: ';' expected.
src/components/Landing.tsx(1,4356): error TS1128: Declaration or statement expected.
src/components/Landing.tsx(1,4374): error TS1005: ';' expected.
src/components/Landing.tsx(1,4392): error TS1109: Expression expected.
src/components/Landing.tsx(1,4439): error TS1005: ';' expected.
src/components/Landing.tsx(1,4473): error TS1005: ';' expected.
src/components/Landing.tsx(1,4536): error TS1005: ';' expected.
src/components/Landing.tsx(1,4551): error TS1005: ';' expected.
src/components/Landing.tsx(1,4577): error TS1005: ';' expected.
src/components/Landing.tsx(1,4643): error TS1005: ';' expected.
src/components/Landing.tsx(1,4661): error TS1005: ';' expected.
src/components/Landing.tsx(1,4692): error TS1005: ';' expected.
src/components/Landing.tsx(1,4721): error TS2657: JSX expressions must have one parent element.
src/components/Landing.tsx(1,4789): error TS1005: ';' expected.
src/components/Landing.tsx(1,4867): error TS1005: ';' expected.
src/components/Landing.tsx(1,4934): error TS1005: ';' expected.
src/components/Landing.tsx(1,5001): error TS1005: ';' expected.
src/components/Landing.tsx(1,5020): error TS1005: ';' expected.
src/components/Landing.tsx(1,5050): error TS1005: ';' expected.
src/components/Landing.tsx(1,5080): error TS1127: Invalid character.
src/components/Landing.tsx(1,5082): error TS1127: Invalid character.
src/components/Landing.tsx(1,5083): error TS1128: Declaration or statement expected.
src/components/Landing.tsx(1,5128): error TS1005: ';' expected.
src/components/Landing.tsx(1,5145): error TS1005: ';' expected.
src/components/Landing.tsx(1,5183): error TS1005: ';' expected.
src/components/Landing.tsx(1,5191): error TS1434: Unexpected keyword or identifier.
src/components/Landing.tsx(1,5197): error TS1128: Declaration or statement expected.
src/components/Landing.tsx(1,5265): error TS1005: ';' expected.
src/components/Landing.tsx(1,5561): error TS1005: ';' expected.
src/components/Landing.tsx(1,5563): error TS1434: Unexpected keyword or identifier.
src/components/Landing.tsx(1,5567): error TS1128: Declaration or statement expected.
src/components/Landing.tsx(1,15385): error TS1002: Unterminated string literal.
src/components/LazyComponent.tsx(311,10): error TS1005: ';' expected.
src/components/LazyComponent.tsx(455,1): error TS1005: '}' expected.
src/components/LazyComponents.tsx(222,1): error TS1005: '}' expected.
src/components/LazyLoading.tsx(1,307): error TS1005: 'from' expected.
src/components/LazyLoading.tsx(1,314): error TS1005: ';' expected.
src/components/LazyLoading.tsx(1,322): error TS1109: Expression expected.
src/components/LazyLoading.tsx(1,346): error TS1005: 'from' expected.
src/components/LazyLoading.tsx(1,353): error TS1005: ';' expected.
src/components/LazyMarkdown.tsx(149,1): error TS1005: '}' expected.
src/components/LazyRoutes.tsx(373,1): error TS1005: '}' expected.
src/components/LiveChat.tsx(172,30): error TS1005: ';' expected.
src/components/LoadingStates.tsx(331,60): error TS1005: ';' expected.
src/components/LoadingStates.tsx(428,38): error TS1005: '}' expected.
src/components/MeditationTimer.tsx(65,46): error TS1005: ';' expected.
src/components/MeditationTimer.tsx(75,10): error TS1005: ';' expected.
src/components/MeditationTimer/MeditationTimer.tsx(83,10): error TS1005: ';' expected.
src/components/MeditationTimer/MeditationTimer.tsx(204,124): error TS1005: ';' expected.
src/components/mobile/MobileAccessibilitySystem.tsx(1,326): error TS1005: 'from' expected.
src/components/mobile/MobileAccessibilitySystem.tsx(1,333): error TS1005: ';' expected.
src/components/mobile/MobileCrisisKit.tsx(1,283): error TS1005: 'from' expected.
src/components/mobile/MobileCrisisKit.tsx(1,290): error TS1005: ';' expected.
src/components/mobile/MobileCrisisKit.tsx(1,298): error TS1109: Expression expected.
src/components/mobile/MobileCrisisKit.tsx(1,346): error TS1005: 'from' expected.
src/components/mobile/MobileCrisisKit.tsx(1,353): error TS1005: ';' expected.
src/components/mobile/MobileResponsiveComponents.tsx(1,320): error TS1005: 'from' expected.
src/components/mobile/MobileResponsiveComponents.tsx(1,327): error TS1005: ';' expected.
src/components/mobile/MobileResponsiveComponents.tsx(1,335): error TS1109: Expression expected.
src/components/mobile/MobileResponsiveComponents.tsx(1,380): error TS1005: 'from' expected.
src/components/mobile/MobileResponsiveComponents.tsx(1,387): error TS1005: ';' expected.
src/components/MobileAccessibilityProvider.tsx(153,10): error TS1005: ';' expected.
src/components/MobileAccessibilityProvider.tsx(260,60): error TS1005: ';' expected.
src/components/MobileAccessibilityProvider.tsx(473,34): error TS1005: ';' expected.
src/components/MobileAccessibilityProvider.tsx(606,10): error TS1005: ';' expected.
src/components/MobileAccessibilityProvider.tsx(773,39): error TS1005: ';' expected.
src/components/MobileBottomNav.tsx(1,151): error TS1005: 'from' expected.
src/components/MobileBottomNav.tsx(1,158): error TS1005: ';' expected.
src/components/MobileBottomNav.tsx(1,166): error TS1109: Expression expected.
src/components/MobileBottomNav.tsx(1,201): error TS1005: 'from' expected.
src/components/MobileBottomNav.tsx(1,208): error TS1005: ';' expected.
src/components/MobileBottomNav.tsx(1,227): error TS1109: Expression expected.
src/components/MobileBottomNav.tsx(1,272): error TS1005: 'from' expected.
src/components/MobileBottomNav.tsx(1,279): error TS1005: ';' expected.
src/components/MobileBottomNav.tsx(1,306): error TS1109: Expression expected.
src/components/MobileBottomNav.tsx(1,388): error TS1005: 'from' expected.
src/components/MobileBottomNav.tsx(1,395): error TS1005: ';' expected.
src/components/MobileBreathing.tsx(1,193): error TS1005: 'from' expected.
src/components/MobileBreathing.tsx(1,200): error TS1005: ';' expected.
src/components/MobileBreathing.tsx(1,208): error TS1109: Expression expected.
src/components/MobileBreathing.tsx(1,253): error TS1005: 'from' expected.
src/components/MobileBreathing.tsx(1,260): error TS1005: ';' expected.
src/components/MobileBreathing.tsx(1,287): error TS1109: Expression expected.
src/components/MobileBreathing.tsx(1,365): error TS1005: 'from' expected.
src/components/MobileBreathing.tsx(1,372): error TS1005: ';' expected.
src/components/MobileBreathing.tsx(1,400): error TS1005: ';' expected.
src/components/MobileBreathing.tsx(1,435): error TS1005: ';' expected.
src/components/MobileBreathing.tsx(1,457): error TS1005: ';' expected.
src/components/MobileBreathing.tsx(1,474): error TS1005: ';' expected.
src/components/MobileBreathing.tsx(1,489): error TS1005: ';' expected.
src/components/MobileBreathing.tsx(1,506): error TS1005: ';' expected.
src/components/MobileBreathing.tsx(1,508): error TS1434: Unexpected keyword or identifier.
src/components/MobileBreathing.tsx(1,536): error TS1005: ':' expected.
src/components/MobileBreathing.tsx(1,544): error TS1005: ';' expected.
src/components/MobileBreathing.tsx(1,573): error TS1005: ':' expected.
src/components/MobileChat.tsx(1,189): error TS1005: 'from' expected.
src/components/MobileChat.tsx(1,196): error TS1005: ';' expected.
src/components/MobileChat.tsx(1,204): error TS1109: Expression expected.
src/components/MobileChat.tsx(1,249): error TS1005: 'from' expected.
src/components/MobileChat.tsx(1,256): error TS1005: ';' expected.
src/components/MobileChat.tsx(1,283): error TS1109: Expression expected.
src/components/MobileChat.tsx(1,351): error TS1005: 'from' expected.
src/components/MobileChat.tsx(1,358): error TS1005: ';' expected.
src/components/MobileChat.tsx(1,386): error TS1005: ';' expected.
src/components/MobileChat.tsx(1,402): error TS1005: ';' expected.
src/components/MobileChat.tsx(1,423): error TS1005: ';' expected.
src/components/MobileChat.tsx(1,441): error TS1005: ';' expected.
src/components/MobileChat.tsx(1,854): error TS1005: ';' expected.
src/components/MobileChat.tsx(1,859): error TS1005: ';' expected.
src/components/MobileChat.tsx(1,887): error TS1005: ';' expected.
src/components/MobileChat.tsx(1,902): error TS1005: ';' expected.
src/components/MobileChat.tsx(1,917): error TS1005: ';' expected.
src/components/MobileChat.tsx(1,930): error TS1005: ';' expected.
src/components/MobileChat.tsx(1,940): error TS1005: ';' expected.
src/components/MobileChat.tsx(1,952): error TS1005: ';' expected.
src/components/MobileChat.tsx(1,1211): error TS1005: ';' expected.
src/components/MobileChat.tsx(1,1219): error TS1109: Expression expected.
src/components/MobileChat.tsx(1,1227): error TS1005: ',' expected.
src/components/MobileChat.tsx(1,1265): error TS1005: ',' expected.
src/components/MobileChat.tsx(1,1267): error TS1134: Variable declaration expected.
src/components/MobileChat.tsx(1,1277): error TS1005: ',' expected.
src/components/MobileChat.tsx(1,1286): error TS1005: ';' expected.
src/components/MobileChat.tsx(1,1294): error TS1005: ',' expected.
src/components/MobileChat.tsx(1,1320): error TS1005: ',' expected.
src/components/MobileChat.tsx(1,1322): error TS1134: Variable declaration expected.
src/components/MobileChat.tsx(1,1332): error TS1005: ',' expected.
src/components/MobileChat.tsx(1,1341): error TS1005: ';' expected.
src/components/MobileChat.tsx(1,1349): error TS1005: ',' expected.
src/components/MobileChat.tsx(1,1381): error TS1005: ',' expected.
src/components/MobileChat.tsx(1,1383): error TS1134: Variable declaration expected.
src/components/MobileChat.tsx(1,1393): error TS1005: ',' expected.
src/components/MobileChat.tsx(1,1398): error TS1005: ';' expected.
src/components/MobileChat.tsx(1,1406): error TS1005: ',' expected.
src/components/MobileChat.tsx(1,1444): error TS1005: ',' expected.
src/components/MobileChat.tsx(1,1446): error TS1134: Variable declaration expected.
src/components/MobileChat.tsx(1,1456): error TS1005: ',' expected.
src/components/MobileChat.tsx(1,1462): error TS1005: ')' expected.
src/components/MobileChat.tsx(1,19586): error TS1005: '}' expected.
src/components/MobileCrisisButton.tsx(13,1): error TS1131: Property or signature expected.
src/components/MobileCrisisButton.tsx(16,34): error TS1002: Unterminated string literal.
src/components/MobileCrisisButton.tsx(17,15): error TS1005: ',' expected.
src/components/MobileCrisisButton.tsx(31,21): error TS1109: Expression expected.
src/components/MobileCrisisButton.tsx(33,10): error TS1109: Expression expected.
src/components/MobileCrisisButton.tsx(33,19): error TS1005: ';' expected.
src/components/MobileCrisisButton.tsx(33,20): error TS1002: Unterminated string literal.
src/components/MobileCrisisButton.tsx(34,1): error TS1128: Declaration or statement expected.
src/components/MobileCrisisButton.tsx(64,42): error TS1137: Expression or comma expected.
src/components/MobileCrisisButton.tsx(66,25): error TS1005: ';' expected.
src/components/MobileCrisisButton.tsx(66,27): error TS1002: Unterminated string literal.
src/components/MobileCrisisButton.tsx(67,26): error TS1005: ';' expected.
src/components/MobileCrisisButton.tsx(67,26): error TS1434: Unexpected keyword or identifier.
src/components/MobileCrisisButton.tsx(67,32): error TS1002: Unterminated string literal.
src/components/MobileCrisisButton.tsx(69,13): error TS1005: ';' expected.
src/components/MobileCrisisButton.tsx(73,15): error TS1005: ',' expected.
src/components/MobileCrisisButton.tsx(73,18): error TS1134: Variable declaration expected.
src/components/MobileCrisisButton.tsx(74,13): error TS1005: ';' expected.
src/components/MobileCrisisButton.tsx(78,23): error TS1005: ',' expected.
src/components/MobileCrisisButton.tsx(78,27): error TS1005: ',' expected.
src/components/MobileCrisisButton.tsx(78,29): error TS1002: Unterminated string literal.
src/components/MobileCrisisButton.tsx(79,7): error TS1005: ':' expected.
src/components/MobileCrisisButton.tsx(79,11): error TS1005: ',' expected.
src/components/MobileCrisisButton.tsx(86,5): error TS1005: ',' expected.
src/components/MobileCrisisButton.tsx(86,8): error TS1002: Unterminated string literal.
src/components/MobileCrisisButton.tsx(87,5): error TS1005: ':' expected.
src/components/MobileCrisisButton.tsx(97,5): error TS1005: ',' expected.
src/components/MobileCrisisButton.tsx(97,8): error TS1002: Unterminated string literal.
src/components/MobileCrisisButton.tsx(98,5): error TS1005: ':' expected.
src/components/MobileCrisisButton.tsx(108,5): error TS1005: ',' expected.
src/components/MobileCrisisButton.tsx(108,7): error TS1002: Unterminated string literal.
src/components/MobileCrisisButton.tsx(109,3): error TS1005: ':' expected.
src/components/MobileCrisisButton.tsx(125,36): error TS1005: ',' expected.
src/components/MobileCrisisButton.tsx(125,38): error TS1002: Unterminated string literal.
src/components/MobileCrisisButton.tsx(126,5): error TS1005: ',' expected.
src/components/MobileCrisisButton.tsx(127,5): error TS1005: ',' expected.
src/components/MobileCrisisButton.tsx(129,5): error TS1005: ',' expected.
src/components/MobileCrisisButton.tsx(146,13): error TS1005: ';' expected.
src/components/MobileCrisisButton.tsx(153,36): error TS1005: ',' expected.
src/components/MobileCrisisButton.tsx(153,38): error TS1002: Unterminated string literal.
src/components/MobileCrisisButton.tsx(154,5): error TS1005: ',' expected.
src/components/MobileCrisisButton.tsx(214,8): error TS1005: ',' expected.
src/components/MobileCrisisButton.tsx(214,9): error TS1005: ',' expected.
src/components/MobileCrisisButton.tsx(214,16): error TS1005: ',' expected.
src/components/MobileCrisisButton.tsx(216,12): error TS1005: ';' expected.
src/components/MobileCrisisButton.tsx(216,30): error TS1005: ';' expected.
src/components/MobileCrisisButton.tsx(217,21): error TS1005: ',' expected.
src/components/MobileCrisisButton.tsx(225,11): error TS1128: Declaration or statement expected.
src/components/MobileCrisisButton.tsx(226,7): error TS1128: Declaration or statement expected.
src/components/MobileCrisisButton.tsx(234,19): error TS1005: ';' expected.
src/components/MobileCrisisButton.tsx(234,29): error TS1005: ';' expected.
src/components/MobileCrisisButton.tsx(234,37): error TS1434: Unexpected keyword or identifier.
src/components/MobileCrisisButton.tsx(234,45): error TS1002: Unterminated string literal.
src/components/MobileCrisisButton.tsx(238,7): error TS1128: Declaration or statement expected.
src/components/MobileCrisisButton.tsx(239,5): error TS1109: Expression expected.
src/components/MobileCrisisButton.tsx(239,7): error TS1109: Expression expected.
src/components/MobileCrisisButton.tsx(240,3): error TS1109: Expression expected.
src/components/MobileCrisisButton.tsx(241,1): error TS1128: Declaration or statement expected.
src/components/MobileCrisisButton.tsx(243,34): error TS1005: ';' expected.
src/components/MobileCrisisButton.tsx(243,35): error TS1002: Unterminated string literal.
src/components/MobileEmergencyContacts.tsx(1,167): error TS1005: 'from' expected.
src/components/MobileEmergencyContacts.tsx(1,174): error TS1005: ';' expected.
src/components/MobileEmergencyContacts.tsx(1,182): error TS1109: Expression expected.
src/components/MobileEmergencyContacts.tsx(1,227): error TS1005: 'from' expected.
src/components/MobileEmergencyContacts.tsx(1,234): error TS1005: ';' expected.
src/components/MobileEmergencyContacts.tsx(1,261): error TS1109: Expression expected.
src/components/MobileEmergencyContacts.tsx(1,344): error TS1005: 'from' expected.
src/components/MobileEmergencyContacts.tsx(1,351): error TS1005: ';' expected.
src/components/MobileEmergencyContacts.tsx(1,379): error TS1005: ';' expected.
src/components/MobileEmergencyContacts.tsx(1,414): error TS1005: ';' expected.
src/components/MobileEmergencyContacts.tsx(1,437): error TS1005: ';' expected.
src/components/MobileEmergencyContacts.tsx(1,453): error TS1005: ';' expected.
src/components/MobileEmergencyContacts.tsx(1,455): error TS1434: Unexpected keyword or identifier.
src/components/MobileEmergencyContacts.tsx(1,488): error TS1005: ':' expected.
src/components/MobileEmergencyContacts.tsx(1,510): error TS1005: ':' expected.
src/components/MobileEmergencyContacts.tsx(1,541): error TS1005: ':' expected.
src/components/MobileEmergencyContacts.tsx(1,564): error TS1005: ':' expected.
src/components/MobileEmergencyContacts.tsx(1,579): error TS1005: ':' expected.
src/components/MobileEmergencyContacts.tsx(1,631): error TS1005: ';' expected.
src/components/MobileEmergencyContacts.tsx(1,768): error TS1011: An element access expression should take an argument.
src/components/MobileEmergencyContacts.tsx(1,771): error TS1005: ':' expected.
src/components/MobileEmergencyContacts.tsx(1,843): error TS1005: ',' expected.
src/components/MobileEmergencyContacts.tsx(1,846): error TS1359: Identifier expected. 'void' is a reserved word that cannot be used here.
src/components/MobileEmergencyContacts.tsx(1,869): error TS1005: ',' expected.
src/components/MobileEmergencyContacts.tsx(1,876): error TS1005: ',' expected.
src/components/MobileEmergencyContacts.tsx(1,877): error TS1138: Parameter declaration expected.
src/components/MobileEmergencyContacts.tsx(1,878): error TS1003: Identifier expected.
src/components/MobileEmergencyContacts.tsx(1,3309): error TS1005: ',' expected.
src/components/MobileEmergencyContacts.tsx(1,3323): error TS1005: ',' expected.
src/components/MobileEmergencyContacts.tsx(1,3336): error TS1005: '=>' expected.
src/components/MobileEmergencyContacts.tsx(1,3343): error TS1109: Expression expected.
src/components/MobileEmergencyContacts.tsx(1,3351): error TS1005: ',' expected.
src/components/MobileEmergencyContacts.tsx(1,3383): error TS1005: ',' expected.
src/components/MobileEmergencyContacts.tsx(1,3385): error TS1134: Variable declaration expected.
src/components/MobileEmergencyContacts.tsx(1,3395): error TS1005: ',' expected.
src/components/MobileEmergencyContacts.tsx(1,3402): error TS1003: Identifier expected.
src/components/MobileEmergencyContacts.tsx(1,3411): error TS1005: ';' expected.
src/components/MobileEmergencyContacts.tsx(1,3419): error TS1005: ',' expected.
src/components/MobileEmergencyContacts.tsx(1,3457): error TS1005: ',' expected.
src/components/MobileEmergencyContacts.tsx(1,3459): error TS1134: Variable declaration expected.
src/components/MobileEmergencyContacts.tsx(1,3469): error TS1005: ',' expected.
src/components/MobileEmergencyContacts.tsx(1,3475): error TS1005: ')' expected.
src/components/MobileEmergencyContacts.tsx(1,3486): error TS1005: ',' expected.
src/components/MobileEmergencyContacts.tsx(1,3520): error TS1005: ',' expected.
src/components/MobileEmergencyContacts.tsx(1,3522): error TS1134: Variable declaration expected.
src/components/MobileEmergencyContacts.tsx(1,3532): error TS1005: ',' expected.
src/components/MobileEmergencyContacts.tsx(1,3550): error TS1003: Identifier expected.
src/components/MobileEmergencyContacts.tsx(1,3644): error TS1005: ')' expected.
src/components/MobileFormComponents.tsx(195,55): error TS1005: ';' expected.
src/components/MobileFormComponents.tsx(463,44): error TS1005: ';' expected.
src/components/MobileFormComponents.tsx(646,27): error TS1005: ';' expected.
src/components/MobileGrounding.tsx(1,192): error TS1005: 'from' expected.
src/components/MobileGrounding.tsx(1,199): error TS1005: ';' expected.
src/components/MobileGrounding.tsx(1,207): error TS1109: Expression expected.
src/components/MobileGrounding.tsx(1,252): error TS1005: 'from' expected.
src/components/MobileGrounding.tsx(1,259): error TS1005: ';' expected.
src/components/MobileGrounding.tsx(1,286): error TS1109: Expression expected.
src/components/MobileGrounding.tsx(1,385): error TS1005: 'from' expected.
src/components/MobileGrounding.tsx(1,392): error TS1005: ';' expected.
src/components/MobileGrounding.tsx(1,420): error TS1005: ';' expected.
src/components/MobileGrounding.tsx(1,442): error TS1005: ';' expected.
src/components/MobileGrounding.tsx(1,464): error TS1005: ';' expected.
src/components/MobileGrounding.tsx(1,24483): error TS1005: '}' expected.
src/components/MobileKeyboardHandler.tsx(108,10): error TS1005: ';' expected.
src/components/MobileKeyboardHandler.tsx(392,10): error TS1005: ';' expected.
src/components/MobileKeyboardHandler.tsx(398,1): error TS1005: '}' expected.
src/components/MobileNavigation.tsx(1,26): error TS1005: ';' expected.
src/components/MobileNavigation.tsx(1,62): error TS1005: 'from' expected.
src/components/MobileNavigation.tsx(1,69): error TS1005: ';' expected.
src/components/MobileNavigation.tsx(1,88): error TS1109: Expression expected.
src/components/MobileNavigation.tsx(1,158): error TS1005: 'from' expected.
src/components/MobileNavigation.tsx(1,165): error TS1005: ';' expected.
src/components/MobileNavigation.tsx(1,193): error TS1005: ';' expected.
src/components/MobileNavigation.tsx(1,6635): error TS1005: '}' expected.
src/components/MobilePerformanceProvider.tsx(121,3): error TS1128: Declaration or statement expected.
src/components/MobilePerformanceProvider.tsx(143,3): error TS1128: Declaration or statement expected.
src/components/MobilePerformanceProvider.tsx(295,45): error TS1005: ';' expected.
src/components/MobilePerformanceProvider.tsx(386,4): error TS1128: Declaration or statement expected.
src/components/MobilePerformanceProvider.tsx(386,8): error TS1005: ';' expected.
src/components/MobilePerformanceProvider.tsx(564,1): error TS1005: '}' expected.
src/components/MobileResponsiveSystem.tsx(1,62): error TS1005: 'from' expected.
src/components/MobileResponsiveSystem.tsx(1,69): error TS1005: ';' expected.
src/components/MobileResponsiveSystem.tsx(1,77): error TS1109: Expression expected.
src/components/MobileResponsiveSystem.tsx(1,101): error TS1005: 'from' expected.
src/components/MobileResponsiveSystem.tsx(1,108): error TS1005: ';' expected.
src/components/MobileResponsiveSystem.tsx(1,133): error TS1109: Expression expected.
src/components/MobileResponsiveSystem.tsx(1,159): error TS1005: 'from' expected.
src/components/MobileResponsiveSystem.tsx(1,166): error TS1005: ';' expected.
src/components/MobileResponsiveSystem.tsx(1,203): error TS1005: ';' expected.
src/components/MobileResponsiveSystem.tsx(1,244): error TS1434: Unexpected keyword or identifier.
src/components/MobileResponsiveSystem.tsx(1,277): error TS1109: Expression expected.
src/components/MobileResponsiveSystem.tsx(1,288): error TS1005: ';' expected.
src/components/MobileResponsiveSystem.tsx(1,305): error TS1109: Expression expected.
src/components/MobileResponsiveSystem.tsx(1,354): error TS1005: ';' expected.
src/components/MobileResponsiveSystem.tsx(1,370): error TS1005: ';' expected.
src/components/MobileResponsiveSystem.tsx(1,457): error TS1005: '>' expected.
src/components/MobileResponsiveSystem.tsx(1,537): error TS1005: ',' expected.
src/components/MobileResponsiveSystem.tsx(1,545): error TS1005: ',' expected.
src/components/MobileResponsiveSystem.tsx(1,581): error TS1005: ',' expected.
src/components/MobileResponsiveSystem.tsx(1,583): error TS1134: Variable declaration expected.
src/components/MobileResponsiveSystem.tsx(1,593): error TS1005: ',' expected.
src/components/MobileResponsiveSystem.tsx(1,602): error TS1005: ';' expected.
src/components/MobileResponsiveSystem.tsx(1,610): error TS1005: ',' expected.
src/components/MobileResponsiveSystem.tsx(1,642): error TS1005: ',' expected.
src/components/MobileResponsiveSystem.tsx(1,644): error TS1134: Variable declaration expected.
src/components/MobileResponsiveSystem.tsx(1,654): error TS1005: ',' expected.
src/components/MobileResponsiveSystem.tsx(1,685): error TS1005: ',' expected.
src/components/MobileResponsiveSystem.tsx(1,709): error TS1005: ',' expected.
src/components/MobileResponsiveSystem.tsx(1,711): error TS1134: Variable declaration expected.
src/components/MobileResponsiveSystem.tsx(1,721): error TS1005: ',' expected.
src/components/MobileResponsiveSystem.tsx(1,745): error TS1005: '}' expected.
src/components/MobileResponsiveSystem.tsx(1,786): error TS1381: Unexpected token. Did you mean `{'}'}` or `&rbrace;`?
src/components/MobileResponsiveSystem.tsx(1,915): error TS1381: Unexpected token. Did you mean `{'}'}` or `&rbrace;`?
src/components/MobileResponsiveSystem.tsx(1,986): error TS1381: Unexpected token. Did you mean `{'}'}` or `&rbrace;`?
src/components/MobileResponsiveSystem.tsx(1,1156): error TS1382: Unexpected token. Did you mean `{'>'}` or `&gt;`?
src/components/MobileResponsiveSystem.tsx(1,1195): error TS1382: Unexpected token. Did you mean `{'>'}` or `&gt;`?
src/components/MobileResponsiveSystem.tsx(1,1383): error TS1109: Expression expected.
src/components/MobileResponsiveSystem.tsx(1,1496): error TS1382: Unexpected token. Did you mean `{'>'}` or `&gt;`?
src/components/MobileResponsiveSystem.tsx(1,1514): error TS1381: Unexpected token. Did you mean `{'}'}` or `&rbrace;`?
src/components/MobileResponsiveSystem.tsx(1,1519): error TS1381: Unexpected token. Did you mean `{'}'}` or `&rbrace;`?
src/components/MobileResponsiveSystem.tsx(1,1572): error TS1382: Unexpected token. Did you mean `{'>'}` or `&gt;`?
src/components/MobileResponsiveSystem.tsx(1,1661): error TS1381: Unexpected token. Did you mean `{'}'}` or `&rbrace;`?
src/components/MobileResponsiveSystem.tsx(1,1898): error TS1005: '}' expected.
src/components/MobileResponsiveSystem.tsx(1,1903): error TS1381: Unexpected token. Did you mean `{'}'}` or `&rbrace;`?
src/components/MobileResponsiveSystem.tsx(1,1924): error TS1382: Unexpected token. Did you mean `{'>'}` or `&gt;`?
src/components/MobileResponsiveSystem.tsx(1,1926): error TS1381: Unexpected token. Did you mean `{'}'}` or `&rbrace;`?
src/components/MobileResponsiveSystem.tsx(1,2171): error TS1005: '}' expected.
src/components/MobileResponsiveSystem.tsx(1,2178): error TS1381: Unexpected token. Did you mean `{'}'}` or `&rbrace;`?
src/components/MobileResponsiveSystem.tsx(1,2183): error TS1381: Unexpected token. Did you mean `{'}'}` or `&rbrace;`?
src/components/MobileResponsiveSystem.tsx(1,2186): error TS1381: Unexpected token. Did you mean `{'}'}` or `&rbrace;`?
src/components/MobileResponsiveSystem.tsx(1,2260): error TS1382: Unexpected token. Did you mean `{'>'}` or `&gt;`?
src/components/MobileResponsiveSystem.tsx(1,2339): error TS1005: ',' expected.
src/components/MobileResponsiveSystem.tsx(1,2355): error TS1005: ',' expected.
src/components/MobileResponsiveSystem.tsx(1,2361): error TS1005: '(' expected.
src/components/MobileResponsiveSystem.tsx(1,2362): error TS1005: ',' expected.
src/components/MobileResponsiveSystem.tsx(1,2364): error TS1005: ',' expected.
src/components/MobileResponsiveSystem.tsx(1,2416): error TS1005: ',' expected.
src/components/MobileResponsiveSystem.tsx(1,2438): error TS1005: ',' expected.
src/components/MobileResponsiveSystem.tsx(1,2466): error TS1005: ',' expected.
src/components/MobileResponsiveSystem.tsx(1,2469): error TS1381: Unexpected token. Did you mean `{'}'}` or `&rbrace;`?
src/components/MobileResponsiveSystem.tsx(1,2584): error TS1382: Unexpected token. Did you mean `{'>'}` or `&gt;`?
src/components/MobileResponsiveSystem.tsx(1,2670): error TS1381: Unexpected token. Did you mean `{'}'}` or `&rbrace;`?
src/components/MobileResponsiveSystem.tsx(1,2752): error TS1382: Unexpected token. Did you mean `{'>'}` or `&gt;`?
src/components/MobileResponsiveSystem.tsx(1,2837): error TS1381: Unexpected token. Did you mean `{'}'}` or `&rbrace;`?
src/components/MobileResponsiveSystem.tsx(1,2932): error TS1005: '}' expected.
src/components/MobileResponsiveSystem.tsx(1,3004): error TS1381: Unexpected token. Did you mean `{'}'}` or `&rbrace;`?
src/components/MobileResponsiveSystem.tsx(1,3124): error TS1382: Unexpected token. Did you mean `{'>'}` or `&gt;`?
src/components/MobileResponsiveSystem.tsx(1,3190): error TS1005: '}' expected.
src/components/MobileResponsiveSystem.tsx(1,3259): error TS1381: Unexpected token. Did you mean `{'}'}` or `&rbrace;`?
src/components/MobileResponsiveSystem.tsx(1,3263): error TS1381: Unexpected token. Did you mean `{'}'}` or `&rbrace;`?
src/components/MobileResponsiveSystem.tsx(1,3331): error TS1382: Unexpected token. Did you mean `{'>'}` or `&gt;`?
src/components/MobileResponsiveSystem.tsx(1,3578): error TS1382: Unexpected token. Did you mean `{'>'}` or `&gt;`?
src/components/MobileResponsiveSystem.tsx(1,3597): error TS1382: Unexpected token. Did you mean `{'>'}` or `&gt;`?
src/components/MobileResponsiveSystem.tsx(1,3671): error TS1381: Unexpected token. Did you mean `{'}'}` or `&rbrace;`?
src/components/MobileResponsiveSystem.tsx(1,3756): error TS1382: Unexpected token. Did you mean `{'>'}` or `&gt;`?
src/components/MobileResponsiveSystem.tsx(1,3791): error TS1005: '}' expected.
src/components/MobileResponsiveSystem.tsx(1,3838): error TS1381: Unexpected token. Did you mean `{'}'}` or `&rbrace;`?
src/components/MobileResponsiveSystem.tsx(1,3842): error TS1381: Unexpected token. Did you mean `{'}'}` or `&rbrace;`?
src/components/MobileResponsiveSystem.tsx(1,3905): error TS1382: Unexpected token. Did you mean `{'>'}` or `&gt;`?
src/components/MobileResponsiveSystem.tsx(1,3937): error TS1005: '}' expected.
src/components/MobileResponsiveSystem.tsx(1,4009): error TS1382: Unexpected token. Did you mean `{'>'}` or `&gt;`?
src/components/MobileResponsiveSystem.tsx(1,4075): error TS1003: Identifier expected.
src/components/MobileResponsiveSystem.tsx(1,4153): error TS1381: Unexpected token. Did you mean `{'}'}` or `&rbrace;`?
src/components/MobileResponsiveSystem.tsx(1,4227): error TS1005: '}' expected.
src/components/MobileResponsiveSystem.tsx(1,4235): error TS1381: Unexpected token. Did you mean `{'}'}` or `&rbrace;`?
src/components/MobileResponsiveSystem.tsx(1,4262): error TS1382: Unexpected token. Did you mean `{'>'}` or `&gt;`?
src/components/MobileResponsiveSystem.tsx(1,4264): error TS1381: Unexpected token. Did you mean `{'}'}` or `&rbrace;`?
src/components/MobileResponsiveSystem.tsx(1,4333): error TS1381: Unexpected token. Did you mean `{'}'}` or `&rbrace;`?
src/components/MobileResponsiveSystem.tsx(1,4338): error TS1381: Unexpected token. Did you mean `{'}'}` or `&rbrace;`?
src/components/MobileResponsiveSystem.tsx(1,4341): error TS1381: Unexpected token. Did you mean `{'}'}` or `&rbrace;`?
src/components/MobileResponsiveSystem.tsx(1,4413): error TS1382: Unexpected token. Did you mean `{'>'}` or `&gt;`?
src/components/MobileResponsiveSystem.tsx(1,4935): error TS1382: Unexpected token. Did you mean `{'>'}` or `&gt;`?
src/components/MobileResponsiveSystem.tsx(1,5011): error TS1382: Unexpected token. Did you mean `{'>'}` or `&gt;`?
src/components/MobileResponsiveSystem.tsx(1,5013): error TS1381: Unexpected token. Did you mean `{'}'}` or `&rbrace;`?
src/components/MobileResponsiveSystem.tsx(1,5066): error TS1381: Unexpected token. Did you mean `{'}'}` or `&rbrace;`?
src/components/MobileResponsiveSystem.tsx(1,5069): error TS1381: Unexpected token. Did you mean `{'}'}` or `&rbrace;`?
src/components/MobileResponsiveSystem.tsx(1,5195): error TS1382: Unexpected token. Did you mean `{'>'}` or `&gt;`?
src/components/MobileResponsiveSystem.tsx(1,5217): error TS1109: Expression expected.
src/components/MobileResponsiveSystem.tsx(1,5451): error TS1382: Unexpected token. Did you mean `{'>'}` or `&gt;`?
src/components/MobileResponsiveSystem.tsx(1,5636): error TS1381: Unexpected token. Did you mean `{'}'}` or `&rbrace;`?
src/components/MobileResponsiveSystem.tsx(1,5717): error TS1005: '}' expected.
src/components/MobileResponsiveSystem.tsx(1,5725): error TS1381: Unexpected token. Did you mean `{'}'}` or `&rbrace;`?
src/components/MobileResponsiveSystem.tsx(1,5752): error TS1382: Unexpected token. Did you mean `{'>'}` or `&gt;`?
src/components/MobileResponsiveSystem.tsx(1,5754): error TS1381: Unexpected token. Did you mean `{'}'}` or `&rbrace;`?
src/components/MobileResponsiveSystem.tsx(1,5830): error TS1381: Unexpected token. Did you mean `{'}'}` or `&rbrace;`?
src/components/MobileResponsiveSystem.tsx(1,5835): error TS1381: Unexpected token. Did you mean `{'}'}` or `&rbrace;`?
src/components/MobileResponsiveSystem.tsx(1,5838): error TS1381: Unexpected token. Did you mean `{'}'}` or `&rbrace;`?
src/components/MobileResponsiveSystem.tsx(1,5931): error TS1382: Unexpected token. Did you mean `{'>'}` or `&gt;`?
src/components/MobileResponsiveSystem.tsx(1,5959): error TS1109: Expression expected.
src/components/MobileResponsiveSystem.tsx(1,6191): error TS1005: '}' expected.
src/components/MobileResponsiveSystem.tsx(1,6770): error TS1381: Unexpected token. Did you mean `{'}'}` or `&rbrace;`?
src/components/MobileResponsiveSystem.tsx(1,6806): error TS1005: '}' expected.
src/components/MobileResponsiveSystem.tsx(1,6962): error TS1381: Unexpected token. Did you mean `{'}'}` or `&rbrace;`?
src/components/MobileResponsiveSystem.tsx(1,6993): error TS1005: '}' expected.
src/components/MobileResponsiveSystem.tsx(1,7091): error TS1381: Unexpected token. Did you mean `{'}'}` or `&rbrace;`?
src/components/MobileResponsiveSystem.tsx(1,7152): error TS1381: Unexpected token. Did you mean `{'}'}` or `&rbrace;`?
src/components/MobileResponsiveSystem.tsx(1,7226): error TS1382: Unexpected token. Did you mean `{'>'}` or `&gt;`?
src/components/MobileResponsiveSystem.tsx(1,7255): error TS1005: '}' expected.
src/components/MobileResponsiveSystem.tsx(1,7269): error TS1381: Unexpected token. Did you mean `{'}'}` or `&rbrace;`?
src/components/MobileResponsiveSystem.tsx(1,7374): error TS1005: '}' expected.
src/components/MobileResponsiveSystem.tsx(1,7420): error TS1381: Unexpected token. Did you mean `{'}'}` or `&rbrace;`?
src/components/MobileResponsiveSystem.tsx(1,7523): error TS1005: '}' expected.
src/components/MobileResponsiveSystem.tsx(1,7681): error TS1381: Unexpected token. Did you mean `{'}'}` or `&rbrace;`?
src/components/MobileResponsiveSystem.tsx(1,7789): error TS1005: '}' expected.
src/components/MobileResponsiveSystem.tsx(1,7976): error TS1381: Unexpected token. Did you mean `{'}'}` or `&rbrace;`?
src/components/MobileResponsiveSystem.tsx(1,8045): error TS1382: Unexpected token. Did you mean `{'>'}` or `&gt;`?
src/components/MobileResponsiveSystem.tsx(1,8047): error TS1381: Unexpected token. Did you mean `{'}'}` or `&rbrace;`?
src/components/MobileResponsiveSystem.tsx(1,8094): error TS1381: Unexpected token. Did you mean `{'}'}` or `&rbrace;`?
src/components/MobileResponsiveSystem.tsx(1,8099): error TS1381: Unexpected token. Did you mean `{'}'}` or `&rbrace;`?
src/components/MobileResponsiveSystem.tsx(1,8102): error TS1381: Unexpected token. Did you mean `{'}'}` or `&rbrace;`?
src/components/MobileResponsiveSystem.tsx(1,8156): error TS1005: '}' expected.
src/components/MobileResponsiveSystem.tsx(1,8185): error TS1005: '...' expected.
src/components/MobileResponsiveSystem.tsx(1,8227): error TS1003: Identifier expected.
src/components/MobileResponsiveSystem.tsx(1,8229): error TS1381: Unexpected token. Did you mean `{'}'}` or `&rbrace;`?
src/components/MobileResponsiveSystem.tsx(1,8231): error TS1381: Unexpected token. Did you mean `{'}'}` or `&rbrace;`?
src/components/MobileResponsiveSystem.tsx(1,8387): error TS1005: ':' expected.
src/components/MobileResponsiveSystem.tsx(1,8482): error TS1381: Unexpected token. Did you mean `{'}'}` or `&rbrace;`?
src/components/MobileResponsiveSystem.tsx(1,8487): error TS1382: Unexpected token. Did you mean `{'>'}` or `&gt;`?
src/components/MobileResponsiveSystem.tsx(1,8562): error TS1003: Identifier expected.
src/components/MobileResponsiveSystem.tsx(1,8747): error TS1382: Unexpected token. Did you mean `{'>'}` or `&gt;`?
src/components/MobileResponsiveSystem.tsx(1,8798): error TS17002: Expected corresponding JSX closing tag for 'TouchState'.
src/components/MobileResponsiveSystem.tsx(1,8811): error TS1005: ';' expected.
src/components/MobileResponsiveSystem.tsx(1,8812): error TS1128: Declaration or statement expected.
src/components/MobileResponsiveSystem.tsx(1,8923): error TS1003: Identifier expected.
src/components/MobileResponsiveSystem.tsx(1,8965): error TS1003: Identifier expected.
src/components/MobileResponsiveSystem.tsx(1,9018): error TS1003: Identifier expected.
src/components/MobileResponsiveSystem.tsx(1,9104): error TS1003: Identifier expected.
src/components/MobileResponsiveSystem.tsx(1,9125): error TS1005: ';' expected.
src/components/MobileResponsiveSystem.tsx(1,9147): error TS1005: ';' expected.
src/components/MobileResponsiveSystem.tsx(1,9511): error TS1005: ';' expected.
src/components/MobileResponsiveSystem.tsx(1,9551): error TS1005: ';' expected.
src/components/MobileResponsiveSystem.tsx(1,9576): error TS1005: ';' expected.
src/components/MobileResponsiveSystem.tsx(1,9598): error TS1128: Declaration or statement expected.
src/components/MobileResponsiveSystem.tsx(1,9607): error TS1128: Declaration or statement expected.
src/components/MobileResponsiveSystem.tsx(1,9683): error TS1005: ',' expected.
src/components/MobileResponsiveSystem.tsx(1,9690): error TS1351: An identifier or keyword cannot immediately follow a numeric literal.
src/components/MobileResponsiveSystem.tsx(1,9694): error TS1005: ',' expected.
src/components/MobileResponsiveSystem.tsx(1,9705): error TS1003: Identifier expected.
src/components/MobileResponsiveSystem.tsx(1,9734): error TS1005: ',' expected.
src/components/MobileResponsiveSystem.tsx(1,9754): error TS1005: ',' expected.
src/components/MobileResponsiveSystem.tsx(1,9759): error TS1005: ',' expected.
src/components/MobileResponsiveSystem.tsx(1,9795): error TS1146: Declaration expected.
src/components/MobileResponsiveSystem.tsx(1,9821): error TS1005: ';' expected.
src/components/MobileResponsiveSystem.tsx(1,11110): error TS1128: Declaration or statement expected.
src/components/MobileResponsiveSystem.tsx(1,11171): error TS1005: '}' expected.
src/components/MobileResponsiveSystem.tsx(1,11171): error TS1160: Unterminated template literal.
src/components/MobileSidebarNav.tsx(71,23): error TS1005: ';' expected.
src/components/MobileViewportProvider.tsx(75,59): error TS1005: ';' expected.
src/components/MobileViewportProvider.tsx(193,10): error TS1005: ';' expected.
src/components/MobileViewportProvider.tsx(305,16): error TS1005: ';' expected.
src/components/MobileViewportProvider.tsx(424,1): error TS1005: '}' expected.
src/components/NotificationPreferences.tsx(507,26): error TS1128: Declaration or statement expected.
src/components/OfflineCapabilities.tsx(772,1): error TS1005: '}' expected.
src/components/OfflineFallbackUI.tsx(70,10): error TS1005: ';' expected.
src/components/OfflineIndicator.tsx(479,1): error TS1005: '}' expected.
src/components/OptimizedImageLoader.tsx(1,222): error TS1005: 'from' expected.
src/components/OptimizedImageLoader.tsx(1,229): error TS1005: ';' expected.
src/components/OptimizedRouter.tsx(319,18): error TS1005: ';' expected.
src/components/OptimizedRouter.tsx(325,10): error TS1005: ';' expected.
src/components/OptimizedRouter.tsx(388,17): error TS1005: ';' expected.
src/components/privacy/__tests__/ConsentBanner.test.tsx(21,4): error TS1005: ';' expected.
src/components/privacy/__tests__/ConsentBanner.test.tsx(33,4): error TS1005: ';' expected.
src/components/ProgressiveAssets.tsx(420,2): error TS1005: ',' expected.
src/components/ProgressiveAssets.tsx(423,5): error TS1359: Identifier expected. 'typeof' is a reserved word that cannot be used here.
src/components/ProgressiveAssets.tsx(423,19): error TS1005: ',' expected.
src/components/ProgressiveAssets.tsx(423,34): error TS1005: ';' expected.
src/components/ProgressiveAssets.tsx(423,36): error TS1068: Unexpected token. A constructor, method, accessor, or property was expected.
src/components/ProgressiveLoading.tsx(525,1): error TS1005: '}' expected.
src/components/RealtimeNotifications.tsx(61,16): error TS1005: ';' expected.
src/components/ResourceHintsOptimizer.tsx(391,27): error TS1005: ';' expected.
src/components/ResourceHintsOptimizer.tsx(411,10): error TS1005: ';' expected.
src/components/ResourceHintsOptimizer.tsx(418,1): error TS1005: '}' expected.
src/components/ResponsiveNavigation.tsx(90,4): error TS1128: Declaration or statement expected.
src/components/ResponsiveNavigation.tsx(90,31): error TS1005: ';' expected.
src/components/safety/__tests__/QuickExitButton.working.test.tsx(433,4): error TS1005: '}' expected.
src/components/safety/BreathingExerciseOverlay.tsx(7,34): error TS1005: ':' expected.
src/components/safety/BreathingExerciseOverlay.tsx(7,38): error TS1005: ':' expected.
src/components/safety/BreathingExerciseOverlay.tsx(7,44): error TS1005: ':' expected.
src/components/safety/BreathingExerciseOverlay.tsx(7,47): error TS1002: Unterminated string literal.
src/components/safety/BreathingExerciseOverlay.tsx(8,9): error TS1005: ':' expected.
src/components/safety/BreathingExerciseOverlay.tsx(8,23): error TS1005: ',' expected.
src/components/safety/BreathingExerciseOverlay.tsx(8,37): error TS1005: ':' expected.
src/components/safety/BreathingExerciseOverlay.tsx(14,29): error TS1005: ',' expected.
src/components/safety/BreathingExerciseOverlay.tsx(14,32): error TS1005: ':' expected.
src/components/safety/BreathingExerciseOverlay.tsx(14,32): error TS1351: An identifier or keyword cannot immediately follow a numeric literal.
src/components/safety/BreathingExerciseOverlay.tsx(14,34): error TS1005: ',' expected.
src/components/safety/BreathingExerciseOverlay.tsx(14,38): error TS1005: ',' expected.
src/components/safety/BreathingExerciseOverlay.tsx(14,42): error TS1005: ',' expected.
src/components/safety/BreathingExerciseOverlay.tsx(14,43): error TS1002: Unterminated string literal.
src/components/safety/BreathingExerciseOverlay.tsx(15,7): error TS1128: Declaration or statement expected.
src/components/safety/BreathingExerciseOverlay.tsx(23,25): error TS1005: ',' expected.
src/components/safety/BreathingExerciseOverlay.tsx(23,56): error TS1005: ':' expected.
src/components/safety/BreathingExerciseOverlay.tsx(35,31): error TS1005: ',' expected.
src/components/safety/BreathingExerciseOverlay.tsx(35,34): error TS1005: ':' expected.
src/components/safety/BreathingExerciseOverlay.tsx(35,34): error TS1351: An identifier or keyword cannot immediately follow a numeric literal.
src/components/safety/BreathingExerciseOverlay.tsx(35,35): error TS1005: ',' expected.
src/components/safety/BreathingExerciseOverlay.tsx(35,36): error TS1002: Unterminated string literal.
src/components/safety/BreathingExerciseOverlay.tsx(36,11): error TS1005: ':' expected.
src/components/safety/BreathingExerciseOverlay.tsx(43,37): error TS1005: ',' expected.
src/components/safety/BreathingExerciseOverlay.tsx(43,38): error TS1002: Unterminated string literal.
src/components/safety/BreathingExerciseOverlay.tsx(44,16): error TS1002: Unterminated string literal.
src/components/safety/BreathingExerciseOverlay.tsx(45,15): error TS1005: ':' expected.
src/components/safety/BreathingExerciseOverlay.tsx(45,20): error TS1005: ',' expected.
src/components/safety/BreathingExerciseOverlay.tsx(45,28): error TS1005: ':' expected.
src/components/safety/BreathingExerciseOverlay.tsx(103,22): error TS1005: ',' expected.
src/components/safety/BreathingExerciseOverlay.tsx(104,9): error TS1005: ':' expected.
src/components/safety/BreathingExerciseOverlay.tsx(110,49): error TS1005: ',' expected.
src/components/safety/BreathingExerciseOverlay.tsx(110,50): error TS1005: ':' expected.
src/components/safety/BreathingExerciseOverlay.tsx(110,50): error TS1351: An identifier or keyword cannot immediately follow a numeric literal.
src/components/safety/BreathingExerciseOverlay.tsx(110,52): error TS1005: ',' expected.
src/components/safety/BreathingExerciseOverlay.tsx(110,67): error TS1005: ',' expected.
src/components/safety/BreathingExerciseOverlay.tsx(110,70): error TS1005: ':' expected.
src/components/safety/BreathingExerciseOverlay.tsx(110,70): error TS1351: An identifier or keyword cannot immediately follow a numeric literal.
src/components/safety/BreathingExerciseOverlay.tsx(110,72): error TS1005: ',' expected.
src/components/safety/BreathingExerciseOverlay.tsx(110,76): error TS1005: ',' expected.
src/components/safety/BreathingExerciseOverlay.tsx(110,77): error TS1002: Unterminated string literal.
src/components/safety/BreathingExerciseOverlay.tsx(111,15): error TS1005: ':' expected.
src/components/safety/BreathingExerciseOverlay.tsx(152,55): error TS1127: Invalid character.
src/components/safety/BreathingExerciseOverlay.tsx(152,56): error TS1005: ':' expected.
src/components/safety/BreathingExerciseOverlay.tsx(152,60): error TS1124: Digit expected.
src/components/safety/BreathingExerciseOverlay.tsx(152,60): error TS1005: ',' expected.
src/components/safety/BreathingExerciseOverlay.tsx(152,63): error TS1005: ',' expected.
src/components/safety/BreathingExerciseOverlay.tsx(152,64): error TS1005: ':' expected.
src/components/safety/BreathingExerciseOverlay.tsx(152,65): error TS1109: Expression expected.
src/components/safety/BreathingExerciseOverlay.tsx(152,67): error TS1127: Invalid character.
src/components/safety/BreathingExerciseOverlay.tsx(152,68): error TS1005: ':' expected.
src/components/safety/BreathingExerciseOverlay.tsx(152,71): error TS1005: ',' expected.
src/components/safety/BreathingExerciseOverlay.tsx(152,71): error TS1351: An identifier or keyword cannot immediately follow a numeric literal.
src/components/safety/BreathingExerciseOverlay.tsx(152,75): error TS1005: ',' expected.
src/components/safety/BreathingExerciseOverlay.tsx(152,78): error TS1005: ':' expected.
src/components/safety/BreathingExerciseOverlay.tsx(152,79): error TS1109: Expression expected.
src/components/safety/BreathingExerciseOverlay.tsx(152,82): error TS1002: Unterminated string literal.
src/components/safety/BreathingExerciseOverlay.tsx(153,17): error TS1005: ':' expected.
src/components/safety/BreathingExerciseOverlay.tsx(153,22): error TS1005: ',' expected.
src/components/safety/BreathingExerciseOverlay.tsx(153,31): error TS1005: ':' expected.
src/components/safety/BreathingExerciseOverlay.tsx(156,33): error TS1005: ',' expected.
src/components/safety/BreathingExerciseOverlay.tsx(156,35): error TS1005: ':' expected.
src/components/safety/BreathingExerciseOverlay.tsx(156,35): error TS1351: An identifier or keyword cannot immediately follow a numeric literal.
src/components/safety/BreathingExerciseOverlay.tsx(156,37): error TS1005: ',' expected.
src/components/safety/BreathingExerciseOverlay.tsx(156,39): error TS1002: Unterminated string literal.
src/components/safety/BreathingExerciseOverlay.tsx(157,17): error TS1005: ':' expected.
src/components/safety/BreathingExerciseOverlay.tsx(157,25): error TS1005: ',' expected.
src/components/safety/BreathingExerciseOverlay.tsx(157,33): error TS1005: ':' expected.
src/components/safety/BreathingExerciseOverlay.tsx(195,31): error TS1005: ',' expected.
src/components/safety/BreathingExerciseOverlay.tsx(195,38): error TS1005: ':' expected.
src/components/safety/BreathingExerciseOverlay.tsx(238,87): error TS1005: ';' expected.
src/components/safety/BreathingExerciseOverlay.tsx(238,89): error TS1002: Unterminated string literal.
src/components/safety/BreathingExerciseOverlay.tsx(240,14): error TS1005: ';' expected.
src/components/safety/BreathingExerciseOverlay.tsx(249,87): error TS1005: ',' expected.
src/components/safety/BreathingExerciseOverlay.tsx(249,89): error TS1002: Unterminated string literal.
src/components/safety/BreathingExerciseOverlay.tsx(255,66): error TS1005: ',' expected.
src/components/safety/BreathingExerciseOverlay.tsx(255,68): error TS1002: Unterminated string literal.
src/components/safety/BreathingExerciseOverlay.tsx(266,5): error TS1128: Declaration or statement expected.
src/components/safety/BreathingExerciseOverlay.tsx(268,13): error TS1005: ';' expected.
src/components/safety/BreathingExerciseOverlay.tsx(269,15): error TS1005: ';' expected.
src/components/safety/BreathingExerciseOverlay.tsx(270,14): error TS1005: ';' expected.
src/components/safety/BreathingExerciseOverlay.tsx(272,5): error TS1128: Declaration or statement expected.
src/components/safety/BreathingExerciseOverlay.tsx(273,3): error TS1109: Expression expected.
src/components/safety/BreathingExerciseOverlay.tsx(277,20): error TS1002: Unterminated string literal.
src/components/safety/BreathingExerciseOverlay.tsx(279,22): error TS1002: Unterminated string literal.
src/components/safety/BreathingExerciseOverlay.tsx(281,21): error TS1002: Unterminated string literal.
src/components/safety/BreathingExerciseOverlay.tsx(283,17): error TS1002: Unterminated string literal.
src/components/safety/BreathingExerciseOverlay.tsx(284,19): error TS1002: Unterminated string literal.
src/components/safety/BreathingExerciseOverlay.tsx(304,31): error TS1005: ';' expected.
src/components/safety/BreathingExerciseOverlay.tsx(304,32): error TS1002: Unterminated string literal.
src/components/safety/BreathingExerciseOverlay.tsx(305,23): error TS1005: ';' expected.
src/components/safety/BreathingExerciseOverlay.tsx(305,24): error TS1002: Unterminated string literal.
src/components/safety/BreathingExerciseOverlay.tsx(311,23): error TS1005: ';' expected.
src/components/safety/BreathingExerciseOverlay.tsx(311,24): error TS1002: Unterminated string literal.
src/components/safety/BreathingExerciseOverlay.tsx(312,23): error TS1005: ';' expected.
src/components/safety/BreathingExerciseOverlay.tsx(312,24): error TS1002: Unterminated string literal.
src/components/safety/BreathingExerciseOverlay.tsx(338,12): error TS1005: ';' expected.
src/components/safety/BreathingExerciseOverlay.tsx(345,42): error TS1002: Unterminated string literal.
src/components/safety/BreathingExerciseOverlay.tsx(351,29): error TS1005: ';' expected.
src/components/safety/BreathingExerciseOverlay.tsx(351,30): error TS1002: Unterminated string literal.
src/components/safety/BreathingExerciseOverlay.tsx(352,37): error TS1005: ';' expected.
src/components/safety/BreathingExerciseOverlay.tsx(352,38): error TS1002: Unterminated string literal.
src/components/safety/BreathingExerciseOverlay.tsx(354,31): error TS1005: ';' expected.
src/components/safety/BreathingExerciseOverlay.tsx(354,32): error TS1002: Unterminated string literal.
src/components/safety/BreathingExerciseOverlay.tsx(357,16): error TS1003: Identifier expected.
src/components/safety/BreathingExerciseOverlay.tsx(357,17): error TS1002: Unterminated string literal.
src/components/safety/BreathingExerciseOverlay.tsx(359,29): error TS1005: ';' expected.
src/components/safety/BreathingExerciseOverlay.tsx(359,30): error TS1002: Unterminated string literal.
src/components/safety/BreathingExerciseOverlay.tsx(361,16): error TS1003: Identifier expected.
src/components/safety/BreathingExerciseOverlay.tsx(361,17): error TS1002: Unterminated string literal.
src/components/safety/BreathingExerciseOverlay.tsx(364,30): error TS1005: ';' expected.
src/components/safety/BreathingExerciseOverlay.tsx(364,31): error TS1002: Unterminated string literal.
src/components/safety/BreathingExerciseOverlay.tsx(369,33): error TS1005: ';' expected.
src/components/safety/BreathingExerciseOverlay.tsx(369,34): error TS1002: Unterminated string literal.
src/components/safety/BreathingExerciseOverlay.tsx(373,15): error TS1109: Expression expected.
src/components/safety/BreathingExerciseOverlay.tsx(378,19): error TS1005: ';' expected.
src/components/safety/BreathingExerciseOverlay.tsx(378,20): error TS1002: Unterminated string literal.
src/components/safety/BreathingExerciseOverlay.tsx(381,33): error TS1005: ';' expected.
src/components/safety/BreathingExerciseOverlay.tsx(381,34): error TS1002: Unterminated string literal.
src/components/safety/BreathingExerciseOverlay.tsx(385,16): error TS1003: Identifier expected.
src/components/safety/BreathingExerciseOverlay.tsx(385,17): error TS1002: Unterminated string literal.
src/components/safety/BreathingExerciseOverlay.tsx(389,31): error TS1005: ';' expected.
src/components/safety/BreathingExerciseOverlay.tsx(389,32): error TS1002: Unterminated string literal.
src/components/safety/BreathingExerciseOverlay.tsx(398,17): error TS1005: ';' expected.
src/components/safety/BreathingExerciseOverlay.tsx(398,18): error TS1002: Unterminated string literal.
src/components/safety/BreathingExerciseOverlay.tsx(401,31): error TS1005: ';' expected.
src/components/safety/BreathingExerciseOverlay.tsx(401,32): error TS1002: Unterminated string literal.
src/components/safety/BreathingExerciseOverlay.tsx(414,27): error TS1002: Unterminated string literal.
src/components/safety/BreathingExerciseOverlay.tsx(417,22): error TS1005: ';' expected.
src/components/safety/BreathingExerciseOverlay.tsx(417,23): error TS1002: Unterminated string literal.
src/components/safety/BreathingExerciseOverlay.tsx(426,6): error TS1005: ',' expected.
src/components/safety/BreathingExerciseOverlay.tsx(426,8): error TS1002: Unterminated string literal.
src/components/safety/BreathingExerciseOverlay.tsx(428,55): error TS1005: ';' expected.
src/components/safety/BreathingExerciseOverlay.tsx(428,56): error TS1002: Unterminated string literal.
src/components/safety/BreathingExerciseOverlay.tsx(429,71): error TS1005: ';' expected.
src/components/safety/BreathingExerciseOverlay.tsx(429,73): error TS1002: Unterminated string literal.
src/components/safety/BreathingExerciseOverlay.tsx(438,11): error TS1109: Expression expected.
src/components/safety/BreathingExerciseOverlay.tsx(443,38): error TS1003: Identifier expected.
src/components/safety/BreathingExerciseOverlay.tsx(443,40): error TS1002: Unterminated string literal.
src/components/safety/BreathingExerciseOverlay.tsx(445,18): error TS1136: Property assignment expected.
src/components/safety/BreathingExerciseOverlay.tsx(445,22): error TS1005: ';' expected.
src/components/safety/BreathingExerciseOverlay.tsx(445,85): error TS1005: ';' expected.
src/components/safety/BreathingExerciseOverlay.tsx(445,105): error TS1005: ',' expected.
src/components/safety/BreathingExerciseOverlay.tsx(456,48): error TS1003: Identifier expected.
src/components/safety/BreathingExerciseOverlay.tsx(456,49): error TS1002: Unterminated string literal.
src/components/safety/BreathingExerciseOverlay.tsx(463,61): error TS1005: ';' expected.
src/components/safety/BreathingExerciseOverlay.tsx(463,62): error TS1002: Unterminated string literal.
src/components/safety/BreathingExerciseOverlay.tsx(464,54): error TS1002: Unterminated string literal.
src/components/safety/BreathingExerciseOverlay.tsx(466,27): error TS1003: Identifier expected.
src/components/safety/BreathingExerciseOverlay.tsx(466,38): error TS1005: ';' expected.
src/components/safety/BreathingExerciseOverlay.tsx(466,40): error TS1005: ';' expected.
src/components/safety/BreathingExerciseOverlay.tsx(466,54): error TS1005: ';' expected.
src/components/safety/BreathingExerciseOverlay.tsx(466,65): error TS1005: ';' expected.
src/components/safety/BreathingExerciseOverlay.tsx(466,79): error TS1005: ';' expected.
src/components/safety/BreathingExerciseOverlay.tsx(466,103): error TS1005: ';' expected.
src/components/safety/BreathingExerciseOverlay.tsx(467,13): error TS2657: JSX expressions must have one parent element.
src/components/safety/BreathingExerciseOverlay.tsx(469,11): error TS1128: Declaration or statement expected.
src/components/safety/BreathingExerciseOverlay.tsx(469,13): error TS17002: Expected corresponding JSX closing tag for 'div'.
src/components/safety/BreathingExerciseOverlay.tsx(470,9): error TS1128: Declaration or statement expected.
src/components/safety/BreathingExerciseOverlay.tsx(521,15): error TS1003: Identifier expected.
src/components/safety/BreathingExerciseOverlay.tsx(521,16): error TS1002: Unterminated string literal.
src/components/safety/BreathingExerciseOverlay.tsx(525,11): error TS1382: Unexpected token. Did you mean `{'>'}` or `&gt;`?
src/components/safety/BreathingExerciseOverlay.tsx(526,20): error TS1003: Identifier expected.
src/components/safety/BreathingExerciseOverlay.tsx(526,21): error TS1002: Unterminated string literal.
src/components/safety/BreathingExerciseOverlay.tsx(533,14): error TS1382: Unexpected token. Did you mean `{'>'}` or `&gt;`?
src/components/safety/BreathingExerciseOverlay.tsx(534,20): error TS1003: Identifier expected.
src/components/safety/BreathingExerciseOverlay.tsx(534,21): error TS1002: Unterminated string literal.
src/components/safety/BreathingExerciseOverlay.tsx(545,14): error TS1382: Unexpected token. Did you mean `{'>'}` or `&gt;`?
src/components/safety/BreathingExerciseOverlay.tsx(546,13): error TS17002: Expected corresponding JSX closing tag for 'div'.
src/components/safety/BreathingExerciseOverlay.tsx(551,17): error TS1003: Identifier expected.
src/components/safety/BreathingExerciseOverlay.tsx(551,18): error TS1002: Unterminated string literal.
src/components/safety/BreathingExerciseOverlay.tsx(557,64): error TS1005: ',' expected.
src/components/safety/BreathingExerciseOverlay.tsx(557,81): error TS1381: Unexpected token. Did you mean `{'}'}` or `&rbrace;`?
src/components/safety/BreathingExerciseOverlay.tsx(557,82): error TS1381: Unexpected token. Did you mean `{'}'}` or `&rbrace;`?
src/components/safety/BreathingExerciseOverlay.tsx(558,14): error TS1382: Unexpected token. Did you mean `{'>'}` or `&gt;`?
src/components/safety/BreathingExerciseOverlay.tsx(561,17): error TS1003: Identifier expected.
src/components/safety/BreathingExerciseOverlay.tsx(561,18): error TS1002: Unterminated string literal.
src/components/safety/BreathingExerciseOverlay.tsx(564,13): error TS1382: Unexpected token. Did you mean `{'>'}` or `&gt;`?
src/components/safety/BreathingExerciseOverlay.tsx(569,17): error TS1003: Identifier expected.
src/components/safety/BreathingExerciseOverlay.tsx(569,18): error TS1002: Unterminated string literal.
src/components/safety/BreathingExerciseOverlay.tsx(571,24): error TS1005: ';' expected.
src/components/safety/BreathingExerciseOverlay.tsx(574,27): error TS1005: ',' expected.
src/components/safety/BreathingExerciseOverlay.tsx(575,13): error TS1128: Declaration or statement expected.
src/components/safety/BreathingExerciseOverlay.tsx(576,11): error TS1109: Expression expected.
src/components/safety/BreathingExerciseOverlay.tsx(577,9): error TS1109: Expression expected.
src/components/safety/BreathingExerciseOverlay.tsx(580,12): error TS1005: ';' expected.
src/components/safety/BreathingExerciseOverlay.tsx(581,23): error TS1005: ',' expected.
src/components/safety/BreathingExerciseOverlay.tsx(590,59): error TS1005: ';' expected.
src/components/safety/BreathingExerciseOverlay.tsx(590,113): error TS1109: Expression expected.
src/components/safety/BreathingExerciseOverlay.tsx(690,1): error TS1128: Declaration or statement expected.
src/components/safety/BreathingExerciseOverlay.tsx(692,40): error TS1005: ';' expected.
src/components/safety/BreathingExerciseOverlay.tsx(692,42): error TS1002: Unterminated string literal.
src/components/safety/CalmingSafetySystem.tsx(6,48): error TS1005: ',' expected.
src/components/safety/CalmingSafetySystem.tsx(6,49): error TS1002: Unterminated string literal.
src/components/safety/CalmingSafetySystem.tsx(14,26): error TS1005: ',' expected.
src/components/safety/CalmingSafetySystem.tsx(14,27): error TS1005: ':' expected.
src/components/safety/CalmingSafetySystem.tsx(14,27): error TS1351: An identifier or keyword cannot immediately follow a numeric literal.
src/components/safety/CalmingSafetySystem.tsx(14,30): error TS1005: ',' expected.
src/components/safety/CalmingSafetySystem.tsx(14,32): error TS1005: ':' expected.
src/components/safety/CalmingSafetySystem.tsx(14,32): error TS1351: An identifier or keyword cannot immediately follow a numeric literal.
src/components/safety/CalmingSafetySystem.tsx(14,35): error TS1005: ',' expected.
src/components/safety/CalmingSafetySystem.tsx(14,40): error TS1003: Identifier expected.
src/components/safety/CalmingSafetySystem.tsx(14,41): error TS1138: Parameter declaration expected.
src/components/safety/CalmingSafetySystem.tsx(14,42): error TS1003: Identifier expected.
src/components/safety/CalmingSafetySystem.tsx(14,43): error TS1138: Parameter declaration expected.
src/components/safety/CalmingSafetySystem.tsx(14,44): error TS1003: Identifier expected.
src/components/safety/CalmingSafetySystem.tsx(14,45): error TS1138: Parameter declaration expected.
src/components/safety/CalmingSafetySystem.tsx(14,46): error TS1003: Identifier expected.
src/components/safety/CalmingSafetySystem.tsx(14,50): error TS1005: '{' expected.
src/components/safety/CalmingSafetySystem.tsx(14,52): error TS1002: Unterminated string literal.
src/components/safety/CalmingSafetySystem.tsx(15,11): error TS1005: ':' expected.
src/components/safety/CalmingSafetySystem.tsx(15,17): error TS1005: ',' expected.
src/components/safety/CalmingSafetySystem.tsx(16,9): error TS1005: ':' expected.
src/components/safety/CalmingSafetySystem.tsx(18,25): error TS1005: ',' expected.
src/components/safety/CalmingSafetySystem.tsx(18,27): error TS1005: ':' expected.
src/components/safety/CalmingSafetySystem.tsx(18,29): error TS1005: ',' expected.
src/components/safety/CalmingSafetySystem.tsx(18,29): error TS1351: An identifier or keyword cannot immediately follow a numeric literal.
src/components/safety/CalmingSafetySystem.tsx(18,32): error TS1005: ',' expected.
src/components/safety/CalmingSafetySystem.tsx(18,33): error TS1005: ':' expected.
src/components/safety/CalmingSafetySystem.tsx(18,36): error TS1002: Unterminated string literal.
src/components/safety/CalmingSafetySystem.tsx(19,13): error TS1005: ',' expected.
src/components/safety/CalmingSafetySystem.tsx(27,32): error TS1005: ',' expected.
src/components/safety/CalmingSafetySystem.tsx(27,34): error TS1005: ':' expected.
src/components/safety/CalmingSafetySystem.tsx(27,34): error TS1351: An identifier or keyword cannot immediately follow a numeric literal.
src/components/safety/CalmingSafetySystem.tsx(27,36): error TS1005: ',' expected.
src/components/safety/CalmingSafetySystem.tsx(27,38): error TS1002: Unterminated string literal.
src/components/safety/CalmingSafetySystem.tsx(28,17): error TS1005: ':' expected.
src/components/safety/CalmingSafetySystem.tsx(28,29): error TS1005: ',' expected.
src/components/safety/CalmingSafetySystem.tsx(28,37): error TS1005: ':' expected.
src/components/safety/CalmingSafetySystem.tsx(45,72): error TS1002: Unterminated string literal.
src/components/safety/CalmingSafetySystem.tsx(46,17): error TS1005: ',' expected.
src/components/safety/CalmingSafetySystem.tsx(63,30): error TS1137: Expression or comma expected.
src/components/safety/CalmingSafetySystem.tsx(64,21): error TS1005: ';' expected.
src/components/safety/CalmingSafetySystem.tsx(64,31): error TS1005: ';' expected.
src/components/safety/CalmingSafetySystem.tsx(64,66): error TS1005: ';' expected.
src/components/safety/CalmingSafetySystem.tsx(64,88): error TS1128: Declaration or statement expected.
src/components/safety/CalmingSafetySystem.tsx(65,21): error TS1005: ';' expected.
src/components/safety/CalmingSafetySystem.tsx(65,31): error TS1005: ';' expected.
src/components/safety/CalmingSafetySystem.tsx(65,63): error TS1005: ';' expected.
src/components/safety/CalmingSafetySystem.tsx(65,85): error TS1128: Declaration or statement expected.
src/components/safety/CalmingSafetySystem.tsx(66,21): error TS1005: ';' expected.
src/components/safety/CalmingSafetySystem.tsx(66,33): error TS1005: ';' expected.
src/components/safety/CalmingSafetySystem.tsx(66,63): error TS1005: ';' expected.
src/components/safety/CalmingSafetySystem.tsx(66,85): error TS1128: Declaration or statement expected.
src/components/safety/CalmingSafetySystem.tsx(67,21): error TS1005: ';' expected.
src/components/safety/CalmingSafetySystem.tsx(67,39): error TS1005: ';' expected.
src/components/safety/CalmingSafetySystem.tsx(67,73): error TS1005: ';' expected.
src/components/safety/CalmingSafetySystem.tsx(67,97): error TS1128: Declaration or statement expected.
src/components/safety/CalmingSafetySystem.tsx(68,21): error TS1005: ';' expected.
src/components/safety/CalmingSafetySystem.tsx(68,34): error TS1005: ';' expected.
src/components/safety/CalmingSafetySystem.tsx(68,72): error TS1005: ';' expected.
src/components/safety/CalmingSafetySystem.tsx(69,1): error TS1128: Declaration or statement expected.
src/components/safety/CalmingSafetySystem.tsx(70,2): error TS1002: Unterminated string literal.
src/components/safety/CalmingSafetySystem.tsx(71,48): error TS1005: ',' expected.
src/components/safety/CalmingSafetySystem.tsx(71,50): error TS1002: Unterminated string literal.
src/components/safety/CalmingSafetySystem.tsx(79,38): error TS1137: Expression or comma expected.
src/components/safety/CalmingSafetySystem.tsx(80,39): error TS1002: Unterminated string literal.
src/components/safety/CalmingSafetySystem.tsx(81,1): error TS1128: Declaration or statement expected.
src/components/safety/CalmingSafetySystem.tsx(115,13): error TS1005: ';' expected.
src/components/safety/CalmingSafetySystem.tsx(165,65): error TS1005: ',' expected.
src/components/safety/CalmingSafetySystem.tsx(165,75): error TS1005: ',' expected.
src/components/safety/CalmingSafetySystem.tsx(165,86): error TS1005: ',' expected.
src/components/safety/CalmingSafetySystem.tsx(165,93): error TS1002: Unterminated string literal.
src/components/safety/CalmingSafetySystem.tsx(166,5): error TS1390: 'if' is not allowed as a parameter name.
src/components/safety/CalmingSafetySystem.tsx(169,22): error TS1109: Expression expected.
src/components/safety/CalmingSafetySystem.tsx(170,13): error TS1005: ':' expected.
src/components/safety/CalmingSafetySystem.tsx(170,92): error TS1005: ',' expected.
src/components/safety/CalmingSafetySystem.tsx(174,7): error TS1005: ',' expected.
src/components/safety/CalmingSafetySystem.tsx(174,13): error TS1005: ':' expected.
src/components/safety/CalmingSafetySystem.tsx(182,29): error TS1005: ')' expected.
src/components/safety/CalmingSafetySystem.tsx(182,33): error TS1002: Unterminated string literal.
src/components/safety/CalmingSafetySystem.tsx(184,15): error TS1128: Declaration or statement expected.
src/components/safety/CalmingSafetySystem.tsx(184,20): error TS1005: ':' expected.
src/components/safety/CalmingSafetySystem.tsx(184,28): error TS1005: ',' expected.
src/components/safety/CalmingSafetySystem.tsx(184,37): error TS1005: ';' expected.
src/components/safety/CalmingSafetySystem.tsx(184,41): error TS1002: Unterminated string literal.
src/components/safety/CalmingSafetySystem.tsx(186,15): error TS1005: ',' expected.
src/components/safety/CalmingSafetySystem.tsx(187,21): error TS1005: ',' expected.
src/components/safety/CalmingSafetySystem.tsx(187,25): error TS1005: ':' expected.
src/components/safety/CalmingSafetySystem.tsx(189,11): error TS1128: Declaration or statement expected.
src/components/safety/CalmingSafetySystem.tsx(190,9): error TS1128: Declaration or statement expected.
src/components/safety/CalmingSafetySystem.tsx(193,17): error TS1005: ',' expected.
src/components/safety/CalmingSafetySystem.tsx(193,22): error TS1005: ',' expected.
src/components/safety/CalmingSafetySystem.tsx(198,7): error TS1128: Declaration or statement expected.
src/components/safety/CalmingSafetySystem.tsx(202,5): error TS1128: Declaration or statement expected.
src/components/safety/CalmingSafetySystem.tsx(203,3): error TS1128: Declaration or statement expected.
src/components/safety/CalmingSafetySystem.tsx(203,4): error TS1128: Declaration or statement expected.
src/components/safety/CalmingSafetySystem.tsx(203,44): error TS1005: ';' expected.
src/components/safety/CalmingSafetySystem.tsx(209,25): error TS1005: ')' expected.
src/components/safety/CalmingSafetySystem.tsx(209,25): error TS1434: Unexpected keyword or identifier.
src/components/safety/CalmingSafetySystem.tsx(209,38): error TS1002: Unterminated string literal.
src/components/safety/CalmingSafetySystem.tsx(211,7): error TS1005: ',' expected.
src/components/safety/CalmingSafetySystem.tsx(213,28): error TS1005: ',' expected.
src/components/safety/CalmingSafetySystem.tsx(214,5): error TS1128: Declaration or statement expected.
src/components/safety/CalmingSafetySystem.tsx(215,3): error TS1128: Declaration or statement expected.
src/components/safety/CalmingSafetySystem.tsx(275,14): error TS1005: ';' expected.
src/components/safety/CalmingSafetySystem.tsx(275,32): error TS1005: ';' expected.
src/components/safety/CalmingSafetySystem.tsx(276,50): error TS1002: Unterminated string literal.
src/components/safety/CalmingSafetySystem.tsx(279,22): error TS1136: Property assignment expected.
src/components/safety/CalmingSafetySystem.tsx(279,26): error TS1005: ';' expected.
src/components/safety/CalmingSafetySystem.tsx(279,69): error TS1128: Declaration or statement expected.
src/components/safety/CalmingSafetySystem.tsx(281,21): error TS1005: ';' expected.
src/components/safety/CalmingSafetySystem.tsx(281,31): error TS1005: ';' expected.
src/components/safety/CalmingSafetySystem.tsx(281,36): error TS1434: Unexpected keyword or identifier.
src/components/safety/CalmingSafetySystem.tsx(281,40): error TS1434: Unexpected keyword or identifier.
src/components/safety/CalmingSafetySystem.tsx(281,48): error TS1002: Unterminated string literal.
src/components/safety/CalmingSafetySystem.tsx(284,31): error TS1005: ',' expected.
src/components/safety/CalmingSafetySystem.tsx(284,36): error TS1002: Unterminated string literal.
src/components/safety/CalmingSafetySystem.tsx(285,18): error TS1005: ')' expected.
src/components/safety/CalmingSafetySystem.tsx(285,29): error TS1005: ':' expected.
src/components/safety/CalmingSafetySystem.tsx(285,31): error TS1005: ';' expected.
src/components/safety/CalmingSafetySystem.tsx(285,60): error TS1005: ';' expected.
src/components/safety/CalmingSafetySystem.tsx(285,69): error TS1136: Property assignment expected.
src/components/safety/CalmingSafetySystem.tsx(285,71): error TS1005: ',' expected.
src/components/safety/CalmingSafetySystem.tsx(285,82): error TS1005: ';' expected.
src/components/safety/CalmingSafetySystem.tsx(285,104): error TS1128: Declaration or statement expected.
src/components/safety/CalmingSafetySystem.tsx(285,105): error TS1109: Expression expected.
src/components/safety/CalmingSafetySystem.tsx(285,108): error TS1002: Unterminated string literal.
src/components/safety/CalmingSafetySystem.tsx(286,22): error TS1005: ';' expected.
src/components/safety/CalmingSafetySystem.tsx(286,40): error TS1002: Unterminated string literal.
src/components/safety/CalmingSafetySystem.tsx(287,20): error TS1005: ';' expected.
src/components/safety/CalmingSafetySystem.tsx(288,17): error TS2657: JSX expressions must have one parent element.
src/components/safety/CalmingSafetySystem.tsx(294,24): error TS1003: Identifier expected.
src/components/safety/CalmingSafetySystem.tsx(294,24): error TS1005: ';' expected.
src/components/safety/CalmingSafetySystem.tsx(294,25): error TS1002: Unterminated string literal.
src/components/safety/CalmingSafetySystem.tsx(296,28): error TS1136: Property assignment expected.
src/components/safety/CalmingSafetySystem.tsx(296,31): error TS1005: ';' expected.
src/components/safety/CalmingSafetySystem.tsx(296,60): error TS1128: Declaration or statement expected.
src/components/safety/CalmingSafetySystem.tsx(297,17): error TS1109: Expression expected.
src/components/safety/CalmingSafetySystem.tsx(298,35): error TS1005: ';' expected.
src/components/safety/CalmingSafetySystem.tsx(299,17): error TS1128: Declaration or statement expected.
src/components/safety/CalmingSafetySystem.tsx(300,24): error TS1003: Identifier expected.
src/components/safety/CalmingSafetySystem.tsx(300,25): error TS1002: Unterminated string literal.
src/components/safety/CalmingSafetySystem.tsx(302,28): error TS1136: Property assignment expected.
src/components/safety/CalmingSafetySystem.tsx(302,31): error TS1005: ';' expected.
src/components/safety/CalmingSafetySystem.tsx(302,80): error TS1005: ',' expected.
src/components/safety/CalmingSafetySystem.tsx(302,86): error TS1005: ',' expected.
src/components/safety/CalmingSafetySystem.tsx(302,89): error TS1002: Unterminated string literal.
src/components/safety/CalmingSafetySystem.tsx(304,35): error TS1005: ',' expected.
src/components/safety/CalmingSafetySystem.tsx(304,40): error TS1005: ',' expected.
src/components/safety/CalmingSafetySystem.tsx(304,45): error TS1005: ',' expected.
src/components/safety/CalmingSafetySystem.tsx(304,48): error TS1005: ',' expected.
src/components/safety/CalmingSafetySystem.tsx(305,17): error TS1005: ',' expected.
src/components/safety/CalmingSafetySystem.tsx(306,24): error TS1003: Identifier expected.
src/components/safety/CalmingSafetySystem.tsx(306,25): error TS1002: Unterminated string literal.
src/components/safety/CalmingSafetySystem.tsx(307,19): error TS1005: ',' expected.
src/components/safety/CalmingSafetySystem.tsx(308,19): error TS1005: ',' expected.
src/components/safety/CalmingSafetySystem.tsx(308,28): error TS1136: Property assignment expected.
src/components/safety/CalmingSafetySystem.tsx(308,31): error TS1005: ',' expected.
src/components/safety/CalmingSafetySystem.tsx(308,63): error TS1005: ',' expected.
src/components/safety/CalmingSafetySystem.tsx(309,17): error TS1109: Expression expected.
src/components/safety/CalmingSafetySystem.tsx(310,35): error TS1005: ',' expected.
src/components/safety/CalmingSafetySystem.tsx(310,45): error TS1005: ',' expected.
src/components/safety/CalmingSafetySystem.tsx(311,17): error TS1005: ',' expected.
src/components/safety/CalmingSafetySystem.tsx(312,15): error TS1109: Expression expected.
src/components/safety/CalmingSafetySystem.tsx(313,13): error TS1109: Expression expected.
src/components/safety/CalmingSafetySystem.tsx(314,11): error TS1109: Expression expected.
src/components/safety/CalmingSafetySystem.tsx(314,12): error TS1128: Declaration or statement expected.
src/components/safety/CalmingSafetySystem.tsx(315,9): error TS1128: Declaration or statement expected.
src/components/safety/CalmingSafetySystem.tsx(316,7): error TS1109: Expression expected.
src/components/safety/CalmingSafetySystem.tsx(316,8): error TS1128: Declaration or statement expected.
src/components/safety/CalmingSafetySystem.tsx(319,30): error TS1002: Unterminated string literal.
src/components/safety/CalmingSafetySystem.tsx(320,14): error TS1005: ')' expected.
src/components/safety/CalmingSafetySystem.tsx(321,31): error TS1005: ',' expected.
src/components/safety/CalmingSafetySystem.tsx(339,9): error TS1128: Declaration or statement expected.
src/components/safety/CalmingSafetySystem.tsx(340,7): error TS1109: Expression expected.
src/components/safety/CalmingSafetySystem.tsx(346,44): error TS1002: Unterminated string literal.
src/components/safety/CalmingSafetySystem.tsx(355,18): error TS1005: '}' expected.
src/components/safety/CalmingSafetySystem.tsx(355,30): error TS1003: Identifier expected.
src/components/safety/CalmingSafetySystem.tsx(355,32): error TS1005: ';' expected.
src/components/safety/CalmingSafetySystem.tsx(356,15): error TS1128: Declaration or statement expected.
src/components/safety/CalmingSafetySystem.tsx(358,11): error TS1128: Declaration or statement expected.
src/components/safety/CalmingSafetySystem.tsx(444,35): error TS1160: Unterminated template literal.
src/components/safety/CrisisSafetySystem.tsx(1,59): error TS1005: 'from' expected.
src/components/safety/CrisisSafetySystem.tsx(1,66): error TS1005: ';' expected.
src/components/safety/CrisisSafetySystem.tsx(1,74): error TS1109: Expression expected.
src/components/safety/CrisisSafetySystem.tsx(1,97): error TS1005: 'from' expected.
src/components/safety/CrisisSafetySystem.tsx(1,104): error TS1005: ';' expected.
src/components/safety/CrisisSafetySystem.tsx(1,116): error TS1109: Expression expected.
src/components/safety/EmotionalSupportLayer.tsx(1,51): error TS1005: 'from' expected.
src/components/safety/EmotionalSupportLayer.tsx(1,58): error TS1005: ';' expected.
src/components/safety/EmotionalSupportLayer.tsx(1,66): error TS1109: Expression expected.
src/components/safety/EmotionalSupportLayer.tsx(1,109): error TS1005: ';' expected.
src/components/safety/EmotionalSupportLayer.tsx(1,141): error TS1131: Property or signature expected.
src/components/safety/EmotionalSupportLayer.tsx(1,191): error TS1005: ';' expected.
src/components/safety/EmotionalSupportLayer.tsx(1,206): error TS1128: Declaration or statement expected.
src/components/safety/EmotionalSupportLayer.tsx(1,207): error TS1128: Declaration or statement expected.
src/components/safety/EmotionalSupportLayer.tsx(1,208): error TS1128: Declaration or statement expected.
src/components/safety/EmotionalSupportLayer.tsx(1,210): error TS1128: Declaration or statement expected.
src/components/safety/EmotionalSupportLayer.tsx(1,221): error TS1109: Expression expected.
src/components/safety/EmotionalSupportLayer.tsx(1,229): error TS1005: ',' expected.
src/components/safety/EmotionalSupportLayer.tsx(1,265): error TS1005: ',' expected.
src/components/safety/EmotionalSupportLayer.tsx(1,267): error TS1134: Variable declaration expected.
src/components/safety/EmotionalSupportLayer.tsx(1,277): error TS1005: ',' expected.
src/components/safety/EmotionalSupportLayer.tsx(1,687): error TS1005: ';' expected.
src/components/safety/EmotionalSupportLayer.tsx(1,696): error TS1003: Identifier expected.
src/components/safety/EmotionalSupportLayer.tsx(1,707): error TS1005: ';' expected.
src/components/safety/EmotionalSupportLayer.tsx(1,715): error TS1228: A type predicate is only allowed in return type position for functions and methods.
src/components/safety/EmotionalSupportLayer.tsx(1,718): error TS1434: Unexpected keyword or identifier.
src/components/safety/EmotionalSupportLayer.tsx(1,722): error TS1434: Unexpected keyword or identifier.
src/components/safety/EmotionalSupportLayer.tsx(1,744): error TS1005: ';' expected.
src/components/safety/EmotionalSupportLayer.tsx(1,749): error TS1003: Identifier expected.
src/components/safety/EmotionalSupportLayer.tsx(1,760): error TS1005: ';' expected.
src/components/safety/EmotionalSupportLayer.tsx(1,818): error TS1005: ';' expected.
src/components/safety/EmotionalSupportLayer.tsx(1,823): error TS1434: Unexpected keyword or identifier.
src/components/safety/EmotionalSupportLayer.tsx(1,836): error TS1005: ';' expected.
src/components/safety/EmotionalSupportLayer.tsx(1,841): error TS1003: Identifier expected.
src/components/safety/EmotionalSupportLayer.tsx(1,852): error TS1005: ';' expected.
src/components/safety/EmotionalSupportLayer.tsx(1,861): error TS1228: A type predicate is only allowed in return type position for functions and methods.
src/components/safety/EmotionalSupportLayer.tsx(1,864): error TS1434: Unexpected keyword or identifier.
src/components/safety/EmotionalSupportLayer.tsx(1,877): error TS1005: ';' expected.
src/components/safety/EmotionalSupportLayer.tsx(1,886): error TS1003: Identifier expected.
src/components/safety/EmotionalSupportLayer.tsx(1,897): error TS1005: ';' expected.
src/components/safety/EmotionalSupportLayer.tsx(1,913): error TS1005: ';' expected.
src/components/safety/EmotionalSupportLayer.tsx(1,929): error TS1005: ';' expected.
src/components/safety/EmotionalSupportLayer.tsx(1,936): error TS1003: Identifier expected.
src/components/safety/EmotionalSupportLayer.tsx(1,947): error TS1005: ';' expected.
src/components/safety/EmotionalSupportLayer.tsx(1,951): error TS1434: Unexpected keyword or identifier.
src/components/safety/EmotionalSupportLayer.tsx(1,955): error TS1434: Unexpected keyword or identifier.
src/components/safety/EmotionalSupportLayer.tsx(1,970): error TS1005: ';' expected.
src/components/safety/EmotionalSupportLayer.tsx(1,973): error TS1434: Unexpected keyword or identifier.
src/components/safety/EmotionalSupportLayer.tsx(1,982): error TS1005: '{' expected.
src/components/safety/EmotionalSupportLayer.tsx(1,988): error TS1003: Identifier expected.
src/components/safety/EmotionalSupportLayer.tsx(1,999): error TS1005: ';' expected.
src/components/safety/EmotionalSupportLayer.tsx(1,1013): error TS1005: ';' expected.
src/components/safety/EmotionalSupportLayer.tsx(1,1024): error TS1003: Identifier expected.
src/components/safety/EmotionalSupportLayer.tsx(1,1035): error TS1005: ';' expected.
src/components/safety/EmotionalSupportLayer.tsx(1,1039): error TS1434: Unexpected keyword or identifier.
src/components/safety/EmotionalSupportLayer.tsx(1,1108): error TS1005: ';' expected.
src/components/safety/EmotionalSupportLayer.tsx(1,1117): error TS1003: Identifier expected.
src/components/safety/EmotionalSupportLayer.tsx(1,1128): error TS1005: ';' expected.
src/components/safety/EmotionalSupportLayer.tsx(1,1139): error TS1005: '(' expected.
src/components/safety/EmotionalSupportLayer.tsx(1,1144): error TS1005: ';' expected.
src/components/safety/EmotionalSupportLayer.tsx(1,1147): error TS1005: ';' expected.
src/components/safety/EmotionalSupportLayer.tsx(1,1149): error TS1005: ')' expected.
src/components/safety/EmotionalSupportLayer.tsx(1,1154): error TS1434: Unexpected keyword or identifier.
src/components/safety/EmotionalSupportLayer.tsx(1,1166): error TS1003: Identifier expected.
src/components/safety/EmotionalSupportLayer.tsx(1,1177): error TS1005: ';' expected.
src/components/safety/EmotionalSupportLayer.tsx(1,1181): error TS1434: Unexpected keyword or identifier.
src/components/safety/EmotionalSupportLayer.tsx(1,1185): error TS1434: Unexpected keyword or identifier.
src/components/safety/EmotionalSupportLayer.tsx(1,1193): error TS1434: Unexpected keyword or identifier.
src/components/safety/EmotionalSupportLayer.tsx(1,1196): error TS1434: Unexpected keyword or identifier.
src/components/safety/EmotionalSupportLayer.tsx(1,1201): error TS1434: Unexpected keyword or identifier.
src/components/safety/EmotionalSupportLayer.tsx(1,1210): error TS1003: Identifier expected.
src/components/safety/EmotionalSupportLayer.tsx(1,1221): error TS1005: ';' expected.
src/components/safety/EmotionalSupportLayer.tsx(1,1226): error TS1434: Unexpected keyword or identifier.
src/components/safety/EmotionalSupportLayer.tsx(1,1235): error TS1434: Unexpected keyword or identifier.
src/components/safety/EmotionalSupportLayer.tsx(1,1245): error TS1003: Identifier expected.
src/components/safety/EmotionalSupportLayer.tsx(1,1256): error TS1005: ';' expected.
src/components/safety/EmotionalSupportLayer.tsx(1,1260): error TS1434: Unexpected keyword or identifier.
src/components/safety/EmotionalSupportLayer.tsx(1,1264): error TS1434: Unexpected keyword or identifier.
src/components/safety/EmotionalSupportLayer.tsx(1,1267): error TS1434: Unexpected keyword or identifier.
src/components/safety/EmotionalSupportLayer.tsx(1,1269): error TS1434: Unexpected keyword or identifier.
src/components/safety/EmotionalSupportLayer.tsx(1,1274): error TS1228: A type predicate is only allowed in return type position for functions and methods.
src/components/safety/EmotionalSupportLayer.tsx(1,1284): error TS1003: Identifier expected.
src/components/safety/EmotionalSupportLayer.tsx(1,1295): error TS1005: ';' expected.
src/components/safety/EmotionalSupportLayer.tsx(1,1339): error TS1005: ';' expected.
src/components/safety/EmotionalSupportLayer.tsx(1,1342): error TS1434: Unexpected keyword or identifier.
src/components/safety/EmotionalSupportLayer.tsx(1,1354): error TS1005: '(' expected.
src/components/safety/EmotionalSupportLayer.tsx(1,1363): error TS1003: Identifier expected.
src/components/safety/EmotionalSupportLayer.tsx(1,1417): error TS1005: ';' expected.
src/components/safety/EmotionalSupportLayer.tsx(1,1543): error TS1005: ';' expected.
src/components/safety/EmotionalSupportLayer.tsx(1,1600): error TS1005: ';' expected.
src/components/safety/EmotionalSupportLayer.tsx(1,1622): error TS1005: ';' expected.
src/components/safety/EmotionalSupportLayer.tsx(1,1651): error TS1005: ';' expected.
src/components/safety/EmotionalSupportLayer.tsx(1,1659): error TS1005: ';' expected.
src/components/safety/EmotionalSupportLayer.tsx(1,1669): error TS1005: '(' expected.
src/components/safety/EmotionalSupportLayer.tsx(1,1675): error TS1005: ';' expected.
src/components/safety/EmotionalSupportLayer.tsx(1,1683): error TS1005: ';' expected.
src/components/safety/EmotionalSupportLayer.tsx(1,1719): error TS1005: ')' expected.
src/components/safety/EmotionalSupportLayer.tsx(1,1725): error TS1128: Declaration or statement expected.
src/components/safety/EmotionalSupportLayer.tsx(1,1726): error TS1128: Declaration or statement expected.
src/components/safety/EmotionalSupportLayer.tsx(1,1758): error TS1005: ';' expected.
src/components/safety/EmotionalSupportLayer.tsx(1,1783): error TS1109: Expression expected.
src/components/safety/EmotionalSupportLayer.tsx(1,1788): error TS1005: ';' expected.
src/components/safety/EmotionalSupportLayer.tsx(1,1824): error TS1128: Declaration or statement expected.
src/components/safety/EmotionalSupportLayer.tsx(1,1825): error TS1128: Declaration or statement expected.
src/components/safety/EmotionalSupportLayer.tsx(1,1827): error TS1128: Declaration or statement expected.
src/components/safety/EmotionalSupportLayer.tsx(1,1833): error TS1128: Declaration or statement expected.
src/components/safety/EmotionalSupportLayer.tsx(1,1868): error TS1005: ':' expected.
src/components/safety/EmotionalSupportLayer.tsx(1,1876): error TS1109: Expression expected.
src/components/safety/EmotionalSupportLayer.tsx(1,1882): error TS1005: ':' expected.
src/components/safety/EmotionalSupportLayer.tsx(1,1900): error TS1005: ':' expected.
src/components/safety/EmotionalSupportLayer.tsx(1,1928): error TS1005: ':' expected.
src/components/safety/EmotionalSupportLayer.tsx(1,1941): error TS1005: ',' expected.
src/components/safety/EmotionalSupportLayer.tsx(1,1945): error TS1005: ',' expected.
src/components/safety/EmotionalSupportLayer.tsx(1,1973): error TS1005: ':' expected.
src/components/safety/EmotionalSupportLayer.tsx(1,2004): error TS1005: ';' expected.
src/components/safety/EmotionalSupportLayer.tsx(1,2033): error TS1128: Declaration or statement expected.
src/components/safety/EmotionalSupportLayer.tsx(1,2034): error TS1128: Declaration or statement expected.
src/components/safety/EmotionalSupportLayer.tsx(1,2038): error TS1005: ';' expected.
src/components/safety/GroundingExercise.tsx(1,51): error TS1005: 'from' expected.
src/components/safety/GroundingExercise.tsx(1,58): error TS1005: ';' expected.
src/components/safety/GroundingExercise.tsx(1,66): error TS1109: Expression expected.
src/components/safety/GroundingExercise.tsx(1,109): error TS1005: ';' expected.
src/components/safety/GroundingExercise.tsx(1,155): error TS1005: ';' expected.
src/components/safety/GroundingExercise.tsx(1,226): error TS1005: ',' expected.
src/components/safety/GroundingExercise.tsx(1,229): error TS1359: Identifier expected. 'void' is a reserved word that cannot be used here.
src/components/safety/GroundingExercise.tsx(1,248): error TS1005: ',' expected.
src/components/safety/GroundingExercise.tsx(1,255): error TS1005: ',' expected.
src/components/safety/GroundingExercise.tsx(1,272): error TS1005: ',' expected.
src/components/safety/GroundingExercise.tsx(1,277): error TS1003: Identifier expected.
src/components/safety/GroundingExercise.tsx(1,283): error TS1138: Parameter declaration expected.
src/components/safety/GroundingExercise.tsx(1,294): error TS1005: ',' expected.
src/components/safety/GroundingExercise.tsx(1,309): error TS1005: ',' expected.
src/components/safety/GroundingExercise.tsx(1,324): error TS1005: ',' expected.
src/components/safety/GroundingExercise.tsx(1,390): error TS1138: Parameter declaration expected.
src/components/safety/GroundingExercise.tsx(1,410): error TS1003: Identifier expected.
src/components/safety/GroundingExercise.tsx(1,455): error TS1138: Parameter declaration expected.
src/components/safety/GroundingExercise.tsx(1,476): error TS1005: ',' expected.
src/components/safety/GroundingExercise.tsx(1,484): error TS1005: ':' expected.
src/components/safety/GroundingExercise.tsx(1,495): error TS1005: ',' expected.
src/components/safety/GroundingExercise.tsx(1,521): error TS1005: ',' expected.
src/components/safety/GroundingExercise.tsx(1,523): error TS1134: Variable declaration expected.
src/components/safety/GroundingExercise.tsx(1,533): error TS1005: ',' expected.
src/components/safety/GroundingExercise.tsx(1,537): error TS1109: Expression expected.
src/components/safety/GroundingExercise.tsx(1,548): error TS1005: ',' expected.
src/components/safety/GroundingExercise.tsx(1,570): error TS1005: ',' expected.
src/components/safety/GroundingExercise.tsx(1,572): error TS1134: Variable declaration expected.
src/components/safety/GroundingExercise.tsx(1,582): error TS1005: ',' expected.
src/components/safety/GroundingExercise.tsx(1,596): error TS1005: '>' expected.
src/components/safety/GroundingExercise.tsx(1,618): error TS1109: Expression expected.
src/components/safety/GroundingExercise.tsx(1,626): error TS1005: ',' expected.
src/components/safety/GroundingExercise.tsx(1,650): error TS1005: ',' expected.
src/components/safety/GroundingExercise.tsx(1,652): error TS1134: Variable declaration expected.
src/components/safety/GroundingExercise.tsx(1,662): error TS1005: ',' expected.
src/components/safety/GroundingExercise.tsx(1,887): error TS1005: ';' expected.
src/components/safety/PanicButton.tsx(6,31): error TS1005: ';' expected.
src/components/safety/PanicButton.tsx(6,32): error TS1002: Unterminated string literal.
src/components/safety/PanicButton.tsx(25,28): error TS1137: Expression or comma expected.
src/components/safety/PanicButton.tsx(27,16): error TS1005: ';' expected.
src/components/safety/PanicButton.tsx(28,13): error TS1005: ';' expected.
src/components/safety/PanicButton.tsx(29,11): error TS1005: ';' expected.
src/components/safety/PanicButton.tsx(30,18): error TS1005: ';' expected.
src/components/safety/PanicButton.tsx(30,41): error TS1005: ';' expected.
src/components/safety/PanicButton.tsx(30,53): error TS1005: ';' expected.
src/components/safety/PanicButton.tsx(30,54): error TS1002: Unterminated string literal.
src/components/safety/PanicButton.tsx(31,6): error TS1128: Declaration or statement expected.
src/components/safety/PanicButton.tsx(33,22): error TS1005: ';' expected.
src/components/safety/PanicButton.tsx(33,27): error TS1434: Unexpected keyword or identifier.
src/components/safety/PanicButton.tsx(33,33): error TS1002: Unterminated string literal.
src/components/safety/PanicButton.tsx(35,11): error TS1005: ';' expected.
src/components/safety/PanicButton.tsx(36,18): error TS1005: ';' expected.
src/components/safety/PanicButton.tsx(36,27): error TS1005: ';' expected.
src/components/safety/PanicButton.tsx(36,32): error TS1434: Unexpected keyword or identifier.
src/components/safety/PanicButton.tsx(36,41): error TS1005: ';' expected.
src/components/safety/PanicButton.tsx(36,42): error TS1002: Unterminated string literal.
src/components/safety/PanicButton.tsx(37,6): error TS1128: Declaration or statement expected.
src/components/safety/PanicButton.tsx(39,25): error TS1005: ';' expected.
src/components/safety/PanicButton.tsx(39,25): error TS1434: Unexpected keyword or identifier.
src/components/safety/PanicButton.tsx(39,35): error TS1002: Unterminated string literal.
src/components/safety/PanicButton.tsx(41,11): error TS1005: ';' expected.
src/components/safety/PanicButton.tsx(42,18): error TS1005: ';' expected.
src/components/safety/PanicButton.tsx(42,26): error TS1005: ';' expected.
src/components/safety/PanicButton.tsx(42,36): error TS1434: Unexpected keyword or identifier.
src/components/safety/PanicButton.tsx(42,43): error TS1002: Unterminated string literal.
src/components/safety/PanicButton.tsx(43,6): error TS1128: Declaration or statement expected.
src/components/safety/PanicButton.tsx(45,29): error TS1005: ';' expected.
src/components/safety/PanicButton.tsx(45,36): error TS1434: Unexpected keyword or identifier.
src/components/safety/PanicButton.tsx(45,43): error TS1002: Unterminated string literal.
src/components/safety/PanicButton.tsx(47,11): error TS1005: ';' expected.
src/components/safety/PanicButton.tsx(48,18): error TS1005: ';' expected.
src/components/safety/PanicButton.tsx(48,27): error TS1005: ';' expected.
src/components/safety/PanicButton.tsx(48,40): error TS1005: ';' expected.
src/components/safety/PanicButton.tsx(48,40): error TS1434: Unexpected keyword or identifier.
src/components/safety/PanicButton.tsx(48,48): error TS1002: Unterminated string literal.
src/components/safety/PanicButton.tsx(50,3): error TS1128: Declaration or statement expected.
src/components/safety/PanicButton.tsx(53,27): error TS1137: Expression or comma expected.
src/components/safety/PanicButton.tsx(55,13): error TS1434: Unexpected keyword or identifier.
src/components/safety/PanicButton.tsx(56,11): error TS1005: ';' expected.
src/components/safety/PanicButton.tsx(57,13): error TS1005: ';' expected.
src/components/safety/PanicButton.tsx(60,6): error TS1128: Declaration or statement expected.
src/components/safety/PanicButton.tsx(62,25): error TS1005: ';' expected.
src/components/safety/PanicButton.tsx(62,25): error TS1434: Unexpected keyword or identifier.
src/components/safety/PanicButton.tsx(62,36): error TS1002: Unterminated string literal.
src/components/safety/PanicButton.tsx(64,13): error TS1005: ';' expected.
src/components/safety/PanicButton.tsx(67,6): error TS1128: Declaration or statement expected.
src/components/safety/PanicButton.tsx(69,23): error TS1005: ';' expected.
src/components/safety/PanicButton.tsx(69,23): error TS1434: Unexpected keyword or identifier.
src/components/safety/PanicButton.tsx(69,28): error TS1002: Unterminated string literal.
src/components/safety/PanicButton.tsx(71,13): error TS1005: ';' expected.
src/components/safety/PanicButton.tsx(75,6): error TS1128: Declaration or statement expected.
src/components/safety/PanicButton.tsx(77,20): error TS1005: ';' expected.
src/components/safety/PanicButton.tsx(77,20): error TS1434: Unexpected keyword or identifier.
src/components/safety/PanicButton.tsx(77,27): error TS1002: Unterminated string literal.
src/components/safety/PanicButton.tsx(79,13): error TS1005: ';' expected.
src/components/safety/PanicButton.tsx(83,3): error TS1128: Declaration or statement expected.
src/components/safety/PanicButton.tsx(160,32): error TS1005: ',' expected.
src/components/safety/PanicButton.tsx(160,59): error TS1005: ',' expected.
src/components/safety/PanicButton.tsx(160,62): error TS1005: ',' expected.
src/components/safety/PanicButton.tsx(160,69): error TS1005: ',' expected.
src/components/safety/PanicButton.tsx(160,71): error TS1002: Unterminated string literal.
src/components/safety/PanicButton.tsx(161,9): error TS1005: ':' expected.
src/components/safety/PanicButton.tsx(161,38): error TS1005: ',' expected.
src/components/safety/PanicButton.tsx(162,9): error TS1005: ',' expected.
src/components/safety/PanicButton.tsx(162,14): error TS1135: Argument expression expected.
src/components/safety/PanicButton.tsx(163,69): error TS1002: Unterminated string literal.
src/components/safety/PanicButton.tsx(174,30): error TS1005: ',' expected.
src/components/safety/PanicButton.tsx(174,32): error TS1002: Unterminated string literal.
src/components/safety/PanicButton.tsx(175,5): error TS1005: ':' expected.
src/components/safety/PanicButton.tsx(175,11): error TS1005: ',' expected.
src/components/safety/PanicButton.tsx(175,34): error TS1005: ':' expected.
src/components/safety/PanicButton.tsx(183,53): error TS1002: Unterminated string literal.
src/components/safety/PanicButton.tsx(190,14): error TS1005: '}' expected.
src/components/safety/PanicButton.tsx(191,15): error TS1005: '...' expected.
src/components/safety/PanicButton.tsx(191,40): error TS1002: Unterminated string literal.
src/components/safety/PanicButton.tsx(192,17): error TS1005: '...' expected.
src/components/safety/PanicButton.tsx(193,11): error TS1003: Identifier expected.
src/components/safety/PanicButton.tsx(197,9): error TS1382: Unexpected token. Did you mean `{'>'}` or `&gt;`?
src/components/safety/PanicButton.tsx(200,38): error TS1005: ':' expected.
src/components/safety/PanicButton.tsx(200,42): error TS1005: '}' expected.
src/components/safety/PanicButton.tsx(200,73): error TS1381: Unexpected token. Did you mean `{'}'}` or `&rbrace;`?
src/components/safety/PanicButton.tsx(202,11): error TS17015: Expected corresponding closing tag for JSX fragment.
src/components/safety/PanicButton.tsx(206,87): error TS1003: Identifier expected.
src/components/safety/PanicButton.tsx(206,91): error TS1002: Unterminated string literal.
src/components/safety/PanicButton.tsx(207,18): error TS1005: ';' expected.
src/components/safety/PanicButton.tsx(208,15): error TS2657: JSX expressions must have one parent element.
src/components/safety/PanicButton.tsx(210,13): error TS1128: Declaration or statement expected.
src/components/safety/PanicButton.tsx(213,18): error TS1005: ';' expected.
src/components/safety/PanicButton.tsx(220,33): error TS1002: Unterminated string literal.
src/components/safety/PanicButton.tsx(311,36): error TS1005: '}' expected.
src/components/safety/PanicButton.tsx(348,4): error TS1128: Declaration or statement expected.
src/components/safety/PanicButton.tsx(348,26): error TS1005: ';' expected.
src/components/safety/PanicButton.tsx(380,32): error TS1005: ',' expected.
src/components/safety/PanicButton.tsx(380,59): error TS1005: ',' expected.
src/components/safety/PanicButton.tsx(380,62): error TS1005: ',' expected.
src/components/safety/PanicButton.tsx(380,69): error TS1005: ',' expected.
src/components/safety/PanicButton.tsx(380,71): error TS1002: Unterminated string literal.
src/components/safety/PanicButton.tsx(381,9): error TS1005: ':' expected.
src/components/safety/PanicButton.tsx(381,38): error TS1005: ',' expected.
src/components/safety/PanicButton.tsx(382,9): error TS1005: ',' expected.
src/components/safety/PanicButton.tsx(382,14): error TS1135: Argument expression expected.
src/components/safety/PanicButton.tsx(383,69): error TS1002: Unterminated string literal.
src/components/safety/PanicButton.tsx(394,30): error TS1005: ',' expected.
src/components/safety/PanicButton.tsx(394,32): error TS1002: Unterminated string literal.
src/components/safety/PanicButton.tsx(395,5): error TS1005: ':' expected.
src/components/safety/PanicButton.tsx(395,11): error TS1005: ',' expected.
src/components/safety/PanicButton.tsx(395,34): error TS1005: ':' expected.
src/components/safety/PanicButton.tsx(403,53): error TS1002: Unterminated string literal.
src/components/safety/PanicButton.tsx(410,14): error TS1005: '}' expected.
src/components/safety/PanicButton.tsx(411,15): error TS1005: '...' expected.
src/components/safety/PanicButton.tsx(411,40): error TS1002: Unterminated string literal.
src/components/safety/PanicButton.tsx(412,17): error TS1005: '...' expected.
src/components/safety/PanicButton.tsx(413,11): error TS1003: Identifier expected.
src/components/safety/PanicButton.tsx(417,9): error TS1382: Unexpected token. Did you mean `{'>'}` or `&gt;`?
src/components/safety/PanicButton.tsx(420,38): error TS1005: ':' expected.
src/components/safety/PanicButton.tsx(420,42): error TS1005: '}' expected.
src/components/safety/PanicButton.tsx(420,72): error TS1381: Unexpected token. Did you mean `{'}'}` or `&rbrace;`?
src/components/safety/PanicButton.tsx(422,11): error TS17015: Expected corresponding closing tag for JSX fragment.
src/components/safety/PanicButton.tsx(483,43): error TS1003: Identifier expected.
src/components/safety/PanicButton.tsx(483,44): error TS1002: Unterminated string literal.
src/components/safety/PanicButton.tsx(484,13): error TS1382: Unexpected token. Did you mean `{'>'}` or `&gt;`?
src/components/safety/PanicButton.tsx(486,15): error TS17002: Expected corresponding JSX closing tag for 'div'.
src/components/safety/PanicButton.tsx(487,11): error TS1005: ')' expected.
src/components/safety/PanicButton.tsx(488,9): error TS1109: Expression expected.
src/components/safety/PanicButton.tsx(489,7): error TS1128: Declaration or statement expected.
src/components/safety/PanicButton.tsx(492,30): error TS1002: Unterminated string literal.
src/components/safety/PanicButton.tsx(493,14): error TS1005: ')' expected.
src/components/safety/PanicButton.tsx(493,45): error TS1005: ';' expected.
src/components/safety/PanicButton.tsx(494,11): error TS2657: JSX expressions must have one parent element.
src/components/safety/PanicButton.tsx(496,9): error TS1128: Declaration or statement expected.
src/components/safety/PanicButton.tsx(497,7): error TS1109: Expression expected.
src/components/safety/PanicButton.tsx(524,1): error TS1160: Unterminated template literal.
src/components/safety/QuickExitButton.tsx(5,71): error TS1002: Unterminated string literal.
src/components/safety/QuickExitButton.tsx(12,15): error TS1005: ';' expected.
src/components/safety/QuickExitButton.tsx(12,20): error TS1005: ';' expected.
src/components/safety/QuickExitButton.tsx(12,31): error TS1005: ';' expected.
src/components/safety/QuickExitButton.tsx(12,31): error TS1434: Unexpected keyword or identifier.
src/components/safety/QuickExitButton.tsx(12,61): error TS1002: Unterminated string literal.
src/components/safety/QuickExitButton.tsx(13,16): error TS1109: Expression expected.
src/components/safety/QuickExitButton.tsx(13,60): error TS1109: Expression expected.
src/components/safety/QuickExitButton.tsx(14,16): error TS1109: Expression expected.
src/components/safety/QuickExitButton.tsx(15,15): error TS1109: Expression expected.
src/components/safety/QuickExitButton.tsx(16,1): error TS1109: Expression expected.
src/components/safety/QuickExitButton.tsx(19,22): error TS1005: ',' expected.
src/components/safety/QuickExitButton.tsx(25,22): error TS1005: ',' expected.
src/components/safety/QuickExitButton.tsx(25,26): error TS1005: ',' expected.
src/components/safety/QuickExitButton.tsx(25,28): error TS1002: Unterminated string literal.
src/components/safety/QuickExitButton.tsx(26,3): error TS1005: ':' expected.
src/components/safety/QuickExitButton.tsx(26,15): error TS1002: Unterminated string literal.
src/components/safety/QuickExitButton.tsx(27,1): error TS1005: ',' expected.
src/components/safety/QuickExitButton.tsx(27,12): error TS1005: ':' expected.
src/components/safety/QuickExitButton.tsx(27,18): error TS1005: ',' expected.
src/components/safety/QuickExitButton.tsx(27,20): error TS1002: Unterminated string literal.
src/components/safety/QuickExitButton.tsx(28,3): error TS1005: ':' expected.
src/components/safety/QuickExitButton.tsx(37,62): error TS1002: Unterminated string literal.
src/components/safety/QuickExitButton.tsx(38,3): error TS1005: ',' expected.
src/components/safety/QuickExitButton.tsx(46,45): error TS1005: ')' expected.
src/components/safety/QuickExitButton.tsx(46,73): error TS1002: Unterminated string literal.
src/components/safety/QuickExitButton.tsx(51,7): error TS1472: 'catch' or 'finally' expected.
src/components/safety/QuickExitButton.tsx(51,71): error TS1002: Unterminated string literal.
src/components/safety/QuickExitButton.tsx(61,53): error TS1005: ')' expected.
src/components/safety/QuickExitButton.tsx(61,75): error TS1002: Unterminated string literal.
src/components/safety/QuickExitButton.tsx(71,7): error TS1005: ',' expected.
src/components/safety/QuickExitButton.tsx(74,7): error TS1005: ',' expected.
src/components/safety/QuickExitButton.tsx(82,37): error TS1005: ')' expected.
src/components/safety/QuickExitButton.tsx(82,60): error TS1002: Unterminated string literal.
src/components/safety/QuickExitButton.tsx(94,5): error TS1472: 'catch' or 'finally' expected.
src/components/safety/QuickExitButton.tsx(94,7): error TS1005: 'try' expected.
src/components/safety/QuickExitButton.tsx(94,25): error TS1002: Unterminated string literal.
src/components/safety/QuickExitButton.tsx(97,64): error TS1002: Unterminated string literal.
src/components/safety/QuickExitButton.tsx(98,48): error TS1109: Expression expected.
src/components/safety/QuickExitButton.tsx(98,96): error TS1002: Unterminated string literal.
src/components/safety/QuickExitButton.tsx(102,3): error TS1472: 'catch' or 'finally' expected.
src/components/safety/QuickExitButton.tsx(102,4): error TS1128: Declaration or statement expected.
src/components/safety/QuickExitButton.tsx(102,68): error TS1005: ';' expected.
src/components/safety/QuickExitButton.tsx(106,5): error TS1005: ',' expected.
src/components/safety/QuickExitButton.tsx(106,9): error TS1005: ',' expected.
src/components/safety/QuickExitButton.tsx(107,5): error TS1005: ',' expected.
src/components/safety/QuickExitButton.tsx(107,9): error TS1005: ',' expected.
src/components/safety/QuickExitButton.tsx(107,25): error TS1005: ',' expected.
src/components/safety/QuickExitButton.tsx(107,26): error TS1002: Unterminated string literal.
src/components/safety/QuickExitButton.tsx(108,5): error TS1005: ',' expected.
src/components/safety/QuickExitButton.tsx(108,9): error TS1005: ',' expected.
src/components/safety/QuickExitButton.tsx(108,19): error TS1005: ',' expected.
src/components/safety/QuickExitButton.tsx(108,43): error TS1005: ',' expected.
src/components/safety/QuickExitButton.tsx(108,50): error TS1005: ')' expected.
src/components/safety/QuickExitButton.tsx(111,35): error TS1109: Expression expected.
src/components/safety/QuickExitButton.tsx(111,36): error TS1134: Variable declaration expected.
src/components/safety/QuickExitButton.tsx(112,54): error TS1109: Expression expected.
src/components/safety/QuickExitButton.tsx(112,55): error TS1134: Variable declaration expected.
src/components/safety/QuickExitButton.tsx(112,69): error TS1002: Unterminated string literal.
src/components/safety/QuickExitButton.tsx(136,13): error TS1005: ',' expected.
src/components/safety/QuickExitButton.tsx(136,30): error TS1005: ')' expected.
src/components/safety/QuickExitButton.tsx(137,12): error TS1128: Declaration or statement expected.
src/components/safety/QuickExitButton.tsx(137,14): error TS1434: Unexpected keyword or identifier.
src/components/safety/QuickExitButton.tsx(137,27): error TS1128: Declaration or statement expected.
src/components/safety/QuickExitButton.tsx(139,7): error TS1128: Declaration or statement expected.
src/components/safety/QuickExitButton.tsx(140,5): error TS1128: Declaration or statement expected.
src/components/safety/QuickExitButton.tsx(141,54): error TS1005: ',' expected.
src/components/safety/QuickExitButton.tsx(141,57): error TS1002: Unterminated string literal.
src/components/safety/QuickExitButton.tsx(142,5): error TS1005: ',' expected.
src/components/safety/QuickExitButton.tsx(143,59): error TS1005: ',' expected.
src/components/safety/QuickExitButton.tsx(143,62): error TS1002: Unterminated string literal.
src/components/safety/QuickExitButton.tsx(144,7): error TS1005: ',' expected.
src/components/safety/QuickExitButton.tsx(147,5): error TS1128: Declaration or statement expected.
src/components/safety/QuickExitButton.tsx(148,3): error TS1128: Declaration or statement expected.
src/components/safety/QuickExitButton.tsx(148,4): error TS1128: Declaration or statement expected.
src/components/safety/QuickExitButton.tsx(148,41): error TS1005: ',' expected.
src/components/safety/QuickExitButton.tsx(148,62): error TS1002: Unterminated string literal.
src/components/safety/QuickExitButton.tsx(150,3): error TS1005: ',' expected.
src/components/safety/QuickExitButton.tsx(151,5): error TS1135: Argument expression expected.
src/components/safety/QuickExitButton.tsx(154,9): error TS1005: ',' expected.
src/components/safety/QuickExitButton.tsx(155,9): error TS1005: ',' expected.
src/components/safety/QuickExitButton.tsx(156,11): error TS1005: ',' expected.
src/components/safety/QuickExitButton.tsx(157,11): error TS1005: ',' expected.
src/components/safety/QuickExitButton.tsx(157,62): error TS1002: Unterminated string literal.
src/components/safety/QuickExitButton.tsx(158,9): error TS1005: ',' expected.
src/components/safety/QuickExitButton.tsx(158,10): error TS1128: Declaration or statement expected.
src/components/safety/QuickExitButton.tsx(158,16): error TS1005: ';' expected.
src/components/safety/QuickExitButton.tsx(159,7): error TS1128: Declaration or statement expected.
src/components/safety/QuickExitButton.tsx(159,8): error TS1128: Declaration or statement expected.
src/components/safety/QuickExitButton.tsx(159,14): error TS1005: ';' expected.
src/components/safety/QuickExitButton.tsx(160,5): error TS1128: Declaration or statement expected.
src/components/safety/QuickExitButton.tsx(161,3): error TS1128: Declaration or statement expected.
src/components/safety/QuickExitButton.tsx(161,4): error TS1128: Declaration or statement expected.
src/components/safety/QuickExitButton.tsx(161,8): error TS1005: ';' expected.
src/components/safety/QuickExitButton.tsx(167,34): error TS1005: ',' expected.
src/components/safety/QuickExitButton.tsx(167,40): error TS1005: ';' expected.
src/components/safety/QuickExitButton.tsx(167,41): error TS1002: Unterminated string literal.
src/components/safety/QuickExitButton.tsx(172,3): error TS1128: Declaration or statement expected.
src/components/safety/QuickExitButton.tsx(174,41): error TS1005: ',' expected.
src/components/safety/QuickExitButton.tsx(179,21): error TS1005: ';' expected.
src/components/safety/QuickExitButton.tsx(179,23): error TS1005: ';' expected.
src/components/safety/QuickExitButton.tsx(179,23): error TS1351: An identifier or keyword cannot immediately follow a numeric literal.
src/components/safety/QuickExitButton.tsx(179,23): error TS1434: Unexpected keyword or identifier.
src/components/safety/QuickExitButton.tsx(179,26): error TS1002: Unterminated string literal.
src/components/safety/QuickExitButton.tsx(181,26): error TS1128: Declaration or statement expected.
src/components/safety/QuickExitButton.tsx(181,28): error TS1128: Declaration or statement expected.
src/components/safety/QuickExitButton.tsx(181,45): error TS1109: Expression expected.
src/components/safety/QuickExitButton.tsx(182,22): error TS1005: ';' expected.
src/components/safety/QuickExitButton.tsx(182,24): error TS1005: ';' expected.
src/components/safety/QuickExitButton.tsx(182,24): error TS1351: An identifier or keyword cannot immediately follow a numeric literal.
src/components/safety/QuickExitButton.tsx(182,24): error TS1434: Unexpected keyword or identifier.
src/components/safety/QuickExitButton.tsx(182,27): error TS1002: Unterminated string literal.
src/components/safety/QuickExitButton.tsx(184,25): error TS1128: Declaration or statement expected.
src/components/safety/QuickExitButton.tsx(188,43): error TS1005: ',' expected.
src/components/safety/QuickExitButton.tsx(188,46): error TS1002: Unterminated string literal.
src/components/safety/QuickExitButton.tsx(189,59): error TS1005: ',' expected.
src/components/safety/QuickExitButton.tsx(190,5): error TS1005: ':' expected.
src/components/safety/QuickExitButton.tsx(191,7): error TS1128: Declaration or statement expected.
src/components/safety/QuickExitButton.tsx(191,12): error TS1005: ':' expected.
src/components/safety/QuickExitButton.tsx(191,21): error TS1005: ',' expected.
src/components/safety/QuickExitButton.tsx(191,24): error TS1002: Unterminated string literal.
src/components/safety/QuickExitButton.tsx(192,9): error TS1005: ':' expected.
src/components/safety/QuickExitButton.tsx(192,16): error TS1005: ':' expected.
src/components/safety/QuickExitButton.tsx(192,25): error TS1005: ',' expected.
src/components/safety/QuickExitButton.tsx(192,34): error TS1005: ':' expected.
src/components/safety/QuickExitButton.tsx(192,38): error TS1351: An identifier or keyword cannot immediately follow a numeric literal.
src/components/safety/QuickExitButton.tsx(192,40): error TS1005: ',' expected.
src/components/safety/QuickExitButton.tsx(192,50): error TS1005: ':' expected.
src/components/safety/QuickExitButton.tsx(192,54): error TS1351: An identifier or keyword cannot immediately follow a numeric literal.
src/components/safety/QuickExitButton.tsx(192,56): error TS1005: ',' expected.
src/components/safety/QuickExitButton.tsx(192,58): error TS1002: Unterminated string literal.
src/components/safety/QuickExitButton.tsx(193,7): error TS1005: ':' expected.
src/components/safety/QuickExitButton.tsx(193,12): error TS1005: ':' expected.
src/components/safety/QuickExitButton.tsx(193,21): error TS1005: ',' expected.
src/components/safety/QuickExitButton.tsx(193,24): error TS1002: Unterminated string literal.
src/components/safety/QuickExitButton.tsx(194,9): error TS1005: ':' expected.
src/components/safety/QuickExitButton.tsx(194,16): error TS1005: ':' expected.
src/components/safety/QuickExitButton.tsx(194,25): error TS1005: ',' expected.
src/components/safety/QuickExitButton.tsx(194,34): error TS1005: ':' expected.
src/components/safety/QuickExitButton.tsx(194,38): error TS1351: An identifier or keyword cannot immediately follow a numeric literal.
src/components/safety/QuickExitButton.tsx(194,40): error TS1005: ',' expected.
src/components/safety/QuickExitButton.tsx(194,51): error TS1005: ':' expected.
src/components/safety/QuickExitButton.tsx(194,55): error TS1351: An identifier or keyword cannot immediately follow a numeric literal.
src/components/safety/QuickExitButton.tsx(194,57): error TS1005: ',' expected.
src/components/safety/QuickExitButton.tsx(194,59): error TS1002: Unterminated string literal.
src/components/safety/QuickExitButton.tsx(195,7): error TS1005: ':' expected.
src/components/safety/QuickExitButton.tsx(195,12): error TS1005: ':' expected.
src/components/safety/QuickExitButton.tsx(195,21): error TS1005: ',' expected.
src/components/safety/QuickExitButton.tsx(195,24): error TS1002: Unterminated string literal.
src/components/safety/QuickExitButton.tsx(196,9): error TS1005: ':' expected.
src/components/safety/QuickExitButton.tsx(196,16): error TS1005: ':' expected.
src/components/safety/QuickExitButton.tsx(196,25): error TS1005: ',' expected.
src/components/safety/QuickExitButton.tsx(196,37): error TS1005: ':' expected.
src/components/safety/QuickExitButton.tsx(196,41): error TS1351: An identifier or keyword cannot immediately follow a numeric literal.
src/components/safety/QuickExitButton.tsx(196,43): error TS1005: ',' expected.
src/components/safety/QuickExitButton.tsx(196,53): error TS1005: ':' expected.
src/components/safety/QuickExitButton.tsx(196,57): error TS1351: An identifier or keyword cannot immediately follow a numeric literal.
src/components/safety/QuickExitButton.tsx(196,59): error TS1005: ',' expected.
src/components/safety/QuickExitButton.tsx(196,61): error TS1002: Unterminated string literal.
src/components/safety/QuickExitButton.tsx(197,7): error TS1005: ':' expected.
src/components/safety/QuickExitButton.tsx(197,12): error TS1005: ':' expected.
src/components/safety/QuickExitButton.tsx(197,21): error TS1005: ',' expected.
src/components/safety/QuickExitButton.tsx(197,24): error TS1002: Unterminated string literal.
src/components/safety/QuickExitButton.tsx(198,9): error TS1005: ':' expected.
src/components/safety/QuickExitButton.tsx(198,16): error TS1005: ':' expected.
src/components/safety/QuickExitButton.tsx(198,25): error TS1005: ',' expected.
src/components/safety/QuickExitButton.tsx(198,37): error TS1005: ':' expected.
src/components/safety/QuickExitButton.tsx(198,41): error TS1351: An identifier or keyword cannot immediately follow a numeric literal.
src/components/safety/QuickExitButton.tsx(198,43): error TS1005: ',' expected.
src/components/safety/QuickExitButton.tsx(198,54): error TS1005: ':' expected.
src/components/safety/QuickExitButton.tsx(198,58): error TS1351: An identifier or keyword cannot immediately follow a numeric literal.
src/components/safety/QuickExitButton.tsx(199,13): error TS1002: Unterminated string literal.
src/components/safety/QuickExitButton.tsx(200,9): error TS1005: ',' expected.
src/components/safety/QuickExitButton.tsx(200,16): error TS1005: ':' expected.
src/components/safety/QuickExitButton.tsx(200,25): error TS1005: ',' expected.
src/components/safety/QuickExitButton.tsx(200,34): error TS1005: ':' expected.
src/components/safety/QuickExitButton.tsx(200,38): error TS1351: An identifier or keyword cannot immediately follow a numeric literal.
src/components/safety/QuickExitButton.tsx(200,40): error TS1005: ',' expected.
src/components/safety/QuickExitButton.tsx(200,50): error TS1005: ':' expected.
src/components/safety/QuickExitButton.tsx(200,54): error TS1351: An identifier or keyword cannot immediately follow a numeric literal.
src/components/safety/QuickExitButton.tsx(200,56): error TS1005: ',' expected.
src/components/safety/QuickExitButton.tsx(200,58): error TS1002: Unterminated string literal.
src/components/safety/QuickExitButton.tsx(201,5): error TS1005: ':' expected.
src/components/safety/QuickExitButton.tsx(203,3): error TS1005: ',' expected.
src/components/safety/QuickExitButton.tsx(204,5): error TS1003: Identifier expected.
src/components/safety/QuickExitButton.tsx(204,6): error TS1138: Parameter declaration expected.
src/components/safety/QuickExitButton.tsx(205,11): error TS1003: Identifier expected.
src/components/safety/QuickExitButton.tsx(207,6): error TS1005: ',' expected.
src/components/safety/QuickExitButton.tsx(207,20): error TS1005: ',' expected.
src/components/safety/QuickExitButton.tsx(207,28): error TS1005: ',' expected.
src/components/safety/QuickExitButton.tsx(208,1): error TS1005: ',' expected.
src/components/safety/QuickExitButton.tsx(209,1): error TS1005: ',' expected.
src/components/safety/QuickExitButton.tsx(209,2): error TS1002: Unterminated string literal.
src/components/safety/QuickExitButton.tsx(210,1): error TS1005: ':' expected.
src/components/safety/QuickExitButton.tsx(210,8): error TS1005: ',' expected.
src/components/safety/QuickExitButton.tsx(210,16): error TS1005: ';' expected.
src/components/safety/QuickExitButton.tsx(211,17): error TS1002: Unterminated string literal.
src/components/safety/QuickExitButton.tsx(212,11): error TS1005: ':' expected.
src/components/safety/QuickExitButton.tsx(212,33): error TS1005: ',' expected.
src/components/safety/QuickExitButton.tsx(212,35): error TS1002: Unterminated string literal.
src/components/safety/QuickExitButton.tsx(213,11): error TS1005: ':' expected.
src/components/safety/QuickExitButton.tsx(213,17): error TS1005: ',' expected.
src/components/safety/QuickExitButton.tsx(215,1): error TS1005: ':' expected.
src/components/safety/QuickExitButton.tsx(215,2): error TS1128: Declaration or statement expected.
src/components/safety/QuickExitButton.tsx(216,7): error TS1109: Expression expected.
src/components/safety/QuickExitButton.tsx(227,46): error TS1005: '}' expected.
src/components/safety/QuickExitButton.tsx(229,1): error TS1136: Property assignment expected.
src/components/safety/QuickExitButton.tsx(229,3): error TS1005: ',' expected.
src/components/safety/QuickExitButton.tsx(229,14): error TS1005: ';' expected.
src/components/safety/QuickExitButton.tsx(230,2): error TS1002: Unterminated string literal.
src/components/safety/QuickExitButton.tsx(231,23): error TS1109: Expression expected.
src/components/safety/QuickExitButton.tsx(232,13): error TS1005: ')' expected.
src/components/safety/QuickExitButton.tsx(235,1): error TS1128: Declaration or statement expected.
src/components/safety/QuickExitButton.tsx(236,9): error TS1128: Declaration or statement expected.
src/components/safety/QuickExitButton.tsx(236,13): error TS1002: Unterminated string literal.
src/components/safety/QuickExitButton.tsx(237,19): error TS1005: ';' expected.
src/components/safety/QuickExitButton.tsx(237,32): error TS1005: ';' expected.
src/components/safety/QuickExitButton.tsx(237,46): error TS1005: ';' expected.
src/components/safety/QuickExitButton.tsx(237,51): error TS1434: Unexpected keyword or identifier.
src/components/safety/QuickExitButton.tsx(237,63): error TS1002: Unterminated string literal.
src/components/safety/QuickExitButton.tsx(238,26): error TS1005: ';' expected.
src/components/safety/QuickExitButton.tsx(239,17): error TS1002: Unterminated string literal.
src/components/safety/QuickExitButton.tsx(240,3): error TS1005: ':' expected.
src/components/safety/QuickExitButton.tsx(240,11): error TS1005: ',' expected.
src/components/safety/QuickExitButton.tsx(241,11): error TS1005: ':' expected.
src/components/safety/QuickExitButton.tsx(241,21): error TS1005: ',' expected.
src/components/safety/QuickExitButton.tsx(242,15): error TS1005: ',' expected.
src/components/safety/QuickExitButton.tsx(242,34): error TS1005: ':' expected.
src/components/safety/QuickExitButton.tsx(242,35): error TS1002: Unterminated string literal.
src/components/safety/QuickExitButton.tsx(243,13): error TS1005: ',' expected.
src/components/safety/QuickExitButton.tsx(243,36): error TS1005: ':' expected.
src/components/safety/QuickExitButton.tsx(243,38): error TS1002: Unterminated string literal.
src/components/safety/QuickExitButton.tsx(244,11): error TS1005: ':' expected.
src/components/safety/QuickExitButton.tsx(244,16): error TS1005: ',' expected.
src/components/safety/QuickExitButton.tsx(245,11): error TS1005: ':' expected.
src/components/safety/QuickExitButton.tsx(245,17): error TS1005: ',' expected.
src/components/safety/QuickExitButton.tsx(246,11): error TS1005: ':' expected.
src/components/safety/QuickExitButton.tsx(246,23): error TS1005: ',' expected.
src/components/safety/QuickExitButton.tsx(246,48): error TS1005: ':' expected.
src/components/safety/QuickExitButton.tsx(248,42): error TS1005: ',' expected.
src/components/safety/QuickExitButton.tsx(248,43): error TS1002: Unterminated string literal.
src/components/safety/QuickExitButton.tsx(249,11): error TS1005: ':' expected.
src/components/safety/QuickExitButton.tsx(249,21): error TS1005: ',' expected.
src/components/safety/QuickExitButton.tsx(250,11): error TS1005: ':' expected.
src/components/safety/QuickExitButton.tsx(250,17): error TS1005: ',' expected.
src/components/safety/QuickExitButton.tsx(251,11): error TS1005: ':' expected.
src/components/safety/QuickExitButton.tsx(251,20): error TS1005: ',' expected.
src/components/safety/QuickExitButton.tsx(252,11): error TS1005: ':' expected.
src/components/safety/QuickExitButton.tsx(252,21): error TS1005: ',' expected.
src/components/safety/QuickExitButton.tsx(252,29): error TS1005: ':' expected.
src/components/safety/QuickExitButton.tsx(252,32): error TS1005: ',' expected.
src/components/safety/QuickExitButton.tsx(252,32): error TS1351: An identifier or keyword cannot immediately follow a numeric literal.
src/components/safety/QuickExitButton.tsx(252,34): error TS1005: ',' expected.
src/components/safety/QuickExitButton.tsx(252,38): error TS1005: ',' expected.
src/components/safety/QuickExitButton.tsx(252,42): error TS1005: ';' expected.
src/components/safety/QuickExitButton.tsx(252,43): error TS1002: Unterminated string literal.
src/components/safety/QuickExitButton.tsx(253,46): error TS1005: ':' expected.
src/components/safety/QuickExitButton.tsx(253,52): error TS1005: ';' expected.
src/components/safety/QuickExitButton.tsx(253,59): error TS1005: ',' expected.
src/components/safety/QuickExitButton.tsx(254,11): error TS1005: ',' expected.
src/components/safety/QuickExitButton.tsx(254,18): error TS1005: ',' expected.
src/components/safety/QuickExitButton.tsx(255,21): error TS1005: ',' expected.
src/components/safety/QuickExitButton.tsx(256,14): error TS1005: ',' expected.
src/components/safety/QuickExitButton.tsx(257,19): error TS1005: ',' expected.
src/components/safety/QuickExitButton.tsx(258,1): error TS1005: ',' expected.
src/components/safety/QuickExitButton.tsx(258,2): error TS1135: Argument expression expected.
src/components/safety/QuickExitButton.tsx(259,7): error TS1109: Expression expected.
src/components/safety/QuickExitButton.tsx(260,14): error TS1003: Identifier expected.
src/components/safety/QuickExitButton.tsx(260,15): error TS1002: Unterminated string literal.
src/components/safety/QuickExitButton.tsx(261,11): error TS1005: ',' expected.
src/components/safety/QuickExitButton.tsx(261,23): error TS1005: ',' expected.
src/components/safety/QuickExitButton.tsx(262,11): error TS1005: ',' expected.
src/components/safety/QuickExitButton.tsx(263,11): error TS1005: ',' expected.
src/components/safety/QuickExitButton.tsx(264,11): error TS1005: ',' expected.
src/components/safety/QuickExitButton.tsx(264,23): error TS1005: ',' expected.
src/components/safety/QuickExitButton.tsx(264,25): error TS1005: ',' expected.
src/components/safety/QuickExitButton.tsx(264,28): error TS1005: ',' expected.
src/components/safety/QuickExitButton.tsx(264,30): error TS1005: ',' expected.
src/components/safety/QuickExitButton.tsx(264,31): error TS1002: Unterminated string literal.
src/components/safety/QuickExitButton.tsx(265,11): error TS1005: ',' expected.
src/components/safety/QuickExitButton.tsx(266,11): error TS1005: ',' expected.
src/components/safety/QuickExitButton.tsx(267,11): error TS1005: ',' expected.
src/components/safety/QuickExitButton.tsx(268,11): error TS1005: ',' expected.
src/components/safety/QuickExitButton.tsx(268,19): error TS1002: Unterminated string literal.
src/components/safety/QuickExitButton.tsx(269,3): error TS1005: ':' expected.
src/components/safety/QuickExitButton.tsx(269,12): error TS1005: ',' expected.
src/components/safety/QuickExitButton.tsx(269,26): error TS1005: ',' expected.
src/components/safety/QuickExitButton.tsx(270,2): error TS1005: ',' expected.
src/components/safety/QuickExitButton.tsx(270,3): error TS1005: ')' expected.
src/components/safety/QuickExitButton.tsx(271,9): error TS1109: Expression expected.
src/components/safety/QuickExitButton.tsx(271,12): error TS1002: Unterminated string literal.
src/components/safety/QuickExitButton.tsx(272,17): error TS1005: ';' expected.
src/components/safety/QuickExitButton.tsx(272,24): error TS1005: ';' expected.
src/components/safety/QuickExitButton.tsx(272,25): error TS1005: ';' expected.
src/components/safety/QuickExitButton.tsx(272,25): error TS1351: An identifier or keyword cannot immediately follow a numeric literal.
src/components/safety/QuickExitButton.tsx(272,29): error TS1005: ';' expected.
src/components/safety/QuickExitButton.tsx(272,30): error TS1005: ';' expected.
src/components/safety/QuickExitButton.tsx(272,30): error TS1351: An identifier or keyword cannot immediately follow a numeric literal.
src/components/safety/QuickExitButton.tsx(272,34): error TS1005: ';' expected.
src/components/safety/QuickExitButton.tsx(272,38): error TS1002: Unterminated string literal.
src/components/safety/QuickExitButton.tsx(273,17): error TS1005: ';' expected.
src/components/safety/QuickExitButton.tsx(273,24): error TS1005: ';' expected.
src/components/safety/QuickExitButton.tsx(273,25): error TS1005: ';' expected.
src/components/safety/QuickExitButton.tsx(273,25): error TS1351: An identifier or keyword cannot immediately follow a numeric literal.
src/components/safety/QuickExitButton.tsx(273,25): error TS1434: Unexpected keyword or identifier.
src/components/safety/QuickExitButton.tsx(273,32): error TS1002: Unterminated string literal.
src/components/safety/QuickExitButton.tsx(274,17): error TS1005: ';' expected.
src/components/safety/QuickExitButton.tsx(274,25): error TS1005: ';' expected.
src/components/safety/QuickExitButton.tsx(274,26): error TS1005: ';' expected.
src/components/safety/QuickExitButton.tsx(274,26): error TS1351: An identifier or keyword cannot immediately follow a numeric literal.
src/components/safety/QuickExitButton.tsx(274,26): error TS1434: Unexpected keyword or identifier.
src/components/safety/QuickExitButton.tsx(274,33): error TS1002: Unterminated string literal.
src/components/safety/QuickExitButton.tsx(275,9): error TS1128: Declaration or statement expected.
src/components/safety/QuickExitButton.tsx(276,9): error TS2657: JSX expressions must have one parent element.
src/components/safety/QuickExitButton.tsx(277,22): error TS1005: '}' expected.
src/components/safety/QuickExitButton.tsx(277,23): error TS1381: Unexpected token. Did you mean `{'}'}` or `&rbrace;`?
src/components/safety/QuickExitButton.tsx(277,25): error TS1002: Unterminated string literal.
src/components/safety/QuickExitButton.tsx(282,13): error TS1005: '}' expected.
src/components/safety/QuickExitButton.tsx(282,15): error TS1003: Identifier expected.
src/components/safety/QuickExitButton.tsx(282,15): error TS1005: ';' expected.
src/components/safety/QuickExitButton.tsx(283,19): error TS1005: ';' expected.
src/components/safety/QuickExitButton.tsx(284,18): error TS1005: ';' expected.
src/components/safety/QuickExitButton.tsx(284,23): error TS1005: ';' expected.
src/components/safety/QuickExitButton.tsx(284,25): error TS1002: Unterminated string literal.
src/components/safety/QuickExitButton.tsx(285,31): error TS1128: Declaration or statement expected.
src/components/safety/QuickExitButton.tsx(285,32): error TS1128: Declaration or statement expected.
src/components/safety/QuickExitButton.tsx(285,33): error TS1109: Expression expected.
src/components/safety/QuickExitButton.tsx(286,21): error TS1109: Expression expected.
src/components/safety/QuickExitButton.tsx(286,34): error TS1136: Property assignment expected.
src/components/safety/QuickExitButton.tsx(290,7): error TS1128: Declaration or statement expected.
src/components/safety/QuickExitButton.tsx(291,8): error TS1002: Unterminated string literal.
src/components/safety/QuickExitButton.tsx(292,55): error TS1002: Unterminated string literal.
src/components/safety/QuickExitButton.tsx(296,2): error TS1002: Unterminated string literal.
src/components/safety/QuickExitButton.tsx(297,18): error TS1109: Expression expected.
src/components/safety/QuickExitButton.tsx(298,15): error TS1005: ';' expected.
src/components/safety/QuickExitButton.tsx(298,25): error TS1109: Expression expected.
src/components/safety/QuickExitButton.tsx(298,38): error TS1109: Expression expected.
src/components/safety/QuickExitButton.tsx(302,8): error TS1002: Unterminated string literal.
src/components/safety/QuickExitButton.tsx(303,42): error TS1002: Unterminated string literal.
src/components/safety/QuickExitButton.tsx(304,31): error TS1002: Unterminated string literal.
src/components/safety/QuickExitButton.tsx(305,14): error TS1005: ')' expected.
src/components/safety/QuickExitButton.tsx(305,27): error TS1005: ';' expected.
src/components/safety/QuickExitButton.tsx(306,2): error TS1002: Unterminated string literal.
src/components/safety/QuickExitButton.tsx(307,2): error TS1005: ':' expected.
src/components/safety/QuickExitButton.tsx(307,10): error TS1005: ',' expected.
src/components/safety/QuickExitButton.tsx(307,22): error TS1005: ':' expected.
src/components/safety/QuickExitButton.tsx(308,5): error TS1002: Unterminated string literal.
src/components/safety/QuickExitButton.tsx(310,9): error TS1128: Declaration or statement expected.
src/components/safety/QuickExitButton.tsx(311,7): error TS1109: Expression expected.
src/components/safety/QuickExitButton.tsx(312,26): error TS1002: Unterminated string literal.
src/components/safety/QuickExitButton.tsx(313,24): error TS1109: Expression expected.
src/components/safety/QuickExitButton.tsx(317,3): error TS1002: Unterminated string literal.
src/components/safety/QuickExitButton.tsx(318,13): error TS1005: '}' expected.
src/components/safety/QuickExitButton.tsx(318,33): error TS1003: Identifier expected.
src/components/safety/QuickExitButton.tsx(318,34): error TS1109: Expression expected.
src/components/safety/QuickExitButton.tsx(318,35): error TS1443: Module declaration names may only use ' or " quoted strings.
src/components/safety/QuickExitButton.tsx(318,40): error TS1002: Unterminated string literal.
src/components/safety/QuickExitButton.tsx(320,13): error TS1005: ':' expected.
src/components/safety/QuickExitButton.tsx(321,13): error TS1005: ':' expected.
src/components/safety/QuickExitButton.tsx(321,53): error TS1002: Unterminated string literal.
src/components/safety/QuickExitButton.tsx(323,29): error TS1005: ';' expected.
src/components/safety/QuickExitButton.tsx(323,31): error TS1005: ';' expected.
src/components/safety/QuickExitButton.tsx(323,31): error TS1351: An identifier or keyword cannot immediately follow a numeric literal.
src/components/safety/QuickExitButton.tsx(323,31): error TS1434: Unexpected keyword or identifier.
src/components/safety/QuickExitButton.tsx(323,34): error TS1002: Unterminated string literal.
src/components/safety/QuickExitButton.tsx(328,22): error TS1005: ';' expected.
src/components/safety/QuickExitButton.tsx(328,33): error TS1005: ';' expected.
src/components/safety/QuickExitButton.tsx(328,36): error TS1005: ';' expected.
src/components/safety/QuickExitButton.tsx(328,36): error TS1351: An identifier or keyword cannot immediately follow a numeric literal.
src/components/safety/QuickExitButton.tsx(328,46): error TS1005: ';' expected.
src/components/safety/QuickExitButton.tsx(328,48): error TS1002: Unterminated string literal.
src/components/safety/QuickExitButton.tsx(331,9): error TS1109: Expression expected.
src/components/safety/QuickExitButton.tsx(333,2): error TS1002: Unterminated string literal.
src/components/safety/QuickExitButton.tsx(334,2): error TS1005: '}' expected.
src/components/safety/QuickExitButton.tsx(334,14): error TS1003: Identifier expected.
src/components/safety/QuickExitButton.tsx(334,33): error TS1005: ';' expected.
src/components/safety/QuickExitButton.tsx(335,1): error TS1128: Declaration or statement expected.
src/components/safety/QuickExitButton.tsx(335,2): error TS1109: Expression expected.
src/components/safety/QuickExitButton.tsx(336,19): error TS1005: ';' expected.
src/components/safety/QuickExitButton.tsx(337,11): error TS1128: Declaration or statement expected.
src/components/safety/QuickExitButton.tsx(340,9): error TS1005: '}' expected.
src/components/safety/QuickExitButton.tsx(340,11): error TS1003: Identifier expected.
src/components/safety/QuickExitButton.tsx(341,2): error TS1002: Unterminated string literal.
src/components/safety/QuickExitButton.tsx(342,1): error TS1128: Declaration or statement expected.
src/components/safety/QuickExitButton.tsx(342,2): error TS1109: Expression expected.
src/components/safety/QuickExitButton.tsx(343,24): error TS1005: ';' expected.
src/components/safety/QuickExitButton.tsx(343,32): error TS1002: Unterminated string literal.
src/components/safety/QuickExitButton.tsx(344,3): error TS1005: ':' expected.
src/components/safety/QuickExitButton.tsx(344,13): error TS1005: ',' expected.
src/components/safety/QuickExitButton.tsx(345,15): error TS1005: ':' expected.
src/components/safety/QuickExitButton.tsx(345,22): error TS1005: ',' expected.
src/components/safety/QuickExitButton.tsx(345,30): error TS1005: ':' expected.
src/components/safety/QuickExitButton.tsx(345,31): error TS1005: ',' expected.
src/components/safety/QuickExitButton.tsx(345,31): error TS1351: An identifier or keyword cannot immediately follow a numeric literal.
src/components/safety/QuickExitButton.tsx(345,33): error TS1005: ',' expected.
src/components/safety/QuickExitButton.tsx(345,34): error TS1002: Unterminated string literal.
src/components/safety/QuickExitButton.tsx(346,15): error TS1005: ':' expected.
src/components/safety/QuickExitButton.tsx(346,27): error TS1005: ',' expected.
src/components/safety/QuickExitButton.tsx(346,34): error TS1005: ':' expected.
src/components/safety/QuickExitButton.tsx(347,27): error TS1005: ',' expected.
src/components/safety/QuickExitButton.tsx(347,28): error TS1005: ':' expected.
src/components/safety/QuickExitButton.tsx(347,28): error TS1351: An identifier or keyword cannot immediately follow a numeric literal.
src/components/safety/QuickExitButton.tsx(347,30): error TS1005: ',' expected.
src/components/safety/QuickExitButton.tsx(347,32): error TS1002: Unterminated string literal.
src/components/safety/QuickExitButton.tsx(348,15): error TS1005: ':' expected.
src/components/safety/QuickExitButton.tsx(348,23): error TS1005: ',' expected.
src/components/safety/QuickExitButton.tsx(349,1): error TS1005: ':' expected.
src/components/safety/QuickExitButton.tsx(349,2): error TS1128: Declaration or statement expected.
src/components/safety/QuickExitButton.tsx(349,3): error TS1109: Expression expected.
src/components/safety/QuickExitButton.tsx(349,12): error TS1005: ';' expected.
src/components/safety/QuickExitButton.tsx(350,26): error TS1005: ',' expected.
src/components/safety/QuickExitButton.tsx(350,30): error TS1109: Expression expected.
src/components/safety/QuickExitButton.tsx(352,34): error TS1002: Unterminated string literal.
src/components/safety/QuickExitButton.tsx(353,1): error TS1005: '}' expected.
src/components/safety/QuickExitButton.tsx(353,2): error TS1002: Unterminated string literal.
src/components/safety/QuickExitButton.tsx(359,35): error TS1381: Unexpected token. Did you mean `{'}'}` or `&rbrace;`?
src/components/safety/QuickExitButton.tsx(359,36): error TS1381: Unexpected token. Did you mean `{'}'}` or `&rbrace;`?
src/components/safety/QuickExitButton.tsx(359,37): error TS1382: Unexpected token. Did you mean `{'>'}` or `&gt;`?
src/components/safety/QuickExitButton.tsx(359,53): error TS17015: Expected corresponding closing tag for JSX fragment.
src/components/safety/QuickExitButton.tsx(360,32): error TS1005: ',' expected.
src/components/safety/QuickExitButton.tsx(367,23): error TS1005: ';' expected.
src/components/safety/QuickExitButton.tsx(400,32): error TS1160: Unterminated template literal.
src/components/safety/SafetyPlanBuilder.tsx(1,51): error TS1005: 'from' expected.
src/components/safety/SafetyPlanBuilder.tsx(1,58): error TS1005: ';' expected.
src/components/safety/SafetyPlanBuilder.tsx(1,66): error TS1109: Expression expected.
src/components/SaveSessionModal.tsx(1,38): error TS1005: 'from' expected.
src/components/SaveSessionModal.tsx(1,45): error TS1005: ';' expected.
src/components/SaveSessionModal.tsx(1,53): error TS1109: Expression expected.
src/components/SaveSessionModal.tsx(1,69): error TS1005: 'from' expected.
src/components/SaveSessionModal.tsx(1,76): error TS1005: ';' expected.
src/components/SaveSessionModal.tsx(1,86): error TS1109: Expression expected.
src/components/SaveSessionModal.tsx(1,106): error TS1005: 'from' expected.
src/components/SaveSessionModal.tsx(1,113): error TS1005: ';' expected.
src/components/SaveSessionModal.tsx(1,127): error TS1109: Expression expected.
src/components/SaveSessionModal.tsx(1,152): error TS1005: 'from' expected.
src/components/SaveSessionModal.tsx(1,159): error TS1005: ';' expected.
src/components/SaveSessionModal.tsx(1,178): error TS1109: Expression expected.
src/components/SaveSessionModal.tsx(1,204): error TS1005: 'from' expected.
src/components/SaveSessionModal.tsx(1,211): error TS1005: ';' expected.
src/components/SaveSessionModal.tsx(1,245): error TS1109: Expression expected.
src/components/SaveSessionModal.tsx(1,271): error TS1005: 'from' expected.
src/components/SaveSessionModal.tsx(1,278): error TS1005: ';' expected.
src/components/SaveSessionModal.tsx(1,312): error TS1109: Expression expected.
src/components/SaveSessionModal.tsx(1,351): error TS1005: 'from' expected.
src/components/SaveSessionModal.tsx(1,358): error TS1005: ';' expected.
src/components/SaveSessionModal.tsx(1,398): error TS1109: Expression expected.
src/components/SaveSessionModal.tsx(1,423): error TS1005: 'from' expected.
src/components/SaveSessionModal.tsx(1,430): error TS1005: ';' expected.
src/components/SaveSessionModal.tsx(1,478): error TS1005: ';' expected.
src/components/SaveSessionModal.tsx(1,512): error TS1005: ';' expected.
src/components/SaveSessionModal.tsx(1,637): error TS1005: ':' expected.
src/components/SaveSessionModal.tsx(1,700): error TS1005: '>' expected.
src/components/SaveSessionModal.tsx(1,724): error TS1005: ')' expected.
src/components/SaveSessionModal.tsx(1,814): error TS1128: Declaration or statement expected.
src/components/SaveSessionModal.tsx(1,816): error TS1128: Declaration or statement expected.
src/components/SaveSessionModal.tsx(1,834): error TS1005: ')' expected.
src/components/SaveSessionModal.tsx(1,997): error TS1005: ';' expected.
src/components/SaveSessionModal.tsx(1,1195): error TS1005: ';' expected.
src/components/SaveSessionModal.tsx(1,1209): error TS1005: ';' expected.
src/components/SaveSessionModal.tsx(1,1385): error TS1005: ';' expected.
src/components/SaveSessionModal.tsx(1,1392): error TS1109: Expression expected.
src/components/SaveSessionModal.tsx(1,1400): error TS1005: ',' expected.
src/components/SaveSessionModal.tsx(1,1428): error TS1005: ',' expected.
src/components/SaveSessionModal.tsx(1,1430): error TS1134: Variable declaration expected.
src/components/SaveSessionModal.tsx(1,1440): error TS1005: ',' expected.
src/components/SaveSessionModal.tsx(1,1528): error TS1382: Unexpected token. Did you mean `{'>'}` or `&gt;`?
src/components/SaveSessionModal.tsx(1,1584): error TS1005: '}' expected.
src/components/SaveSessionModal.tsx(1,1615): error TS1381: Unexpected token. Did you mean `{'}'}` or `&rbrace;`?
src/components/SaveSessionModal.tsx(1,1618): error TS1381: Unexpected token. Did you mean `{'}'}` or `&rbrace;`?
src/components/SaveSessionModal.tsx(1,1687): error TS1382: Unexpected token. Did you mean `{'>'}` or `&gt;`?
src/components/SaveSessionModal.tsx(1,1707): error TS1109: Expression expected.
src/components/SaveSessionModal.tsx(1,1817): error TS1381: Unexpected token. Did you mean `{'}'}` or `&rbrace;`?
src/components/SaveSessionModal.tsx(1,2163): error TS1381: Unexpected token. Did you mean `{'}'}` or `&rbrace;`?
src/components/SaveSessionModal.tsx(1,2202): error TS1381: Unexpected token. Did you mean `{'}'}` or `&rbrace;`?
src/components/SaveSessionModal.tsx(1,2453): error TS1005: ',' expected.
src/components/SaveSessionModal.tsx(1,2464): error TS1005: ',' expected.
src/components/SaveSessionModal.tsx(1,2472): error TS1005: ',' expected.
src/components/SaveSessionModal.tsx(1,2476): error TS1005: ',' expected.
src/components/SaveSessionModal.tsx(1,2481): error TS1005: ',' expected.
src/components/SaveSessionModal.tsx(1,2490): error TS1005: ',' expected.
src/components/SaveSessionModal.tsx(1,2498): error TS1005: ',' expected.
src/components/SaveSessionModal.tsx(1,2510): error TS1005: ',' expected.
src/components/SaveSessionModal.tsx(1,2514): error TS1005: ',' expected.
src/components/SaveSessionModal.tsx(1,2519): error TS1005: ',' expected.
src/components/SaveSessionModal.tsx(1,2522): error TS1005: ',' expected.
src/components/SaveSessionModal.tsx(1,2527): error TS1005: ',' expected.
src/components/SaveSessionModal.tsx(1,2573): error TS1005: ':' expected.
src/components/SaveSessionModal.tsx(1,2580): error TS1005: ',' expected.
src/components/SaveSessionModal.tsx(1,2584): error TS1005: ',' expected.
src/components/SaveSessionModal.tsx(1,2586): error TS1005: ',' expected.
src/components/SaveSessionModal.tsx(1,2640): error TS1005: ',' expected.
src/components/SaveSessionModal.tsx(1,2851): error TS1381: Unexpected token. Did you mean `{'}'}` or `&rbrace;`?
src/components/SaveSessionModal.tsx(1,2854): error TS1381: Unexpected token. Did you mean `{'}'}` or `&rbrace;`?
src/components/SaveSessionModal.tsx(1,2892): error TS1382: Unexpected token. Did you mean `{'>'}` or `&gt;`?
src/components/SaveSessionModal.tsx(1,3220): error TS1382: Unexpected token. Did you mean `{'>'}` or `&gt;`?
src/components/SaveSessionModal.tsx(1,3290): error TS1382: Unexpected token. Did you mean `{'>'}` or `&gt;`?
src/components/SaveSessionModal.tsx(1,3328): error TS1381: Unexpected token. Did you mean `{'}'}` or `&rbrace;`?
src/components/SaveSessionModal.tsx(1,3384): error TS1382: Unexpected token. Did you mean `{'>'}` or `&gt;`?
src/components/SaveSessionModal.tsx(1,3460): error TS1003: Identifier expected.
src/components/SaveSessionModal.tsx(1,3480): error TS1381: Unexpected token. Did you mean `{'}'}` or `&rbrace;`?
src/components/SaveSessionModal.tsx(1,3606): error TS1381: Unexpected token. Did you mean `{'}'}` or `&rbrace;`?
src/components/SaveSessionModal.tsx(1,3637): error TS1381: Unexpected token. Did you mean `{'}'}` or `&rbrace;`?
src/components/SaveSessionModal.tsx(1,3692): error TS1382: Unexpected token. Did you mean `{'>'}` or `&gt;`?
src/components/SaveSessionModal.tsx(1,3780): error TS1109: Expression expected.
src/components/SaveSessionModal.tsx(1,3847): error TS1005: '}' expected.
src/components/SaveSessionModal.tsx(1,3997): error TS1381: Unexpected token. Did you mean `{'}'}` or `&rbrace;`?
src/components/SaveSessionModal.tsx(1,4077): error TS1005: '}' expected.
src/components/SaveSessionModal.tsx(1,4245): error TS1109: Expression expected.
src/components/SaveSessionModal.tsx(1,4321): error TS1005: ',' expected.
src/components/SaveSessionModal.tsx(1,4333): error TS1005: ',' expected.
src/components/SaveSessionModal.tsx(1,4403): error TS1381: Unexpected token. Did you mean `{'}'}` or `&rbrace;`?
src/components/SaveSessionModal.tsx(1,4412): error TS1109: Expression expected.
src/components/SaveSessionModal.tsx(1,4421): error TS1109: Expression expected.
src/components/SaveSessionModal.tsx(1,4463): error TS1381: Unexpected token. Did you mean `{'}'}` or `&rbrace;`?
src/components/SaveSessionModal.tsx(1,4629): error TS1005: ',' expected.
src/components/SaveSessionModal.tsx(1,4636): error TS1005: ',' expected.
src/components/SaveSessionModal.tsx(1,4644): error TS1005: ',' expected.
src/components/SaveSessionModal.tsx(1,4686): error TS1381: Unexpected token. Did you mean `{'}'}` or `&rbrace;`?
src/components/SaveSessionModal.tsx(1,4689): error TS1381: Unexpected token. Did you mean `{'}'}` or `&rbrace;`?
src/components/SaveSessionModal.tsx(1,4731): error TS1382: Unexpected token. Did you mean `{'>'}` or `&gt;`?
src/components/SaveSessionModal.tsx(1,4768): error TS1381: Unexpected token. Did you mean `{'}'}` or `&rbrace;`?
src/components/SaveSessionModal.tsx(1,4807): error TS1382: Unexpected token. Did you mean `{'>'}` or `&gt;`?
src/components/SaveSessionModal.tsx(1,4911): error TS1005: '}' expected.
src/components/SaveSessionModal.tsx(1,5092): error TS1381: Unexpected token. Did you mean `{'}'}` or `&rbrace;`?
src/components/SaveSessionModal.tsx(1,5195): error TS1381: Unexpected token. Did you mean `{'}'}` or `&rbrace;`?
src/components/SaveSessionModal.tsx(1,5229): error TS1382: Unexpected token. Did you mean `{'>'}` or `&gt;`?
src/components/SaveSessionModal.tsx(1,5451): error TS1005: '}' expected.
src/components/SaveSessionModal.tsx(1,5452): error TS1381: Unexpected token. Did you mean `{'}'}` or `&rbrace;`?
src/components/SaveSessionModal.tsx(1,5513): error TS1005: ')' expected.
src/components/SaveSessionModal.tsx(1,5541): error TS1382: Unexpected token. Did you mean `{'>'}` or `&gt;`?
src/components/SaveSessionModal.tsx(1,5635): error TS1005: '}' expected.
src/components/SaveSessionModal.tsx(1,5651): error TS1003: Identifier expected.
src/components/SaveSessionModal.tsx(1,5654): error TS1381: Unexpected token. Did you mean `{'}'}` or `&rbrace;`?
src/components/SaveSessionModal.tsx(1,5655): error TS1382: Unexpected token. Did you mean `{'>'}` or `&gt;`?
src/components/SaveSessionModal.tsx(1,5700): error TS1109: Expression expected.
src/components/SaveSessionModal.tsx(1,5736): error TS1381: Unexpected token. Did you mean `{'}'}` or `&rbrace;`?
src/components/SaveSessionModal.tsx(1,5774): error TS1109: Expression expected.
src/components/SaveSessionModal.tsx(1,5786): error TS1381: Unexpected token. Did you mean `{'}'}` or `&rbrace;`?
src/components/SaveSessionModal.tsx(1,5824): error TS1109: Expression expected.
src/components/SaveSessionModal.tsx(1,5833): error TS1381: Unexpected token. Did you mean `{'}'}` or `&rbrace;`?
src/components/SaveSessionModal.tsx(1,5972): error TS1005: '>' expected.
src/components/SaveSessionModal.tsx(1,6078): error TS1005: ')' expected.
src/components/SaveSessionModal.tsx(1,6105): error TS1382: Unexpected token. Did you mean `{'>'}` or `&gt;`?
src/components/SaveSessionModal.tsx(1,6271): error TS1381: Unexpected token. Did you mean `{'}'}` or `&rbrace;`?
src/components/SaveSessionModal.tsx(1,6350): error TS1005: ')' expected.
src/components/SaveSessionModal.tsx(1,6374): error TS1382: Unexpected token. Did you mean `{'>'}` or `&gt;`?
src/components/SaveSessionModal.tsx(1,6544): error TS1381: Unexpected token. Did you mean `{'}'}` or `&rbrace;`?
src/components/SaveSessionModal.tsx(1,6620): error TS1005: ')' expected.
src/components/SaveSessionModal.tsx(1,6644): error TS1382: Unexpected token. Did you mean `{'>'}` or `&gt;`?
src/components/SaveSessionModal.tsx(1,6790): error TS17002: Expected corresponding JSX closing tag for 'void'.
src/components/SaveSessionModal.tsx(1,6810): error TS1381: Unexpected token. Did you mean `{'}'}` or `&rbrace;`?
src/components/SaveSessionModal.tsx(1,6884): error TS1005: ')' expected.
src/components/SaveSessionModal.tsx(1,6918): error TS1382: Unexpected token. Did you mean `{'>'}` or `&gt;`?
src/components/SaveSessionModal.tsx(1,7061): error TS17002: Expected corresponding JSX closing tag for 'void'.
src/components/SaveSessionModal.tsx(1,7081): error TS1381: Unexpected token. Did you mean `{'}'}` or `&rbrace;`?
src/components/SaveSessionModal.tsx(1,7154): error TS1005: ')' expected.
src/components/SaveSessionModal.tsx(1,7178): error TS1382: Unexpected token. Did you mean `{'>'}` or `&gt;`?
src/components/SaveSessionModal.tsx(1,7315): error TS17002: Expected corresponding JSX closing tag for 'string'.
src/components/SaveSessionModal.tsx(1,7333): error TS1005: ';' expected.
src/components/SaveSessionModal.tsx(1,7349): error TS1005: ';' expected.
src/components/SaveSessionModal.tsx(1,7409): error TS1128: Declaration or statement expected.
src/components/SaveSessionModal.tsx(1,7441): error TS1005: ';' expected.
src/components/SaveSessionModal.tsx(1,7457): error TS1005: ';' expected.
src/components/SaveSessionModal.tsx(1,7482): error TS1005: ';' expected.
src/components/SaveSessionModal.tsx(1,7499): error TS1127: Invalid character.
src/components/SaveSessionModal.tsx(1,7500): error TS1127: Invalid character.
src/components/SaveSessionModal.tsx(1,7501): error TS1128: Declaration or statement expected.
src/components/SaveSessionModal.tsx(1,7697): error TS1005: ';' expected.
src/components/SaveSessionModal.tsx(1,7714): error TS1005: ';' expected.
src/components/SaveSessionModal.tsx(1,7730): error TS1005: ';' expected.
src/components/SaveSessionModal.tsx(1,7785): error TS1005: ';' expected.
src/components/SaveSessionModal.tsx(1,7828): error TS2657: JSX expressions must have one parent element.
src/components/SaveSessionModal.tsx(1,7939): error TS1005: ';' expected.
src/components/SaveSessionModal.tsx(1,7953): error TS1109: Expression expected.
src/components/SaveSessionModal.tsx(1,8216): error TS1005: ';' expected.
src/components/SaveSessionModal.tsx(1,8245): error TS1005: ';' expected.
src/components/SaveSessionModal.tsx(1,8259): error TS1005: ';' expected.
src/components/SaveSessionModal.tsx(1,8300): error TS1136: Property assignment expected.
src/components/SaveSessionModal.tsx(1,8303): error TS1005: ';' expected.
src/components/SaveSessionModal.tsx(1,8331): error TS1128: Declaration or statement expected.
src/components/SaveSessionModal.tsx(1,8355): error TS1005: ';' expected.
src/components/SaveSessionModal.tsx(1,8385): error TS1005: ';' expected.
src/components/SaveSessionModal.tsx(1,8401): error TS1005: ';' expected.
src/components/SaveSessionModal.tsx(1,8465): error TS1005: ';' expected.
src/components/SaveSessionModal.tsx(1,8510): error TS1005: ')' expected.
src/components/SaveSessionModal.tsx(1,8551): error TS1005: ',' expected.
src/components/SaveSessionModal.tsx(1,8554): error TS1005: ':' expected.
src/components/SaveSessionModal.tsx(1,8653): error TS1127: Invalid character.
src/components/SaveSessionModal.tsx(1,8661): error TS1005: ',' expected.
src/components/SaveSessionModal.tsx(1,8666): error TS1005: ':' expected.
src/components/SaveSessionModal.tsx(1,8683): error TS1005: ',' expected.
src/components/SaveSessionModal.tsx(1,8694): error TS1005: ',' expected.
src/components/SaveSessionModal.tsx(1,8703): error TS1109: Expression expected.
src/components/SaveSessionModal.tsx(1,8723): error TS1003: Identifier expected.
src/components/SaveSessionModal.tsx(1,8759): error TS1005: '}' expected.
src/components/SaveSessionModal.tsx(1,8845): error TS1005: ';' expected.
src/components/SaveSessionModal.tsx(1,8849): error TS1005: '(' expected.
src/components/SaveSessionModal.tsx(1,8860): error TS1005: ';' expected.
src/components/SaveSessionModal.tsx(1,8878): error TS1109: Expression expected.
src/components/SaveSessionModal.tsx(1,8907): error TS1005: ';' expected.
src/components/SaveSessionModal.tsx(1,8922): error TS1005: ';' expected.
src/components/SaveSessionModal.tsx(1,8956): error TS1003: Identifier expected.
src/components/SaveSessionModal.tsx(1,8985): error TS1003: Identifier expected.
src/components/SaveSessionModal.tsx(1,9035): error TS1003: Identifier expected.
src/components/SaveSessionModal.tsx(1,9180): error TS1005: ',' expected.
src/components/SaveSessionModal.tsx(1,9183): error TS1005: ',' expected.
src/components/SaveSessionModal.tsx(1,9190): error TS1005: ',' expected.
src/components/SaveSessionModal.tsx(1,9217): error TS1003: Identifier expected.
src/components/SaveSessionModal.tsx(1,9233): error TS17002: Expected corresponding JSX closing tag for 'input'.
src/components/SaveSessionModal.tsx(1,9241): error TS1005: ';' expected.
src/components/SaveSessionModal.tsx(1,9249): error TS1109: Expression expected.
src/components/SaveSessionModal.tsx(1,9297): error TS1005: ';' expected.
src/components/SaveSessionModal.tsx(1,9345): error TS1005: ';' expected.
src/components/SaveSessionModal.tsx(1,9359): error TS1005: ';' expected.
src/components/SaveSessionModal.tsx(1,9379): error TS1005: ';' expected.
src/components/SaveSessionModal.tsx(1,9388): error TS1136: Property assignment expected.
src/components/SaveSessionModal.tsx(1,9391): error TS1005: ';' expected.
src/components/SaveSessionModal.tsx(1,9419): error TS1128: Declaration or statement expected.
src/components/SaveSessionModal.tsx(1,9420): error TS1128: Declaration or statement expected.
src/components/SaveSessionModal.tsx(1,9588): error TS1005: ';' expected.
src/components/SaveSessionModal.tsx(1,9636): error TS1005: ';' expected.
src/components/SaveSessionModal.tsx(1,9651): error TS1005: ',' expected.
src/components/SaveSessionModal.tsx(1,9659): error TS1005: ';' expected.
src/components/SaveSessionModal.tsx(1,9684): error TS1109: Expression expected.
src/components/SaveSessionModal.tsx(1,9687): error TS1005: ';' expected.
src/components/SaveSessionModal.tsx(1,9710): error TS1005: ':' expected.
src/components/SaveSessionModal.tsx(1,9711): error TS1109: Expression expected.
src/components/SaveSessionModal.tsx(1,9849): error TS1005: ',' expected.
src/components/SaveSessionModal.tsx(1,9862): error TS1109: Expression expected.
src/components/SaveSessionModal.tsx(1,9876): error TS1005: ':' expected.
src/components/SaveSessionModal.tsx(1,9899): error TS1136: Property assignment expected.
src/components/SaveSessionModal.tsx(1,9901): error TS1005: ',' expected.
src/components/SaveSessionModal.tsx(1,10593): error TS1005: ',' expected.
src/components/SaveSessionModal.tsx(1,10639): error TS1005: '}' expected.
src/components/SaveSessionModal.tsx(1,10651): error TS1003: Identifier expected.
src/components/SaveSessionModal.tsx(1,10664): error TS1109: Expression expected.
src/components/SaveSessionModal.tsx(1,10665): error TS1136: Property assignment expected.
src/components/SaveSessionModal.tsx(1,10667): error TS1005: ';' expected.
src/components/SaveSessionModal.tsx(1,10690): error TS1005: ':' expected.
src/components/SaveSessionModal.tsx(1,10691): error TS1109: Expression expected.
src/components/SaveSessionModal.tsx(1,13039): error TS1005: ';' expected.
src/components/SaveSessionModal.tsx(1,13045): error TS1128: Declaration or statement expected.
src/components/SaveSessionModal.tsx(1,13060): error TS1005: ';' expected.
src/components/SaveSessionModal.tsx(1,13078): error TS1005: ';' expected.
src/components/SaveSessionModal.tsx(1,13096): error TS1109: Expression expected.
src/components/SaveSessionModal.tsx(1,13106): error TS1109: Expression expected.
src/components/SaveSessionModal.tsx(1,13114): error TS1109: Expression expected.
src/components/SaveSessionModal.tsx(1,13153): error TS1109: Expression expected.
src/components/SaveSessionModal.tsx(1,13175): error TS1005: ';' expected.
src/components/SaveSessionModal.tsx(1,13190): error TS1005: ';' expected.
src/components/SaveSessionModal.tsx(1,13204): error TS1005: ';' expected.
src/components/SaveSessionModal.tsx(1,13266): error TS1005: ';' expected.
src/components/SaveSessionModal.tsx(1,13295): error TS1005: ';' expected.
src/components/SaveSessionModal.tsx(1,13300): error TS1434: Unexpected keyword or identifier.
src/components/SaveSessionModal.tsx(1,13307): error TS1128: Declaration or statement expected.
src/components/SaveSessionModal.tsx(1,13377): error TS1005: ';' expected.
src/components/SaveSessionModal.tsx(1,13412): error TS1005: ';' expected.
src/components/SaveSessionModal.tsx(1,13424): error TS1005: ';' expected.
src/components/SaveSessionModal.tsx(1,13440): error TS1005: ';' expected.
src/components/SaveSessionModal.tsx(1,13467): error TS1005: ';' expected.
src/components/SaveSessionModal.tsx(1,13488): error TS1005: ';' expected.
src/components/SaveSessionModal.tsx(1,13511): error TS1005: ';' expected.
src/components/SaveSessionModal.tsx(1,13549): error TS1005: ';' expected.
src/components/SaveSessionModal.tsx(1,13557): error TS1434: Unexpected keyword or identifier.
src/components/SaveSessionModal.tsx(1,13561): error TS1128: Declaration or statement expected.
src/components/SaveSessionModal.tsx(1,13576): error TS1109: Expression expected.
src/components/SaveSessionModal.tsx(1,13590): error TS2657: JSX expressions must have one parent element.
src/components/SaveSessionModal.tsx(1,14041): error TS1005: ';' expected.
src/components/SaveSessionModal.tsx(1,14051): error TS1109: Expression expected.
src/components/SaveSessionModal.tsx(1,14059): error TS1109: Expression expected.
src/components/SaveSessionModal.tsx(1,14116): error TS1005: ')' expected.
src/components/SaveSessionModal.tsx(1,14120): error TS1005: ',' expected.
src/components/SaveSessionModal.tsx(1,14128): error TS1005: ';' expected.
src/components/SaveSessionModal.tsx(1,14142): error TS1005: ';' expected.
src/components/SaveSessionModal.tsx(1,14194): error TS1005: ';' expected.
src/components/SaveSessionModal.tsx(1,14206): error TS1005: ';' expected.
src/components/SaveSessionModal.tsx(1,14236): error TS1005: ';' expected.
src/components/SaveSessionModal.tsx(1,14255): error TS1005: ';' expected.
src/components/SaveSessionModal.tsx(1,14325): error TS1005: ';' expected.
src/components/SaveSessionModal.tsx(1,14354): error TS1005: ';' expected.
src/components/SaveSessionModal.tsx(1,14366): error TS1005: ';' expected.
src/components/SaveSessionModal.tsx(1,14382): error TS1005: ';' expected.
src/components/SaveSessionModal.tsx(1,14424): error TS1005: ';' expected.
src/components/SaveSessionModal.tsx(1,14450): error TS1005: ';' expected.
src/components/SaveSessionModal.tsx(1,14454): error TS1109: Expression expected.
src/components/SaveSessionModal.tsx(1,14461): error TS1109: Expression expected.
src/components/SaveSessionModal.tsx(1,14495): error TS1003: Identifier expected.
src/components/SaveSessionModal.tsx(1,14506): error TS1003: Identifier expected.
src/components/SaveSessionModal.tsx(1,14537): error TS1128: Declaration or statement expected.
src/components/SaveSessionModal.tsx(1,14538): error TS1128: Declaration or statement expected.
src/components/SaveSessionModal.tsx(1,14577): error TS1005: ';' expected.
src/components/SaveSessionModal.tsx(1,14613): error TS1005: ')' expected.
src/components/SaveSessionModal.tsx(1,14676): error TS1005: ';' expected.
src/components/SaveSessionModal.tsx(1,14686): error TS1005: ';' expected.
src/components/SaveSessionModal.tsx(1,14718): error TS1005: ';' expected.
src/components/SaveSessionModal.tsx(1,14745): error TS1005: ';' expected.
src/components/SaveSessionModal.tsx(1,14751): error TS1109: Expression expected.
src/components/SaveSessionModal.tsx(1,14842): error TS1003: Identifier expected.
src/components/SaveSessionModal.tsx(1,14856): error TS1382: Unexpected token. Did you mean `{'>'}` or `&gt;`?
src/components/SaveSessionModal.tsx(1,14870): error TS1005: '}' expected.
src/components/SaveSessionModal.tsx(1,14871): error TS1381: Unexpected token. Did you mean `{'}'}` or `&rbrace;`?
src/components/SaveSessionModal.tsx(1,14874): error TS17002: Expected corresponding JSX closing tag for 'div'.
src/components/SaveSessionModal.tsx(1,14879): error TS1005: ';' expected.
src/components/SaveSessionModal.tsx(1,14933): error TS1005: ';' expected.
src/components/SaveSessionModal.tsx(1,14941): error TS1005: ';' expected.
src/components/SaveSessionModal.tsx(1,15077): error TS1005: ';' expected.
src/components/SaveSessionModal.tsx(1,15086): error TS1434: Unexpected keyword or identifier.
src/components/SaveSessionModal.tsx(1,15113): error TS1005: ';' expected.
src/components/SaveSessionModal.tsx(1,15249): error TS1005: ';' expected.
src/components/SaveSessionModal.tsx(1,15262): error TS1005: ';' expected.
src/components/SaveSessionModal.tsx(1,15463): error TS1005: ';' expected.
src/components/SaveSessionModal.tsx(1,15475): error TS1005: ';' expected.
src/components/SaveSessionModal.tsx(1,15493): error TS1005: ';' expected.
src/components/SaveSessionModal.tsx(1,15547): error TS1005: ';' expected.
src/components/SaveSessionModal.tsx(1,15586): error TS1005: ';' expected.
src/components/SaveSessionModal.tsx(1,15601): error TS1005: '(' expected.
src/components/SaveSessionModal.tsx(1,15608): error TS1005: ')' expected.
src/components/SaveSessionModal.tsx(1,15625): error TS1109: Expression expected.
src/components/SaveSessionModal.tsx(1,15641): error TS2657: JSX expressions must have one parent element.
src/components/SaveSessionModal.tsx(1,15926): error TS1109: Expression expected.
src/components/SaveSessionModal.tsx(1,15942): error TS1109: Expression expected.
src/components/SaveSessionModal.tsx(1,15943): error TS1381: Unexpected token. Did you mean `{'}'}` or `&rbrace;`?
src/components/SaveSessionModal.tsx(1,16066): error TS1381: Unexpected token. Did you mean `{'}'}` or `&rbrace;`?
src/components/SaveSessionModal.tsx(1,16111): error TS1005: ';' expected.
src/components/SaveSessionModal.tsx(1,16123): error TS1109: Expression expected.
src/components/SaveSessionModal.tsx(1,16143): error TS1005: ';' expected.
src/components/SaveSessionModal.tsx(1,16512): error TS1005: ';' expected.
src/components/SaveSessionModal.tsx(1,16586): error TS1128: Declaration or statement expected.
src/components/SaveSessionModal.tsx(1,16610): error TS1005: ';' expected.
src/components/SaveSessionModal.tsx(1,16640): error TS1005: ';' expected.
src/components/SaveSessionModal.tsx(1,16649): error TS1005: ';' expected.
src/components/SaveSessionModal.tsx(1,16702): error TS1005: ';' expected.
src/components/SaveSessionModal.tsx(1,16747): error TS1005: ')' expected.
src/components/SaveSessionModal.tsx(1,16788): error TS1005: ',' expected.
src/components/SaveSessionModal.tsx(1,16791): error TS1005: ':' expected.
src/components/SaveSessionModal.tsx(1,16897): error TS1005: ',' expected.
src/components/SaveSessionModal.tsx(1,16905): error TS1005: ',' expected.
src/components/SaveSessionModal.tsx(1,16908): error TS1005: ',' expected.
src/components/SaveSessionModal.tsx(1,16919): error TS1136: Property assignment expected.
src/components/SaveSessionModal.tsx(1,16930): error TS1005: ',' expected.
src/components/SaveSessionModal.tsx(1,16939): error TS1109: Expression expected.
src/components/SaveSessionModal.tsx(1,16949): error TS1005: ';' expected.
src/components/SaveSessionModal.tsx(1,16959): error TS1109: Expression expected.
src/components/SaveSessionModal.tsx(1,16967): error TS1109: Expression expected.
src/components/SaveSessionModal.tsx(1,17002): error TS1109: Expression expected.
src/components/SaveSessionModal.tsx(1,17019): error TS1003: Identifier expected.
src/components/SaveSessionModal.tsx(1,17035): error TS1136: Property assignment expected.
src/components/SaveSessionModal.tsx(1,17038): error TS1005: ';' expected.
src/components/SaveSessionModal.tsx(1,17095): error TS1128: Declaration or statement expected.
src/components/SaveSessionModal.tsx(1,17115): error TS1005: ';' expected.
src/components/SaveSessionModal.tsx(1,17127): error TS1005: ';' expected.
src/components/SaveSessionModal.tsx(1,17319): error TS1005: ',' expected.
src/components/SaveSessionModal.tsx(1,17323): error TS1005: ':' expected.
src/components/SaveSessionModal.tsx(1,17355): error TS1005: ':' expected.
src/components/SaveSessionModal.tsx(1,17380): error TS1005: ',' expected.
src/components/SaveSessionModal.tsx(1,17384): error TS1005: ',' expected.
src/components/SaveSessionModal.tsx(1,17400): error TS1005: ';' expected.
src/components/SaveSessionModal.tsx(1,17411): error TS1005: ';' expected.
src/components/SaveSessionModal.tsx(1,17426): error TS1109: Expression expected.
src/components/SaveSessionModal.tsx(1,17440): error TS1109: Expression expected.
src/components/SaveSessionModal.tsx(1,17453): error TS1005: ';' expected.
src/components/SaveSessionModal.tsx(1,17468): error TS1109: Expression expected.
src/components/SaveSessionModal.tsx(1,17532): error TS1005: ';' expected.
src/components/SaveSessionModal.tsx(1,17571): error TS1005: ';' expected.
src/components/SaveSessionModal.tsx(1,17586): error TS1109: Expression expected.
src/components/SaveSessionModal.tsx(1,17648): error TS1005: ';' expected.
src/components/SaveSessionModal.tsx(1,17687): error TS1005: ';' expected.
src/components/SaveSessionModal.tsx(1,17697): error TS1109: Expression expected.
src/components/SaveSessionModal.tsx(1,17707): error TS1109: Expression expected.
src/components/SaveSessionModal.tsx(1,17708): error TS1128: Declaration or statement expected.
src/components/SaveSessionModal.tsx(1,17709): error TS1128: Declaration or statement expected.
src/components/SaveSessionModal.tsx(1,17741): error TS1005: ';' expected.
src/components/ScreenReaderAnnouncement.tsx(37,24): error TS1005: ';' expected.
src/components/ScreenReaderAnnouncement.tsx(221,1): error TS1005: '}' expected.
src/components/SelfCareReminders/SelfCareReminders.tsx(142,6): error TS1128: Declaration or statement expected.
src/components/SimpleErrorBoundary.tsx(29,3): error TS1128: Declaration or statement expected.
src/components/SimpleErrorBoundary.tsx(32,26): error TS1005: ',' expected.
src/components/SimpleErrorBoundary.tsx(32,44): error TS1005: ',' expected.
src/components/SimpleErrorBoundary.tsx(32,57): error TS1005: ';' expected.
src/components/SimpleErrorBoundary.tsx(40,31): error TS1005: ',' expected.
src/components/SimpleErrorBoundary.tsx(40,53): error TS1005: ';' expected.
src/components/SimpleErrorBoundary.tsx(61,26): error TS1005: ';' expected.
src/components/SimpleErrorBoundary.tsx(67,12): error TS1005: ';' expected.
src/components/SimpleErrorBoundary.tsx(93,1): error TS1434: Unexpected keyword or identifier.
src/components/SimpleErrorBoundary.tsx(93,8): error TS1434: Unexpected keyword or identifier.
src/components/SimpleErrorBoundary.tsx(94,1): error TS1005: '}' expected.
src/components/SpecializedErrorBoundaries.tsx(345,10): error TS1005: ';' expected.
src/components/StandardizedLoading.tsx(239,1): error TS1005: '}' expected.
src/components/TimestampTooltip.tsx(45,1): error TS1131: Property or signature expected.
src/components/TimestampTooltip.tsx(332,28): error TS1005: ';' expected.
src/components/TimestampTooltip.tsx(358,32): error TS1005: ';' expected.
src/components/ui/Avatar.tsx(1,39): error TS1005: 'from' expected.
src/components/ui/Avatar.tsx(1,46): error TS1005: ';' expected.
src/components/ui/Avatar.tsx(1,54): error TS1109: Expression expected.
src/components/ui/Avatar.tsx(1,75): error TS1005: ';' expected.
src/components/ui/Avatar.tsx(1,147): error TS1005: ';' expected.
src/components/ui/Avatar.tsx(1,210): error TS1005: ';' expected.
src/components/ui/Avatar.tsx(1,289): error TS1005: '>' expected.
src/components/ui/Avatar.tsx(1,303): error TS1005: ',' expected.
src/components/ui/Avatar.tsx(1,308): error TS1005: ',' expected.
src/components/ui/Avatar.tsx(1,500): error TS1005: ';' expected.
src/components/ui/Avatar.tsx(1,716): error TS1005: ';' expected.
src/components/ui/Avatar.tsx(1,775): error TS1005: ';' expected.
src/components/ui/Avatar.tsx(1,793): error TS1005: ';' expected.
src/components/ui/Avatar.tsx(1,810): error TS1005: ';' expected.
src/components/ui/Avatar.tsx(1,1012): error TS1005: ';' expected.
src/components/ui/Avatar.tsx(1,1024): error TS1109: Expression expected.
src/components/ui/Avatar.tsx(1,1050): error TS1005: ',' expected.
src/components/ui/Avatar.tsx(1,1051): error TS1005: ',' expected.
src/components/ui/Avatar.tsx(1,1089): error TS1005: ',' expected.
src/components/ui/Avatar.tsx(1,1090): error TS1005: ',' expected.
src/components/ui/Avatar.tsx(1,1102): error TS1389: 'const' is not allowed as a variable declaration name.
src/components/ui/Avatar.tsx(1,1137): error TS1005: ':' expected.
src/components/ui/Avatar.tsx(1,1142): error TS1005: ',' expected.
src/components/ui/Avatar.tsx(1,1153): error TS1005: ';' expected.
src/components/ui/Avatar.tsx(1,1197): error TS1005: ';' expected.
src/components/ui/Avatar.tsx(1,1205): error TS1005: ';' expected.
src/components/ui/Avatar.tsx(1,1215): error TS1005: ';' expected.
src/components/ui/Avatar.tsx(1,1227): error TS1005: ';' expected.
src/components/ui/Avatar.tsx(1,1249): error TS1005: ',' expected.
src/components/ui/Avatar.tsx(1,1312): error TS1109: Expression expected.
src/components/ui/Avatar.tsx(1,1317): error TS1434: Unexpected keyword or identifier.
src/components/ui/Avatar.tsx(1,1344): error TS1005: ';' expected.
src/components/ui/Avatar.tsx(1,1345): error TS1128: Declaration or statement expected.
src/components/ui/Avatar.tsx(1,1491): error TS1005: ';' expected.
src/components/ui/Avatar.tsx(1,1543): error TS1005: ';' expected.
src/components/ui/Avatar.tsx(1,1588): error TS1128: Declaration or statement expected.
src/components/ui/Badge.tsx(1,29): error TS1005: 'from' expected.
src/components/ui/Badge.tsx(1,36): error TS1005: ';' expected.
src/components/ui/Badge.tsx(1,44): error TS1109: Expression expected.
src/components/ui/Badge.tsx(1,64): error TS1005: ';' expected.
src/components/ui/Badge.tsx(1,96): error TS1005: ';' expected.
src/components/ui/Badge.tsx(1,98): error TS1434: Unexpected keyword or identifier.
src/components/ui/Badge.tsx(1,112): error TS1005: ';' expected.
src/components/ui/Badge.tsx(1,158): error TS1005: ';' expected.
src/components/ui/Badge.tsx(1,170): error TS1005: ';' expected.
src/components/ui/Badge.tsx(1,211): error TS1005: ';' expected.
src/components/ui/Badge.tsx(1,243): error TS1005: ';' expected.
src/components/ui/Badge.tsx(1,250): error TS1005: ';' expected.
src/components/ui/Badge.tsx(1,262): error TS1005: ';' expected.
src/components/ui/Badge.tsx(1,656): error TS1005: ':' expected.
src/components/ui/Badge.tsx(1,663): error TS1005: ',' expected.
src/components/ui/Badge.tsx(1,666): error TS1005: ':' expected.
src/components/ui/Badge.tsx(1,756): error TS1005: ',' expected.
src/components/ui/Badge.tsx(1,765): error TS1005: ',' expected.
src/components/ui/Badge.tsx(1,778): error TS1005: ':' expected.
src/components/ui/Badge.tsx(1,794): error TS1005: ':' expected.
src/components/ui/Badge.tsx(1,808): error TS1005: ':' expected.
src/components/ui/Badge.tsx(1,821): error TS1005: ')' expected.
src/components/ui/Badge.tsx(1,846): error TS1005: ';' expected.
src/components/ui/Badge.tsx(1,857): error TS1109: Expression expected.
src/components/ui/Badge.tsx(1,885): error TS1005: ',' expected.
src/components/ui/Badge.tsx(1,886): error TS1005: ',' expected.
src/components/ui/Badge.tsx(1,923): error TS1005: ',' expected.
src/components/ui/Badge.tsx(1,924): error TS1005: ',' expected.
src/components/ui/Badge.tsx(1,933): error TS1389: 'const' is not allowed as a variable declaration name.
src/components/ui/Badge.tsx(1,958): error TS1005: ':' expected.
src/components/ui/Badge.tsx(1,962): error TS1005: ',' expected.
src/components/ui/Badge.tsx(1,967): error TS1005: ';' expected.
src/components/ui/Badge.tsx(1,1005): error TS1005: ';' expected.
src/components/ui/Badge.tsx(1,1012): error TS1005: ';' expected.
src/components/ui/Badge.tsx(1,1029): error TS1005: ';' expected.
src/components/ui/Badge.tsx(1,1248): error TS1005: ';' expected.
src/components/ui/Badge.tsx(1,1256): error TS1109: Expression expected.
src/components/ui/Badge.tsx(1,1303): error TS1005: '=>' expected.
src/components/ui/Badge.tsx(1,1308): error TS1109: Expression expected.
src/components/ui/Badge.tsx(1,1313): error TS1128: Declaration or statement expected.
src/components/ui/Badge.tsx(1,1345): error TS1005: ';' expected.
src/components/ui/Badge.tsx(1,1359): error TS1128: Declaration or statement expected.
src/components/ui/Badge.tsx(1,1360): error TS1128: Declaration or statement expected.
src/components/ui/Badge.tsx(1,1414): error TS1005: '=>' expected.
src/components/ui/Badge.tsx(1,1419): error TS1109: Expression expected.
src/components/ui/Badge.tsx(1,1432): error TS1109: Expression expected.
src/components/ui/Badge.tsx(1,1462): error TS1109: Expression expected.
src/components/ui/Badge.tsx(1,1507): error TS1005: ')' expected.
src/components/ui/Badge.tsx(1,1536): error TS1005: ';' expected.
src/components/ui/Badge.tsx(1,1552): error TS1128: Declaration or statement expected.
src/components/ui/Badge.tsx(1,1555): error TS1128: Declaration or statement expected.
src/components/ui/Badge.tsx(1,1556): error TS1128: Declaration or statement expected.
src/components/ui/Badge.tsx(1,1591): error TS1003: Identifier expected.
src/components/ui/Badge.tsx(1,1609): error TS1003: Identifier expected.
src/components/ui/Badge.tsx(1,1665): error TS1128: Declaration or statement expected.
src/components/ui/Badge.tsx(1,1685): error TS1003: Identifier expected.
src/components/ui/Badge.tsx(1,1701): error TS1003: Identifier expected.
src/components/ui/Badge.tsx(1,1738): error TS1005: '}' expected.
src/components/ui/Badge.tsx(1,1746): error TS1109: Expression expected.
src/components/ui/Badge.tsx(1,1784): error TS1005: ')' expected.
src/components/ui/Badge.tsx(1,1898): error TS1128: Declaration or statement expected.
src/components/ui/Badge.tsx(1,1925): error TS1005: ';' expected.
src/components/ui/Badge.tsx(1,1952): error TS1005: ';' expected.
src/components/ui/Badge.tsx(1,1970): error TS1128: Declaration or statement expected.
src/components/ui/Badge.tsx(1,1983): error TS1109: Expression expected.
src/components/ui/Badge.tsx(1,1993): error TS1005: ';' expected.
src/components/ui/Badge.tsx(1,2039): error TS1005: ')' expected.
src/components/ui/Badge.tsx(1,2185): error TS1005: ';' expected.
src/components/ui/Badge.tsx(1,2299): error TS1005: ',' expected.
src/components/ui/Badge.tsx(1,2303): error TS1005: ':' expected.
src/components/ui/Badge.tsx(1,2318): error TS1005: ',' expected.
src/components/ui/Badge.tsx(1,2324): error TS1005: ';' expected.
src/components/ui/Badge.tsx(1,2340): error TS1005: ';' expected.
src/components/ui/Badge.tsx(1,2461): error TS1005: ';' expected.
src/components/ui/Badge.tsx(1,2548): error TS1005: ';' expected.
src/components/ui/Badge.tsx(1,2550): error TS1005: ';' expected.
src/components/ui/Badge.tsx(1,2565): error TS1005: ';' expected.
src/components/ui/Badge.tsx(1,2567): error TS1005: ';' expected.
src/components/ui/Badge.tsx(1,2582): error TS1005: ';' expected.
src/components/ui/Badge.tsx(1,2583): error TS1005: ';' expected.
src/components/ui/Badge.tsx(1,2673): error TS1005: ';' expected.
src/components/ui/Badge.tsx(1,2810): error TS1109: Expression expected.
src/components/ui/Badge.tsx(1,2813): error TS1109: Expression expected.
src/components/ui/Badge.tsx(1,2819): error TS1109: Expression expected.
src/components/ui/Button.tsx(1,29): error TS1005: 'from' expected.
src/components/ui/Button.tsx(1,36): error TS1005: ';' expected.
src/components/ui/Button.tsx(1,44): error TS1109: Expression expected.
src/components/ui/Button.tsx(1,65): error TS1005: ';' expected.
src/components/ui/Button.tsx(1,98): error TS1005: ';' expected.
src/components/ui/Button.tsx(1,100): error TS1434: Unexpected keyword or identifier.
src/components/ui/Button.tsx(1,114): error TS1005: ';' expected.
src/components/ui/Button.tsx(1,157): error TS1005: ';' expected.
src/components/ui/Button.tsx(1,171): error TS1005: ';' expected.
src/components/ui/Button.tsx(1,212): error TS1005: ';' expected.
src/components/ui/Button.tsx(1,226): error TS1005: ';' expected.
src/components/ui/Button.tsx(1,259): error TS1005: ';' expected.
src/components/ui/Button.tsx(1,266): error TS1005: ';' expected.
src/components/ui/Button.tsx(1,274): error TS1005: ';' expected.
src/components/ui/Button.tsx(1,282): error TS1005: ';' expected.
src/components/ui/Button.tsx(1,294): error TS1005: ';' expected.
src/components/ui/Button.tsx(1,654): error TS1005: ':' expected.
src/components/ui/Button.tsx(1,655): error TS1128: Declaration or statement expected.
src/components/ui/Button.tsx(1,706): error TS1005: ',' expected.
src/components/ui/Button.tsx(1,759): error TS1005: ';' expected.
src/components/ui/Button.tsx(1,777): error TS1005: ';' expected.
src/components/ui/Button.tsx(1,782): error TS1005: ';' expected.
src/components/ui/Button.tsx(1,847): error TS1005: ';' expected.
src/components/ui/Button.tsx(1,936): error TS1128: Declaration or statement expected.
src/components/ui/Button.tsx(1,937): error TS1128: Declaration or statement expected.
src/components/ui/Button.tsx(1,939): error TS1434: Unexpected keyword or identifier.
src/components/ui/Button.tsx(1,942): error TS1128: Declaration or statement expected.
src/components/ui/Button.tsx(1,944): error TS1128: Declaration or statement expected.
src/components/ui/Button.tsx(1,974): error TS1005: ';' expected.
src/components/ui/Button.tsx(1,983): error TS1109: Expression expected.
src/components/ui/Button.tsx(1,1009): error TS1005: ',' expected.
src/components/ui/Button.tsx(1,1010): error TS1005: ',' expected.
src/components/ui/Button.tsx(1,1045): error TS1005: ',' expected.
src/components/ui/Button.tsx(1,1046): error TS1005: ',' expected.
src/components/ui/Button.tsx(1,1055): error TS1389: 'const' is not allowed as a variable declaration name.
src/components/ui/Button.tsx(1,1090): error TS1005: ':' expected.
src/components/ui/Button.tsx(1,1092): error TS1005: ',' expected.
src/components/ui/Button.tsx(1,1101): error TS1005: ';' expected.
src/components/ui/Button.tsx(1,1145): error TS1005: ';' expected.
src/components/ui/Button.tsx(1,1150): error TS1005: ';' expected.
src/components/ui/Button.tsx(1,1159): error TS1005: ';' expected.
src/components/ui/Button.tsx(1,1171): error TS1005: ';' expected.
src/components/ui/Button.tsx(1,1232): error TS1389: 'const' is not allowed as a variable declaration name.
src/components/ui/Button.tsx(1,1313): error TS1005: ',' expected.
src/components/ui/Button.tsx(1,1317): error TS1005: ',' expected.
src/components/ui/Button.tsx(1,1352): error TS1109: Expression expected.
src/components/ui/Button.tsx(1,1637): error TS1005: ';' expected.
src/components/ui/Button.tsx(1,1645): error TS1109: Expression expected.
src/components/ui/Button.tsx(1,1745): error TS1003: Identifier expected.
src/components/ui/Button.tsx(1,1761): error TS1003: Identifier expected.
src/components/ui/Button.tsx(1,1783): error TS1003: Identifier expected.
src/components/ui/Button.tsx(1,1838): error TS1005: '}' expected.
src/components/ui/Button.tsx(1,1846): error TS1109: Expression expected.
src/components/ui/Button.tsx(1,1885): error TS1005: ')' expected.
src/components/ui/Button.tsx(1,1945): error TS1005: ';' expected.
src/components/ui/Button.tsx(1,1972): error TS1005: ';' expected.
src/components/ui/Button.tsx(1,1985): error TS1109: Expression expected.
src/components/ui/Button.tsx(1,2032): error TS1005: ';' expected.
src/components/ui/Button.tsx(1,2050): error TS1005: ';' expected.
src/components/ui/Button.tsx(1,2071): error TS1005: ';' expected.
src/components/ui/Button.tsx(1,2073): error TS1005: ';' expected.
src/components/ui/Button.tsx(1,2094): error TS1005: ';' expected.
src/components/ui/Button.tsx(1,2096): error TS1005: ';' expected.
src/components/ui/Button.tsx(1,2116): error TS1005: ';' expected.
src/components/ui/Button.tsx(1,2118): error TS1005: ';' expected.
src/components/ui/Button.tsx(1,2141): error TS1005: ';' expected.
src/components/ui/Button.tsx(1,2175): error TS1005: ';' expected.
src/components/ui/Button.tsx(1,2176): error TS1005: ';' expected.
src/components/ui/Button.tsx(1,2236): error TS1005: ';' expected.
src/components/ui/Button.tsx(1,2253): error TS1005: ';' expected.
src/components/ui/Button.tsx(1,2274): error TS1005: ';' expected.
src/components/ui/Button.tsx(1,2276): error TS1005: ';' expected.
src/components/ui/Button.tsx(1,2297): error TS1005: ';' expected.
src/components/ui/Button.tsx(1,2299): error TS1005: ';' expected.
src/components/ui/Button.tsx(1,2319): error TS1005: ';' expected.
src/components/ui/Button.tsx(1,2321): error TS1005: ';' expected.
src/components/ui/Button.tsx(1,2344): error TS1005: ';' expected.
src/components/ui/Button.tsx(1,2378): error TS1005: ';' expected.
src/components/ui/Button.tsx(1,2379): error TS1005: ';' expected.
src/components/ui/Button.tsx(1,2411): error TS1005: ';' expected.
src/components/ui/Button.tsx(1,2545): error TS1005: ';' expected.
src/components/ui/Button.tsx(1,2571): error TS1005: ';' expected.
src/components/ui/Button.tsx(1,2595): error TS1128: Declaration or statement expected.
src/components/ui/Button.tsx(1,2637): error TS1005: ';' expected.
src/components/ui/Button.tsx(1,2666): error TS1128: Declaration or statement expected.
src/components/ui/Button.tsx(1,2710): error TS1005: ';' expected.
src/components/ui/Button.tsx(1,2731): error TS1005: ';' expected.
src/components/ui/Button.tsx(1,2767): error TS1005: ';' expected.
src/components/ui/Button.tsx(1,2769): error TS1109: Expression expected.
src/components/ui/Button.tsx(1,2776): error TS1109: Expression expected.
src/components/ui/Button.tsx(1,2777): error TS1128: Declaration or statement expected.
src/components/ui/Button.tsx(1,2843): error TS1005: ';' expected.
src/components/ui/Button.tsx(1,2868): error TS1005: ';' expected.
src/components/ui/Button.tsx(1,2879): error TS1109: Expression expected.
src/components/ui/Button.tsx(1,2911): error TS1160: Unterminated template literal.
src/components/ui/Card.tsx(1,29): error TS1005: 'from' expected.
src/components/ui/Card.tsx(1,36): error TS1005: ';' expected.
src/components/ui/Card.tsx(1,44): error TS1109: Expression expected.
src/components/ui/Card.tsx(1,63): error TS1005: ';' expected.
src/components/ui/Card.tsx(1,94): error TS1005: ';' expected.
src/components/ui/Card.tsx(1,96): error TS1005: 'export' expected.
src/components/ui/Card.tsx(1,110): error TS1005: ';' expected.
src/components/ui/Card.tsx(1,154): error TS1005: ';' expected.
src/components/ui/Card.tsx(1,172): error TS1005: ';' expected.
src/components/ui/Card.tsx(1,209): error TS1005: ';' expected.
src/components/ui/Card.tsx(1,216): error TS1005: ';' expected.
src/components/ui/Card.tsx(1,224): error TS1005: ';' expected.
src/components/ui/Card.tsx(1,236): error TS1005: ';' expected.
src/components/ui/Card.tsx(1,472): error TS1005: ':' expected.
src/components/ui/Card.tsx(1,484): error TS1005: ';' expected.
src/components/ui/Card.tsx(1,490): error TS1005: ';' expected.
src/components/ui/Card.tsx(1,504): error TS1005: ';' expected.
src/components/ui/Card.tsx(1,515): error TS1005: ';' expected.
src/components/ui/Card.tsx(1,628): error TS1005: ':' expected.
src/components/ui/Card.tsx(1,635): error TS1005: ':' expected.
src/components/ui/Card.tsx(1,673): error TS1005: ',' expected.
src/components/ui/Card.tsx(1,690): error TS1005: ':' expected.
src/components/ui/Card.tsx(1,726): error TS1005: ':' expected.
src/components/ui/Card.tsx(1,730): error TS1005: ',' expected.
src/components/ui/Card.tsx(1,733): error TS1005: ':' expected.
src/components/ui/Card.tsx(1,783): error TS1005: ',' expected.
src/components/ui/Card.tsx(1,787): error TS1005: ',' expected.
src/components/ui/Card.tsx(1,792): error TS1005: ':' expected.
src/components/ui/Card.tsx(1,800): error TS1005: ',' expected.
src/components/ui/Card.tsx(1,816): error TS1005: ':' expected.
src/components/ui/Card.tsx(1,825): error TS1005: ':' expected.
src/components/ui/Card.tsx(1,844): error TS1005: ',' expected.
src/components/ui/Card.tsx(1,1009): error TS1005: ':' expected.
src/components/ui/Card.tsx(1,1085): error TS1005: ',' expected.
src/components/ui/Card.tsx(1,1089): error TS1005: ',' expected.
src/components/ui/Card.tsx(1,1122): error TS1005: ':' expected.
src/components/ui/Card.tsx(1,1131): error TS1005: ':' expected.
src/components/ui/Card.tsx(1,1171): error TS1005: ':' expected.
src/components/ui/Card.tsx(1,1174): error TS1005: ',' expected.
src/components/ui/Card.tsx(1,1176): error TS1005: ')' expected.
src/components/ui/Card.tsx(1,1186): error TS1005: ';' expected.
src/components/ui/Card.tsx(1,1197): error TS1128: Declaration or statement expected.
src/components/ui/Card.tsx(1,1385): error TS1005: ';' expected.
src/components/ui/Card.tsx(1,1393): error TS1109: Expression expected.
src/components/ui/Card.tsx(1,1509): error TS1005: '=>' expected.
src/components/ui/Card.tsx(1,1514): error TS1109: Expression expected.
src/components/ui/Card.tsx(1,1527): error TS1109: Expression expected.
src/components/ui/Card.tsx(1,1559): error TS1109: Expression expected.
src/components/ui/Card.tsx(1,1604): error TS1005: ')' expected.
src/components/ui/Card.tsx(1,1635): error TS1128: Declaration or statement expected.
src/components/ui/Card.tsx(1,1638): error TS1128: Declaration or statement expected.
src/components/ui/Card.tsx(1,1639): error TS1128: Declaration or statement expected.
src/components/ui/Card.tsx(1,1658): error TS1003: Identifier expected.
src/components/ui/Card.tsx(1,1674): error TS1003: Identifier expected.
src/components/ui/Card.tsx(1,1696): error TS1003: Identifier expected.
src/components/ui/Card.tsx(1,1721): error TS1003: Identifier expected.
src/components/ui/Card.tsx(1,1781): error TS1003: Identifier expected.
src/components/ui/Card.tsx(1,1782): error TS1003: Identifier expected.
src/components/ui/Card.tsx(1,1975): error TS1128: Declaration or statement expected.
src/components/ui/Card.tsx(1,2017): error TS1005: ';' expected.
src/components/ui/Card.tsx(1,2047): error TS1005: ';' expected.
src/components/ui/Card.tsx(1,2100): error TS1005: ';' expected.
src/components/ui/Card.tsx(1,2214): error TS1005: ';' expected.
src/components/ui/Card.tsx(1,2462): error TS1005: ':' expected.
src/components/ui/Card.tsx(1,2487): error TS1005: ':' expected.
src/components/ui/Card.tsx(1,2500): error TS1005: ')' expected.
src/components/ui/Card.tsx(1,2881): error TS1005: ':' expected.
src/components/ui/Card.tsx(1,2894): error TS1005: ')' expected.
src/components/ui/Card.tsx(1,3255): error TS1005: ':' expected.
src/components/ui/Card.tsx(1,3257): error TS1136: Property assignment expected.
src/components/ui/Card.tsx(1,3262): error TS1005: ')' expected.
src/components/ui/Card.tsx(1,3273): error TS1109: Expression expected.
src/components/ui/Card.tsx(1,3276): error TS1434: Unexpected keyword or identifier.
src/components/ui/Card.tsx(1,3303): error TS1005: ';' expected.
src/components/ui/Card.tsx(1,3319): error TS1003: Identifier expected.
src/components/ui/Card.tsx(1,3335): error TS1003: Identifier expected.
src/components/ui/Card.tsx(1,3362): error TS1005: '}' expected.
src/components/ui/Card.tsx(1,3372): error TS1003: Identifier expected.
src/components/ui/Card.tsx(1,3380): error TS1128: Declaration or statement expected.
src/components/ui/Card.tsx(1,3393): error TS1109: Expression expected.
src/components/ui/Card.tsx(1,3414): error TS1005: ';' expected.
src/components/ui/Card.tsx(1,3422): error TS1109: Expression expected.
src/components/ui/Card.tsx(1,3423): error TS1128: Declaration or statement expected.
src/components/ui/Card.tsx(1,3424): error TS1128: Declaration or statement expected.
src/components/ui/Card.tsx(1,3452): error TS1005: ';' expected.
src/components/ui/Card.tsx(1,3463): error TS1002: Unterminated string literal.
src/components/ui/Modal.tsx(1,48): error TS1005: 'from' expected.
src/components/ui/Modal.tsx(1,55): error TS1005: ';' expected.
src/components/ui/Modal.tsx(1,63): error TS1109: Expression expected.
src/components/ui/Modal.tsx(1,86): error TS1005: 'from' expected.
src/components/ui/Modal.tsx(1,93): error TS1005: ';' expected.
src/components/ui/Modal.tsx(1,105): error TS1109: Expression expected.
src/components/ui/Modal.tsx(1,125): error TS1005: ';' expected.
src/components/ui/Modal.tsx(1,189): error TS1005: ';' expected.
src/components/ui/Modal.tsx(1,248): error TS1110: Type expected.
src/components/ui/Modal.tsx(1,251): error TS1131: Property or signature expected.
src/components/ui/Modal.tsx(1,273): error TS1005: ':' expected.
src/components/ui/Modal.tsx(1,294): error TS1005: ':' expected.
src/components/ui/Modal.tsx(1,326): error TS1005: ':' expected.
src/components/ui/Modal.tsx(1,352): error TS1005: ':' expected.
src/components/ui/Modal.tsx(1,380): error TS1005: ':' expected.
src/components/ui/Modal.tsx(1,406): error TS1005: ':' expected.
src/components/ui/Modal.tsx(1,425): error TS1005: ':' expected.
src/components/ui/Modal.tsx(1,436): error TS1005: ';' expected.
src/components/ui/Modal.tsx(1,477): error TS1005: ':' expected.
src/components/ui/Modal.tsx(1,503): error TS1005: ':' expected.
src/components/ui/Modal.tsx(1,504): error TS1128: Declaration or statement expected.
src/components/ui/Modal.tsx(1,505): error TS1128: Declaration or statement expected.
src/components/ui/Modal.tsx(1,532): error TS1005: ';' expected.
src/components/ui/Modal.tsx(1,543): error TS1005: ';' expected.
src/components/ui/Modal.tsx(1,571): error TS1005: ';' expected.
src/components/ui/Modal.tsx(1,575): error TS1005: ';' expected.
src/components/ui/Modal.tsx(1,595): error TS1005: ';' expected.
src/components/ui/Modal.tsx(1,599): error TS1005: ';' expected.
src/components/ui/Modal.tsx(1,621): error TS1005: ';' expected.
src/components/ui/Modal.tsx(1,625): error TS1005: ';' expected.
src/components/ui/Modal.tsx(1,669): error TS1005: ';' expected.
src/components/ui/Modal.tsx(1,723): error TS1128: Declaration or statement expected.
src/components/ui/Modal.tsx(1,724): error TS1128: Declaration or statement expected.
src/components/ui/Modal.tsx(1,726): error TS1434: Unexpected keyword or identifier.
src/components/ui/Modal.tsx(1,729): error TS1128: Declaration or statement expected.
src/components/ui/Modal.tsx(1,731): error TS1128: Declaration or statement expected.
src/components/ui/Modal.tsx(1,1091): error TS1109: Expression expected.
src/components/ui/Modal.tsx(1,1104): error TS1109: Expression expected.
src/components/ui/Modal.tsx(1,1168): error TS1128: Declaration or statement expected.
src/components/ui/Modal.tsx(1,1173): error TS1128: Declaration or statement expected.
src/components/ui/Modal.tsx(1,1201): error TS1005: ';' expected.
src/components/ui/Modal.tsx(1,1202): error TS1128: Declaration or statement expected.
src/components/ui/Modal.tsx(1,1333): error TS1005: ';' expected.
src/components/ui/Modal.tsx(1,1422): error TS1005: ';' expected.
src/components/ui/Modal.tsx(1,1445): error TS1005: ';' expected.
src/components/ui/Modal.tsx(1,1498): error TS1005: ';' expected.
src/components/ui/Modal.tsx(1,1565): error TS1005: ';' expected.
src/components/ui/Modal.tsx(1,1566): error TS1128: Declaration or statement expected.
src/components/ui/Modal.tsx(1,1959): error TS1005: ';' expected.
src/components/ui/Modal.tsx(1,1966): error TS1128: Declaration or statement expected.
src/components/ui/Modal.tsx(1,1967): error TS1128: Declaration or statement expected.
src/components/ui/Modal.tsx(1,1974): error TS1005: ',' expected.
src/components/ui/Modal.tsx(1,2024): error TS1005: ';' expected.
src/components/ui/Modal.tsx(1,2089): error TS1128: Declaration or statement expected.
src/components/ui/Modal.tsx(1,2091): error TS1128: Declaration or statement expected.
src/components/ui/Modal.tsx(1,2147): error TS1128: Declaration or statement expected.
src/components/ui/Modal.tsx(1,2148): error TS1128: Declaration or statement expected.
src/components/ui/Modal.tsx(1,2153): error TS1005: ';' expected.
src/components/ui/Modal.tsx(1,2158): error TS1128: Declaration or statement expected.
src/components/ui/Modal.tsx(1,2159): error TS1128: Declaration or statement expected.
src/components/ui/Modal.tsx(1,2161): error TS1128: Declaration or statement expected.
src/components/ui/Modal.tsx(1,5796): error TS1005: '}' expected.
src/components/ui/Progress.tsx(1,50): error TS1005: 'from' expected.
src/components/ui/Progress.tsx(1,57): error TS1005: ';' expected.
src/components/ui/Progress.tsx(1,65): error TS1109: Expression expected.
src/components/ui/Skeleton.tsx(1,29): error TS1005: 'from' expected.
src/components/ui/Skeleton.tsx(1,36): error TS1005: ';' expected.
src/components/ui/Skeleton.tsx(1,44): error TS1109: Expression expected.
src/components/ui/Skeleton.tsx(1,67): error TS1005: ';' expected.
src/components/ui/Skeleton.tsx(1,149): error TS1005: ';' expected.
src/components/ui/Skeleton.tsx(1,228): error TS1128: Declaration or statement expected.
src/components/ui/Skeleton.tsx(1,260): error TS1005: ':' expected.
src/components/ui/Skeleton.tsx(1,284): error TS1005: ':' expected.
src/components/ui/Skeleton.tsx(1,313): error TS1005: ':' expected.
src/components/ui/Skeleton.tsx(1,335): error TS1005: ':' expected.
src/components/ui/Skeleton.tsx(1,347): error TS1005: ';' expected.
src/components/ui/Skeleton.tsx(1,352): error TS1005: ';' expected.
src/components/ui/Skeleton.tsx(1,500): error TS1005: ';' expected.
src/components/ui/Skeleton.tsx(1,523): error TS1005: ';' expected.
src/components/ui/Skeleton.tsx(1,587): error TS1005: ';' expected.
src/components/ui/Skeleton.tsx(1,592): error TS1005: ';' expected.
src/components/ui/Skeleton.tsx(1,595): error TS1434: Unexpected keyword or identifier.
src/components/ui/Skeleton.tsx(1,620): error TS1109: Expression expected.
src/components/ui/Skeleton.tsx(1,746): error TS1005: ':' expected.
src/components/ui/Skeleton.tsx(1,755): error TS1005: ';' expected.
src/components/ui/Skeleton.tsx(1,768): error TS1128: Declaration or statement expected.
src/components/ui/Skeleton.tsx(1,887): error TS1005: ';' expected.
src/components/ui/Skeleton.tsx(1,895): error TS1109: Expression expected.
src/components/ui/Skeleton.tsx(1,917): error TS1005: ',' expected.
src/components/ui/Skeleton.tsx(1,928): error TS1005: ';' expected.
src/components/ui/Skeleton.tsx(1,943): error TS1005: ';' expected.
src/components/ui/Skeleton.tsx(1,945): error TS1109: Expression expected.
src/components/ui/Skeleton.tsx(1,958): error TS1109: Expression expected.
src/components/ui/Skeleton.tsx(1,973): error TS1005: ';' expected.
src/components/ui/Skeleton.tsx(1,989): error TS1005: ';' expected.
src/components/ui/Skeleton.tsx(1,991): error TS1109: Expression expected.
src/components/ui/Skeleton.tsx(1,996): error TS1005: ';' expected.
src/components/ui/Skeleton.tsx(1,1024): error TS1005: ';' expected.
src/components/ui/Skeleton.tsx(1,1167): error TS1005: ';' expected.
src/components/ui/Skeleton.tsx(1,1181): error TS1005: ';' expected.
src/components/ui/Skeleton.tsx(1,1503): error TS1128: Declaration or statement expected.
src/components/ui/Skeleton.tsx(1,1504): error TS1128: Declaration or statement expected.
src/components/ui/Skeleton.tsx(1,1520): error TS1109: Expression expected.
src/components/ui/Skeleton.tsx(1,1529): error TS1109: Expression expected.
src/components/ui/Skeleton.tsx(1,1530): error TS1128: Declaration or statement expected.
src/components/ui/Skeleton.tsx(1,1531): error TS1128: Declaration or statement expected.
src/components/ui/Skeleton.tsx(1,1538): error TS1128: Declaration or statement expected.
src/components/ui/Skeleton.tsx(1,1548): error TS1109: Expression expected.
src/components/ui/Skeleton.tsx(1,1551): error TS1128: Declaration or statement expected.
src/components/ui/Skeleton.tsx(1,1552): error TS1128: Declaration or statement expected.
src/components/ui/Skeleton.tsx(1,1571): error TS1003: Identifier expected.
src/components/ui/Skeleton.tsx(1,1587): error TS1003: Identifier expected.
src/components/ui/Skeleton.tsx(1,1609): error TS1003: Identifier expected.
src/components/ui/Skeleton.tsx(1,1662): error TS1128: Declaration or statement expected.
src/components/ui/Skeleton.tsx(1,1859): error TS1005: ':' expected.
src/components/ui/Skeleton.tsx(1,1860): error TS1109: Expression expected.
src/components/ui/Skeleton.tsx(1,1862): error TS1109: Expression expected.
src/components/ui/Skeleton.tsx(1,1876): error TS1005: ',' expected.
src/components/ui/Skeleton.tsx(1,1887): error TS1005: ':' expected.
src/components/ui/Skeleton.tsx(1,1892): error TS1005: ':' expected.
src/components/ui/Skeleton.tsx(1,1911): error TS1005: ';' expected.
src/components/ui/Skeleton.tsx(1,1942): error TS1005: ')' expected.
src/components/ui/Skeleton.tsx(1,2236): error TS1109: Expression expected.
src/components/ui/Skeleton.tsx(1,2237): error TS1109: Expression expected.
src/components/ui/Skeleton.tsx(1,2276): error TS1005: '>' expected.
src/components/ui/Skeleton.tsx(1,2277): error TS1128: Declaration or statement expected.
src/components/ui/Skeleton.tsx(1,2305): error TS1005: ':' expected.
src/components/ui/Skeleton.tsx(1,2332): error TS1005: ':' expected.
src/components/ui/Skeleton.tsx(1,2516): error TS1109: Expression expected.
src/components/ui/Skeleton.tsx(1,2517): error TS1109: Expression expected.
src/components/ui/Skeleton.tsx(1,2555): error TS1131: Property or signature expected.
src/components/ui/Skeleton.tsx(1,2569): error TS1005: '>' expected.
src/components/ui/Skeleton.tsx(1,2578): error TS1128: Declaration or statement expected.
src/components/ui/Skeleton.tsx(1,2579): error TS1109: Expression expected.
src/components/ui/Skeleton.tsx(1,2581): error TS1109: Expression expected.
src/components/ui/Skeleton.tsx(1,2599): error TS1109: Expression expected.
src/components/ui/Skeleton.tsx(1,2616): error TS1005: ')' expected.
src/components/ui/Skeleton.tsx(1,2635): error TS1005: ',' expected.
src/components/ui/Skeleton.tsx(1,2641): error TS1005: ';' expected.
src/components/ui/Skeleton.tsx(1,2651): error TS1128: Declaration or statement expected.
src/components/ui/Skeleton.tsx(1,2652): error TS1109: Expression expected.
src/components/ui/Skeleton.tsx(1,2690): error TS1003: Identifier expected.
src/components/ui/Skeleton.tsx(1,2703): error TS1005: '}' expected.
src/components/ui/Skeleton.tsx(1,2718): error TS1005: ';' expected.
src/components/ui/Skeleton.tsx(1,2738): error TS1005: ';' expected.
src/components/ui/Skeleton.tsx(1,2752): error TS1005: ';' expected.
src/components/ui/Skeleton.tsx(1,2815): error TS1005: ';' expected.
src/components/ui/Skeleton.tsx(1,2831): error TS1128: Declaration or statement expected.
src/components/ui/Skeleton.tsx(1,2942): error TS1005: ';' expected.
src/components/ui/Skeleton.tsx(1,2961): error TS1005: ';' expected.
src/components/ui/Skeleton.tsx(1,2984): error TS1005: ';' expected.
src/components/ui/Skeleton.tsx(1,3017): error TS1109: Expression expected.
src/components/ui/Skeleton.tsx(1,3050): error TS1005: ';' expected.
src/components/ui/Skeleton.tsx(1,3082): error TS1005: ';' expected.
src/components/ui/Skeleton.tsx(1,3094): error TS1109: Expression expected.
src/components/ui/Skeleton.tsx(1,3104): error TS1109: Expression expected.
src/components/ui/Skeleton.tsx(1,3112): error TS1109: Expression expected.
src/components/ui/Skeleton.tsx(1,3118): error TS1109: Expression expected.
src/components/ui/Skeleton.tsx(1,3155): error TS1005: '>' expected.
src/components/ui/Skeleton.tsx(1,3156): error TS1128: Declaration or statement expected.
src/components/ui/Skeleton.tsx(1,3181): error TS1005: ':' expected.
src/components/ui/Skeleton.tsx(1,3203): error TS1005: ':' expected.
src/components/ui/Skeleton.tsx(1,3204): error TS1109: Expression expected.
src/components/ui/Skeleton.tsx(1,3206): error TS1109: Expression expected.
src/components/ui/Skeleton.tsx(1,3243): error TS1109: Expression expected.
src/components/ui/Skeleton.tsx(1,3260): error TS1005: ')' expected.
src/components/ui/Skeleton.tsx(1,3279): error TS1005: ',' expected.
src/components/ui/Skeleton.tsx(1,3285): error TS1005: ';' expected.
src/components/ui/Skeleton.tsx(1,3295): error TS1128: Declaration or statement expected.
src/components/ui/Skeleton.tsx(1,3296): error TS1109: Expression expected.
src/components/ui/Skeleton.tsx(1,3313): error TS1005: ',' expected.
src/components/ui/Skeleton.tsx(1,3331): error TS1005: ')' expected.
src/components/ui/Skeleton.tsx(1,3399): error TS1128: Declaration or statement expected.
src/components/ui/Skeleton.tsx(1,3538): error TS1005: ';' expected.
src/components/ui/Skeleton.tsx(1,3556): error TS1351: An identifier or keyword cannot immediately follow a numeric literal.
src/components/ui/Skeleton.tsx(1,3571): error TS1005: ';' expected.
src/components/ui/Skeleton.tsx(1,3583): error TS1109: Expression expected.
src/components/ui/Skeleton.tsx(1,3593): error TS1109: Expression expected.
src/components/ui/Skeleton.tsx(1,3594): error TS1128: Declaration or statement expected.
src/components/ui/Skeleton.tsx(1,3672): error TS1003: Identifier expected.
src/components/ui/Skeleton.tsx(1,3682): error TS1005: '}' expected.
src/components/ui/Skeleton.tsx(1,3683): error TS1381: Unexpected token. Did you mean `{'}'}` or `&rbrace;`?
src/components/ui/Skeleton.tsx(1,3686): error TS1382: Unexpected token. Did you mean `{'>'}` or `&gt;`?
src/components/ui/Skeleton.tsx(1,3727): error TS1003: Identifier expected.
src/components/ui/Skeleton.tsx(1,3740): error TS1005: '}' expected.
src/components/ui/Skeleton.tsx(1,3741): error TS1381: Unexpected token. Did you mean `{'}'}` or `&rbrace;`?
src/components/ui/Skeleton.tsx(1,3778): error TS1382: Unexpected token. Did you mean `{'>'}` or `&gt;`?
src/components/ui/Skeleton.tsx(1,3797): error TS1005: ';' expected.
src/components/ui/Skeleton.tsx(1,3803): error TS1109: Expression expected.
src/components/ui/Tabs.tsx(1,85): error TS1005: 'from' expected.
src/components/ui/Tabs.tsx(1,92): error TS1005: ';' expected.
src/components/ui/Tabs.tsx(1,100): error TS1109: Expression expected.
src/components/ui/Toast.tsx(1,50): error TS1005: 'from' expected.
src/components/ui/Toast.tsx(1,57): error TS1005: ';' expected.
src/components/ui/Toast.tsx(1,65): error TS1109: Expression expected.
src/components/ui/Toast.tsx(1,88): error TS1005: 'from' expected.
src/components/ui/Toast.tsx(1,95): error TS1005: ';' expected.
src/components/ui/Toast.tsx(1,107): error TS1109: Expression expected.
src/components/UserFeedback.tsx(106,4): error TS1128: Declaration or statement expected.
src/components/UserFeedback.tsx(106,37): error TS1005: ';' expected.
src/components/wellness/GroundingToolkit.tsx(1,59): error TS1005: 'from' expected.
src/components/wellness/GroundingToolkit.tsx(1,66): error TS1005: ';' expected.
src/components/wellness/GroundingToolkit.tsx(1,74): error TS1109: Expression expected.
src/components/WellnessNotifications.tsx(17,1): error TS1131: Property or signature expected.
src/components/WellnessNotifications.tsx(137,4): error TS1128: Declaration or statement expected.
src/components/WellnessNotifications.tsx(137,18): error TS1005: ';' expected.
src/components/withMobileResponsive.tsx(123,12): error TS1005: ';' expected.
src/components/withMobileResponsive.tsx(196,10): error TS1005: ';' expected.
src/config/bundleOptimization.ts(246,1): error TS1005: '}' expected.
src/config/security.config.ts(38,1): error TS1131: Property or signature expected.
src/config/security.config.ts(53,1): error TS1131: Property or signature expected.
src/config/security.config.ts(75,1): error TS1131: Property or signature expected.
src/config/security.config.ts(97,1): error TS1131: Property or signature expected.
src/config/security.config.ts(159,1): error TS1131: Property or signature expected.
src/config/security.config.ts(186,1): error TS1131: Property or signature expected.
src/config/security.config.ts(214,1): error TS1131: Property or signature expected.
src/config/security.config.ts(295,14): error TS1005: ';' expected.
src/config/security.config.ts(594,1): error TS1131: Property or signature expected.
src/config/security.config.ts(654,38): error TS1005: '}' expected.
src/contexts/__mocks__/ThemeContext.tsx(31,1): error TS1131: Property or signature expected.
src/contexts/AuthContext.tsx(309,26): error TS1005: ';' expected.
src/contexts/AuthContext.tsx(445,13): error TS1128: Declaration or statement expected.
src/contexts/AuthContext.tsx(445,20): error TS1128: Declaration or statement expected.
src/contexts/AuthContext.tsx(446,5): error TS1128: Declaration or statement expected.
src/examples/enhancedCrisisDetectionDemo.tsx(209,7): error TS1005: ';' expected.
src/examples/enhancedCrisisDetectionDemo.tsx(290,1): error TS1005: '}' expected.
src/examples/privacyAnalyticsIntegration.tsx(373,1): error TS1005: '}' expected.
src/features/accounts/OptionalSignIn.tsx(1,38): error TS1005: 'from' expected.
src/features/accounts/OptionalSignIn.tsx(1,45): error TS1005: ';' expected.
src/features/accounts/OptionalSignIn.tsx(1,53): error TS1109: Expression expected.
src/features/accounts/OptionalSignIn.tsx(1,79): error TS1005: 'from' expected.
src/features/accounts/OptionalSignIn.tsx(1,86): error TS1005: ';' expected.
src/features/accounts/OptionalSignIn.tsx(1,123): error TS1109: Expression expected.
src/features/accounts/OptionalSignIn.tsx(1,149): error TS1005: 'from' expected.
src/features/accounts/OptionalSignIn.tsx(1,156): error TS1005: ';' expected.
src/features/accounts/OptionalSignIn.tsx(1,193): error TS1109: Expression expected.
src/features/accounts/OptionalSignIn.tsx(1,213): error TS1005: 'from' expected.
src/features/accounts/OptionalSignIn.tsx(1,220): error TS1005: ';' expected.
src/features/accounts/OptionalSignIn.tsx(1,249): error TS1109: Expression expected.
src/features/accounts/OptionalSignIn.tsx(1,268): error TS1005: 'from' expected.
src/features/accounts/OptionalSignIn.tsx(1,275): error TS1005: ';' expected.
src/features/accounts/OptionalSignIn.tsx(1,303): error TS1109: Expression expected.
src/features/accounts/OptionalSignIn.tsx(1,319): error TS1005: 'from' expected.
src/features/accounts/OptionalSignIn.tsx(1,326): error TS1005: ';' expected.
src/features/accounts/OptionalSignIn.tsx(1,351): error TS1109: Expression expected.
src/features/accounts/OptionalSignIn.tsx(1,382): error TS1005: 'from' expected.
src/features/accounts/OptionalSignIn.tsx(1,389): error TS1005: ';' expected.
src/features/accounts/OptionalSignIn.tsx(1,434): error TS1005: ';' expected.
src/features/accounts/OptionalSignIn.tsx(1,468): error TS1109: Expression expected.
src/features/accounts/OptionalSignIn.tsx(1,495): error TS1109: Expression expected.
src/features/accounts/OptionalSignIn.tsx(1,504): error TS1005: ';' expected.
src/features/accounts/OptionalSignIn.tsx(1,581): error TS1109: Expression expected.
src/features/accounts/OptionalSignIn.tsx(1,586): error TS1128: Declaration or statement expected.
src/features/accounts/OptionalSignIn.tsx(1,587): error TS1128: Declaration or statement expected.
src/features/accounts/OptionalSignIn.tsx(1,638): error TS1005: ';' expected.
src/features/accounts/OptionalSignIn.tsx(1,653): error TS1005: ';' expected.
src/features/accounts/OptionalSignIn.tsx(1,675): error TS1005: ';' expected.
src/features/accounts/OptionalSignIn.tsx(1,697): error TS1005: ';' expected.
src/features/accounts/OptionalSignIn.tsx(1,710): error TS1005: ';' expected.
src/features/accounts/OptionalSignIn.tsx(1,813): error TS1005: ';' expected.
src/features/accounts/OptionalSignIn.tsx(1,826): error TS1146: Declaration expected.
src/features/accounts/OptionalSignIn.tsx(1,879): error TS1005: ';' expected.
src/features/accounts/OptionalSignIn.tsx(1,906): error TS1005: ';' expected.
src/features/accounts/OptionalSignIn.tsx(1,919): error TS1005: ';' expected.
src/features/accounts/OptionalSignIn.tsx(1,932): error TS1005: ';' expected.
src/features/accounts/OptionalSignIn.tsx(1,947): error TS1146: Declaration expected.
src/features/accounts/OptionalSignIn.tsx(1,986): error TS1005: ';' expected.
src/features/accounts/OptionalSignIn.tsx(1,1018): error TS1005: ';' expected.
src/features/accounts/OptionalSignIn.tsx(1,1041): error TS1005: ';' expected.
src/features/accounts/OptionalSignIn.tsx(1,1065): error TS1005: ';' expected.
src/features/accounts/OptionalSignIn.tsx(1,1109): error TS1005: ';' expected.
src/features/accounts/OptionalSignIn.tsx(1,1131): error TS1005: ';' expected.
src/features/accounts/OptionalSignIn.tsx(1,1213): error TS1005: ';' expected.
src/features/accounts/OptionalSignIn.tsx(1,1236): error TS1005: ';' expected.
src/features/accounts/OptionalSignIn.tsx(1,1250): error TS1146: Declaration expected.
src/features/accounts/OptionalSignIn.tsx(1,1294): error TS1005: ';' expected.
src/features/accounts/OptionalSignIn.tsx(1,1326): error TS1005: ';' expected.
src/features/accounts/OptionalSignIn.tsx(1,1332): error TS1128: Declaration or statement expected.
src/features/accounts/OptionalSignIn.tsx(1,1448): error TS1005: ';' expected.
src/features/accounts/OptionalSignIn.tsx(1,1547): error TS1128: Declaration or statement expected.
src/features/accounts/OptionalSignIn.tsx(1,1549): error TS1128: Declaration or statement expected.
src/features/accounts/OptionalSignIn.tsx(1,1567): error TS1005: ')' expected.
src/features/accounts/OptionalSignIn.tsx(1,1633): error TS1005: ';' expected.
src/features/accounts/OptionalSignIn.tsx(1,1635): error TS1128: Declaration or statement expected.
src/features/accounts/OptionalSignIn.tsx(1,1707): error TS1005: ';' expected.
src/features/accounts/OptionalSignIn.tsx(1,1735): error TS1005: ';' expected.
src/features/accounts/OptionalSignIn.tsx(1,1737): error TS1128: Declaration or statement expected.
src/features/accounts/OptionalSignIn.tsx(1,1786): error TS1005: ';' expected.
src/features/accounts/OptionalSignIn.tsx(1,1788): error TS1128: Declaration or statement expected.
src/features/accounts/OptionalSignIn.tsx(1,1829): error TS1005: ';' expected.
src/features/accounts/OptionalSignIn.tsx(1,1831): error TS1128: Declaration or statement expected.
src/features/accounts/OptionalSignIn.tsx(1,2008): error TS1005: ';' expected.
src/features/accounts/OptionalSignIn.tsx(1,2010): error TS1128: Declaration or statement expected.
src/features/accounts/OptionalSignIn.tsx(1,2192): error TS1005: ';' expected.
src/features/accounts/OptionalSignIn.tsx(1,2216): error TS1005: ';' expected.
src/features/accounts/OptionalSignIn.tsx(1,2220): error TS1005: ';' expected.
src/features/accounts/OptionalSignIn.tsx(1,2249): error TS1135: Argument expression expected.
src/features/accounts/OptionalSignIn.tsx(1,2312): error TS1128: Declaration or statement expected.
src/features/accounts/OptionalSignIn.tsx(1,2313): error TS1128: Declaration or statement expected.
src/features/accounts/OptionalSignIn.tsx(1,2317): error TS1005: ';' expected.
src/features/accounts/OptionalSignIn.tsx(1,2353): error TS1005: ';' expected.
src/features/accounts/OptionalSignIn.tsx(1,2354): error TS1128: Declaration or statement expected.
src/features/accounts/OptionalSignIn.tsx(1,2413): error TS1005: ',' expected.
src/features/accounts/OptionalSignIn.tsx(1,2423): error TS1389: 'try' is not allowed as a variable declaration name.
src/features/accounts/OptionalSignIn.tsx(1,16977): error TS1005: '}' expected.
src/features/chat/AITherapyChat.tsx(1,173): error TS1005: 'from' expected.
src/features/chat/AITherapyChat.tsx(1,180): error TS1005: ';' expected.
src/features/chat/AITherapyChat.tsx(1,188): error TS1109: Expression expected.
src/features/chat/AITherapyChat.tsx(1,197): error TS1003: Identifier expected.
src/features/chat/AITherapyChat.tsx(1,222): error TS1005: ',' expected.
src/features/chat/AITherapyChat.tsx(1,228): error TS1005: ';' expected.
src/features/chat/AITherapyChat.tsx(1,309): error TS1003: Identifier expected.
src/features/chat/AITherapyChat.tsx(1,310): error TS1003: Identifier expected.
src/features/chat/AITherapyChat.tsx(1,311): error TS1109: Expression expected.
src/features/chat/AITherapyChat.tsx(1,312): error TS1003: Identifier expected.
src/features/chat/AITherapyChat.tsx(1,313): error TS1003: Identifier expected.
src/features/chat/AITherapyChat.tsx(1,339): error TS1005: ';' expected.
src/features/chat/AITherapyChat.tsx(1,383): error TS1003: Identifier expected.
src/features/chat/AITherapyChat.tsx(1,384): error TS1003: Identifier expected.
src/features/chat/AITherapyChat.tsx(1,385): error TS1109: Expression expected.
src/features/chat/AITherapyChat.tsx(1,386): error TS1003: Identifier expected.
src/features/chat/AITherapyChat.tsx(1,387): error TS1003: Identifier expected.
src/features/chat/AITherapyChat.tsx(1,419): error TS1005: ';' expected.
src/features/chat/AITherapyChat.tsx(1,430): error TS1003: Identifier expected.
src/features/chat/AITherapyChat.tsx(1,431): error TS1003: Identifier expected.
src/features/chat/AITherapyChat.tsx(1,432): error TS1109: Expression expected.
src/features/chat/AITherapyChat.tsx(1,433): error TS1003: Identifier expected.
src/features/chat/AITherapyChat.tsx(1,434): error TS1003: Identifier expected.
src/features/chat/AITherapyChat.tsx(1,461): error TS1005: ';' expected.
src/features/chat/AITherapyChat.tsx(1,551): error TS1005: ';' expected.
src/features/chat/AITherapyChat.tsx(1,560): error TS1005: ';' expected.
src/features/chat/AITherapyChat.tsx(1,562): error TS1434: Unexpected keyword or identifier.
src/features/chat/AITherapyChat.tsx(1,567): error TS1434: Unexpected keyword or identifier.
src/features/chat/AITherapyChat.tsx(1,575): error TS1434: Unexpected keyword or identifier.
src/features/chat/AITherapyChat.tsx(1,578): error TS1434: Unexpected keyword or identifier.
src/features/chat/AITherapyChat.tsx(1,583): error TS1434: Unexpected keyword or identifier.
src/features/chat/AITherapyChat.tsx(1,596): error TS1005: ';' expected.
src/features/chat/AITherapyChat.tsx(1,598): error TS1434: Unexpected keyword or identifier.
src/features/chat/AITherapyChat.tsx(1,603): error TS1434: Unexpected keyword or identifier.
src/features/chat/AITherapyChat.tsx(1,606): error TS1434: Unexpected keyword or identifier.
src/features/chat/AITherapyChat.tsx(1,611): error TS1434: Unexpected keyword or identifier.
src/features/chat/AITherapyChat.tsx(1,614): error TS1434: Unexpected keyword or identifier.
src/features/chat/AITherapyChat.tsx(1,617): error TS1434: Unexpected keyword or identifier.
src/features/chat/AITherapyChat.tsx(1,636): error TS1005: ';' expected.
src/features/chat/AITherapyChat.tsx(1,660): error TS1005: ';' expected.
src/features/chat/AITherapyChat.tsx(1,681): error TS1005: ';' expected.
src/features/chat/AITherapyChat.tsx(1,683): error TS1434: Unexpected keyword or identifier.
src/features/chat/AITherapyChat.tsx(1,688): error TS1434: Unexpected keyword or identifier.
src/features/chat/AITherapyChat.tsx(1,790): error TS1005: ';' expected.
src/features/chat/AITherapyChat.tsx(1,791): error TS1128: Declaration or statement expected.
src/features/chat/AITherapyChat.tsx(1,913): error TS1005: ';' expected.
src/features/chat/AITherapyChat.tsx(1,914): error TS1128: Declaration or statement expected.
src/features/chat/AITherapyChat.tsx(1,979): error TS1005: ';' expected.
src/features/chat/AITherapyChat.tsx(1,981): error TS1434: Unexpected keyword or identifier.
src/features/chat/AITherapyChat.tsx(1,986): error TS1434: Unexpected keyword or identifier.
src/features/chat/AITherapyChat.tsx(1,993): error TS1434: Unexpected keyword or identifier.
src/features/chat/AITherapyChat.tsx(1,1039): error TS1005: ';' expected.
src/features/chat/AITherapyChat.tsx(1,1220): error TS1005: ';' expected.
src/features/chat/AITherapyChat.tsx(1,1228): error TS1109: Expression expected.
src/features/chat/AITherapyChat.tsx(1,1236): error TS1005: ',' expected.
src/features/chat/AITherapyChat.tsx(1,1256): error TS1005: ',' expected.
src/features/chat/AITherapyChat.tsx(1,1258): error TS1134: Variable declaration expected.
src/features/chat/AITherapyChat.tsx(1,1268): error TS1005: ',' expected.
src/features/chat/AITherapyChat.tsx(1,1277): error TS1005: ';' expected.
src/features/chat/AITherapyChat.tsx(1,1285): error TS1005: ',' expected.
src/features/chat/AITherapyChat.tsx(1,1293): error TS1005: ',' expected.
src/features/chat/AITherapyChat.tsx(1,1330): error TS1005: ';' expected.
src/features/chat/AnonymousPeerChat.tsx(1,181): error TS1005: 'from' expected.
src/features/chat/AnonymousPeerChat.tsx(1,188): error TS1005: ';' expected.
src/features/chat/AnonymousPeerChat.tsx(1,196): error TS1109: Expression expected.
src/features/chat/AnonymousPeerChat.tsx(1,205): error TS1003: Identifier expected.
src/features/chat/AnonymousPeerChat.tsx(1,239): error TS1005: ',' expected.
src/features/chat/AnonymousPeerChat.tsx(1,245): error TS1005: ';' expected.
src/features/chat/AnonymousPeerChat.tsx(1,287): error TS1003: Identifier expected.
src/features/chat/AnonymousPeerChat.tsx(1,288): error TS1003: Identifier expected.
src/features/chat/AnonymousPeerChat.tsx(1,289): error TS1109: Expression expected.
src/features/chat/AnonymousPeerChat.tsx(1,290): error TS1003: Identifier expected.
src/features/chat/AnonymousPeerChat.tsx(1,291): error TS1003: Identifier expected.
src/features/chat/AnonymousPeerChat.tsx(1,318): error TS1005: ';' expected.
src/features/chat/AnonymousPeerChat.tsx(1,329): error TS1003: Identifier expected.
src/features/chat/AnonymousPeerChat.tsx(1,330): error TS1003: Identifier expected.
src/features/chat/AnonymousPeerChat.tsx(1,331): error TS1109: Expression expected.
src/features/chat/AnonymousPeerChat.tsx(1,332): error TS1003: Identifier expected.
src/features/chat/AnonymousPeerChat.tsx(1,333): error TS1003: Identifier expected.
src/features/chat/AnonymousPeerChat.tsx(1,364): error TS1005: ';' expected.
src/features/chat/AnonymousPeerChat.tsx(1,527): error TS1005: ';' expected.
src/features/chat/AnonymousPeerChat.tsx(1,545): error TS1005: ';' expected.
src/features/chat/AnonymousPeerChat.tsx(1,551): error TS1005: ';' expected.
src/features/chat/AnonymousPeerChat.tsx(1,562): error TS1005: ';' expected.
src/features/chat/AnonymousPeerChat.tsx(1,582): error TS1005: ';' expected.
src/features/chat/AnonymousPeerChat.tsx(1,1324): error TS1005: ';' expected.
src/features/chat/AnonymousPeerChat.tsx(1,1332): error TS1109: Expression expected.
src/features/chat/AnonymousPeerChat.tsx(1,1340): error TS1005: ',' expected.
src/features/chat/AnonymousPeerChat.tsx(1,1372): error TS1005: ',' expected.
src/features/chat/AnonymousPeerChat.tsx(1,1374): error TS1134: Variable declaration expected.
src/features/chat/AnonymousPeerChat.tsx(1,1384): error TS1005: ',' expected.
src/features/chat/AnonymousPeerChat.tsx(1,1393): error TS1005: ';' expected.
src/features/chat/AnonymousPeerChat.tsx(1,1401): error TS1005: ',' expected.
src/features/chat/AnonymousPeerChat.tsx(1,1429): error TS1005: ',' expected.
src/features/chat/AnonymousPeerChat.tsx(1,1431): error TS1134: Variable declaration expected.
src/features/chat/AnonymousPeerChat.tsx(1,1441): error TS1005: ',' expected.
src/features/chat/AnonymousTherapyChat.tsx(1,205): error TS1005: 'from' expected.
src/features/chat/AnonymousTherapyChat.tsx(1,212): error TS1005: ';' expected.
src/features/chat/AnonymousTherapyChat.tsx(1,220): error TS1109: Expression expected.
src/features/chat/AnonymousTherapyChat.tsx(1,229): error TS1003: Identifier expected.
src/features/chat/AnonymousTherapyChat.tsx(1,259): error TS1005: ',' expected.
src/features/chat/AnonymousTherapyChat.tsx(1,265): error TS1005: ';' expected.
src/features/chat/AnonymousTherapyChat.tsx(1,307): error TS1003: Identifier expected.
src/features/chat/AnonymousTherapyChat.tsx(1,308): error TS1003: Identifier expected.
src/features/chat/AnonymousTherapyChat.tsx(1,309): error TS1109: Expression expected.
src/features/chat/AnonymousTherapyChat.tsx(1,310): error TS1003: Identifier expected.
src/features/chat/AnonymousTherapyChat.tsx(1,311): error TS1003: Identifier expected.
src/features/chat/AnonymousTherapyChat.tsx(1,338): error TS1005: ';' expected.
src/features/chat/AnonymousTherapyChat.tsx(1,382): error TS1003: Identifier expected.
src/features/chat/AnonymousTherapyChat.tsx(1,383): error TS1003: Identifier expected.
src/features/chat/AnonymousTherapyChat.tsx(1,384): error TS1109: Expression expected.
src/features/chat/AnonymousTherapyChat.tsx(1,385): error TS1003: Identifier expected.
src/features/chat/AnonymousTherapyChat.tsx(1,386): error TS1003: Identifier expected.
src/features/chat/AnonymousTherapyChat.tsx(1,418): error TS1005: ';' expected.
src/features/chat/AnonymousTherapyChat.tsx(1,429): error TS1003: Identifier expected.
src/features/chat/AnonymousTherapyChat.tsx(1,430): error TS1003: Identifier expected.
src/features/chat/AnonymousTherapyChat.tsx(1,431): error TS1109: Expression expected.
src/features/chat/AnonymousTherapyChat.tsx(1,432): error TS1003: Identifier expected.
src/features/chat/AnonymousTherapyChat.tsx(1,433): error TS1003: Identifier expected.
src/features/chat/AnonymousTherapyChat.tsx(1,467): error TS1005: ';' expected.
src/features/chat/AnonymousTherapyChat.tsx(1,523): error TS1005: ';' expected.
src/features/chat/AnonymousTherapyChat.tsx(1,543): error TS1005: ';' expected.
src/features/chat/AnonymousTherapyChat.tsx(1,1035): error TS1005: ';' expected.
src/features/chat/AnonymousTherapyChat.tsx(1,1043): error TS1109: Expression expected.
src/features/chat/AnonymousTherapyChat.tsx(1,1051): error TS1005: ',' expected.
src/features/chat/AnonymousTherapyChat.tsx(1,1071): error TS1005: ',' expected.
src/features/chat/AnonymousTherapyChat.tsx(1,1073): error TS1134: Variable declaration expected.
src/features/chat/AnonymousTherapyChat.tsx(1,1083): error TS1005: ',' expected.
src/features/data/DataExportManager.tsx(1,38): error TS1005: 'from' expected.
src/features/data/DataExportManager.tsx(1,45): error TS1005: ';' expected.
src/features/data/DataExportManager.tsx(1,53): error TS1109: Expression expected.
src/features/data/DataExportManager.tsx(1,73): error TS1005: 'from' expected.
src/features/data/DataExportManager.tsx(1,80): error TS1005: ';' expected.
src/features/data/DataExportManager.tsx(1,109): error TS1109: Expression expected.
src/features/data/DataExportManager.tsx(1,125): error TS1005: 'from' expected.
src/features/data/DataExportManager.tsx(1,132): error TS1005: ';' expected.
src/features/data/DataExportManager.tsx(1,157): error TS1109: Expression expected.
src/features/data/DataExportManager.tsx(1,182): error TS1005: 'from' expected.
src/features/data/DataExportManager.tsx(1,189): error TS1005: ';' expected.
src/features/data/DataExportManager.tsx(1,223): error TS1109: Expression expected.
src/features/data/DataExportManager.tsx(1,249): error TS1005: 'from' expected.
src/features/data/DataExportManager.tsx(1,256): error TS1005: ';' expected.
src/features/data/DataExportManager.tsx(1,293): error TS1109: Expression expected.
src/features/data/DataExportManager.tsx(1,319): error TS1005: 'from' expected.
src/features/data/DataExportManager.tsx(1,326): error TS1005: ';' expected.
src/features/data/DataExportManager.tsx(1,363): error TS1109: Expression expected.
src/features/data/DataExportManager.tsx(1,409): error TS1005: 'from' expected.
src/features/data/DataExportManager.tsx(1,416): error TS1005: ';' expected.
src/features/data/DataExportManager.tsx(1,451): error TS1109: Expression expected.
src/features/data/DataExportManager.tsx(1,512): error TS1005: 'from' expected.
src/features/data/DataExportManager.tsx(1,519): error TS1005: ';' expected.
src/features/data/DataExportManager.tsx(1,562): error TS1109: Expression expected.
src/features/data/DataExportManager.tsx(1,593): error TS1005: 'from' expected.
src/features/data/DataExportManager.tsx(1,600): error TS1005: ';' expected.
src/features/privacy/PrivacyDashboard.tsx(1,133): error TS1005: 'from' expected.
src/features/privacy/PrivacyDashboard.tsx(1,140): error TS1005: ';' expected.
src/features/privacy/PrivacyDashboard.tsx(1,148): error TS1109: Expression expected.
src/features/privacy/PrivacyDashboard.tsx(1,210): error TS1005: ';' expected.
src/features/privacy/PrivacyDashboard.tsx(1,275): error TS1005: ';' expected.
src/features/privacy/PrivacyDashboard.tsx(1,307): error TS1005: 'from' expected.
src/features/privacy/PrivacyDashboard.tsx(1,314): error TS1005: ';' expected.
src/features/privacy/PrivacyDashboard.tsx(1,359): error TS1005: ';' expected.
src/features/privacy/PrivacyDashboard.tsx(1,409): error TS1005: ';' expected.
src/features/privacy/PrivacyDashboard.tsx(1,427): error TS1005: ';' expected.
src/features/privacy/PrivacyDashboard.tsx(1,479): error TS1005: ';' expected.
src/features/privacy/PrivacyDashboard.tsx(1,505): error TS1005: ';' expected.
src/features/privacy/PrivacyDashboard.tsx(1,528): error TS1005: ';' expected.
src/features/privacy/PrivacyDashboard.tsx(1,543): error TS1005: ';' expected.
src/features/privacy/PrivacyDashboard.tsx(1,1164): error TS1005: ';' expected.
src/features/privacy/PrivacyDashboard.tsx(1,1166): error TS1128: Declaration or statement expected.
src/features/privacy/PrivacyDashboard.tsx(1,1228): error TS1005: ';' expected.
src/features/privacy/PrivacyDashboard.tsx(1,2431): error TS1005: ';' expected.
src/features/privacy/PrivacyDashboard.tsx(1,2438): error TS1434: Unexpected keyword or identifier.
src/features/privacy/PrivacyDashboard.tsx(1,2441): error TS1434: Unexpected keyword or identifier.
src/features/privacy/PrivacyDashboard.tsx(1,2446): error TS1434: Unexpected keyword or identifier.
src/features/privacy/PrivacyDashboard.tsx(1,2527): error TS1005: ';' expected.
src/features/privacy/PrivacyDashboard.tsx(1,2542): error TS1005: ';' expected.
src/features/privacy/PrivacyDashboard.tsx(1,2544): error TS1434: Unexpected keyword or identifier.
src/features/privacy/PrivacyDashboard.tsx(1,2547): error TS1128: Declaration or statement expected.
src/features/privacy/PrivacyDashboard.tsx(1,2928): error TS1005: ';' expected.
src/features/privacy/PrivacyDashboard.tsx(1,2935): error TS1128: Declaration or statement expected.
src/features/privacy/PrivacyDashboard.tsx(1,2980): error TS1389: 'const' is not allowed as a variable declaration name.
src/features/tether/AstralTetherHub.tsx(1,38): error TS1005: 'from' expected.
src/features/tether/AstralTetherHub.tsx(1,45): error TS1005: ';' expected.
src/features/tether/AstralTetherHub.tsx(1,53): error TS1109: Expression expected.
src/features/tether/AstralTetherHub.tsx(1,87): error TS1005: 'from' expected.
src/features/tether/AstralTetherHub.tsx(1,94): error TS1005: ';' expected.
src/features/tether/AstralTetherHub.tsx(1,110): error TS1109: Expression expected.
src/features/tether/AstralTetherHub.tsx(1,188): error TS1005: 'from' expected.
src/features/tether/AstralTetherHub.tsx(1,195): error TS1005: ';' expected.
src/features/tether/AstralTetherHub.tsx(1,232): error TS1109: Expression expected.
src/features/tether/AstralTetherHub.tsx(1,275): error TS1005: ';' expected.
src/features/tether/AstralTetherHub.tsx(1,317): error TS1005: ';' expected.
src/features/tether/AstralTetherHub.tsx(1,365): error TS1005: ';' expected.
src/features/tether/AstralTetherHub.tsx(1,413): error TS1005: ';' expected.
src/features/tether/AstralTetherHub.tsx(1,460): error TS1005: ';' expected.
src/features/tether/AstralTetherHub.tsx(1,472): error TS1005: ';' expected.
src/features/tether/AstralTetherHub.tsx(1,487): error TS1005: ';' expected.
src/features/tether/AstralTetherHub.tsx(1,505): error TS1005: ';' expected.
src/features/tether/AstralTetherHub.tsx(1,541): error TS1005: ';' expected.
src/features/tether/AstralTetherHub.tsx(1,559): error TS1005: ';' expected.
src/features/tether/AstralTetherHub.tsx(1,584): error TS1005: ';' expected.
src/features/tether/AstralTetherHub.tsx(1,590): error TS1005: ';' expected.
src/features/tether/AstralTetherHub.tsx(1,611): error TS1005: ';' expected.
src/features/tether/AstralTetherHub.tsx(1,987): error TS1005: ';' expected.
src/features/tether/AstralTetherHub.tsx(1,989): error TS1128: Declaration or statement expected.
src/features/tether/AstralTetherHub.tsx(1,1091): error TS1005: ';' expected.
src/features/tether/AstralTetherHub.tsx(1,2153): error TS1005: ';' expected.
src/features/tether/AstralTetherHub.tsx(1,2170): error TS1005: ';' expected.
src/features/tether/AstralTetherHub.tsx(1,2207): error TS1005: ';' expected.
src/features/tether/AstralTetherHub.tsx(1,2235): error TS1005: ';' expected.
src/features/tether/AstralTetherHub.tsx(1,2278): error TS1005: ';' expected.
src/features/tether/AstralTetherHub.tsx(1,2282): error TS1005: ';' expected.
src/features/tether/AstralTetherHub.tsx(1,2512): error TS1005: ';' expected.
src/features/tether/AstralTetherHub.tsx(1,2609): error TS1489: Decimals with leading zeros are not allowed.
src/features/tether/AstralTetherHub.tsx(1,2611): error TS1005: ';' expected.
src/features/tether/AstralTetherHub.tsx(1,2612): error TS1128: Declaration or statement expected.
src/features/tether/AstralTetherHub.tsx(1,2643): error TS1005: ';' expected.
src/features/tether/AstralTetherHub.tsx(1,2645): error TS1005: ';' expected.
src/features/tether/AstralTetherHub.tsx(1,2646): error TS1128: Declaration or statement expected.
src/features/tether/AstralTetherHub.tsx(1,2662): error TS1128: Declaration or statement expected.
src/features/tether/AstralTetherHub.tsx(1,2663): error TS1128: Declaration or statement expected.
src/features/tether/AstralTetherHub.tsx(1,2694): error TS1005: ';' expected.
src/features/tether/AstralTetherHub.tsx(1,2791): error TS1128: Declaration or statement expected.
src/features/tether/AstralTetherHub.tsx(1,2792): error TS1128: Declaration or statement expected.
src/features/tether/AstralTetherHub.tsx(1,2794): error TS1005: 'try' expected.
src/features/tether/AstralTetherHub.tsx(1,2816): error TS1128: Declaration or statement expected.
src/features/tether/AstralTetherHub.tsx(1,2817): error TS1128: Declaration or statement expected.
src/features/tether/AstralTetherHub.tsx(1,2874): error TS1005: ',' expected.
src/features/tether/AstralTetherHub.tsx(1,2877): error TS1005: ',' expected.
src/features/tether/AstralTetherHub.tsx(1,2929): error TS1005: ',' expected.
src/features/tether/AstralTetherHub.tsx(1,2934): error TS1005: ',' expected.
src/features/tether/AstralTetherHub.tsx(1,2935): error TS1003: Identifier expected.
src/features/tether/AstralTetherHub.tsx(1,2980): error TS1138: Parameter declaration expected.
src/features/tether/AstralTetherHub.tsx(1,2989): error TS1005: ')' expected.
src/features/tether/AstralTetherHub.tsx(1,2990): error TS1128: Declaration or statement expected.
src/features/tether/AstralTetherHub.tsx(1,3083): error TS1005: ';' expected.
src/features/tether/AstralTetherHub.tsx(1,3195): error TS1128: Declaration or statement expected.
src/features/tether/AstralTetherHub.tsx(1,3196): error TS1128: Declaration or statement expected.
src/features/tether/AstralTetherHub.tsx(1,3222): error TS1005: ';' expected.
src/features/tether/AstralTetherHub.tsx(1,3244): error TS1005: ';' expected.
src/features/tether/AstralTetherHub.tsx(1,3267): error TS1005: ';' expected.
src/features/tether/AstralTetherHub.tsx(1,3428): error TS1128: Declaration or statement expected.
src/features/tether/AstralTetherHub.tsx(1,3429): error TS1128: Declaration or statement expected.
src/features/tether/AstralTetherHub.tsx(1,3430): error TS1128: Declaration or statement expected.
src/features/tether/AstralTetherHub.tsx(1,3455): error TS1005: ';' expected.
src/features/tether/AstralTetherHub.tsx(1,3475): error TS1005: ';' expected.
src/features/tether/AstralTetherHub.tsx(1,3498): error TS1005: ';' expected.
src/features/tether/AstralTetherHub.tsx(1,3582): error TS1128: Declaration or statement expected.
src/features/tether/AstralTetherHub.tsx(1,3583): error TS1128: Declaration or statement expected.
src/features/tether/AstralTetherHub.tsx(1,3609): error TS1005: ';' expected.
src/features/tether/AstralTetherHub.tsx(1,3634): error TS1131: Property or signature expected.
src/features/tether/AstralTetherHub.tsx(1,3644): error TS1005: ',' expected.
src/features/tether/AstralTetherHub.tsx(1,3672): error TS1005: ',' expected.
src/features/tether/AstralTetherHub.tsx(1,3673): error TS1003: Identifier expected.
src/features/tether/AstralTetherHub.tsx(1,3926): error TS1138: Parameter declaration expected.
src/features/tether/AstralTetherHub.tsx(1,3927): error TS1003: Identifier expected.
src/features/tether/AstralTetherHub.tsx(1,4089): error TS1003: Identifier expected.
src/features/tether/AstralTetherHub.tsx(1,4108): error TS1003: Identifier expected.
src/features/tether/AstralTetherHub.tsx(1,4465): error TS1138: Parameter declaration expected.
src/features/tether/AstralTetherHub.tsx(1,4474): error TS1359: Identifier expected. 'const' is a reserved word that cannot be used here.
src/features/tether/AstralTetherHub.tsx(1,4480): error TS1005: ',' expected.
src/features/tether/AstralTetherHub.tsx(1,4596): error TS1005: ':' expected.
src/features/tether/AstralTetherHub.tsx(1,4605): error TS1005: ',' expected.
src/features/tether/AstralTetherHub.tsx(1,4620): error TS1005: ',' expected.
src/features/tether/AstralTetherHub.tsx(1,4634): error TS1005: ',' expected.
src/features/tether/AstralTetherHub.tsx(1,5186): error TS1138: Parameter declaration expected.
src/features/tether/AstralTetherHub.tsx(1,11759): error TS1005: ')' expected.
src/features/tether/AstralTetherHub.tsx(1,11841): error TS1005: ';' expected.
src/features/tether/AstralTetherHub.tsx(1,18050): error TS1005: ';' expected.
src/features/tether/AstralTetherHub.tsx(1,18065): error TS1005: ';' expected.
src/features/tether/AstralTetherHub.tsx(1,18066): error TS1005: ';' expected.
src/features/tether/AstralTetherHub.tsx(1,18066): error TS1351: An identifier or keyword cannot immediately follow a numeric literal.
src/features/tether/AstralTetherHub.tsx(1,18084): error TS1005: ';' expected.
src/features/tether/AstralTetherHub.tsx(1,18101): error TS1005: ';' expected.
src/features/tether/AstralTetherHub.tsx(1,18120): error TS1005: ';' expected.
src/features/tether/AstralTetherHub.tsx(1,18140): error TS1005: ';' expected.
src/features/tether/AstralTetherHub.tsx(1,18142): error TS1005: ';' expected.
src/features/tether/AstralTetherHub.tsx(1,18142): error TS1351: An identifier or keyword cannot immediately follow a numeric literal.
src/features/tether/AstralTetherHub.tsx(1,18188): error TS1109: Expression expected.
src/features/tether/AstralTetherHub.tsx(1,18195): error TS1128: Declaration or statement expected.
src/features/tether/AstralTetherHub.tsx(1,18302): error TS1005: ';' expected.
src/features/tether/AstralTetherHub.tsx(1,18511): error TS1005: ';' expected.
src/features/tether/AstralTetherHub.tsx(1,18533): error TS1109: Expression expected.
src/features/tether/AstralTetherHub.tsx(1,18544): error TS1359: Identifier expected. 'case' is a reserved word that cannot be used here.
src/features/tether/AstralTetherHub.tsx(1,18560): error TS1005: ';' expected.
src/features/tether/AstralTetherHub.tsx(1,18561): error TS1128: Declaration or statement expected.
src/features/tether/AstralTetherHub.tsx(1,18653): error TS1005: ';' expected.
src/features/tether/AstralTetherHub.tsx(1,18670): error TS1005: ';' expected.
src/features/tether/AstralTetherHub.tsx(1,18679): error TS1005: ';' expected.
src/features/tether/AstralTetherHub.tsx(1,18718): error TS1005: ';' expected.
src/features/tether/AstralTetherHub.tsx(1,18773): error TS1005: ';' expected.
src/features/tether/AstralTetherHub.tsx(1,18786): error TS1005: ';' expected.
src/features/tether/AstralTetherHub.tsx(1,18808): error TS1005: ';' expected.
src/features/tether/AstralTetherHub.tsx(1,18834): error TS1109: Expression expected.
src/features/tether/AstralTetherHub.tsx(1,18865): error TS1005: ';' expected.
src/features/tether/AstralTetherHub.tsx(1,18878): error TS1005: ';' expected.
src/features/tether/AstralTetherHub.tsx(1,18893): error TS1005: ';' expected.
src/features/tether/AstralTetherHub.tsx(1,18945): error TS1005: ';' expected.
src/features/tether/AstralTetherHub.tsx(1,18958): error TS1005: ';' expected.
src/features/tether/AstralTetherHub.tsx(1,18980): error TS1005: ';' expected.
src/features/tether/AstralTetherHub.tsx(1,19003): error TS1005: ';' expected.
src/features/tether/AstralTetherHub.tsx(1,19015): error TS1005: ';' expected.
src/features/tether/AstralTetherHub.tsx(1,19046): error TS1005: ';' expected.
src/features/tether/AstralTetherHub.tsx(1,19133): error TS1489: Decimals with leading zeros are not allowed.
src/features/tether/AstralTetherHub.tsx(1,19145): error TS1109: Expression expected.
src/features/tether/AstralTetherHub.tsx(1,19163): error TS1005: ';' expected.
src/features/tether/AstralTetherHub.tsx(1,19170): error TS1434: Unexpected keyword or identifier.
src/features/tether/AstralTetherHub.tsx(1,19185): error TS1128: Declaration or statement expected.
src/features/tether/AstralTetherHub.tsx(1,19230): error TS1005: ';' expected.
src/features/tether/AstralTetherHub.tsx(1,19242): error TS1005: ';' expected.
src/features/tether/AstralTetherHub.tsx(1,19260): error TS1005: ';' expected.
src/features/tether/AstralTetherHub.tsx(1,19312): error TS1005: ';' expected.
src/features/tether/AstralTetherHub.tsx(1,19322): error TS1005: ';' expected.
src/features/tether/AstralTetherHub.tsx(1,19347): error TS1128: Declaration or statement expected.
src/features/tether/AstralTetherHub.tsx(1,19348): error TS1128: Declaration or statement expected.
src/features/tether/AstralTetherHub.tsx(1,19385): error TS1005: ';' expected.
src/features/tether/AstralTetherHub.tsx(1,19395): error TS1005: ';' expected.
src/features/tether/AstralTetherHub.tsx(1,19421): error TS1005: ';' expected.
src/features/tether/AstralTetherHub.tsx(1,19437): error TS2657: JSX expressions must have one parent element.
src/features/tether/AstralTetherHub.tsx(1,19529): error TS1005: '}' expected.
src/features/tether/AstralTetherHub.tsx(1,19530): error TS1381: Unexpected token. Did you mean `{'}'}` or `&rbrace;`?
src/features/tether/AstralTetherHub.tsx(1,19734): error TS1005: '}' expected.
src/features/tether/AstralTetherHub.tsx(1,19735): error TS1381: Unexpected token. Did you mean `{'}'}` or `&rbrace;`?
src/features/tether/AstralTetherHub.tsx(1,19826): error TS1005: ';' expected.
src/features/tether/AstralTetherHub.tsx(1,19838): error TS1109: Expression expected.
src/features/tether/AstralTetherHub.tsx(1,19874): error TS1128: Declaration or statement expected.
src/features/tether/AstralTetherHub.tsx(1,19899): error TS1005: ';' expected.
src/features/tether/AstralTetherHub.tsx(1,19909): error TS1005: ';' expected.
src/features/tether/AstralTetherHub.tsx(1,19920): error TS1005: ';' expected.
src/features/tether/AstralTetherHub.tsx(1,19924): error TS1128: Declaration or statement expected.
src/features/tether/AstralTetherHub.tsx(1,19944): error TS1005: ';' expected.
src/features/tether/AstralTetherHub.tsx(1,19964): error TS1005: ';' expected.
src/features/tether/AstralTetherHub.tsx(1,19989): error TS1005: ';' expected.
src/features/tether/AstralTetherHub.tsx(1,19997): error TS1128: Declaration or statement expected.
src/features/tether/AstralTetherHub.tsx(1,19998): error TS1128: Declaration or statement expected.
src/features/tether/AstralTetherHub.tsx(1,20012): error TS1005: ';' expected.
src/features/tether/AstralTetherHub.tsx(1,20047): error TS1005: ';' expected.
src/features/tether/AstralTetherHub.tsx(1,20059): error TS1127: Invalid character.
src/features/tether/AstralTetherHub.tsx(1,20119): error TS1005: ';' expected.
src/features/tether/AstralTetherHub.tsx(1,20132): error TS1005: ';' expected.
src/features/tether/AstralTetherHub.tsx(1,20150): error TS1005: ';' expected.
src/features/tether/AstralTetherHub.tsx(1,20169): error TS1128: Declaration or statement expected.
src/features/tether/AstralTetherHub.tsx(1,20188): error TS1005: ';' expected.
src/features/tether/AstralTetherHub.tsx(1,20204): error TS1005: ';' expected.
src/features/tether/AstralTetherHub.tsx(1,20225): error TS1005: ';' expected.
src/features/tether/AstralTetherHub.tsx(1,20234): error TS1128: Declaration or statement expected.
src/features/tether/AstralTetherHub.tsx(1,20235): error TS1128: Declaration or statement expected.
src/features/tether/AstralTetherHub.tsx(1,20254): error TS1005: ';' expected.
src/features/tether/AstralTetherHub.tsx(1,20270): error TS1005: ';' expected.
src/features/tether/AstralTetherHub.tsx(1,20291): error TS1005: ';' expected.
src/features/tether/AstralTetherHub.tsx(1,20300): error TS1128: Declaration or statement expected.
src/features/tether/AstralTetherHub.tsx(1,20301): error TS1128: Declaration or statement expected.
src/features/tether/AstralTetherHub.tsx(1,20302): error TS1128: Declaration or statement expected.
src/features/tether/AstralTetherHub.tsx(1,20367): error TS1005: ')' expected.
src/features/tether/AstralTetherHub.tsx(1,20568): error TS1005: ')' expected.
src/features/tether/AstralTetherHub.tsx(1,20610): error TS1005: ';' expected.
src/features/tether/AstralTetherHub.tsx(1,20618): error TS1005: ';' expected.
src/features/tether/AstralTetherHub.tsx(1,20630): error TS1128: Declaration or statement expected.
src/features/tether/AstralTetherHub.tsx(1,20631): error TS1128: Declaration or statement expected.
src/features/tether/AstralTetherHub.tsx(1,20668): error TS1005: ';' expected.
src/features/tether/AstralTetherHub.tsx(1,20677): error TS1005: ';' expected.
src/features/tether/AstralTetherHub.tsx(1,20690): error TS1128: Declaration or statement expected.
src/features/tether/AstralTetherHub.tsx(1,20691): error TS1128: Declaration or statement expected.
src/features/tether/AstralTetherHub.tsx(1,20744): error TS1128: Declaration or statement expected.
src/features/tether/AstralTetherHub.tsx(1,20777): error TS1005: ';' expected.
src/features/tether/AstralTetherHub.tsx(1,20786): error TS1005: ';' expected.
src/features/tether/AstralTetherHub.tsx(1,20819): error TS1005: ';' expected.
src/features/tether/AstralTetherHub.tsx(1,20820): error TS1128: Declaration or statement expected.
src/features/tether/AstralTetherHub.tsx(1,20831): error TS1128: Declaration or statement expected.
src/features/tether/AstralTetherHub.tsx(1,20855): error TS1109: Expression expected.
src/features/tether/AstralTetherHub.tsx(1,20856): error TS1128: Declaration or statement expected.
src/features/tether/AstralTetherHub.tsx(1,20857): error TS1128: Declaration or statement expected.
src/features/tether/AstralTetherHub.tsx(1,20864): error TS1128: Declaration or statement expected.
src/features/tether/AstralTetherHub.tsx(1,20897): error TS1128: Declaration or statement expected.
src/features/tether/AstralTetherHub.tsx(1,20931): error TS1005: ';' expected.
src/features/tether/AstralTetherHub.tsx(1,20960): error TS1005: ';' expected.
src/features/tether/AstralTetherHub.tsx(1,20989): error TS1128: Declaration or statement expected.
src/features/tether/AstralTetherHub.tsx(1,21018): error TS1005: ';' expected.
src/features/tether/AstralTetherHub.tsx(1,21032): error TS1005: ';' expected.
src/features/tether/AstralTetherHub.tsx(1,21063): error TS1005: ';' expected.
src/features/tether/AstralTetherHub.tsx(1,21187): error TS1121: Octal literals are not allowed. Use the syntax '0o3'.
src/features/tether/AstralTetherHub.tsx(1,21190): error TS1005: ';' expected.
src/features/tether/AstralTetherHub.tsx(1,21227): error TS1109: Expression expected.
src/features/tether/AstralTetherHub.tsx(1,21247): error TS1136: Property assignment expected.
src/features/tether/AstralTetherHub.tsx(1,21280): error TS1005: ';' expected.
src/features/tether/AstralTetherHub.tsx(1,21336): error TS1005: ';' expected.
src/features/tether/AstralTetherHub.tsx(1,21403): error TS1136: Property assignment expected.
src/features/tether/AstralTetherHub.tsx(1,21408): error TS1005: ';' expected.
src/features/tether/AstralTetherHub.tsx(1,21468): error TS1128: Declaration or statement expected.
src/features/tether/AstralTetherHub.tsx(1,21655): error TS1109: Expression expected.
src/features/tether/AstralTetherHub.tsx(1,21707): error TS1128: Declaration or statement expected.
src/features/tether/AstralTetherHub.tsx(1,21829): error TS1005: ';' expected.
src/features/tether/AstralTetherHub.tsx(1,21833): error TS1005: ';' expected.
src/features/tether/AstralTetherHub.tsx(1,21837): error TS1128: Declaration or statement expected.
src/features/tether/AstralTetherHub.tsx(1,21964): error TS1005: ';' expected.
src/features/tether/AstralTetherHub.tsx(1,21981): error TS1005: ';' expected.
src/features/tether/AstralTetherHub.tsx(1,22033): error TS1005: ';' expected.
src/features/tether/AstralTetherHub.tsx(1,22050): error TS1005: ';' expected.
src/features/tether/AstralTetherHub.tsx(1,22076): error TS1128: Declaration or statement expected.
src/features/tether/AstralTetherHub.tsx(1,22077): error TS1128: Declaration or statement expected.
src/features/tether/AstralTetherHub.tsx(1,22110): error TS1005: ';' expected.
src/features/tether/AstralTetherHub.tsx(1,22126): error TS1005: ';' expected.
src/features/tether/AstralTetherHub.tsx(1,22183): error TS1005: ';' expected.
src/features/tether/AstralTetherHub.tsx(1,22202): error TS1109: Expression expected.
src/features/tether/AstralTetherHub.tsx(1,22203): error TS1128: Declaration or statement expected.
src/features/tether/AstralTetherHub.tsx(1,22430): error TS1381: Unexpected token. Did you mean `{'}'}` or `&rbrace;`?
src/features/tether/AstralTetherHub.tsx(1,22584): error TS1381: Unexpected token. Did you mean `{'}'}` or `&rbrace;`?
src/features/tether/AstralTetherHub.tsx(1,23096): error TS1381: Unexpected token. Did you mean `{'}'}` or `&rbrace;`?
src/features/tether/AstralTetherHub.tsx(1,23232): error TS1381: Unexpected token. Did you mean `{'}'}` or `&rbrace;`?
src/features/tether/AstralTetherHub.tsx(1,23663): error TS1381: Unexpected token. Did you mean `{'}'}` or `&rbrace;`?
src/features/tether/AstralTetherHub.tsx(1,23722): error TS1005: '}' expected.
src/features/tether/AstralTetherHub.tsx(1,23726): error TS1381: Unexpected token. Did you mean `{'}'}` or `&rbrace;`?
src/features/tether/AstralTetherHub.tsx(1,23751): error TS1005: '}' expected.
src/features/tether/AstralTetherHub.tsx(1,23754): error TS1381: Unexpected token. Did you mean `{'}'}` or `&rbrace;`?
src/features/tether/AstralTetherHub.tsx(1,23763): error TS1381: Unexpected token. Did you mean `{'}'}` or `&rbrace;`?
src/features/tether/AstralTetherHub.tsx(1,23826): error TS1005: '}' expected.
src/features/tether/AstralTetherHub.tsx(1,23830): error TS1381: Unexpected token. Did you mean `{'}'}` or `&rbrace;`?
src/features/tether/AstralTetherHub.tsx(1,23855): error TS1005: '}' expected.
src/features/tether/AstralTetherHub.tsx(1,23858): error TS1381: Unexpected token. Did you mean `{'}'}` or `&rbrace;`?
src/features/tether/AstralTetherHub.tsx(1,23867): error TS1381: Unexpected token. Did you mean `{'}'}` or `&rbrace;`?
src/features/tether/AstralTetherHub.tsx(1,23993): error TS1381: Unexpected token. Did you mean `{'}'}` or `&rbrace;`?
src/features/tether/AstralTetherHub.tsx(1,24343): error TS1381: Unexpected token. Did you mean `{'}'}` or `&rbrace;`?
src/features/tether/AstralTetherHub.tsx(1,24463): error TS1381: Unexpected token. Did you mean `{'}'}` or `&rbrace;`?
src/features/tether/AstralTetherHub.tsx(1,24522): error TS1381: Unexpected token. Did you mean `{'}'}` or `&rbrace;`?
src/features/tether/AstralTetherHub.tsx(1,24632): error TS1381: Unexpected token. Did you mean `{'}'}` or `&rbrace;`?
src/features/tether/AstralTetherHub.tsx(1,24704): error TS1381: Unexpected token. Did you mean `{'}'}` or `&rbrace;`?
src/features/tether/AstralTetherHub.tsx(1,24978): error TS1381: Unexpected token. Did you mean `{'}'}` or `&rbrace;`?
src/features/tether/AstralTetherHub.tsx(1,25315): error TS1381: Unexpected token. Did you mean `{'}'}` or `&rbrace;`?
src/features/tether/AstralTetherHub.tsx(1,25393): error TS1381: Unexpected token. Did you mean `{'}'}` or `&rbrace;`?
src/features/tether/AstralTetherHub.tsx(1,25555): error TS1381: Unexpected token. Did you mean `{'}'}` or `&rbrace;`?
src/features/tether/AstralTetherHub.tsx(1,25611): error TS1381: Unexpected token. Did you mean `{'}'}` or `&rbrace;`?
src/features/tether/AstralTetherHub.tsx(1,25695): error TS1381: Unexpected token. Did you mean `{'}'}` or `&rbrace;`?
src/features/tether/AstralTetherHub.tsx(1,25971): error TS1381: Unexpected token. Did you mean `{'}'}` or `&rbrace;`?
src/features/tether/AstralTetherHub.tsx(1,26107): error TS1381: Unexpected token. Did you mean `{'}'}` or `&rbrace;`?
src/features/tether/AstralTetherHub.tsx(1,26261): error TS1381: Unexpected token. Did you mean `{'}'}` or `&rbrace;`?
src/features/tether/AstralTetherHub.tsx(1,26467): error TS1381: Unexpected token. Did you mean `{'}'}` or `&rbrace;`?
src/features/tether/AstralTetherHub.tsx(1,26658): error TS1381: Unexpected token. Did you mean `{'}'}` or `&rbrace;`?
src/features/tether/AstralTetherHub.tsx(1,26727): error TS1005: '}' expected.
src/features/tether/AstralTetherHub.tsx(1,26760): error TS1381: Unexpected token. Did you mean `{'}'}` or `&rbrace;`?
src/features/tether/AstralTetherHub.tsx(1,26788): error TS1005: '}' expected.
src/features/tether/AstralTetherHub.tsx(1,26821): error TS1381: Unexpected token. Did you mean `{'}'}` or `&rbrace;`?
src/features/tether/AstralTetherHub.tsx(1,26830): error TS1381: Unexpected token. Did you mean `{'}'}` or `&rbrace;`?
src/features/tether/AstralTetherHub.tsx(1,26969): error TS1381: Unexpected token. Did you mean `{'}'}` or `&rbrace;`?
src/features/tether/AstralTetherHub.tsx(1,27069): error TS1381: Unexpected token. Did you mean `{'}'}` or `&rbrace;`?
src/features/tether/AstralTetherHub.tsx(1,27163): error TS1381: Unexpected token. Did you mean `{'}'}` or `&rbrace;`?
src/features/tether/AstralTetherHub.tsx(1,27224): error TS1005: '}' expected.
src/features/tether/AstralTetherHub.tsx(1,27269): error TS1381: Unexpected token. Did you mean `{'}'}` or `&rbrace;`?
src/features/tether/AstralTetherHub.tsx(1,27293): error TS1005: '}' expected.
src/features/tether/AstralTetherHub.tsx(1,27337): error TS1381: Unexpected token. Did you mean `{'}'}` or `&rbrace;`?
src/features/tether/AstralTetherHub.tsx(1,27346): error TS1381: Unexpected token. Did you mean `{'}'}` or `&rbrace;`?
src/features/tether/AstralTetherHub.tsx(1,27430): error TS1381: Unexpected token. Did you mean `{'}'}` or `&rbrace;`?
src/features/tether/AstralTetherHub.tsx(1,27498): error TS1005: '}' expected.
src/features/tether/AstralTetherHub.tsx(1,27504): error TS1381: Unexpected token. Did you mean `{'}'}` or `&rbrace;`?
src/features/tether/AstralTetherHub.tsx(1,27539): error TS1005: '}' expected.
src/features/tether/AstralTetherHub.tsx(1,27545): error TS1381: Unexpected token. Did you mean `{'}'}` or `&rbrace;`?
src/features/tether/AstralTetherHub.tsx(1,27554): error TS1381: Unexpected token. Did you mean `{'}'}` or `&rbrace;`?
src/features/tether/AstralTetherHub.tsx(1,27710): error TS1381: Unexpected token. Did you mean `{'}'}` or `&rbrace;`?
src/features/tether/AstralTetherHub.tsx(1,27851): error TS1381: Unexpected token. Did you mean `{'}'}` or `&rbrace;`?
src/features/tether/AstralTetherHub.tsx(1,27914): error TS1005: '}' expected.
src/features/tether/AstralTetherHub.tsx(1,27918): error TS1381: Unexpected token. Did you mean `{'}'}` or `&rbrace;`?
src/features/tether/AstralTetherHub.tsx(1,27943): error TS1005: '}' expected.
src/features/tether/AstralTetherHub.tsx(1,27947): error TS1381: Unexpected token. Did you mean `{'}'}` or `&rbrace;`?
src/features/tether/AstralTetherHub.tsx(1,27956): error TS1381: Unexpected token. Did you mean `{'}'}` or `&rbrace;`?
src/features/tether/AstralTetherHub.tsx(1,28345): error TS1381: Unexpected token. Did you mean `{'}'}` or `&rbrace;`?
src/features/tether/AstralTetherHub.tsx(1,28476): error TS1381: Unexpected token. Did you mean `{'}'}` or `&rbrace;`?
src/features/tether/AstralTetherHub.tsx(1,28589): error TS1381: Unexpected token. Did you mean `{'}'}` or `&rbrace;`?
src/features/tether/AstralTetherHub.tsx(1,28656): error TS1005: '}' expected.
src/features/tether/AstralTetherHub.tsx(1,28678): error TS1381: Unexpected token. Did you mean `{'}'}` or `&rbrace;`?
src/features/tether/AstralTetherHub.tsx(1,28705): error TS1005: '}' expected.
src/features/tether/AstralTetherHub.tsx(1,28730): error TS1381: Unexpected token. Did you mean `{'}'}` or `&rbrace;`?
src/features/tether/AstralTetherHub.tsx(1,28757): error TS1005: '}' expected.
src/features/tether/AstralTetherHub.tsx(1,28781): error TS1381: Unexpected token. Did you mean `{'}'}` or `&rbrace;`?
src/features/tether/AstralTetherHub.tsx(1,28790): error TS1381: Unexpected token. Did you mean `{'}'}` or `&rbrace;`?
src/features/tether/AstralTetherHub.tsx(1,29093): error TS1381: Unexpected token. Did you mean `{'}'}` or `&rbrace;`?
src/features/tether/AstralTetherHub.tsx(1,29195): error TS1381: Unexpected token. Did you mean `{'}'}` or `&rbrace;`?
src/features/tether/AstralTetherHub.tsx(1,29420): error TS1381: Unexpected token. Did you mean `{'}'}` or `&rbrace;`?
src/features/tether/AstralTetherHub.tsx(1,29498): error TS1381: Unexpected token. Did you mean `{'}'}` or `&rbrace;`?
src/features/tether/AstralTetherHub.tsx(1,29609): error TS1381: Unexpected token. Did you mean `{'}'}` or `&rbrace;`?
src/features/tether/AstralTetherHub.tsx(1,29686): error TS1381: Unexpected token. Did you mean `{'}'}` or `&rbrace;`?
src/features/tether/AstralTetherHub.tsx(1,29736): error TS1381: Unexpected token. Did you mean `{'}'}` or `&rbrace;`?
src/features/tether/AstralTetherHub.tsx(1,29826): error TS1381: Unexpected token. Did you mean `{'}'}` or `&rbrace;`?
src/features/tether/AstralTetherHub.tsx(1,29950): error TS1381: Unexpected token. Did you mean `{'}'}` or `&rbrace;`?
src/features/tether/AstralTetherHub.tsx(1,30015): error TS1381: Unexpected token. Did you mean `{'}'}` or `&rbrace;`?
src/features/tether/AstralTetherHub.tsx(1,30064): error TS1381: Unexpected token. Did you mean `{'}'}` or `&rbrace;`?
src/features/tether/AstralTetherHub.tsx(1,30073): error TS1381: Unexpected token. Did you mean `{'}'}` or `&rbrace;`?
src/features/tether/AstralTetherHub.tsx(1,30080): error TS1381: Unexpected token. Did you mean `{'}'}` or `&rbrace;`?
src/features/tether/AstralTetherHub.tsx(1,30093): error TS1005: ';' expected.
src/features/tether/AstralTetherHub.tsx(1,30101): error TS1109: Expression expected.
src/features/tether/AstralTetherHub.tsx(1,30102): error TS1128: Declaration or statement expected.
src/features/tether/AstralTetherHub.tsx(1,30103): error TS1128: Declaration or statement expected.
src/features/tether/FamilyTether.tsx(1,38): error TS1005: 'from' expected.
src/features/tether/FamilyTether.tsx(1,45): error TS1005: ';' expected.
src/features/tether/FamilyTether.tsx(1,53): error TS1109: Expression expected.
src/features/tether/FamilyTether.tsx(1,87): error TS1005: 'from' expected.
src/features/tether/FamilyTether.tsx(1,94): error TS1005: ';' expected.
src/features/tether/FamilyTether.tsx(1,110): error TS1109: Expression expected.
src/features/tether/FamilyTether.tsx(1,143): error TS1005: 'from' expected.
src/features/tether/FamilyTether.tsx(1,150): error TS1005: ';' expected.
src/features/tether/FamilyTether.tsx(1,187): error TS1109: Expression expected.
src/features/tether/FamilyTether.tsx(1,218): error TS1005: 'from' expected.
src/features/tether/FamilyTether.tsx(1,225): error TS1005: ';' expected.
src/features/tether/TetherRequest.tsx(1,38): error TS1005: 'from' expected.
src/features/tether/TetherRequest.tsx(1,45): error TS1005: ';' expected.
src/features/tether/TetherRequest.tsx(1,53): error TS1109: Expression expected.
src/features/tether/TetherRequest.tsx(1,87): error TS1005: 'from' expected.
src/features/tether/TetherRequest.tsx(1,94): error TS1005: ';' expected.
src/features/tether/TetherRequest.tsx(1,110): error TS1109: Expression expected.
src/features/tether/TetherRequest.tsx(1,153): error TS1005: 'from' expected.
src/features/tether/TetherRequest.tsx(1,160): error TS1005: ';' expected.
src/features/tether/TetherRequest.tsx(1,207): error TS1005: ';' expected.
src/features/tether/TetherRequest.tsx(1,262): error TS1109: Expression expected.
src/features/tether/TetherRequest.tsx(1,263): error TS1109: Expression expected.
src/features/tether/TetherRequest.tsx(1,266): error TS1005: ';' expected.
src/features/tether/TetherRequest.tsx(1,295): error TS1005: ')' expected.
src/features/tether/TetherRequest.tsx(1,301): error TS1128: Declaration or statement expected.
src/features/tether/TetherRequest.tsx(1,303): error TS1128: Declaration or statement expected.
src/features/tether/TetherRequest.tsx(1,310): error TS1109: Expression expected.
src/features/tether/TetherRequest.tsx(1,311): error TS1128: Declaration or statement expected.
src/features/tether/TetherRequest.tsx(1,366): error TS1131: Property or signature expected.
src/features/tether/TetherRequest.tsx(1,401): error TS1005: ';' expected.
src/features/tether/TetherRequest.tsx(1,423): error TS1005: ';' expected.
src/features/tether/TetherRequest.tsx(1,445): error TS1005: ';' expected.
src/features/tether/TetherRequest.tsx(1,454): error TS1109: Expression expected.
src/features/tether/TetherRequest.tsx(1,455): error TS1109: Expression expected.
src/features/tether/TetherRequest.tsx(1,458): error TS1005: ';' expected.
src/features/tether/TetherRequest.tsx(1,471): error TS1128: Declaration or statement expected.
src/features/tether/TetherRequest.tsx(1,521): error TS1005: '>' expected.
src/features/tether/TetherRequest.tsx(1,571): error TS1389: 'const' is not allowed as a variable declaration name.
src/features/tether/TetherRequest.tsx(1,579): error TS1005: ',' expected.
src/features/tether/TetherRequest.tsx(1,611): error TS1005: ',' expected.
src/features/tether/TetherRequest.tsx(1,613): error TS1134: Variable declaration expected.
src/features/tether/TetherRequest.tsx(1,623): error TS1005: ',' expected.
src/features/tether/TetherRequest.tsx(1,641): error TS1005: ',' expected.
src/features/tether/TetherRequest.tsx(1,673): error TS1005: ',' expected.
src/features/tether/TetherRequest.tsx(1,675): error TS1134: Variable declaration expected.
src/features/tether/TetherRequest.tsx(1,685): error TS1005: ',' expected.
src/features/tether/TetherRequest.tsx(1,699): error TS1005: ')' expected.
src/features/tether/TetherRequest.tsx(1,702): error TS1128: Declaration or statement expected.
src/features/tether/TetherRequest.tsx(1,719): error TS1109: Expression expected.
src/features/tether/TetherRequest.tsx(1,736): error TS1005: ';' expected.
src/features/tether/TetherRequest.tsx(1,756): error TS1005: ';' expected.
src/features/tether/TetherRequest.tsx(1,767): error TS1005: ';' expected.
src/features/tether/TetherRequest.tsx(1,827): error TS1005: ';' expected.
src/features/tether/TetherRequest.tsx(1,856): error TS1005: ';' expected.
src/features/tether/TetherRequest.tsx(1,862): error TS1005: ';' expected.
src/features/tether/TetherRequest.tsx(1,876): error TS1005: ';' expected.
src/features/tether/TetherRequest.tsx(1,905): error TS1005: ';' expected.
src/features/tether/TetherRequest.tsx(1,973): error TS1005: ';' expected.
src/features/tether/TetherRequest.tsx(1,1177): error TS1109: Expression expected.
src/features/tether/TetherRequest.tsx(1,1284): error TS1005: ',' expected.
src/features/tether/TetherRequest.tsx(1,1291): error TS1003: Identifier expected.
src/features/tether/TetherRequest.tsx(1,1303): error TS1005: ':' expected.
src/features/tether/TetherRequest.tsx(1,1316): error TS1003: Identifier expected.
src/features/tether/TetherRequest.tsx(1,1328): error TS1005: ':' expected.
src/features/tether/TetherRequest.tsx(1,1355): error TS1005: ':' expected.
src/features/tether/TetherRequest.tsx(1,1371): error TS1005: ',' expected.
src/features/tether/TetherRequest.tsx(1,1381): error TS1005: ',' expected.
src/features/tether/TetherRequest.tsx(1,1385): error TS1005: ',' expected.
src/features/tether/TetherRequest.tsx(1,1390): error TS1005: ',' expected.
src/features/tether/TetherRequest.tsx(1,1397): error TS1005: ',' expected.
src/features/tether/TetherRequest.tsx(1,1435): error TS1005: ':' expected.
src/features/tether/TetherRequest.tsx(1,1462): error TS1005: ':' expected.
src/features/tether/TetherRequest.tsx(1,1484): error TS1005: ':' expected.
src/features/tether/TetherRequest.tsx(1,1488): error TS1005: ':' expected.
src/features/tether/TetherRequest.tsx(1,1502): error TS1003: Identifier expected.
src/features/tether/TetherRequest.tsx(1,1516): error TS1005: ':' expected.
src/features/tether/TetherRequest.tsx(1,1523): error TS1003: Identifier expected.
src/features/tether/TetherRequest.tsx(1,1545): error TS1005: ':' expected.
src/features/tether/TetherRequest.tsx(1,1572): error TS1003: Identifier expected.
src/features/tether/TetherRequest.tsx(1,1621): error TS1005: ':' expected.
src/features/tether/TetherRequest.tsx(1,1643): error TS1005: ',' expected.
src/features/tether/TetherRequest.tsx(1,1647): error TS1005: ',' expected.
src/features/tether/TetherRequest.tsx(1,1655): error TS1005: ',' expected.
src/features/tether/TetherRequest.tsx(1,1659): error TS1005: ':' expected.
src/features/tether/TetherRequest.tsx(1,1668): error TS1005: ',' expected.
src/features/tether/TetherRequest.tsx(1,1674): error TS1005: ',' expected.
src/features/tether/TetherRequest.tsx(1,1678): error TS1005: ':' expected.
src/features/tether/TetherRequest.tsx(1,1690): error TS1005: ',' expected.
src/features/tether/TetherRequest.tsx(1,1694): error TS1005: ',' expected.
src/features/tether/TetherRequest.tsx(1,1698): error TS1005: ':' expected.
src/features/tether/TetherRequest.tsx(1,1708): error TS1005: ',' expected.
src/features/tether/TetherRequest.tsx(1,1716): error TS1005: ',' expected.
src/features/tether/TetherRequest.tsx(1,1720): error TS1005: ':' expected.
src/features/tether/TetherRequest.tsx(1,1737): error TS1005: ':' expected.
src/features/tether/TetherRequest.tsx(1,1739): error TS1005: ':' expected.
src/features/tether/TetherRequest.tsx(1,1739): error TS1351: An identifier or keyword cannot immediately follow a numeric literal.
src/features/tether/TetherRequest.tsx(1,1744): error TS1005: ',' expected.
src/features/tether/TetherRequest.tsx(1,1758): error TS1005: ';' expected.
src/features/tether/TetherRequest.tsx(1,1778): error TS1005: ';' expected.
src/features/tether/TetherRequest.tsx(1,1815): error TS1005: ';' expected.
src/features/tether/TetherRequest.tsx(1,1835): error TS1005: ';' expected.
src/features/tether/TetherRequest.tsx(1,1839): error TS1434: Unexpected keyword or identifier.
src/features/tether/TetherRequest.tsx(1,1848): error TS1434: Unexpected keyword or identifier.
src/features/tether/TetherRequest.tsx(1,2010): error TS1005: ';' expected.
src/features/tether/TetherRequest.tsx(1,2011): error TS1005: ';' expected.
src/features/tether/TetherRequest.tsx(1,2011): error TS1351: An identifier or keyword cannot immediately follow a numeric literal.
src/features/tether/TetherRequest.tsx(1,2016): error TS1128: Declaration or statement expected.
src/features/tether/TetherRequest.tsx(1,2025): error TS1109: Expression expected.
src/features/tether/TetherRequest.tsx(1,2050): error TS1005: ',' expected.
src/features/tether/TetherRequest.tsx(1,2064): error TS1005: ';' expected.
src/features/tether/TetherRequest.tsx(1,2075): error TS1005: ';' expected.
src/features/tether/TetherRequest.tsx(1,2095): error TS1005: ';' expected.
src/features/tether/TetherRequest.tsx(1,2107): error TS1127: Invalid character.
src/features/tether/TetherRequest.tsx(1,2135): error TS1005: ';' expected.
src/features/tether/TetherRequest.tsx(1,2176): error TS1005: ';' expected.
src/features/tether/TetherRequest.tsx(1,2207): error TS1005: ';' expected.
src/features/tether/TetherRequest.tsx(1,2223): error TS1005: ';' expected.
src/features/tether/TetherRequest.tsx(1,2244): error TS1005: ';' expected.
src/features/tether/TetherRequest.tsx(1,2272): error TS1005: ';' expected.
src/features/tether/TetherRequest.tsx(1,2297): error TS1005: ';' expected.
src/features/tether/TetherRequest.tsx(1,2312): error TS1005: ';' expected.
src/features/tether/TetherRequest.tsx(1,2332): error TS1005: ';' expected.
src/features/tether/TetherRequest.tsx(1,2344): error TS1127: Invalid character.
src/features/tether/TetherRequest.tsx(1,2373): error TS1005: ';' expected.
src/features/tether/TetherRequest.tsx(1,2404): error TS1005: ';' expected.
src/features/tether/TetherRequest.tsx(1,2439): error TS1005: ';' expected.
src/features/tether/TetherRequest.tsx(1,2451): error TS1127: Invalid character.
src/features/tether/TetherRequest.tsx(1,2480): error TS1005: ';' expected.
src/features/tether/TetherRequest.tsx(1,2493): error TS1005: '(' expected.
src/features/tether/TetherRequest.tsx(1,2499): error TS1005: ';' expected.
src/features/tether/TetherRequest.tsx(1,2512): error TS1005: ';' expected.
src/features/tether/TetherRequest.tsx(1,2527): error TS1005: ';' expected.
src/features/tether/TetherRequest.tsx(1,2547): error TS1005: ';' expected.
src/features/tether/TetherRequest.tsx(1,2569): error TS1005: ';' expected.
src/features/tether/TetherRequest.tsx(1,2598): error TS1005: ';' expected.
src/features/tether/TetherRequest.tsx(1,2614): error TS1128: Declaration or statement expected.
src/features/tether/TetherRequest.tsx(1,2622): error TS1005: ';' expected.
src/features/tether/TetherRequest.tsx(1,2653): error TS1005: ';' expected.
src/features/tether/TetherRequest.tsx(1,2665): error TS1127: Invalid character.
src/features/tether/TetherRequest.tsx(1,2691): error TS1005: ';' expected.
src/features/tether/TetherRequest.tsx(1,2736): error TS1005: ';' expected.
src/features/tether/TetherRequest.tsx(1,2751): error TS1005: ';' expected.
src/features/tether/TetherRequest.tsx(1,2776): error TS1005: ';' expected.
src/features/tether/TetherRequest.tsx(1,2788): error TS1127: Invalid character.
src/features/tether/TetherRequest.tsx(1,2816): error TS1005: ';' expected.
src/features/tether/TetherRequest.tsx(1,2846): error TS1005: ';' expected.
src/features/tether/TetherRequest.tsx(1,2894): error TS1389: 'try' is not allowed as a variable declaration name.
src/features/tether/TetherRequest.tsx(1,3001): error TS1005: '>' expected.
src/features/tether/TetherRequest.tsx(1,3008): error TS1005: ',' expected.
src/features/tether/TetherRequest.tsx(1,3220): error TS1003: Identifier expected.
src/features/tether/TetherRequest.tsx(1,3235): error TS1005: ';' expected.
src/features/tether/TetherRequest.tsx(1,3284): error TS1005: ';' expected.
src/features/tether/TetherRequest.tsx(1,3330): error TS1005: ';' expected.
src/features/tether/TetherRequest.tsx(1,3384): error TS1005: ';' expected.
src/features/tether/TetherRequest.tsx(1,3424): error TS1472: 'catch' or 'finally' expected.
src/features/tether/TetherRequest.tsx(1,3503): error TS1005: ';' expected.
src/features/tether/TetherRequest.tsx(1,3512): error TS1434: Unexpected keyword or identifier.
src/features/tether/TetherRequest.tsx(1,3720): error TS1005: ';' expected.
src/features/tether/TetherRequest.tsx(1,3758): error TS1005: ';' expected.
src/features/tether/TetherRequest.tsx(1,3781): error TS1005: ';' expected.
src/features/tether/TetherRequest.tsx(1,3814): error TS1005: ';' expected.
src/features/tether/TetherRequest.tsx(1,3845): error TS1005: ';' expected.
src/features/tether/TetherRequest.tsx(1,3990): error TS1128: Declaration or statement expected.
src/features/tether/TetherRequest.tsx(1,3992): error TS1005: 'try' expected.
src/features/tether/TetherRequest.tsx(1,4076): error TS1128: Declaration or statement expected.
src/features/tether/TetherRequest.tsx(1,4132): error TS1005: ',' expected.
src/features/tether/TetherRequest.tsx(1,4142): error TS1389: 'try' is not allowed as a variable declaration name.
src/features/tether/TetherRequest.tsx(1,4218): error TS1005: ';' expected.
src/features/tether/TetherRequest.tsx(1,4249): error TS1005: ';' expected.
src/features/tether/TetherRequest.tsx(1,4289): error TS1005: ';' expected.
src/features/tether/TetherRequest.tsx(1,4296): error TS1434: Unexpected keyword or identifier.
src/features/tether/TetherRequest.tsx(1,4299): error TS1434: Unexpected keyword or identifier.
src/features/tether/TetherRequest.tsx(1,4509): error TS1472: 'catch' or 'finally' expected.
src/features/tether/TetherRequest.tsx(1,4511): error TS1005: 'try' expected.
src/features/tether/TetherRequest.tsx(1,4533): error TS1128: Declaration or statement expected.
src/features/tether/TetherRequest.tsx(1,4534): error TS1128: Declaration or statement expected.
src/features/tether/TetherRequest.tsx(1,4578): error TS1005: ',' expected.
src/features/tether/TetherRequest.tsx(1,4588): error TS1389: 'switch' is not allowed as a variable declaration name.
src/features/tether/TetherRequest.tsx(1,4606): error TS1130: 'case' or 'default' expected.
src/features/tether/TetherRequest.tsx(1,4630): error TS1109: Expression expected.
src/features/tether/TetherRequest.tsx(1,4653): error TS1005: ';' expected.
src/features/tether/TetherRequest.tsx(1,4693): error TS1005: ';' expected.
src/features/tether/TetherRequest.tsx(1,4710): error TS1005: ';' expected.
src/features/tether/TetherRequest.tsx(1,4712): error TS1005: ';' expected.
src/features/tether/TetherRequest.tsx(1,4712): error TS1351: An identifier or keyword cannot immediately follow a numeric literal.
src/features/tether/TetherRequest.tsx(1,4730): error TS1005: ';' expected.
src/features/tether/TetherRequest.tsx(1,4744): error TS1005: ';' expected.
src/features/tether/TetherRequest.tsx(1,4745): error TS1005: ';' expected.
src/features/tether/TetherRequest.tsx(1,4745): error TS1351: An identifier or keyword cannot immediately follow a numeric literal.
src/features/tether/TetherRequest.tsx(1,4772): error TS1127: Invalid character.
src/features/tether/TetherRequest.tsx(1,4773): error TS1005: ';' expected.
src/features/tether/TetherRequest.tsx(1,4774): error TS1005: ';' expected.
src/features/tether/TetherRequest.tsx(1,4774): error TS1351: An identifier or keyword cannot immediately follow a numeric literal.
src/features/tether/TetherRequest.tsx(1,4786): error TS1128: Declaration or statement expected.
src/features/tether/TetherRequest.tsx(1,4787): error TS1128: Declaration or statement expected.
src/features/tether/TetherRequest.tsx(1,4830): error TS1005: ',' expected.
src/features/tether/TetherRequest.tsx(1,4840): error TS1389: 'switch' is not allowed as a variable declaration name.
src/features/tether/TetherRequest.tsx(1,4899): error TS1005: ';' expected.
src/features/tether/TetherRequest.tsx(1,4924): error TS1005: ';' expected.
src/features/tether/TetherRequest.tsx(1,4965): error TS1005: ';' expected.
src/features/tether/TetherRequest.tsx(1,4987): error TS1109: Expression expected.
src/features/tether/TetherRequest.tsx(1,5250): error TS1005: ';' expected.
src/features/tether/TetherRequest.tsx(1,5252): error TS1434: Unexpected keyword or identifier.
src/features/tether/TetherRequest.tsx(1,5299): error TS1005: ';' expected.
src/features/tether/TetherRequest.tsx(1,5301): error TS1434: Unexpected keyword or identifier.
src/features/tether/TetherRequest.tsx(1,5360): error TS1005: ';' expected.
src/features/tether/TetherRequest.tsx(1,5384): error TS1005: ';' expected.
src/features/tether/TetherRequest.tsx(1,5417): error TS1005: ';' expected.
src/features/tether/TetherRequest.tsx(1,5431): error TS1005: ';' expected.
src/features/tether/TetherRequest.tsx(1,5447): error TS1005: ';' expected.
src/features/tether/TetherRequest.tsx(1,5500): error TS1005: ';' expected.
src/features/tether/TetherRequest.tsx(1,5513): error TS1005: ';' expected.
src/features/tether/TetherRequest.tsx(1,5549): error TS1005: ';' expected.
src/features/tether/TetherRequest.tsx(1,5768): error TS1005: ';' expected.
src/features/tether/TetherRequest.tsx(1,5771): error TS1109: Expression expected.
src/features/tether/TetherRequest.tsx(1,5783): error TS1005: ';' expected.
src/features/tether/TetherRequest.tsx(1,5939): error TS1005: ';' expected.
src/features/tether/TetherRequest.tsx(1,5947): error TS1005: ';' expected.
src/features/tether/TetherRequest.tsx(1,5973): error TS1005: ';' expected.
src/features/tether/TetherRequest.tsx(1,5988): error TS1129: Statement expected.
src/features/tether/TetherRequest.tsx(1,6010): error TS1109: Expression expected.
src/features/tether/TetherRequest.tsx(1,6072): error TS1005: ';' expected.
src/features/tether/TetherRequest.tsx(1,6088): error TS1005: ';' expected.
src/features/tether/TetherRequest.tsx(1,6103): error TS1005: ';' expected.
src/features/tether/TetherRequest.tsx(1,6186): error TS1128: Declaration or statement expected.
src/features/tether/TetherRequest.tsx(1,6187): error TS1128: Declaration or statement expected.
src/features/tether/TetherRequest.tsx(1,6220): error TS1005: ';' expected.
src/features/tether/TetherRequest.tsx(1,6246): error TS1109: Expression expected.
src/features/tether/TetherRequest.tsx(1,6275): error TS1005: ')' expected.
src/features/tether/TetherRequest.tsx(1,6328): error TS1005: ';' expected.
src/features/tether/TetherRequest.tsx(1,6338): error TS1005: ';' expected.
src/features/tether/TetherRequest.tsx(1,6366): error TS1005: ';' expected.
src/features/tether/TetherRequest.tsx(1,6393): error TS1005: ';' expected.
src/features/tether/TetherRequest.tsx(1,6401): error TS1434: Unexpected keyword or identifier.
src/features/tether/TetherRequest.tsx(1,6409): error TS1128: Declaration or statement expected.
src/features/tether/TetherRequest.tsx(1,6444): error TS1005: ';' expected.
src/features/tether/TetherRequest.tsx(1,6461): error TS1005: ';' expected.
src/features/tether/TetherRequest.tsx(1,6484): error TS1005: ';' expected.
src/features/tether/TetherRequest.tsx(1,6492): error TS1434: Unexpected keyword or identifier.
src/features/tether/TetherRequest.tsx(1,6498): error TS1434: Unexpected keyword or identifier.
src/features/tether/TetherRequest.tsx(1,6502): error TS1434: Unexpected keyword or identifier.
src/features/tether/TetherRequest.tsx(1,6504): error TS1434: Unexpected keyword or identifier.
src/features/tether/TetherRequest.tsx(1,6511): error TS1434: Unexpected keyword or identifier.
src/features/tether/TetherRequest.tsx(1,6553): error TS1005: ';' expected.
src/features/tether/TetherRequest.tsx(1,6569): error TS1109: Expression expected.
src/features/tether/TetherRequest.tsx(1,6583): error TS1109: Expression expected.
src/features/tether/TetherRequest.tsx(1,6585): error TS1128: Declaration or statement expected.
src/features/tether/TetherRequest.tsx(1,6615): error TS1005: ')' expected.
src/features/tether/TetherRequest.tsx(1,6627): error TS1005: ';' expected.
src/features/tether/TetherRequest.tsx(1,6689): error TS1005: ',' expected.
src/features/tether/TetherRequest.tsx(1,6708): error TS1109: Expression expected.
src/features/tether/TetherRequest.tsx(1,6767): error TS1005: ',' expected.
src/features/tether/TetherRequest.tsx(1,6770): error TS1005: ',' expected.
src/features/tether/TetherRequest.tsx(1,6775): error TS1005: ':' expected.
src/features/tether/TetherRequest.tsx(1,6777): error TS1136: Property assignment expected.
src/features/tether/TetherRequest.tsx(1,6798): error TS1005: ';' expected.
src/features/tether/TetherRequest.tsx(1,6863): error TS1005: ':' expected.
src/features/tether/TetherRequest.tsx(1,10097): error TS1005: ',' expected.
src/features/tether/TetherRequest.tsx(1,10098): error TS1136: Property assignment expected.
src/features/tether/TetherRequest.tsx(1,10219): error TS1005: ';' expected.
src/features/tether/TetherRequest.tsx(1,10371): error TS1128: Declaration or statement expected.
src/features/tether/TetherRequest.tsx(1,10417): error TS1005: ';' expected.
src/features/tether/TetherRequest.tsx(1,10429): error TS1005: ';' expected.
src/features/tether/TetherRequest.tsx(1,10457): error TS1005: ';' expected.
src/features/tether/TetherRequest.tsx(1,10464): error TS1434: Unexpected keyword or identifier.
src/features/tether/TetherRequest.tsx(1,10471): error TS1128: Declaration or statement expected.
src/features/tether/TetherRequest.tsx(1,10500): error TS1003: Identifier expected.
src/features/tether/TetherRequest.tsx(1,10531): error TS1005: ';' expected.
src/features/tether/TetherRequest.tsx(1,10540): error TS1005: ';' expected.
src/features/tether/TetherRequest.tsx(1,10600): error TS1128: Declaration or statement expected.
src/features/tether/TetherRequest.tsx(1,10704): error TS1005: ';' expected.
src/features/tether/TetherRequest.tsx(1,10761): error TS1128: Declaration or statement expected.
src/features/tether/TetherRequest.tsx(1,10796): error TS1005: ';' expected.
src/features/tether/TetherRequest.tsx(1,10808): error TS1005: ';' expected.
src/features/tether/TetherRequest.tsx(1,10836): error TS1005: ';' expected.
src/features/tether/TetherRequest.tsx(1,10868): error TS1005: ';' expected.
src/features/tether/TetherRequest.tsx(1,10911): error TS1005: ';' expected.
src/features/tether/TetherRequest.tsx(1,10928): error TS1005: ';' expected.
src/features/tether/TetherRequest.tsx(1,11044): error TS1005: ';' expected.
src/features/tether/TetherRequest.tsx(1,11054): error TS1003: Identifier expected.
src/features/tether/TetherRequest.tsx(1,11158): error TS1005: ',' expected.
src/features/tether/TetherRequest.tsx(1,11170): error TS1005: ')' expected.
src/features/tether/TetherRequest.tsx(1,11203): error TS1136: Property assignment expected.
src/features/tether/TetherRequest.tsx(1,11487): error TS1005: ';' expected.
src/features/tether/TetherRequest.tsx(1,11509): error TS1109: Expression expected.
src/features/tether/TetherRequest.tsx(1,11556): error TS1128: Declaration or statement expected.
src/features/tether/TetherRequest.tsx(1,11591): error TS1005: ';' expected.
src/features/tether/TetherRequest.tsx(1,11603): error TS1005: ';' expected.
src/features/tether/TetherRequest.tsx(1,11631): error TS1005: ';' expected.
src/features/tether/TetherRequest.tsx(1,11725): error TS1005: ';' expected.
src/features/tether/TetherRequest.tsx(1,11884): error TS1005: ';' expected.
src/features/tether/TetherRequest.tsx(1,11902): error TS1005: ';' expected.
src/features/tether/TetherRequest.tsx(1,11903): error TS1128: Declaration or statement expected.
src/features/tether/TetherRequest.tsx(1,11929): error TS1109: Expression expected.
src/features/tether/TetherRequest.tsx(1,11985): error TS1005: ';' expected.
src/features/tether/TetherRequest.tsx(1,12023): error TS1005: ';' expected.
src/features/tether/TetherRequest.tsx(1,12037): error TS1005: ';' expected.
src/features/tether/TetherRequest.tsx(1,12090): error TS1005: ';' expected.
src/features/tether/TetherRequest.tsx(1,12131): error TS1005: ',' expected.
src/features/tether/TetherRequest.tsx(1,12176): error TS1005: ')' expected.
src/features/tether/TetherRequest.tsx(1,12288): error TS1005: ',' expected.
src/features/tether/TetherRequest.tsx(1,12298): error TS1005: ',' expected.
src/features/tether/TetherRequest.tsx(1,12304): error TS1005: ',' expected.
src/features/tether/TetherRequest.tsx(1,12390): error TS1005: ':' expected.
src/features/tether/TetherRequest.tsx(1,12433): error TS1005: ',' expected.
src/features/tether/TetherRequest.tsx(1,12458): error TS1005: '(' expected.
src/features/tether/TetherRequest.tsx(1,12495): error TS1005: ':' expected.
src/features/tether/TetherRequest.tsx(1,12505): error TS1005: ',' expected.
src/features/tether/TetherRequest.tsx(1,12550): error TS1005: ',' expected.
src/features/tether/TetherRequest.tsx(1,12579): error TS1005: '(' expected.
src/features/tether/TetherRequest.tsx(1,12629): error TS1005: ':' expected.
src/features/tether/TetherRequest.tsx(1,12665): error TS1005: ',' expected.
src/features/tether/TetherRequest.tsx(1,12675): error TS1005: ':' expected.
src/features/tether/TetherRequest.tsx(1,12677): error TS1127: Invalid character.
src/features/tether/TetherRequest.tsx(1,12689): error TS1005: ':' expected.
src/features/tether/TetherRequest.tsx(1,12703): error TS1005: ',' expected.
src/features/tether/TetherRequest.tsx(1,12727): error TS1005: ':' expected.
src/features/tether/TetherRequest.tsx(1,12753): error TS1005: ':' expected.
src/features/tether/TetherRequest.tsx(1,12787): error TS1005: ',' expected.
src/features/tether/TetherRequest.tsx(1,12797): error TS1005: ':' expected.
src/features/tether/TetherRequest.tsx(1,12799): error TS1127: Invalid character.
src/features/tether/TetherRequest.tsx(1,12801): error TS1127: Invalid character.
src/features/tether/TetherRequest.tsx(1,12812): error TS1005: ':' expected.
src/features/tether/TetherRequest.tsx(1,12819): error TS1005: ',' expected.
src/features/tether/TetherRequest.tsx(1,12837): error TS1005: ':' expected.
src/features/tether/TetherRequest.tsx(1,12868): error TS1005: ':' expected.
src/features/tether/TetherRequest.tsx(1,12946): error TS1005: ',' expected.
src/features/tether/TetherRequest.tsx(1,12951): error TS1005: ',' expected.
src/features/tether/TetherRequest.tsx(1,12976): error TS1005: ':' expected.
src/features/tether/TetherRequest.tsx(1,13012): error TS1005: ',' expected.
src/features/tether/TetherRequest.tsx(1,13022): error TS1005: ':' expected.
src/features/tether/TetherRequest.tsx(1,13024): error TS1127: Invalid character.
src/features/tether/TetherRequest.tsx(1,13036): error TS1005: ':' expected.
src/features/tether/TetherRequest.tsx(1,13044): error TS1005: ',' expected.
src/features/tether/TetherRequest.tsx(1,13063): error TS1005: ':' expected.
src/features/tether/TetherRequest.tsx(1,13064): error TS1003: Identifier expected.
src/features/tether/TetherRequest.tsx(1,13123): error TS1005: ')' expected.
src/features/tether/TetherRequest.tsx(1,13223): error TS1005: ',' expected.
src/features/tether/TetherRequest.tsx(1,13228): error TS1005: ',' expected.
src/features/tether/TetherRequest.tsx(1,13264): error TS1005: ':' expected.
src/features/tether/TetherRequest.tsx(1,13274): error TS1005: ',' expected.
src/features/tether/TetherRequest.tsx(1,13473): error TS1005: ':' expected.
src/features/tether/TetherRequest.tsx(1,13507): error TS1005: ',' expected.
src/features/tether/TetherRequest.tsx(1,13511): error TS1005: ':' expected.
src/features/tether/TetherRequest.tsx(1,13512): error TS1005: ',' expected.
src/features/tether/TetherRequest.tsx(1,13580): error TS1005: ':' expected.
src/features/tether/TetherRequest.tsx(1,13589): error TS1005: ',' expected.
src/features/tether/TetherRequest.tsx(1,13623): error TS1005: ',' expected.
src/features/tether/TetherRequest.tsx(1,13645): error TS1005: '(' expected.
src/features/tether/TetherRequest.tsx(1,13655): error TS1005: ';' expected.
src/features/tether/TetherRequest.tsx(1,13695): error TS1005: ';' expected.
src/features/tether/TetherRequest.tsx(1,13722): error TS1005: ',' expected.
src/features/tether/TetherRequest.tsx(1,13727): error TS1005: ',' expected.
src/features/tether/TetherRequest.tsx(1,13767): error TS1005: ',' expected.
src/features/tether/TetherRequest.tsx(1,13789): error TS1005: '(' expected.
src/features/tether/TetherRequest.tsx(1,13800): error TS1005: ',' expected.
src/features/tether/TetherRequest.tsx(1,13805): error TS1005: ',' expected.
src/features/tether/TetherRequest.tsx(1,13953): error TS1005: ';' expected.
src/features/tether/TetherRequest.tsx(1,14000): error TS1005: ';' expected.
src/features/tether/TetherRequest.tsx(1,14062): error TS1005: ';' expected.
src/features/tether/TetherRequest.tsx(1,14072): error TS1005: ';' expected.
src/features/tether/TetherRequest.tsx(1,14125): error TS1005: ';' expected.
src/features/tether/TetherRequest.tsx(1,14355): error TS1005: ',' expected.
src/features/tether/TetherRequest.tsx(1,14360): error TS1005: ',' expected.
src/features/tether/TetherRequest.tsx(1,14396): error TS1005: ':' expected.
src/features/tether/TetherRequest.tsx(1,14409): error TS1005: ',' expected.
src/features/tether/TetherRequest.tsx(1,14613): error TS1005: ':' expected.
src/features/tether/TetherRequest.tsx(1,14650): error TS1005: ',' expected.
src/features/tether/TetherRequest.tsx(1,14654): error TS1005: ':' expected.
src/features/tether/TetherRequest.tsx(1,14655): error TS1005: ',' expected.
src/features/tether/TetherRequest.tsx(1,14713): error TS1005: ':' expected.
src/features/tether/TetherRequest.tsx(1,14824): error TS1005: ',' expected.
src/features/tether/TetherRequest.tsx(1,14849): error TS1136: Property assignment expected.
src/features/tether/TetherRequest.tsx(1,14876): error TS2657: JSX expressions must have one parent element.
src/features/tether/TetherRequest.tsx(1,14943): error TS1003: Identifier expected.
src/features/tether/TetherRequest.tsx(1,15059): error TS1005: '}' expected.
src/features/tether/TetherRequest.tsx(1,15071): error TS1381: Unexpected token. Did you mean `{'}'}` or `&rbrace;`?
src/features/tether/TetherRequest.tsx(1,15102): error TS1382: Unexpected token. Did you mean `{'>'}` or `&gt;`?
src/features/tether/TetherRequest.tsx(1,15173): error TS1005: '}' expected.
src/features/tether/TetherRequest.tsx(1,15174): error TS1381: Unexpected token. Did you mean `{'}'}` or `&rbrace;`?
src/features/tether/TetherRequest.tsx(1,15296): error TS1005: '}' expected.
src/features/tether/TetherRequest.tsx(1,15297): error TS1381: Unexpected token. Did you mean `{'}'}` or `&rbrace;`?
src/features/tether/TetherRequest.tsx(1,15304): error TS1005: ';' expected.
src/features/tether/TetherRequest.tsx(1,15347): error TS1005: ';' expected.
src/features/tether/TetherRequest.tsx(1,15367): error TS1005: ';' expected.
src/features/tether/TetherRequest.tsx(1,15398): error TS1005: ';' expected.
src/features/tether/TetherRequest.tsx(1,15482): error TS1005: ')' expected.
src/features/tether/TetherRequest.tsx(1,15490): error TS1005: ',' expected.
src/features/tether/TetherRequest.tsx(1,15505): error TS1005: ':' expected.
src/features/tether/TetherRequest.tsx(1,15519): error TS1005: ',' expected.
src/features/tether/TetherRequest.tsx(1,15554): error TS1005: ':' expected.
src/features/tether/TetherRequest.tsx(1,15596): error TS1005: ',' expected.
src/features/tether/TetherRequest.tsx(1,15602): error TS1005: ',' expected.
src/features/tether/TetherRequest.tsx(1,15631): error TS1109: Expression expected.
src/features/tether/TetherRequest.tsx(1,15632): error TS1005: ';' expected.
src/features/tether/TetherRequest.tsx(1,15660): error TS1128: Declaration or statement expected.
src/features/tether/TetherRequest.tsx(1,15690): error TS1109: Expression expected.
src/features/tether/TetherRequest.tsx(1,15718): error TS1109: Expression expected.
src/features/tether/TetherRequest.tsx(1,15746): error TS1109: Expression expected.
src/features/tether/TetherRequest.tsx(1,15747): error TS1128: Declaration or statement expected.
src/features/tether/TetherRequest.tsx(1,15748): error TS1128: Declaration or statement expected.
src/features/tether/TetherRequest.tsx(1,15767): error TS1128: Declaration or statement expected.
src/features/tether/TetherRequest.tsx(1,15789): error TS1109: Expression expected.
src/features/tether/TetherRequest.tsx(1,15832): error TS1128: Declaration or statement expected.
src/features/tether/TetherRequest.tsx(1,15867): error TS1005: ';' expected.
src/features/tether/TetherRequest.tsx(1,15879): error TS1005: ';' expected.
src/features/tether/TetherRequest.tsx(1,15907): error TS1005: ';' expected.
src/features/tether/TetherRequest.tsx(1,15935): error TS1005: ';' expected.
src/features/tether/TetherRequest.tsx(1,15938): error TS1434: Unexpected keyword or identifier.
src/features/tether/TetherRequest.tsx(1,15943): error TS1128: Declaration or statement expected.
src/features/tether/TetherRequest.tsx(1,15986): error TS1005: ';' expected.
src/features/tether/TetherRequest.tsx(1,16001): error TS1005: ';' expected.
src/features/tether/TetherRequest.tsx(1,16024): error TS1005: ';' expected.
src/features/tether/TetherRequest.tsx(1,16091): error TS1005: ')' expected.
src/features/tether/TetherRequest.tsx(1,16104): error TS1005: ',' expected.
src/features/tether/TetherRequest.tsx(1,16107): error TS1005: ',' expected.
src/features/tether/TetherRequest.tsx(1,16122): error TS1005: ':' expected.
src/features/tether/TetherRequest.tsx(1,16135): error TS1005: ',' expected.
src/features/tether/TetherRequest.tsx(1,16168): error TS1005: ',' expected.
src/features/tether/TetherRequest.tsx(1,16195): error TS1005: ',' expected.
src/features/tether/TetherRequest.tsx(1,16267): error TS1005: ',' expected.
src/features/tether/TetherRequest.tsx(1,16290): error TS1005: ',' expected.
src/features/tether/TetherRequest.tsx(1,16327): error TS1136: Property assignment expected.
src/features/tether/TetherRequest.tsx(1,16328): error TS1136: Property assignment expected.
src/features/tether/TetherRequest.tsx(1,16774): error TS1005: '}' expected.
src/features/tether/TetherRequest.tsx(1,16775): error TS1381: Unexpected token. Did you mean `{'}'}` or `&rbrace;`?
src/features/tether/TetherRequest.tsx(1,16783): error TS1005: ',' expected.
src/features/tether/TetherRequest.tsx(1,16824): error TS1005: ',' expected.
src/features/tether/TetherRequest.tsx(1,16837): error TS1005: ',' expected.
src/features/tether/TetherRequest.tsx(1,16871): error TS1005: ',' expected.
src/features/tether/TetherRequest.tsx(1,16907): error TS1005: ',' expected.
src/features/tether/TetherRequest.tsx(1,16913): error TS1005: ',' expected.
src/features/tether/TetherRequest.tsx(1,16953): error TS1005: ',' expected.
src/features/tether/TetherRequest.tsx(1,16986): error TS1005: '(' expected.
src/features/tether/TetherRequest.tsx(1,17008): error TS1005: ',' expected.
src/features/tether/TetherRequest.tsx(1,17013): error TS1005: ',' expected.
src/features/tether/TetherRequest.tsx(1,17161): error TS1005: ',' expected.
src/features/tether/TetherRequest.tsx(1,17213): error TS1005: ',' expected.
src/features/tether/TetherRequest.tsx(1,17234): error TS1005: '(' expected.
src/features/tether/TetherRequest.tsx(1,17269): error TS1005: ':' expected.
src/features/tether/TetherRequest.tsx(1,17281): error TS1005: ',' expected.
src/features/tether/TetherRequest.tsx(1,17311): error TS1005: ',' expected.
src/features/tether/TetherRequest.tsx(1,17334): error TS1005: '(' expected.
src/features/tether/TetherRequest.tsx(1,17341): error TS1005: ',' expected.
src/features/tether/TetherRequest.tsx(1,17348): error TS1005: ',' expected.
src/features/tether/TetherRequest.tsx(1,17411): error TS1005: ',' expected.
src/features/tether/TetherRequest.tsx(1,17422): error TS1005: ',' expected.
src/features/tether/TetherRequest.tsx(1,17564): error TS1005: ',' expected.
src/features/tether/TetherRequest.tsx(1,17586): error TS1005: ',' expected.
src/features/tether/TetherRequest.tsx(1,17590): error TS1005: ',' expected.
src/features/tether/TetherRequest.tsx(1,17653): error TS1005: ';' expected.
src/features/tether/TetherRequest.tsx(1,17714): error TS1005: ';' expected.
src/features/tether/TetherRequest.tsx(1,17732): error TS1109: Expression expected.
src/features/tether/TetherRequest.tsx(1,17746): error TS1005: ';' expected.
src/features/tether/TetherRequest.tsx(1,17795): error TS1005: ';' expected.
src/features/tether/TetherRequest.tsx(1,17856): error TS1005: ';' expected.
src/features/tether/TetherRequest.tsx(1,17876): error TS1109: Expression expected.
src/features/tether/TetherRequest.tsx(1,17897): error TS1005: ';' expected.
src/features/tether/TetherRequest.tsx(1,17984): error TS1005: ';' expected.
src/features/tether/TetherRequest.tsx(1,18048): error TS1005: ';' expected.
src/features/tether/TetherRequest.tsx(1,18058): error TS1005: ';' expected.
src/features/tether/TetherRequest.tsx(1,18306): error TS1005: ',' expected.
src/features/tether/TetherRequest.tsx(1,18358): error TS1136: Property assignment expected.
src/features/tether/TetherRequest.tsx(1,18493): error TS1109: Expression expected.
src/features/tether/TetherRequest.tsx(1,18515): error TS1109: Expression expected.
src/features/tether/TetherRequest.tsx(1,18562): error TS1128: Declaration or statement expected.
src/features/tether/TetherRequest.tsx(1,18597): error TS1005: ';' expected.
src/features/tether/TetherRequest.tsx(1,18609): error TS1005: ';' expected.
src/features/tether/TetherRequest.tsx(1,18637): error TS1005: ';' expected.
src/features/tether/TetherRequest.tsx(1,18731): error TS1005: ';' expected.
src/features/tether/TetherRequest.tsx(1,18890): error TS1005: ';' expected.
src/features/tether/TetherRequest.tsx(1,18908): error TS1005: ';' expected.
src/features/tether/TetherRequest.tsx(1,18909): error TS1128: Declaration or statement expected.
src/features/tether/TetherRequest.tsx(1,18935): error TS1109: Expression expected.
src/features/tether/TetherRequest.tsx(1,18991): error TS1005: ';' expected.
src/features/tether/TetherRequest.tsx(1,19029): error TS1005: ';' expected.
src/features/tether/TetherRequest.tsx(1,19043): error TS1005: ';' expected.
src/features/tether/TetherRequest.tsx(1,19111): error TS1005: ';' expected.
src/features/tether/TetherRequest.tsx(1,19152): error TS1005: ',' expected.
src/features/tether/TetherRequest.tsx(1,19197): error TS1005: ')' expected.
src/features/tether/TetherRequest.tsx(1,19268): error TS1005: ',' expected.
src/features/tether/TetherRequest.tsx(1,19272): error TS1005: ',' expected.
src/features/tether/TetherRequest.tsx(1,19278): error TS1005: ';' expected.
src/features/tether/TetherRequest.tsx(1,19430): error TS1005: ',' expected.
src/features/tether/TetherRequest.tsx(1,19476): error TS1136: Property assignment expected.
src/features/tether/TetherRequest.tsx(1,19480): error TS1005: ';' expected.
src/features/tether/TetherRequest.tsx(1,19518): error TS1005: ',' expected.
src/features/tether/TetherRequest.tsx(1,19560): error TS1138: Parameter declaration expected.
src/features/tether/TetherRequest.tsx(1,19561): error TS1138: Parameter declaration expected.
src/features/tether/TetherRequest.tsx(1,19627): error TS1005: ';' expected.
src/features/tether/TetherRequest.tsx(1,19628): error TS1005: ';' expected.
src/features/tether/TetherRequest.tsx(1,19680): error TS1005: ';' expected.
src/features/tether/TetherRequest.tsx(1,19693): error TS1109: Expression expected.
src/features/tether/TetherRequest.tsx(1,19696): error TS1005: ';' expected.
src/features/tether/TetherRequest.tsx(1,19701): error TS1128: Declaration or statement expected.
src/features/tether/TetherRequest.tsx(1,19752): error TS1005: ';' expected.
src/features/tether/TetherRequest.tsx(1,19754): error TS1005: ';' expected.
src/features/tether/TetherRequest.tsx(1,19808): error TS1005: ';' expected.
src/features/tether/TetherRequest.tsx(1,19822): error TS1109: Expression expected.
src/features/tether/TetherRequest.tsx(1,19825): error TS1005: ';' expected.
src/features/tether/TetherRequest.tsx(1,19829): error TS1128: Declaration or statement expected.
src/features/tether/TetherRequest.tsx(1,19955): error TS1005: ';' expected.
src/features/tether/TetherRequest.tsx(1,19994): error TS1005: ';' expected.
src/features/tether/TetherRequest.tsx(1,20056): error TS1005: ';' expected.
src/features/tether/TetherRequest.tsx(1,20066): error TS1005: ';' expected.
src/features/tether/TetherRequest.tsx(1,20219): error TS1005: ';' expected.
src/features/tether/TetherRequest.tsx(1,20228): error TS1434: Unexpected keyword or identifier.
src/features/tether/TetherRequest.tsx(1,20236): error TS1434: Unexpected keyword or identifier.
src/features/tether/TetherRequest.tsx(1,20239): error TS1434: Unexpected keyword or identifier.
src/features/tether/TetherRequest.tsx(1,20244): error TS1434: Unexpected keyword or identifier.
src/features/tether/TetherRequest.tsx(1,20251): error TS1434: Unexpected keyword or identifier.
src/features/tether/TetherRequest.tsx(1,20258): error TS1128: Declaration or statement expected.
src/features/tether/TetherRequest.tsx(1,20396): error TS1005: ';' expected.
src/features/tether/TetherRequest.tsx(1,20412): error TS1005: ';' expected.
src/features/tether/TetherRequest.tsx(1,20413): error TS1128: Declaration or statement expected.
src/features/tether/TetherRequest.tsx(1,20443): error TS1005: ':' expected.
src/features/tether/TetherRequest.tsx(1,20466): error TS1109: Expression expected.
src/features/tether/TetherRequest.tsx(1,20483): error TS1109: Expression expected.
src/features/tether/TetherRequest.tsx(1,20488): error TS1005: ',' expected.
src/features/tether/TetherRequest.tsx(1,20503): error TS1109: Expression expected.
src/features/tether/TetherRequest.tsx(1,20540): error TS1005: ';' expected.
src/features/tether/TetherRequest.tsx(1,20552): error TS1005: ';' expected.
src/features/tether/TetherRequest.tsx(1,20647): error TS1136: Property assignment expected.
src/features/tether/TetherRequest.tsx(1,20650): error TS1005: ';' expected.
src/features/tether/TetherRequest.tsx(1,20677): error TS1005: ';' expected.
src/features/tether/TetherRequest.tsx(1,20738): error TS1005: ';' expected.
src/features/tether/TetherRequest.tsx(1,20777): error TS1003: Identifier expected.
src/features/tether/TetherRequest.tsx(1,20816): error TS1003: Identifier expected.
src/features/tether/TetherRequest.tsx(1,20862): error TS1003: Identifier expected.
src/features/tether/TetherRequest.tsx(1,20899): error TS1005: '}' expected.
src/features/tether/TetherRequest.tsx(1,20901): error TS1003: Identifier expected.
src/features/tether/TetherRequest.tsx(1,20904): error TS1128: Declaration or statement expected.
src/features/tether/TetherRequest.tsx(1,20942): error TS1489: Decimals with leading zeros are not allowed.
src/features/tether/TetherRequest.tsx(1,20975): error TS1136: Property assignment expected.
src/features/tether/TetherRequest.tsx(1,20976): error TS1005: ';' expected.
src/features/tether/TetherRequest.tsx(1,21001): error TS1128: Declaration or statement expected.
src/features/tether/TetherRequest.tsx(1,21019): error TS1109: Expression expected.
src/features/tether/TetherRequest.tsx(1,21043): error TS1005: ';' expected.
src/features/tether/TetherRequest.tsx(1,21066): error TS1128: Declaration or statement expected.
src/features/tether/TetherRequest.tsx(1,21096): error TS1109: Expression expected.
src/features/tether/TetherRequest.tsx(1,21114): error TS1109: Expression expected.
src/features/tether/TetherRequest.tsx(1,21137): error TS1109: Expression expected.
src/features/tether/TetherRequest.tsx(1,21158): error TS1109: Expression expected.
src/features/tether/TetherRequest.tsx(1,21159): error TS1128: Declaration or statement expected.
src/features/tether/TetherRequest.tsx(1,21166): error TS1128: Declaration or statement expected.
src/features/tether/TetherRequest.tsx(1,21191): error TS17008: JSX element 'style' has no corresponding closing tag.
src/features/tether/TetherRequest.tsx(1,21307): error TS1381: Unexpected token. Did you mean `{'}'}` or `&rbrace;`?
src/features/tether/TetherRequest.tsx(1,21472): error TS1381: Unexpected token. Did you mean `{'}'}` or `&rbrace;`?
src/features/tether/TetherRequest.tsx(1,21517): error TS1381: Unexpected token. Did you mean `{'}'}` or `&rbrace;`?
src/features/tether/TetherRequest.tsx(1,21805): error TS1381: Unexpected token. Did you mean `{'}'}` or `&rbrace;`?
src/features/tether/TetherRequest.tsx(1,21903): error TS1381: Unexpected token. Did you mean `{'}'}` or `&rbrace;`?
src/features/tether/TetherRequest.tsx(1,22265): error TS1381: Unexpected token. Did you mean `{'}'}` or `&rbrace;`?
src/features/tether/TetherRequest.tsx(1,22392): error TS1381: Unexpected token. Did you mean `{'}'}` or `&rbrace;`?
src/features/tether/TetherRequest.tsx(1,22448): error TS1381: Unexpected token. Did you mean `{'}'}` or `&rbrace;`?
src/features/tether/TetherRequest.tsx(1,22650): error TS1381: Unexpected token. Did you mean `{'}'}` or `&rbrace;`?
src/features/tether/TetherRequest.tsx(1,22788): error TS1381: Unexpected token. Did you mean `{'}'}` or `&rbrace;`?
src/features/tether/TetherRequest.tsx(1,22903): error TS1381: Unexpected token. Did you mean `{'}'}` or `&rbrace;`?
src/features/tether/TetherRequest.tsx(1,22989): error TS1381: Unexpected token. Did you mean `{'}'}` or `&rbrace;`?
src/features/tether/TetherRequest.tsx(1,23104): error TS1381: Unexpected token. Did you mean `{'}'}` or `&rbrace;`?
src/features/tether/TetherRequest.tsx(1,23183): error TS1381: Unexpected token. Did you mean `{'}'}` or `&rbrace;`?
src/features/tether/TetherRequest.tsx(1,23276): error TS1381: Unexpected token. Did you mean `{'}'}` or `&rbrace;`?
src/features/tether/TetherRequest.tsx(1,23468): error TS1381: Unexpected token. Did you mean `{'}'}` or `&rbrace;`?
src/features/tether/TetherRequest.tsx(1,23593): error TS1381: Unexpected token. Did you mean `{'}'}` or `&rbrace;`?
src/features/tether/TetherRequest.tsx(1,23719): error TS1381: Unexpected token. Did you mean `{'}'}` or `&rbrace;`?
src/features/tether/TetherRequest.tsx(1,23796): error TS1381: Unexpected token. Did you mean `{'}'}` or `&rbrace;`?
src/features/tether/TetherRequest.tsx(1,24084): error TS1381: Unexpected token. Did you mean `{'}'}` or `&rbrace;`?
src/features/tether/TetherRequest.tsx(1,24268): error TS1381: Unexpected token. Did you mean `{'}'}` or `&rbrace;`?
src/features/tether/TetherRequest.tsx(1,24314): error TS1381: Unexpected token. Did you mean `{'}'}` or `&rbrace;`?
src/features/tether/TetherRequest.tsx(1,24431): error TS1381: Unexpected token. Did you mean `{'}'}` or `&rbrace;`?
src/features/tether/TetherRequest.tsx(1,24580): error TS1381: Unexpected token. Did you mean `{'}'}` or `&rbrace;`?
src/features/tether/TetherRequest.tsx(1,24671): error TS1381: Unexpected token. Did you mean `{'}'}` or `&rbrace;`?
src/features/tether/TetherRequest.tsx(1,24739): error TS1381: Unexpected token. Did you mean `{'}'}` or `&rbrace;`?
src/features/tether/TetherRequest.tsx(1,24961): error TS1381: Unexpected token. Did you mean `{'}'}` or `&rbrace;`?
src/features/tether/TetherRequest.tsx(1,25151): error TS1381: Unexpected token. Did you mean `{'}'}` or `&rbrace;`?
src/features/tether/TetherRequest.tsx(1,25277): error TS1381: Unexpected token. Did you mean `{'}'}` or `&rbrace;`?
src/features/tether/TetherRequest.tsx(1,25377): error TS1381: Unexpected token. Did you mean `{'}'}` or `&rbrace;`?
src/features/tether/TetherRequest.tsx(1,25562): error TS1381: Unexpected token. Did you mean `{'}'}` or `&rbrace;`?
src/features/tether/TetherRequest.tsx(1,25690): error TS1381: Unexpected token. Did you mean `{'}'}` or `&rbrace;`?
src/features/tether/TetherRequest.tsx(1,25809): error TS1381: Unexpected token. Did you mean `{'}'}` or `&rbrace;`?
src/features/tether/TetherRequest.tsx(1,25902): error TS1381: Unexpected token. Did you mean `{'}'}` or `&rbrace;`?
src/features/tether/TetherRequest.tsx(1,26024): error TS1381: Unexpected token. Did you mean `{'}'}` or `&rbrace;`?
src/features/tether/TetherRequest.tsx(1,26329): error TS1381: Unexpected token. Did you mean `{'}'}` or `&rbrace;`?
src/features/tether/TetherRequest.tsx(1,26649): error TS1381: Unexpected token. Did you mean `{'}'}` or `&rbrace;`?
src/features/tether/TetherRequest.tsx(1,26847): error TS1381: Unexpected token. Did you mean `{'}'}` or `&rbrace;`?
src/features/tether/TetherRequest.tsx(1,26965): error TS1381: Unexpected token. Did you mean `{'}'}` or `&rbrace;`?
src/features/tether/TetherRequest.tsx(1,27286): error TS1381: Unexpected token. Did you mean `{'}'}` or `&rbrace;`?
src/features/tether/TetherRequest.tsx(1,27367): error TS1381: Unexpected token. Did you mean `{'}'}` or `&rbrace;`?
src/features/tether/TetherRequest.tsx(1,27466): error TS1381: Unexpected token. Did you mean `{'}'}` or `&rbrace;`?
src/features/tether/TetherRequest.tsx(1,27529): error TS1381: Unexpected token. Did you mean `{'}'}` or `&rbrace;`?
src/features/tether/TetherRequest.tsx(1,27626): error TS1381: Unexpected token. Did you mean `{'}'}` or `&rbrace;`?
src/features/tether/TetherRequest.tsx(1,27840): error TS1381: Unexpected token. Did you mean `{'}'}` or `&rbrace;`?
src/features/tether/TetherRequest.tsx(1,28119): error TS1381: Unexpected token. Did you mean `{'}'}` or `&rbrace;`?
src/features/tether/TetherRequest.tsx(1,28300): error TS1381: Unexpected token. Did you mean `{'}'}` or `&rbrace;`?
src/features/tether/TetherRequest.tsx(1,28377): error TS1381: Unexpected token. Did you mean `{'}'}` or `&rbrace;`?
src/features/tether/TetherRequest.tsx(1,28523): error TS1381: Unexpected token. Did you mean `{'}'}` or `&rbrace;`?
src/features/tether/TetherRequest.tsx(1,28665): error TS1381: Unexpected token. Did you mean `{'}'}` or `&rbrace;`?
src/features/tether/TetherRequest.tsx(1,28740): error TS1005: '}' expected.
src/features/tether/TetherRequest.tsx(1,28754): error TS1381: Unexpected token. Did you mean `{'}'}` or `&rbrace;`?
src/features/tether/TetherRequest.tsx(1,28975): error TS1381: Unexpected token. Did you mean `{'}'}` or `&rbrace;`?
src/features/tether/TetherRequest.tsx(1,29070): error TS1005: '}' expected.
src/features/tether/TetherRequest.tsx(1,29118): error TS1381: Unexpected token. Did you mean `{'}'}` or `&rbrace;`?
src/features/tether/TetherRequest.tsx(1,29923): error TS1005: '}' expected.
src/features/tether/TetherRequest.tsx(1,29949): error TS1005: '}' expected.
src/features/tether/TetherRequest.tsx(1,29963): error TS1381: Unexpected token. Did you mean `{'}'}` or `&rbrace;`?
src/features/tether/TetherRequest.tsx(1,30181): error TS1381: Unexpected token. Did you mean `{'}'}` or `&rbrace;`?
src/features/tether/TetherRequest.tsx(1,30356): error TS1381: Unexpected token. Did you mean `{'}'}` or `&rbrace;`?
src/features/tether/TetherRequest.tsx(1,30443): error TS1381: Unexpected token. Did you mean `{'}'}` or `&rbrace;`?
src/features/tether/TetherRequest.tsx(1,30531): error TS1381: Unexpected token. Did you mean `{'}'}` or `&rbrace;`?
src/features/tether/TetherRequest.tsx(1,30621): error TS1381: Unexpected token. Did you mean `{'}'}` or `&rbrace;`?
src/features/tether/TetherRequest.tsx(1,30657): error TS1005: '}' expected.
src/features/tether/TetherRequest.tsx(1,30718): error TS1381: Unexpected token. Did you mean `{'}'}` or `&rbrace;`?
src/features/tether/TetherRequest.tsx(1,30772): error TS1381: Unexpected token. Did you mean `{'}'}` or `&rbrace;`?
src/features/tether/TetherRequest.tsx(1,30825): error TS1005: '}' expected.
src/features/tether/TetherRequest.tsx(1,30851): error TS1381: Unexpected token. Did you mean `{'}'}` or `&rbrace;`?
src/features/tether/TetherRequest.tsx(1,31046): error TS1381: Unexpected token. Did you mean `{'}'}` or `&rbrace;`?
src/features/tether/TetherRequest.tsx(1,31133): error TS1005: '}' expected.
src/features/tether/TetherRequest.tsx(1,31209): error TS1381: Unexpected token. Did you mean `{'}'}` or `&rbrace;`?
src/features/tether/TetherRequest.tsx(1,31335): error TS1381: Unexpected token. Did you mean `{'}'}` or `&rbrace;`?
src/features/tether/TetherRequest.tsx(1,31431): error TS1381: Unexpected token. Did you mean `{'}'}` or `&rbrace;`?
src/features/tether/TetherRequest.tsx(1,31518): error TS1381: Unexpected token. Did you mean `{'}'}` or `&rbrace;`?
src/features/tether/TetherRequest.tsx(1,31646): error TS1381: Unexpected token. Did you mean `{'}'}` or `&rbrace;`?
src/features/tether/TetherRequest.tsx(1,31741): error TS1381: Unexpected token. Did you mean `{'}'}` or `&rbrace;`?
src/features/tether/TetherRequest.tsx(1,31927): error TS1381: Unexpected token. Did you mean `{'}'}` or `&rbrace;`?
src/features/tether/TetherRequest.tsx(1,32037): error TS1381: Unexpected token. Did you mean `{'}'}` or `&rbrace;`?
src/features/tether/TetherRequest.tsx(1,32305): error TS1381: Unexpected token. Did you mean `{'}'}` or `&rbrace;`?
src/features/tether/TetherRequest.tsx(1,32352): error TS1005: '}' expected.
src/features/tether/TetherRequest.tsx(1,32389): error TS1381: Unexpected token. Did you mean `{'}'}` or `&rbrace;`?
src/features/tether/TetherRequest.tsx(1,32487): error TS1005: '}' expected.
src/features/tether/TetherRequest.tsx(1,32496): error TS1381: Unexpected token. Did you mean `{'}'}` or `&rbrace;`?
src/features/tether/TetherRequest.tsx(1,32603): error TS1381: Unexpected token. Did you mean `{'}'}` or `&rbrace;`?
src/features/tether/TetherRequest.tsx(1,32647): error TS1381: Unexpected token. Did you mean `{'}'}` or `&rbrace;`?
src/features/tether/TetherRequest.tsx(1,32740): error TS1381: Unexpected token. Did you mean `{'}'}` or `&rbrace;`?
src/features/tether/TetherRequest.tsx(1,32841): error TS1381: Unexpected token. Did you mean `{'}'}` or `&rbrace;`?
src/features/tether/TetherRequest.tsx(1,33014): error TS1381: Unexpected token. Did you mean `{'}'}` or `&rbrace;`?
src/features/tether/TetherRequest.tsx(1,33197): error TS1381: Unexpected token. Did you mean `{'}'}` or `&rbrace;`?
src/features/tether/TetherRequest.tsx(1,33299): error TS1381: Unexpected token. Did you mean `{'}'}` or `&rbrace;`?
src/features/tether/TetherRequest.tsx(1,33375): error TS1381: Unexpected token. Did you mean `{'}'}` or `&rbrace;`?
src/features/tether/TetherRequest.tsx(1,33466): error TS1381: Unexpected token. Did you mean `{'}'}` or `&rbrace;`?
src/features/tether/TetherRequest.tsx(1,33601): error TS1381: Unexpected token. Did you mean `{'}'}` or `&rbrace;`?
src/features/tether/TetherRequest.tsx(1,33674): error TS1381: Unexpected token. Did you mean `{'}'}` or `&rbrace;`?
src/features/tether/TetherRequest.tsx(1,33795): error TS1381: Unexpected token. Did you mean `{'}'}` or `&rbrace;`?
src/features/tether/TetherRequest.tsx(1,33875): error TS1381: Unexpected token. Did you mean `{'}'}` or `&rbrace;`?
src/features/tether/TetherRequest.tsx(1,33954): error TS1381: Unexpected token. Did you mean `{'}'}` or `&rbrace;`?
src/features/tether/TetherRequest.tsx(1,34026): error TS1381: Unexpected token. Did you mean `{'}'}` or `&rbrace;`?
src/features/tether/TetherRequest.tsx(1,34107): error TS1381: Unexpected token. Did you mean `{'}'}` or `&rbrace;`?
src/features/tether/TetherRequest.tsx(1,34262): error TS1002: Unterminated string literal.
src/features/tether/TetherRequest.tsx(1,34262): error TS1005: '</' expected.
src/features/tether/TherapistTether.tsx(1,38): error TS1005: 'from' expected.
src/features/tether/TherapistTether.tsx(1,45): error TS1005: ';' expected.
src/features/tether/TherapistTether.tsx(1,53): error TS1109: Expression expected.
src/features/tether/TherapistTether.tsx(1,87): error TS1005: 'from' expected.
src/features/tether/TherapistTether.tsx(1,94): error TS1005: ';' expected.
src/features/tether/TherapistTether.tsx(1,110): error TS1109: Expression expected.
src/features/tether/TherapistTether.tsx(1,143): error TS1005: 'from' expected.
src/features/tether/TherapistTether.tsx(1,150): error TS1005: ';' expected.
src/features/tether/TherapistTether.tsx(1,187): error TS1109: Expression expected.
src/features/tether/TherapistTether.tsx(1,218): error TS1005: 'from' expected.
src/features/tether/TherapistTether.tsx(1,225): error TS1005: ';' expected.
src/features/tether/TherapistTether.tsx(1,270): error TS1005: ';' expected.
src/features/tether/TherapistTether.tsx(1,308): error TS1005: ';' expected.
src/features/tether/TherapistTether.tsx(1,324): error TS1005: ';' expected.
src/features/tether/TherapistTether.tsx(1,346): error TS1005: ';' expected.
src/features/tether/TherapistTether.tsx(1,355): error TS1109: Expression expected.
src/features/tether/TherapistTether.tsx(1,356): error TS1109: Expression expected.
src/features/tether/TherapistTether.tsx(1,359): error TS1005: ';' expected.
src/features/tether/TherapistTether.tsx(1,383): error TS1011: An element access expression should take an argument.
src/features/tether/TherapistTether.tsx(1,386): error TS1005: ';' expected.
src/features/tether/TherapistTether.tsx(1,401): error TS1109: Expression expected.
src/features/tether/TherapistTether.tsx(1,422): error TS1005: ';' expected.
src/features/tether/TherapistTether.tsx(1,424): error TS1434: Unexpected keyword or identifier.
src/features/tether/TherapistTether.tsx(1,449): error TS1109: Expression expected.
src/features/tether/TherapistTether.tsx(1,470): error TS1005: ';' expected.
src/features/tether/TherapistTether.tsx(1,479): error TS1109: Expression expected.
src/features/tether/VolunteerTether.tsx(1,38): error TS1005: 'from' expected.
src/features/tether/VolunteerTether.tsx(1,45): error TS1005: ';' expected.
src/features/tether/VolunteerTether.tsx(1,53): error TS1109: Expression expected.
src/features/tether/VolunteerTether.tsx(1,87): error TS1005: 'from' expected.
src/features/tether/VolunteerTether.tsx(1,94): error TS1005: ';' expected.
src/features/tether/VolunteerTether.tsx(1,110): error TS1109: Expression expected.
src/features/tether/VolunteerTether.tsx(1,143): error TS1005: 'from' expected.
src/features/tether/VolunteerTether.tsx(1,150): error TS1005: ';' expected.
src/features/tether/VolunteerTether.tsx(1,187): error TS1109: Expression expected.
src/features/tether/VolunteerTether.tsx(1,218): error TS1005: 'from' expected.
src/features/tether/VolunteerTether.tsx(1,225): error TS1005: ';' expected.
src/features/wellness/HabitTracker.tsx(1,38): error TS1005: 'from' expected.
src/features/wellness/HabitTracker.tsx(1,45): error TS1005: ';' expected.
src/features/wellness/HabitTracker.tsx(1,53): error TS1109: Expression expected.
src/features/wellness/HabitTracker.tsx(1,154): error TS1005: 'from' expected.
src/features/wellness/HabitTracker.tsx(1,161): error TS1005: ';' expected.
src/features/wellness/HabitTracker.tsx(1,176): error TS1109: Expression expected.
src/features/wellness/HabitTracker.tsx(1,240): error TS1005: 'from' expected.
src/features/wellness/HabitTracker.tsx(1,247): error TS1005: ';' expected.
src/features/wellness/HabitTracker.tsx(1,258): error TS1109: Expression expected.
src/features/wellness/HabitTracker.tsx(1,292): error TS1005: 'from' expected.
src/features/wellness/HabitTracker.tsx(1,299): error TS1005: ';' expected.
src/features/wellness/HabitTracker.tsx(1,325): error TS1005: ';' expected.
src/features/wellness/HabitTracker.tsx(1,355): error TS1005: ';' expected.
src/features/wellness/HabitTracker.tsx(1,387): error TS1109: Expression expected.
src/features/wellness/HabitTracker.tsx(1,406): error TS1005: ';' expected.
src/features/wellness/HabitTracker.tsx(1,434): error TS1005: ';' expected.
src/features/wellness/HabitTracker.tsx(1,440): error TS1005: ';' expected.
src/features/wellness/HabitTracker.tsx(1,457): error TS1005: ';' expected.
src/features/wellness/HabitTracker.tsx(1,469): error TS1005: ';' expected.
src/features/wellness/HabitTracker.tsx(1,483): error TS1005: ';' expected.
src/features/wellness/HabitTracker.tsx(1,503): error TS1005: ';' expected.
src/features/wellness/HabitTracker.tsx(1,518): error TS1005: ';' expected.
src/features/wellness/HabitTracker.tsx(1,539): error TS1005: ';' expected.
src/features/wellness/HabitTracker.tsx(1,553): error TS1005: ';' expected.
src/features/wellness/HabitTracker.tsx(1,968): error TS1005: ';' expected.
src/features/wellness/HabitTracker.tsx(1,981): error TS1005: ';' expected.
src/features/wellness/HabitTracker.tsx(1,999): error TS1005: ';' expected.
src/features/wellness/HabitTracker.tsx(1,1014): error TS1005: ';' expected.
src/features/wellness/HabitTracker.tsx(1,1028): error TS1128: Declaration or statement expected.
src/features/wellness/HabitTracker.tsx(1,1029): error TS1128: Declaration or statement expected.
src/features/wellness/HabitTracker.tsx(1,1035): error TS1005: ';' expected.
src/features/wellness/HabitTracker.tsx(1,1081): error TS1005: ';' expected.
src/features/wellness/HabitTracker.tsx(1,1093): error TS1127: Invalid character.
src/features/wellness/HabitTracker.tsx(1,1108): error TS1127: Invalid character.
src/features/wellness/HabitTracker.tsx(1,1109): error TS1005: ';' expected.
src/features/wellness/HabitTracker.tsx(1,1110): error TS1005: ';' expected.
src/features/wellness/HabitTracker.tsx(1,1110): error TS1351: An identifier or keyword cannot immediately follow a numeric literal.
src/features/wellness/HabitTracker.tsx(1,1121): error TS1005: ';' expected.
src/features/wellness/HabitTracker.tsx(1,1165): error TS1005: ';' expected.
src/features/wellness/HabitTracker.tsx(1,1177): error TS1127: Invalid character.
src/features/wellness/HabitTracker.tsx(1,1192): error TS1127: Invalid character.
src/features/wellness/HabitTracker.tsx(1,1193): error TS1005: ';' expected.
src/features/wellness/HabitTracker.tsx(1,1194): error TS1005: ';' expected.
src/features/wellness/HabitTracker.tsx(1,1194): error TS1351: An identifier or keyword cannot immediately follow a numeric literal.
src/features/wellness/HabitTracker.tsx(1,1205): error TS1005: ';' expected.
src/features/wellness/HabitTracker.tsx(1,1239): error TS1005: ';' expected.
src/features/wellness/HabitTracker.tsx(1,1251): error TS1127: Invalid character.
src/features/wellness/HabitTracker.tsx(1,1273): error TS1005: ';' expected.
src/features/wellness/HabitTracker.tsx(1,1279): error TS1005: ';' expected.
src/features/wellness/HabitTracker.tsx(1,1317): error TS1005: ';' expected.
src/features/wellness/HabitTracker.tsx(1,1329): error TS1127: Invalid character.
src/features/wellness/HabitTracker.tsx(1,1351): error TS1005: ';' expected.
src/features/wellness/HabitTracker.tsx(1,1358): error TS1005: ';' expected.
src/features/wellness/HabitTracker.tsx(1,1394): error TS1005: ';' expected.
src/features/wellness/HabitTracker.tsx(1,1406): error TS1127: Invalid character.
src/features/wellness/HabitTracker.tsx(1,1421): error TS1127: Invalid character.
src/features/wellness/HabitTracker.tsx(1,1422): error TS1005: ';' expected.
src/features/wellness/HabitTracker.tsx(1,1424): error TS1005: ';' expected.
src/features/wellness/HabitTracker.tsx(1,1424): error TS1351: An identifier or keyword cannot immediately follow a numeric literal.
src/features/wellness/HabitTracker.tsx(1,1435): error TS1005: ';' expected.
src/features/wellness/HabitTracker.tsx(1,1467): error TS1005: ';' expected.
src/features/wellness/HabitTracker.tsx(1,1479): error TS1127: Invalid character.
src/features/wellness/HabitTracker.tsx(1,1493): error TS1127: Invalid character.
src/features/wellness/HabitTracker.tsx(1,1494): error TS1005: ';' expected.
src/features/wellness/HabitTracker.tsx(1,1495): error TS1005: ';' expected.
src/features/wellness/HabitTracker.tsx(1,1495): error TS1351: An identifier or keyword cannot immediately follow a numeric literal.
src/features/wellness/HabitTracker.tsx(1,1503): error TS1005: ';' expected.
src/features/wellness/HabitTracker.tsx(1,1535): error TS1005: ';' expected.
src/features/wellness/HabitTracker.tsx(1,1580): error TS1005: ';' expected.
src/features/wellness/HabitTracker.tsx(1,1598): error TS1005: ';' expected.
src/features/wellness/HabitTracker.tsx(1,1608): error TS1128: Declaration or statement expected.
src/features/wellness/HabitTracker.tsx(1,1614): error TS1005: ';' expected.
src/features/wellness/HabitTracker.tsx(1,1658): error TS1005: ';' expected.
src/features/wellness/HabitTracker.tsx(1,1681): error TS1005: ';' expected.
src/features/wellness/HabitTracker.tsx(1,1692): error TS1005: ';' expected.
src/features/wellness/HabitTracker.tsx(1,1732): error TS1005: ';' expected.
src/features/wellness/HabitTracker.tsx(1,1752): error TS1005: ';' expected.
src/features/wellness/HabitTracker.tsx(1,1774): error TS1005: ';' expected.
src/features/wellness/HabitTracker.tsx(1,1784): error TS1109: Expression expected.
src/features/wellness/HabitTracker.tsx(1,1788): error TS1005: '(' expected.
src/features/wellness/HabitTracker.tsx(1,1791): error TS1005: ';' expected.
src/features/wellness/HabitTracker.tsx(1,1798): error TS1005: ';' expected.
src/features/wellness/HabitTracker.tsx(1,1821): error TS1005: ')' expected.
src/features/wellness/HabitTracker.tsx(1,1833): error TS1127: Invalid character.
src/features/wellness/HabitTracker.tsx(1,1841): error TS1005: ';' expected.
src/features/wellness/HabitTracker.tsx(1,1889): error TS1005: ';' expected.
src/features/wellness/HabitTracker.tsx(1,1913): error TS1005: ';' expected.
src/features/wellness/HabitTracker.tsx(1,1935): error TS1005: ';' expected.
src/features/wellness/HabitTracker.tsx(1,1942): error TS1109: Expression expected.
src/features/wellness/HabitTracker.tsx(1,1952): error TS1005: ';' expected.
src/features/wellness/HabitTracker.tsx(1,1979): error TS1005: ';' expected.
src/features/wellness/HabitTracker.tsx(1,1991): error TS1127: Invalid character.
src/features/wellness/HabitTracker.tsx(1,2000): error TS1005: ';' expected.
src/features/wellness/HabitTracker.tsx(1,2044): error TS1005: ';' expected.
src/features/wellness/HabitTracker.tsx(1,2062): error TS1005: ';' expected.
src/features/wellness/HabitTracker.tsx(1,2072): error TS1128: Declaration or statement expected.
src/features/wellness/HabitTracker.tsx(1,2085): error TS1005: ';' expected.
src/features/wellness/HabitTracker.tsx(1,2104): error TS1005: ';' expected.
src/features/wellness/HabitTracker.tsx(1,2131): error TS1005: ';' expected.
src/features/wellness/HabitTracker.tsx(1,2143): error TS1127: Invalid character.
src/features/wellness/HabitTracker.tsx(1,2151): error TS1109: Expression expected.
src/features/wellness/HabitTracker.tsx(1,2199): error TS1389: 'const' is not allowed as a variable declaration name.
src/features/wellness/HabitTracker.tsx(1,2207): error TS1005: ',' expected.
src/features/wellness/HabitTracker.tsx(1,2223): error TS1005: ',' expected.
src/features/wellness/HabitTracker.tsx(1,2225): error TS1134: Variable declaration expected.
src/features/wellness/HabitTracker.tsx(1,2235): error TS1005: ',' expected.
src/features/wellness/HabitTracker.tsx(1,2241): error TS1003: Identifier expected.
src/features/wellness/HabitTracker.tsx(1,2250): error TS1005: ';' expected.
src/features/wellness/HabitTracker.tsx(1,2258): error TS1005: ',' expected.
src/features/wellness/HabitTracker.tsx(1,2280): error TS1005: ',' expected.
src/features/wellness/HabitTracker.tsx(1,2282): error TS1134: Variable declaration expected.
src/features/wellness/HabitTracker.tsx(1,2292): error TS1005: ',' expected.
src/features/wellness/HabitTracker.tsx(1,2301): error TS1003: Identifier expected.
src/features/wellness/HabitTracker.tsx(1,2310): error TS1005: ';' expected.
src/features/wellness/HabitTracker.tsx(1,2318): error TS1005: ',' expected.
src/features/wellness/HabitTracker.tsx(1,2346): error TS1005: ',' expected.
src/features/wellness/HabitTracker.tsx(1,2348): error TS1134: Variable declaration expected.
src/features/wellness/HabitTracker.tsx(1,2358): error TS1005: ',' expected.
src/features/wellness/HabitTracker.tsx(1,2367): error TS1005: ';' expected.
src/features/wellness/HabitTracker.tsx(1,2375): error TS1005: ',' expected.
src/features/wellness/HabitTracker.tsx(1,2403): error TS1005: ',' expected.
src/features/wellness/HabitTracker.tsx(1,2405): error TS1134: Variable declaration expected.
src/features/wellness/HabitTracker.tsx(1,2415): error TS1005: ',' expected.
src/features/wellness/HabitTracker.tsx(1,2422): error TS1003: Identifier expected.
src/features/wellness/HabitTracker.tsx(1,2446): error TS1005: ',' expected.
src/features/wellness/HabitTracker.tsx(1,2457): error TS1005: ',' expected.
src/features/wellness/HabitTracker.tsx(1,2533): error TS1109: Expression expected.
src/features/wellness/HabitTracker.tsx(1,2541): error TS1005: ',' expected.
src/features/wellness/HabitTracker.tsx(1,2548): error TS1005: ',' expected.
src/features/wellness/HabitTracker.tsx(1,2581): error TS1005: ';' expected.
src/features/wellness/HabitTracker.tsx(1,2587): error TS1005: ';' expected.
src/features/wellness/HabitTracker.tsx(1,2597): error TS1005: ';' expected.
src/features/wellness/HabitTracker.tsx(1,2606): error TS1005: ';' expected.
src/features/wellness/HabitTracker.tsx(1,2610): error TS1128: Declaration or statement expected.
src/features/wellness/HabitTracker.tsx(1,2618): error TS1109: Expression expected.
src/features/wellness/HabitTracker.tsx(1,2626): error TS1005: ',' expected.
src/features/wellness/HabitTracker.tsx(1,2656): error TS1005: ',' expected.
src/features/wellness/HabitTracker.tsx(1,2658): error TS1134: Variable declaration expected.
src/features/wellness/HabitTracker.tsx(1,2668): error TS1005: ',' expected.
src/features/wellness/HabitTracker.tsx(1,34768): error TS1005: '}' expected.
src/features/wellness/MedicationManager.tsx(1,38): error TS1005: 'from' expected.
src/features/wellness/MedicationManager.tsx(1,45): error TS1005: ';' expected.
src/features/wellness/MedicationManager.tsx(1,53): error TS1109: Expression expected.
src/features/wellness/MedicationManager.tsx(1,162): error TS1005: 'from' expected.
src/features/wellness/MedicationManager.tsx(1,169): error TS1005: ';' expected.
src/features/wellness/MedicationManager.tsx(1,184): error TS1109: Expression expected.
src/features/wellness/MedicationManager.tsx(1,247): error TS1005: 'from' expected.
src/features/wellness/MedicationManager.tsx(1,254): error TS1005: ';' expected.
src/features/wellness/MedicationManager.tsx(1,265): error TS1109: Expression expected.
src/features/wellness/MedicationManager.tsx(1,299): error TS1005: 'from' expected.
src/features/wellness/MedicationManager.tsx(1,306): error TS1005: ';' expected.
src/features/wellness/MedicationManager.tsx(1,332): error TS1005: ';' expected.
src/features/wellness/MedicationManager.tsx(1,367): error TS1005: ';' expected.
src/features/wellness/MedicationManager.tsx(1,391): error TS1005: ';' expected.
src/features/wellness/MedicationManager.tsx(1,414): error TS1005: ';' expected.
src/features/wellness/MedicationManager.tsx(1,440): error TS1005: ';' expected.
src/features/wellness/MedicationManager.tsx(1,446): error TS1005: ';' expected.
src/features/wellness/MedicationManager.tsx(1,457): error TS1005: ';' expected.
src/features/wellness/MedicationManager.tsx(1,463): error TS1005: ';' expected.
src/features/wellness/MedicationManager.tsx(1,486): error TS1005: ';' expected.
src/features/wellness/MedicationManager.tsx(1,988): error TS1005: ';' expected.
src/features/wellness/MedicationManager.tsx(1,1019): error TS1005: ';' expected.
src/features/wellness/MedicationManager.tsx(1,1046): error TS1005: ';' expected.
src/features/wellness/MedicationManager.tsx(1,1084): error TS1005: ';' expected.
src/features/wellness/MedicationManager.tsx(1,1107): error TS1005: ';' expected.
src/features/wellness/MedicationManager.tsx(1,1145): error TS1005: ';' expected.
src/features/wellness/MedicationManager.tsx(1,1186): error TS1005: ';' expected.
src/features/wellness/MedicationManager.tsx(1,1199): error TS1005: ';' expected.
src/features/wellness/MedicationManager.tsx(1,1218): error TS1005: ';' expected.
src/features/wellness/MedicationManager.tsx(1,1228): error TS1005: ';' expected.
src/features/wellness/MedicationManager.tsx(1,1261): error TS1005: ';' expected.
src/features/wellness/MedicationManager.tsx(1,1283): error TS1005: ';' expected.
src/features/wellness/MedicationManager.tsx(1,1382): error TS1005: ';' expected.
src/features/wellness/MedicationManager.tsx(1,1389): error TS1005: ';' expected.
src/features/wellness/MedicationManager.tsx(1,1410): error TS1005: ';' expected.
src/features/wellness/MedicationManager.tsx(1,1425): error TS1005: ';' expected.
src/features/wellness/MedicationManager.tsx(1,1445): error TS1005: ';' expected.
src/features/wellness/MedicationManager.tsx(1,1507): error TS1005: ';' expected.
src/features/wellness/MedicationManager.tsx(1,1591): error TS1005: ';' expected.
src/features/wellness/MedicationManager.tsx(1,1598): error TS1121: Octal literals are not allowed. Use the syntax '0o6'.
src/features/wellness/MedicationManager.tsx(1,1600): error TS1005: ';' expected.
src/features/wellness/MedicationManager.tsx(1,1610): error TS1127: Invalid character.
src/features/wellness/MedicationManager.tsx(1,1611): error TS1005: ';' expected.
src/features/wellness/MedicationManager.tsx(1,1612): error TS1005: ';' expected.
src/features/wellness/MedicationManager.tsx(1,1612): error TS1351: An identifier or keyword cannot immediately follow a numeric literal.
src/features/wellness/MedicationManager.tsx(1,1623): error TS1127: Invalid character.
src/features/wellness/MedicationManager.tsx(1,1624): error TS1005: ';' expected.
src/features/wellness/MedicationManager.tsx(1,1628): error TS1005: ';' expected.
src/features/wellness/MedicationManager.tsx(1,1628): error TS1351: An identifier or keyword cannot immediately follow a numeric literal.
src/features/wellness/MedicationManager.tsx(1,1636): error TS1127: Invalid character.
src/features/wellness/MedicationManager.tsx(1,1637): error TS1005: ';' expected.
src/features/wellness/MedicationManager.tsx(1,1638): error TS1005: ';' expected.
src/features/wellness/MedicationManager.tsx(1,1638): error TS1351: An identifier or keyword cannot immediately follow a numeric literal.
src/features/wellness/MedicationManager.tsx(1,1656): error TS1005: ';' expected.
src/features/wellness/MedicationManager.tsx(1,1660): error TS1109: Expression expected.
src/features/wellness/MedicationManager.tsx(1,1713): error TS1389: 'const' is not allowed as a variable declaration name.
src/features/wellness/MedicationManager.tsx(1,1721): error TS1005: ',' expected.
src/features/wellness/MedicationManager.tsx(1,1747): error TS1005: ',' expected.
src/features/wellness/MedicationManager.tsx(1,1749): error TS1134: Variable declaration expected.
src/features/wellness/MedicationManager.tsx(1,1759): error TS1005: ',' expected.
src/features/wellness/MedicationManager.tsx(1,1770): error TS1003: Identifier expected.
src/features/wellness/MedicationManager.tsx(1,1779): error TS1005: ';' expected.
src/features/wellness/MedicationManager.tsx(1,1787): error TS1005: ',' expected.
src/features/wellness/MedicationManager.tsx(1,1819): error TS1005: ',' expected.
src/features/wellness/MedicationManager.tsx(1,1821): error TS1134: Variable declaration expected.
src/features/wellness/MedicationManager.tsx(1,1831): error TS1005: ',' expected.
src/features/wellness/MedicationManager.tsx(1,1845): error TS1003: Identifier expected.
src/features/wellness/MedicationManager.tsx(1,1854): error TS1005: ';' expected.
src/features/wellness/MedicationManager.tsx(1,1862): error TS1005: ',' expected.
src/features/wellness/MedicationManager.tsx(1,1884): error TS1005: ',' expected.
src/features/wellness/MedicationManager.tsx(1,1886): error TS1134: Variable declaration expected.
src/features/wellness/MedicationManager.tsx(1,1896): error TS1005: ',' expected.
src/features/wellness/MedicationManager.tsx(1,1905): error TS1003: Identifier expected.
src/features/wellness/MedicationManager.tsx(1,1914): error TS1005: ';' expected.
src/features/wellness/MedicationManager.tsx(1,1922): error TS1005: ',' expected.
src/features/wellness/MedicationManager.tsx(1,1946): error TS1005: ',' expected.
src/features/wellness/MedicationManager.tsx(1,1948): error TS1134: Variable declaration expected.
src/features/wellness/MedicationManager.tsx(1,1958): error TS1005: ',' expected.
src/features/wellness/MedicationManager.tsx(1,1967): error TS1005: ';' expected.
src/features/wellness/MedicationManager.tsx(1,1975): error TS1005: ',' expected.
src/features/wellness/MedicationManager.tsx(1,1999): error TS1005: ',' expected.
src/features/wellness/MedicationManager.tsx(1,2001): error TS1134: Variable declaration expected.
src/features/wellness/MedicationManager.tsx(1,2011): error TS1005: ',' expected.
src/features/wellness/MedicationManager.tsx(1,2023): error TS1003: Identifier expected.
src/features/wellness/MedicationManager.tsx(1,2047): error TS1005: ',' expected.
src/features/wellness/MedicationManager.tsx(1,2058): error TS1005: ',' expected.
src/features/wellness/MedicationManager.tsx(1,2134): error TS1109: Expression expected.
src/features/wellness/MedicationManager.tsx(1,2142): error TS1005: ',' expected.
src/features/wellness/MedicationManager.tsx(1,2172): error TS1005: ',' expected.
src/features/wellness/MedicationManager.tsx(1,2174): error TS1134: Variable declaration expected.
src/features/wellness/MedicationManager.tsx(1,2184): error TS1005: ',' expected.
src/features/wellness/MedicationManager.tsx(1,37204): error TS1005: '}' expected.
src/features/wellness/MeditationCenter.tsx(1,59): error TS1005: 'from' expected.
src/features/wellness/MeditationCenter.tsx(1,66): error TS1005: ';' expected.
src/features/wellness/MeditationCenter.tsx(1,74): error TS1109: Expression expected.
src/features/wellness/MeditationCenter.tsx(1,218): error TS1005: 'from' expected.
src/features/wellness/MeditationCenter.tsx(1,225): error TS1005: ';' expected.
src/features/wellness/MeditationCenter.tsx(1,240): error TS1109: Expression expected.
src/features/wellness/MeditationCenter.tsx(1,274): error TS1005: 'from' expected.
src/features/wellness/MeditationCenter.tsx(1,281): error TS1005: ';' expected.
src/features/wellness/MoodTracking.tsx(1,51): error TS1005: 'from' expected.
src/features/wellness/MoodTracking.tsx(1,58): error TS1005: ';' expected.
src/features/wellness/MoodTracking.tsx(1,66): error TS1109: Expression expected.
src/features/wellness/MoodTracking.tsx(1,195): error TS1005: 'from' expected.
src/features/wellness/MoodTracking.tsx(1,202): error TS1005: ';' expected.
src/features/wellness/MoodTracking.tsx(1,213): error TS1109: Expression expected.
src/features/wellness/MoodTracking.tsx(1,328): error TS1005: 'from' expected.
src/features/wellness/MoodTracking.tsx(1,335): error TS1005: ';' expected.
src/features/wellness/MoodTracking.tsx(1,350): error TS1109: Expression expected.
src/features/wellness/MoodTracking.tsx(1,429): error TS1005: 'from' expected.
src/features/wellness/MoodTracking.tsx(1,436): error TS1005: ';' expected.
src/features/wellness/MoodTracking.tsx(1,447): error TS1109: Expression expected.
src/features/wellness/MoodTracking.tsx(1,481): error TS1005: 'from' expected.
src/features/wellness/MoodTracking.tsx(1,488): error TS1005: ';' expected.
src/features/wellness/SleepTracker.tsx(1,38): error TS1005: 'from' expected.
src/features/wellness/SleepTracker.tsx(1,45): error TS1005: ';' expected.
src/features/wellness/SleepTracker.tsx(1,53): error TS1109: Expression expected.
src/features/wellness/SleepTracker.tsx(1,154): error TS1005: 'from' expected.
src/features/wellness/SleepTracker.tsx(1,161): error TS1005: ';' expected.
src/features/wellness/SleepTracker.tsx(1,176): error TS1109: Expression expected.
src/features/wellness/SleepTracker.tsx(1,347): error TS1005: 'from' expected.
src/features/wellness/SleepTracker.tsx(1,354): error TS1005: ';' expected.
src/features/wellness/SleepTracker.tsx(1,365): error TS1109: Expression expected.
src/features/wellness/SleepTracker.tsx(1,422): error TS1005: 'from' expected.
src/features/wellness/SleepTracker.tsx(1,429): error TS1005: ';' expected.
src/features/wellness/SleepTracker.tsx(1,440): error TS1109: Expression expected.
src/features/wellness/SleepTracker.tsx(1,474): error TS1005: 'from' expected.
src/features/wellness/SleepTracker.tsx(1,481): error TS1005: ';' expected.
src/hooks/useAccessibilityMonitoring.test.tsx(48,4): error TS1005: ';' expected.
src/hooks/useAccessibilityMonitoring.tsx(151,79): error TS1005: ';' expected.
src/hooks/useAccessibilityMonitoring.tsx(190,9): error TS1005: ';' expected.
src/hooks/useAccessibilityMonitoring.tsx(194,4): error TS1472: 'catch' or 'finally' expected.
src/hooks/useAccessibilityMonitoring.tsx(194,8): error TS1005: ';' expected.
src/hooks/useAccessibilityMonitoring.tsx(321,28): error TS1005: ';' expected.
src/hooks/useAccessibilityMonitoring.tsx(468,17): error TS1005: ';' expected.
src/hooks/useAccessibilityMonitoring.tsx(513,1): error TS1005: '}' expected.
src/hooks/useAIChat.ts(169,1): error TS1005: '}' expected.
src/hooks/useAnimations.test.ts(73,64): error TS1005: ';' expected.
src/hooks/useAnimations.ts(25,19): error TS1005: ';' expected.
src/hooks/useAnimations.ts(108,10): error TS1005: ';' expected.
src/hooks/useAnimations.ts(273,10): error TS1005: ';' expected.
src/hooks/useAnimations.ts(277,1): error TS1005: '}' expected.
src/hooks/useAuth.ts(30,3): error TS1005: '}' expected.
src/hooks/useAutoSave.ts(523,97): error TS1005: ';' expected.
src/hooks/useAutoSave.ts(548,50): error TS1005: ';' expected.
src/hooks/useAutoSave.ts(571,10): error TS1005: ';' expected.
src/hooks/useAutoSave.ts(586,1): error TS1005: '}' expected.
src/hooks/useCrisisDetection.ts(155,4): error TS1128: Declaration or statement expected.
src/hooks/useCrisisDetection.ts(155,81): error TS1005: ';' expected.
src/hooks/useCrisisDetection.ts(209,56): error TS1005: ';' expected.
src/hooks/useCrisisDetection.ts(275,28): error TS1005: ';' expected.
src/hooks/useCrisisDetection.ts(283,10): error TS1005: ';' expected.
src/hooks/useCrisisDetection.ts(313,1): error TS1005: '}' expected.
src/hooks/useCrisisStressTesting.tsx(296,27): error TS1005: ';' expected.
src/hooks/useCrisisStressTesting.tsx(318,1): error TS1005: '}' expected.
src/hooks/useCulturalCrisisDetection.ts(36,1): error TS1131: Property or signature expected.
src/hooks/useCulturalCrisisDetection.ts(157,10): error TS1005: ';' expected.
src/hooks/useCulturalCrisisDetection.ts(369,10): error TS1005: ';' expected.
src/hooks/useCulturalCrisisDetection.ts(405,1): error TS1005: '}' expected.
src/hooks/useEnhancedCrisisDetection.ts(40,1): error TS1131: Property or signature expected.
src/hooks/useEnhancedCrisisDetection.ts(161,10): error TS1005: ';' expected.
src/hooks/useEnhancedCrisisDetection.ts(228,43): error TS1005: ';' expected.
src/hooks/useEnhancedCrisisDetection.ts(306,87): error TS1005: ';' expected.
src/hooks/useEnhancedCrisisDetection.ts(338,25): error TS1005: ';' expected.
src/hooks/useEnhancedCrisisDetection.ts(386,10): error TS1005: ';' expected.
src/hooks/useEnhancedCrisisDetection.ts(412,10): error TS1005: ';' expected.
src/hooks/useEnhancedCrisisDetection.ts(448,1): error TS1005: '}' expected.
src/hooks/useEnhancedOffline.test.ts(562,22): error TS1005: ';' expected.
src/hooks/useEnhancedOffline.ts(128,10): error TS1005: ';' expected.
src/hooks/useEnhancedOffline.ts(191,4): error TS1128: Declaration or statement expected.
src/hooks/useEnhancedOffline.ts(191,38): error TS1005: ';' expected.
src/hooks/useEnhancedOffline.ts(285,1): error TS1005: '}' expected.
src/hooks/useErrorTracking.ts(184,1): error TS1005: '}' expected.
src/hooks/useIntelligentCaching.tsx(21,1): error TS1131: Property or signature expected.
src/hooks/useIntelligentCaching.tsx(107,10): error TS1005: ';' expected.
src/hooks/useIntelligentCaching.tsx(439,1): error TS1005: '}' expected.
src/hooks/useIntelligentPreloading.ts(179,1): error TS1005: '}' expected.
src/hooks/useInterval.ts(24,4): error TS1128: Declaration or statement expected.
src/hooks/useInterval.ts(24,13): error TS1005: ';' expected.
src/hooks/useKeyboardNavigation.ts(112,7): error TS1128: Declaration or statement expected.
src/hooks/useKeyboardNavigation.ts(117,7): error TS1128: Declaration or statement expected.
src/hooks/useKeyboardNavigation.ts(122,7): error TS1128: Declaration or statement expected.
src/hooks/useKeyboardNavigation.ts(129,86): error TS1005: ';' expected.
src/hooks/useKeyboardNavigation.ts(142,71): error TS1005: ';' expected.
src/hooks/useKeyboardNavigation.ts(316,4): error TS1128: Declaration or statement expected.
src/hooks/useKeyboardNavigation.ts(316,106): error TS1005: ';' expected.
src/hooks/useKeyboardNavigation.ts(481,1): error TS1005: '}' expected.
src/hooks/useLazyStyles.ts(414,2): error TS1005: ',' expected.
src/hooks/useLazyStyles.ts(416,8): error TS1005: ':' expected.
src/hooks/useLazyStyles.ts(416,16): error TS1005: ':' expected.
src/hooks/useLazyStyles.ts(416,29): error TS1005: ',' expected.
src/hooks/useLazyStyles.ts(417,1): error TS1005: '}' expected.
src/hooks/useMediaQuery.ts(48,5): error TS1128: Declaration or statement expected.
src/hooks/useMediaQuery.ts(53,4): error TS1128: Declaration or statement expected.
src/hooks/useMediaQuery.ts(53,13): error TS1005: ';' expected.
src/hooks/useMediaQuery.ts(110,10): error TS1005: ';' expected.
src/hooks/useMobileForm.ts(50,8): error TS1005: ';' expected.
src/hooks/useMobileForm.ts(57,6): error TS1005: ';' expected.
src/hooks/useMobileForm.ts(101,8): error TS1005: ';' expected.
src/hooks/useMobileForm.ts(154,78): error TS1005: ';' expected.
src/hooks/useMobileForm.ts(166,8): error TS1005: ';' expected.
src/hooks/useMobileForm.ts(183,70): error TS1005: ';' expected.
src/hooks/useMobileForm.ts(393,1): error TS1005: '}' expected.
src/hooks/usePeerSupport.ts(277,1): error TS1005: '}' expected.
src/hooks/usePerformanceMonitor.ts(277,8): error TS1005: ';' expected.
src/hooks/usePerformanceMonitor.ts(361,53): error TS1005: ';' expected.
src/hooks/usePerformanceMonitor.ts(395,58): error TS1005: ';' expected.
src/hooks/usePerformanceMonitor.ts(431,4): error TS1128: Declaration or statement expected.
src/hooks/usePerformanceMonitor.ts(431,47): error TS1005: ';' expected.
src/hooks/usePerformanceMonitor.ts(442,57): error TS1005: ';' expected.
src/hooks/usePerformanceMonitor.ts(478,1): error TS1005: '}' expected.
src/hooks/usePerformanceMonitoring.test.tsx(204,22): error TS1005: ';' expected.
src/hooks/usePerformanceMonitoring.test.tsx(234,22): error TS1005: ';' expected.
src/hooks/usePerformanceMonitoring.tsx(274,7): error TS1005: ';' expected.
src/hooks/usePerformanceMonitoring.tsx(278,2): error TS1472: 'catch' or 'finally' expected.
src/hooks/usePerformanceMonitoring.tsx(407,1): error TS1005: '}' expected.
src/hooks/usePrivacyAnalytics.ts(217,1): error TS1005: '}' expected.
src/hooks/useSwipeGesture.ts(280,49): error TS1005: ',' expected.
src/hooks/useSwipeGesture.ts(290,1): error TS1005: '}' expected.
src/lib/security.ts(1,33): error TS1005: ';' expected.
src/lib/security.ts(1,46): error TS1005: 'from' expected.
src/lib/security.ts(1,53): error TS1005: ';' expected.
src/lib/supabase.ts(1,40): error TS1005: 'from' expected.
src/lib/supabase.ts(1,47): error TS1005: ';' expected.
src/lib/supabase.ts(1,71): error TS1109: Expression expected.
src/lib/supabase.ts(1,90): error TS1003: Identifier expected.
src/lib/supabase.ts(1,101): error TS1005: ',' expected.
src/lib/supabase.ts(1,102): error TS1003: Identifier expected.
src/lib/supabase.ts(1,103): error TS1003: Identifier expected.
src/lib/supabase.ts(1,125): error TS1005: ';' expected.
src/lib/supabase.ts(1,444): error TS1005: ';' expected.
src/lib/supabase.ts(1,700): error TS1005: ';' expected.
src/lib/supabase.ts(1,735): error TS1005: ';' expected.
src/lib/supabase.ts(1,800): error TS1128: Declaration or statement expected.
src/lib/supabase.ts(1,939): error TS1005: ';' expected.
src/lib/supabase.ts(1,945): error TS1128: Declaration or statement expected.
src/lib/supabase.ts(1,946): error TS1128: Declaration or statement expected.
src/lib/supabase.ts(1,1272): error TS1005: ',' expected.
src/lib/supabase.ts(1,1360): error TS1005: ',' expected.
src/lib/supabase.ts(1,1378): error TS1005: ',' expected.
src/lib/supabase.ts(1,1662): error TS1005: ')' expected.
src/lib/supabase.ts(1,1669): error TS1128: Declaration or statement expected.
src/lib/supabase.ts(1,1715): error TS1005: ',' expected.
src/lib/supabase.ts(1,1802): error TS1005: ',' expected.
src/lib/supabase.ts(1,1820): error TS1005: ',' expected.
src/lib/supabase.ts(1,1825): error TS1005: ')' expected.
src/lib/supabase.ts(1,2064): error TS1005: ';' expected.
src/lib/supabase.ts(1,2092): error TS1005: ',' expected.
src/lib/supabase.ts(1,2097): error TS1005: ',' expected.
src/lib/supabase.ts(1,2409): error TS1005: ')' expected.
src/lib/supabase.ts(1,2435): error TS1128: Declaration or statement expected.
src/lib/supabase.ts(1,2484): error TS1005: ',' expected.
src/lib/supabase.ts(1,2502): error TS1005: ',' expected.
src/lib/supabase.ts(1,2513): error TS1005: ')' expected.
src/lib/supabase.ts(1,2518): error TS1005: ';' expected.
src/lib/supabase.ts(1,2525): error TS1109: Expression expected.
src/lib/supabase.ts(1,2706): error TS1005: ';' expected.
src/lib/supabase.ts(1,2733): error TS1005: ';' expected.
src/lib/supabase.ts(1,3774): error TS1128: Declaration or statement expected.
src/lib/supabase.ts(1,3776): error TS1005: 'try' expected.
src/lib/supabase.ts(1,3854): error TS1109: Expression expected.
src/lib/supabase.ts(1,3933): error TS1005: ',' expected.
src/lib/supabase.ts(1,3948): error TS1005: ':' expected.
src/service-worker/intelligentCaching.ts(42,1): error TS1131: Property or signature expected.
src/service-worker/intelligentCaching.ts(243,3): error TS1128: Declaration or statement expected.
src/service-worker/intelligentCaching.ts(264,3): error TS1128: Declaration or statement expected.
src/service-worker/intelligentCaching.ts(297,3): error TS1128: Declaration or statement expected.
src/service-worker/intelligentCaching.ts(318,3): error TS1128: Declaration or statement expected.
src/service-worker/intelligentCaching.ts(336,3): error TS1128: Declaration or statement expected.
src/service-worker/intelligentCaching.ts(371,3): error TS1128: Declaration or statement expected.
src/service-worker/intelligentCaching.ts(625,3): error TS1128: Declaration or statement expected.
src/services/__mocks__/crisisDetectionService.ts(203,42): error TS1005: '}' expected.
src/services/__mocks__/crisisStressTestingSystem.ts(47,1): error TS1131: Property or signature expected.
src/services/__tests__/accessibilityAuditSystem.test.ts(391,10): error TS1005: ';' expected.
src/services/__tests__/coreFeatures.integration.test.ts(1,129): error TS1005: 'from' expected.
src/services/__tests__/coreFeatures.integration.test.ts(1,136): error TS1005: ';' expected.
src/services/__tests__/coreFeatures.integration.test.ts(1,164): error TS1109: Expression expected.
src/services/__tests__/coreFeatures.integration.test.ts(1,193): error TS1005: ',' expected.
src/services/__tests__/coreFeatures.integration.test.ts(1,196): error TS1005: 'from' expected.
src/services/__tests__/coreFeatures.integration.test.ts(1,203): error TS1005: ';' expected.
src/services/__tests__/coreFeatures.integration.test.ts(1,229): error TS1109: Expression expected.
src/services/__tests__/coreFeatures.integration.test.ts(1,258): error TS1005: ',' expected.
src/services/__tests__/coreFeatures.integration.test.ts(1,261): error TS1005: 'from' expected.
src/services/__tests__/coreFeatures.integration.test.ts(1,268): error TS1005: ';' expected.
src/services/__tests__/coreFeatures.integration.test.ts(1,294): error TS1109: Expression expected.
src/services/__tests__/coreFeatures.integration.test.ts(1,326): error TS1005: ',' expected.
src/services/__tests__/coreFeatures.integration.test.ts(1,329): error TS1005: 'from' expected.
src/services/__tests__/coreFeatures.integration.test.ts(1,336): error TS1005: ';' expected.
src/services/__tests__/coreFeatures.integration.test.ts(1,365): error TS1109: Expression expected.
src/services/__tests__/coreFeatures.integration.test.ts(1,390): error TS1005: ',' expected.
src/services/__tests__/coreFeatures.integration.test.ts(1,393): error TS1005: 'from' expected.
src/services/__tests__/coreFeatures.integration.test.ts(1,400): error TS1005: ';' expected.
src/services/__tests__/coreFeatures.integration.test.ts(1,422): error TS1109: Expression expected.
src/services/__tests__/coreFeatures.integration.test.ts(1,448): error TS1005: ',' expected.
src/services/__tests__/coreFeatures.integration.test.ts(1,451): error TS1005: 'from' expected.
src/services/__tests__/coreFeatures.integration.test.ts(1,458): error TS1005: ';' expected.
src/services/__tests__/coreFeatures.integration.test.ts(1,481): error TS1109: Expression expected.
src/services/__tests__/coreFeatures.integration.test.ts(1,514): error TS1005: ',' expected.
src/services/__tests__/coreFeatures.integration.test.ts(1,517): error TS1005: 'from' expected.
src/services/__tests__/coreFeatures.integration.test.ts(1,524): error TS1005: ';' expected.
src/services/__tests__/coreFeatures.integration.test.ts(1,608): error TS1005: ')' expected.
src/services/__tests__/coreFeatures.integration.test.ts(1,633): error TS1005: ',' expected.
src/services/__tests__/coreFeatures.integration.test.ts(1,646): error TS1005: ',' expected.
src/services/__tests__/coreFeatures.integration.test.ts(1,12230): error TS1005: ')' expected.
src/services/__tests__/securityService.test.ts(39,18): error TS1005: ';' expected.
src/services/__tests__/securityService.test.ts(618,18): error TS1005: ';' expected.
src/services/accessibilityAuditSystem.ts(95,1): error TS1131: Property or signature expected.
src/services/accessibilityAuditSystem.ts(972,3): error TS1128: Declaration or statement expected.
src/services/accessibilityAuditSystem.ts(1064,3): error TS1128: Declaration or statement expected.
src/services/accessibilityAuditSystem.ts(1145,3): error TS1128: Declaration or statement expected.
src/services/accessibilityAuditSystem.ts(1158,3): error TS1128: Declaration or statement expected.
src/services/accessibilityService.ts(246,3): error TS1128: Declaration or statement expected.
src/services/accessibilityService.ts(577,7): error TS1005: 'try' expected.
src/services/accessibilityService.ts(585,3): error TS1472: 'catch' or 'finally' expected.
src/services/accessibilityService.ts(1055,7): error TS1005: 'try' expected.
src/services/accessibilityService.ts(1063,3): error TS1472: 'catch' or 'finally' expected.
src/services/accessibilityService.ts(1095,3): error TS1128: Declaration or statement expected.
src/services/advancedCrisisDetection.ts(1,196): error TS1131: Property or signature expected.
src/services/advancedCrisisDetection.ts(1,209): error TS1005: ';' expected.
src/services/advancedCrisisDetection.ts(1,235): error TS1005: ';' expected.
src/services/advancedCrisisDetection.ts(1,283): error TS1005: ';' expected.
src/services/advancedCrisisDetection.ts(1,345): error TS1005: ';' expected.
src/services/advancedCrisisDetection.ts(1,408): error TS1005: ';' expected.
src/services/ai/therapyEngine.ts(1,162): error TS1005: 'as' expected.
src/services/ai/therapyEngine.ts(1,167): error TS1005: 'from' expected.
src/services/ai/therapyEngine.ts(1,194): error TS1005: ';' expected.
src/services/ai/therapyEngine.ts(1,229): error TS1005: 'from' expected.
src/services/ai/therapyEngine.ts(1,236): error TS1005: ';' expected.
src/services/ai/therapyEngine.ts(1,264): error TS1109: Expression expected.
src/services/aiModerationService.ts(163,3): error TS1128: Declaration or statement expected.
src/services/anonymityService.ts(1,260): error TS1005: ';' expected.
src/services/anonymityService.ts(1,294): error TS1128: Declaration or statement expected.
src/services/anonymityService.ts(1,295): error TS1128: Declaration or statement expected.
src/services/anonymityService.ts(1,536): error TS1442: Expected '=' for property initializer.
src/services/anonymityService.ts(1,586): error TS1005: ';' expected.
src/services/anonymityService.ts(1,620): error TS1442: Expected '=' for property initializer.
src/services/anonymityService.ts(1,674): error TS1005: ';' expected.
src/services/anonymityService.ts(1,738): error TS1005: ';' expected.
src/services/anonymityService.ts(1,755): error TS1109: Expression expected.
src/services/anonymityService.ts(1,13551): error TS1005: '}' expected.
src/services/anonymousChatService.ts(1,138): error TS1005: 'as' expected.
src/services/anonymousChatService.ts(1,143): error TS1005: 'from' expected.
src/services/anonymousChatService.ts(1,164): error TS1005: ';' expected.
src/services/anonymousChatService.ts(1,202): error TS1131: Property or signature expected.
src/services/anonymousChatService.ts(1,243): error TS1005: ';' expected.
src/services/anonymousChatService.ts(1,266): error TS1005: ';' expected.
src/services/anonymousChatService.ts(1,284): error TS1005: ';' expected.
src/services/anonymousChatService.ts(1,341): error TS1005: ';' expected.
src/services/anonymousChatService.ts(1,364): error TS1005: ';' expected.
src/services/anonymousChatService.ts(1,366): error TS1434: Unexpected keyword or identifier.
src/services/anonymousChatService.ts(1,382): error TS1109: Expression expected.
src/services/anonymousChatService.ts(1,390): error TS1128: Declaration or statement expected.
src/services/anonymousChatService.ts(1,510): error TS1005: ';' expected.
src/services/anonymousChatService.ts(1,527): error TS1005: ';' expected.
src/services/anonymousChatService.ts(1,541): error TS1005: ';' expected.
src/services/anonymousChatService.ts(1,581): error TS1128: Declaration or statement expected.
src/services/anonymousChatService.ts(1,582): error TS1128: Declaration or statement expected.
src/services/anonymousChatService.ts(1,730): error TS1005: ']' expected.
src/services/anonymousChatService.ts(1,732): error TS1131: Property or signature expected.
src/services/anonymousChatService.ts(1,830): error TS1005: ';' expected.
src/services/anonymousChatService.ts(1,972): error TS1005: '>' expected.
src/services/anonymousChatService.ts(1,988): error TS1068: Unexpected token. A constructor, method, accessor, or property was expected.
src/services/anonymousChatService.ts(1,990): error TS1109: Expression expected.
src/services/anonymousChatService.ts(1,1003): error TS1005: ';' expected.
src/services/anonymousChatService.ts(1,1029): error TS1005: ';' expected.
src/services/anonymousChatService.ts(1,1044): error TS1109: Expression expected.
src/services/anonymousChatService.ts(1,1057): error TS1005: ';' expected.
src/services/anonymousChatService.ts(1,1103): error TS1011: An element access expression should take an argument.
src/services/anonymousChatService.ts(1,1106): error TS1109: Expression expected.
src/services/anonymousChatService.ts(1,1119): error TS1005: ';' expected.
src/services/anonymousChatService.ts(1,1165): error TS1005: ';' expected.
src/services/anonymousChatService.ts(1,1184): error TS1005: ';' expected.
src/services/anonymousChatService.ts(1,1244): error TS1005: ';' expected.
src/services/anonymousChatService.ts(1,1277): error TS1005: ';' expected.
src/services/anonymousChatService.ts(1,1355): error TS1434: Unexpected keyword or identifier.
src/services/anonymousChatService.ts(1,1392): error TS1109: Expression expected.
src/services/anonymousChatService.ts(1,1401): error TS1005: ';' expected.
src/services/anonymousChatService.ts(1,1428): error TS1128: Declaration or statement expected.
src/services/anonymousChatService.ts(1,1429): error TS1128: Declaration or statement expected.
src/services/api/analyticsService.ts(1,10): error TS1005: 'as' expected.
src/services/api/analyticsService.ts(1,15): error TS1005: 'from' expected.
src/services/api/analyticsService.ts(1,35): error TS1005: ';' expected.
src/services/api/analyticsService.ts(1,51): error TS1003: Identifier expected.
src/services/api/analyticsService.ts(1,104): error TS1005: ',' expected.
src/services/api/analyticsService.ts(1,114): error TS1005: ',' expected.
src/services/api/analyticsService.ts(1,115): error TS1003: Identifier expected.
src/services/api/analyticsService.ts(1,116): error TS1003: Identifier expected.
src/services/api/analyticsService.ts(1,140): error TS1005: ';' expected.
src/services/api/analyticsService.ts(1,468): error TS1005: ';' expected.
src/services/api/analyticsService.ts(1,498): error TS1005: ';' expected.
src/services/api/analyticsService.ts(1,599): error TS1005: ';' expected.
src/services/api/analyticsService.ts(1,639): error TS1109: Expression expected.
src/services/api/analyticsService.ts(1,659): error TS1109: Expression expected.
src/services/api/analyticsService.ts(1,667): error TS1128: Declaration or statement expected.
src/services/api/analyticsService.ts(1,722): error TS1005: ';' expected.
src/services/api/analyticsService.ts(1,811): error TS1128: Declaration or statement expected.
src/services/api/analyticsService.ts(1,831): error TS1128: Declaration or statement expected.
src/services/api/analyticsService.ts(1,875): error TS1005: ';' expected.
src/services/api/analyticsService.ts(1,904): error TS1005: ';' expected.
src/services/api/analyticsService.ts(1,929): error TS1005: ';' expected.
src/services/api/analyticsService.ts(1,970): error TS1005: ';' expected.
src/services/api/analyticsService.ts(1,995): error TS1109: Expression expected.
src/services/api/analyticsService.ts(1,996): error TS1128: Declaration or statement expected.
src/services/api/analyticsService.ts(1,1018): error TS1128: Declaration or statement expected.
src/services/api/analyticsService.ts(1,1063): error TS1005: ';' expected.
src/services/api/analyticsService.ts(1,1083): error TS1005: ';' expected.
src/services/api/analyticsService.ts(1,1116): error TS1005: ';' expected.
src/services/api/analyticsService.ts(1,1132): error TS1005: ';' expected.
src/services/api/analyticsService.ts(1,1145): error TS1128: Declaration or statement expected.
src/services/api/analyticsService.ts(1,1146): error TS1128: Declaration or statement expected.
src/services/api/analyticsService.ts(1,1170): error TS1128: Declaration or statement expected.
src/services/api/analyticsService.ts(1,1221): error TS1005: ';' expected.
src/services/api/analyticsService.ts(1,1243): error TS1005: ';' expected.
src/services/api/analyticsService.ts(1,1284): error TS1005: ';' expected.
src/services/api/analyticsService.ts(1,1294): error TS1128: Declaration or statement expected.
src/services/api/analyticsService.ts(1,1295): error TS1128: Declaration or statement expected.
src/services/api/analyticsService.ts(1,1320): error TS1128: Declaration or statement expected.
src/services/api/analyticsService.ts(1,1373): error TS1005: ';' expected.
src/services/api/analyticsService.ts(1,1395): error TS1005: ';' expected.
src/services/api/analyticsService.ts(1,1405): error TS1128: Declaration or statement expected.
src/services/api/analyticsService.ts(1,1406): error TS1128: Declaration or statement expected.
src/services/api/analyticsService.ts(1,1407): error TS1128: Declaration or statement expected.
src/services/api/analyticsService.ts(1,1527): error TS1005: ',' expected.
src/services/api/analyticsService.ts(1,1536): error TS1005: ',' expected.
src/services/api/analyticsService.ts(1,1546): error TS1005: ',' expected.
src/services/api/analyticsService.ts(1,1559): error TS1109: Expression expected.
src/services/api/analyticsService.ts(1,1624): error TS1136: Property assignment expected.
src/services/api/analyticsService.ts(1,1835): error TS1109: Expression expected.
src/services/api/analyticsService.ts(1,1838): error TS1005: ':' expected.
src/services/api/analyticsService.ts(1,1841): error TS1005: ':' expected.
src/services/api/analyticsService.ts(1,2076): error TS1005: ',' expected.
src/services/api/analyticsService.ts(1,2082): error TS1005: ':' expected.
src/services/api/analyticsService.ts(1,2088): error TS1005: ',' expected.
src/services/api/analyticsService.ts(1,2096): error TS1005: ',' expected.
src/services/api/analyticsService.ts(1,2101): error TS1005: ':' expected.
src/services/api/analyticsService.ts(1,2119): error TS1005: ',' expected.
src/services/api/analyticsService.ts(1,2128): error TS1003: Identifier expected.
src/services/api/analyticsService.ts(1,2151): error TS1005: ',' expected.
src/services/api/analyticsService.ts(1,2493): error TS1005: ':' expected.
src/services/api/analyticsService.ts(1,2714): error TS1005: ':' expected.
src/services/api/analyticsService.ts(1,2719): error TS1005: ',' expected.
src/services/api/analyticsService.ts(1,2749): error TS1128: Declaration or statement expected.
src/services/api/analyticsService.ts(1,2751): error TS1128: Declaration or statement expected.
src/services/api/analyticsService.ts(1,2767): error TS1005: ';' expected.
src/services/api/analyticsService.ts(1,2783): error TS1005: ';' expected.
src/services/api/analyticsService.ts(1,2878): error TS1005: ';' expected.
src/services/api/analyticsService.ts(1,2895): error TS1434: Unexpected keyword or identifier.
src/services/api/analyticsService.ts(1,2921): error TS1128: Declaration or statement expected.
src/services/api/analyticsService.ts(1,2922): error TS1128: Declaration or statement expected.
src/services/api/analyticsService.ts(1,2925): error TS1128: Declaration or statement expected.
src/services/api/analyticsService.ts(1,2969): error TS1434: Unexpected keyword or identifier.
src/services/api/analyticsService.ts(1,3021): error TS1005: ',' expected.
src/services/api/analyticsService.ts(1,3043): error TS1005: ',' expected.
src/services/api/analyticsService.ts(1,3206): error TS1005: ',' expected.
src/services/api/analyticsService.ts(1,3243): error TS1005: ',' expected.
src/services/api/analyticsService.ts(1,3260): error TS1005: ',' expected.
src/services/api/analyticsService.ts(1,3308): error TS1005: ',' expected.
src/services/api/analyticsService.ts(1,3319): error TS1109: Expression expected.
src/services/api/analyticsService.ts(1,3326): error TS1005: ':' expected.
src/services/api/analyticsService.ts(1,3354): error TS1005: ',' expected.
src/services/api/analyticsService.ts(1,3385): error TS1005: ',' expected.
src/services/api/analyticsService.ts(1,3420): error TS1005: ',' expected.
src/services/api/analyticsService.ts(1,3463): error TS1005: ',' expected.
src/services/api/analyticsService.ts(1,3480): error TS1434: Unexpected keyword or identifier.
src/services/api/analyticsService.ts(1,3507): error TS1128: Declaration or statement expected.
src/services/api/analyticsService.ts(1,3508): error TS1128: Declaration or statement expected.
src/services/api/analyticsService.ts(1,3511): error TS1128: Declaration or statement expected.
src/services/api/analyticsService.ts(1,3555): error TS1434: Unexpected keyword or identifier.
src/services/api/analyticsService.ts(1,3591): error TS1005: ',' expected.
src/services/api/analyticsService.ts(1,3605): error TS1005: ',' expected.
src/services/api/analyticsService.ts(1,3620): error TS1005: ';' expected.
src/services/api/analyticsService.ts(1,3622): error TS1128: Declaration or statement expected.
src/services/api/analyticsService.ts(1,3666): error TS1109: Expression expected.
src/services/api/analyticsService.ts(1,3669): error TS1005: ')' expected.
src/services/api/analyticsService.ts(1,3770): error TS1005: ',' expected.
src/services/api/analyticsService.ts(1,3774): error TS1005: ':' expected.
src/services/api/analyticsService.ts(1,3801): error TS1128: Declaration or statement expected.
src/services/api/analyticsService.ts(1,3824): error TS1005: ';' expected.
src/services/api/analyticsService.ts(1,3842): error TS1005: ';' expected.
src/services/api/analyticsService.ts(1,3857): error TS1005: ';' expected.
src/services/api/analyticsService.ts(1,3874): error TS1005: ';' expected.
src/services/api/analyticsService.ts(1,3890): error TS1005: ';' expected.
src/services/api/analyticsService.ts(1,3920): error TS1005: ';' expected.
src/services/api/analyticsService.ts(1,3921): error TS1128: Declaration or statement expected.
src/services/api/analyticsService.ts(1,3932): error TS1005: ';' expected.
src/services/api/analyticsService.ts(1,3933): error TS1128: Declaration or statement expected.
src/services/api/analyticsService.ts(1,3934): error TS1128: Declaration or statement expected.
src/services/api/analyticsService.ts(1,3953): error TS1005: ';' expected.
src/services/api/analyticsService.ts(1,3979): error TS1005: ',' expected.
src/services/api/analyticsService.ts(1,3986): error TS1005: ':' expected.
src/services/api/analyticsService.ts(1,4004): error TS1005: '{' expected.
src/services/api/analyticsService.ts(1,4010): error TS1005: ':' expected.
src/services/api/analyticsService.ts(1,14454): error TS1005: '}' expected.
src/services/api/chatService.ts(1,10): error TS1005: 'as' expected.
src/services/api/chatService.ts(1,15): error TS1005: 'from' expected.
src/services/api/chatService.ts(1,35): error TS1005: ';' expected.
src/services/api/chatService.ts(1,51): error TS1003: Identifier expected.
src/services/api/chatService.ts(1,83): error TS1005: ',' expected.
src/services/api/chatService.ts(1,93): error TS1005: ',' expected.
src/services/api/chatService.ts(1,94): error TS1003: Identifier expected.
src/services/api/chatService.ts(1,95): error TS1003: Identifier expected.
src/services/api/chatService.ts(1,119): error TS1005: ';' expected.
src/services/api/chatService.ts(1,447): error TS1128: Declaration or statement expected.
src/services/api/chatService.ts(1,484): error TS1131: Property or signature expected.
src/services/api/chatService.ts(1,1789): error TS1128: Declaration or statement expected.
src/services/api/chatService.ts(1,1827): error TS1005: ';' expected.
src/services/api/chatService.ts(1,1917): error TS1005: ';' expected.
src/services/api/crisisService.ts(1,10): error TS1005: 'as' expected.
src/services/api/crisisService.ts(1,15): error TS1005: 'from' expected.
src/services/api/crisisService.ts(1,35): error TS1005: ';' expected.
src/services/api/crisisService.ts(1,51): error TS1003: Identifier expected.
src/services/api/crisisService.ts(1,121): error TS1005: ',' expected.
src/services/api/crisisService.ts(1,131): error TS1005: ',' expected.
src/services/api/crisisService.ts(1,132): error TS1003: Identifier expected.
src/services/api/crisisService.ts(1,133): error TS1003: Identifier expected.
src/services/api/crisisService.ts(1,157): error TS1005: ';' expected.
src/services/api/crisisService.ts(1,209): error TS1005: ';' expected.
src/services/api/crisisService.ts(1,231): error TS1005: ';' expected.
src/services/api/crisisService.ts(1,250): error TS1005: ';' expected.
src/services/api/crisisService.ts(1,256): error TS1005: ';' expected.
src/services/api/crisisService.ts(1,276): error TS1005: ';' expected.
src/services/api/crisisService.ts(1,390): error TS1109: Expression expected.
src/services/api/crisisService.ts(1,399): error TS1011: An element access expression should take an argument.
src/services/api/crisisService.ts(1,402): error TS1005: ';' expected.
src/services/api/crisisService.ts(1,418): error TS1109: Expression expected.
src/services/api/crisisService.ts(1,428): error TS1005: ';' expected.
src/services/api/crisisService.ts(1,444): error TS1109: Expression expected.
src/services/api/crisisService.ts(1,481): error TS1109: Expression expected.
src/services/api/crisisService.ts(1,502): error TS1128: Declaration or statement expected.
src/services/api/crisisService.ts(1,573): error TS1005: ';' expected.
src/services/api/crisisService.ts(1,581): error TS1131: Property or signature expected.
src/services/api/crisisService.ts(1,596): error TS1005: ';' expected.
src/services/api/crisisService.ts(1,613): error TS1005: ';' expected.
src/services/api/crisisService.ts(1,636): error TS1005: ';' expected.
src/services/api/crisisService.ts(1,663): error TS1005: ';' expected.
src/services/api/crisisService.ts(1,689): error TS1109: Expression expected.
src/services/api/crisisService.ts(1,699): error TS1005: ';' expected.
src/services/api/crisisService.ts(1,708): error TS1109: Expression expected.
src/services/api/crisisService.ts(1,719): error TS1005: ';' expected.
src/services/api/crisisService.ts(1,736): error TS1109: Expression expected.
src/services/api/crisisService.ts(1,746): error TS1128: Declaration or statement expected.
src/services/api/crisisService.ts(1,867): error TS1131: Property or signature expected.
src/services/api/crisisService.ts(1,891): error TS1005: ';' expected.
src/services/api/crisisService.ts(1,908): error TS1005: ';' expected.
src/services/api/crisisService.ts(1,926): error TS1005: ';' expected.
src/services/api/crisisService.ts(1,968): error TS1005: ';' expected.
src/services/api/crisisService.ts(1,1153): error TS1005: ';' expected.
src/services/api/crisisService.ts(1,1162): error TS1109: Expression expected.
src/services/api/crisisService.ts(1,1164): error TS1109: Expression expected.
src/services/api/crisisService.ts(1,1165): error TS1005: ';' expected.
src/services/api/crisisService.ts(1,1197): error TS1005: ';' expected.
src/services/api/crisisService.ts(1,1216): error TS1005: ';' expected.
src/services/api/crisisService.ts(1,1222): error TS1005: ';' expected.
src/services/api/crisisService.ts(1,1267): error TS1005: ';' expected.
src/services/api/crisisService.ts(1,1276): error TS1011: An element access expression should take an argument.
src/services/api/crisisService.ts(1,1277): error TS1128: Declaration or statement expected.
src/services/api/crisisService.ts(1,1402): error TS1005: ',' expected.
src/services/api/crisisService.ts(1,1411): error TS1005: ',' expected.
src/services/api/crisisService.ts(1,1421): error TS1005: ',' expected.
src/services/api/crisisService.ts(1,1434): error TS1109: Expression expected.
src/services/api/crisisService.ts(1,1495): error TS1136: Property assignment expected.
src/services/api/crisisService.ts(1,1786): error TS1389: 'const' is not allowed as a variable declaration name.
src/services/api/crisisService.ts(1,1806): error TS1005: ',' expected.
src/services/api/crisisService.ts(1,1835): error TS1005: ':' expected.
src/services/api/crisisService.ts(1,1840): error TS1005: ',' expected.
src/services/api/crisisService.ts(1,1856): error TS1005: ')' expected.
src/services/api/crisisService.ts(1,2106): error TS1005: ',' expected.
src/services/api/crisisService.ts(1,2122): error TS1005: ',' expected.
src/services/api/crisisService.ts(1,2192): error TS1005: ',' expected.
src/services/api/crisisService.ts(1,2200): error TS1005: ',' expected.
src/services/api/crisisService.ts(1,2233): error TS1005: ',' expected.
src/services/api/crisisService.ts(1,2287): error TS1005: ',' expected.
src/services/api/crisisService.ts(1,2288): error TS1135: Argument expression expected.
src/services/api/crisisService.ts(1,2295): error TS1135: Argument expression expected.
src/services/api/crisisService.ts(1,2311): error TS1128: Declaration or statement expected.
src/services/api/crisisService.ts(1,2312): error TS1128: Declaration or statement expected.
src/services/api/crisisService.ts(1,2315): error TS1128: Declaration or statement expected.
src/services/api/crisisService.ts(1,2352): error TS1434: Unexpected keyword or identifier.
src/services/api/crisisService.ts(1,2383): error TS1005: ',' expected.
src/services/api/crisisService.ts(1,2551): error TS1005: ',' expected.
src/services/api/crisisService.ts(1,2599): error TS1005: ',' expected.
src/services/api/crisisService.ts(1,2637): error TS1005: ',' expected.
src/services/api/crisisService.ts(1,2673): error TS1005: ',' expected.
src/services/api/crisisService.ts(1,2711): error TS1005: ',' expected.
src/services/api/crisisService.ts(1,2774): error TS1005: ',' expected.
src/services/api/crisisService.ts(1,2794): error TS1005: ',' expected.
src/services/api/crisisService.ts(1,2799): error TS1005: ':' expected.
src/services/api/crisisService.ts(1,2826): error TS1128: Declaration or statement expected.
src/services/api/crisisService.ts(1,2848): error TS1005: ';' expected.
src/services/api/crisisService.ts(1,2891): error TS1005: ';' expected.
src/services/api/crisisService.ts(1,2904): error TS1005: ';' expected.
src/services/api/crisisService.ts(1,3179): error TS1128: Declaration or statement expected.
src/services/api/crisisService.ts(1,3216): error TS1005: ';' expected.
src/services/api/crisisService.ts(1,3258): error TS1109: Expression expected.
src/services/api/crisisService.ts(1,3259): error TS1109: Expression expected.
src/services/api/crisisService.ts(1,3293): error TS1109: Expression expected.
src/services/api/crisisService.ts(1,3294): error TS1109: Expression expected.
src/services/api/crisisService.ts(1,3317): error TS1005: ',' expected.
src/services/api/crisisService.ts(1,3323): error TS1005: ',' expected.
src/services/api/crisisService.ts(1,3385): error TS1005: ',' expected.
src/services/api/crisisService.ts(1,3387): error TS1005: ')' expected.
src/services/api/crisisService.ts(1,3640): error TS1005: ';' expected.
src/services/api/crisisService.ts(1,3664): error TS1005: ';' expected.
src/services/api/crisisService.ts(1,3677): error TS1128: Declaration or statement expected.
src/services/api/crisisService.ts(1,3678): error TS1128: Declaration or statement expected.
src/services/api/crisisService.ts(1,3851): error TS1005: ';' expected.
src/services/api/crisisService.ts(1,3903): error TS1005: ',' expected.
src/services/api/crisisService.ts(1,4015): error TS1005: ',' expected.
src/services/api/crisisService.ts(1,4019): error TS1005: ',' expected.
src/services/api/crisisService.ts(1,4020): error TS1135: Argument expression expected.
src/services/api/crisisService.ts(1,4027): error TS1135: Argument expression expected.
src/services/api/crisisService.ts(1,4086): error TS1434: Unexpected keyword or identifier.
src/services/api/crisisService.ts(1,4113): error TS1128: Declaration or statement expected.
src/services/api/crisisService.ts(1,4114): error TS1128: Declaration or statement expected.
src/services/api/crisisService.ts(1,4117): error TS1128: Declaration or statement expected.
src/services/api/crisisService.ts(1,4162): error TS1434: Unexpected keyword or identifier.
src/services/api/crisisService.ts(1,4195): error TS1005: ',' expected.
src/services/api/crisisService.ts(1,4227): error TS1005: ',' expected.
src/services/api/crisisService.ts(1,4259): error TS1109: Expression expected.
src/services/api/crisisService.ts(1,4262): error TS1005: ')' expected.
src/services/api/crisisService.ts(1,4333): error TS1136: Property assignment expected.
src/services/api/crisisService.ts(1,4515): error TS1109: Expression expected.
src/services/api/crisisService.ts(1,4521): error TS1005: ':' expected.
src/services/api/crisisService.ts(1,4524): error TS1005: ':' expected.
src/services/api/crisisService.ts(1,4683): error TS1005: ',' expected.
src/services/api/crisisService.ts(1,4689): error TS1005: ':' expected.
src/services/api/crisisService.ts(1,4695): error TS1005: ',' expected.
src/services/api/crisisService.ts(1,4703): error TS1005: ',' expected.
src/services/api/crisisService.ts(1,4707): error TS1005: ':' expected.
src/services/api/crisisService.ts(1,4725): error TS1005: ',' expected.
src/services/api/crisisService.ts(1,4734): error TS1003: Identifier expected.
src/services/api/crisisService.ts(1,4765): error TS1005: ',' expected.
src/services/api/crisisService.ts(1,4987): error TS1005: ':' expected.
src/services/api/crisisService.ts(1,4993): error TS1005: ',' expected.
src/services/api/crisisService.ts(1,4994): error TS1136: Property assignment expected.
src/services/api/crisisService.ts(1,5012): error TS1005: ',' expected.
src/services/api/crisisService.ts(1,5013): error TS1136: Property assignment expected.
src/services/api/crisisService.ts(1,5024): error TS1005: '>' expected.
src/services/api/crisisService.ts(1,5068): error TS1005: ';' expected.
src/services/api/crisisService.ts(1,5086): error TS1005: ',' expected.
src/services/api/crisisService.ts(1,5087): error TS1109: Expression expected.
src/services/api/crisisService.ts(1,5090): error TS1128: Declaration or statement expected.
src/services/api/crisisService.ts(1,5272): error TS1005: ';' expected.
src/services/api/crisisService.ts(1,5313): error TS1005: ',' expected.
src/services/api/crisisService.ts(1,5319): error TS1005: ':' expected.
src/services/api/crisisService.ts(1,5339): error TS1005: '{' expected.
src/services/api/crisisService.ts(1,5345): error TS1005: ':' expected.
src/services/api/crisisService.ts(1,5352): error TS1005: ',' expected.
src/services/api/crisisService.ts(1,5420): error TS1005: ':' expected.
src/services/api/crisisService.ts(1,5514): error TS1005: ';' expected.
src/services/api/crisisService.ts(1,5520): error TS1005: ';' expected.
src/services/api/crisisService.ts(1,5530): error TS1005: ';' expected.
src/services/api/crisisService.ts(1,5543): error TS1005: ';' expected.
src/services/api/crisisService.ts(1,6123): error TS1005: ';' expected.
src/services/api/crisisService.ts(1,6124): error TS1128: Declaration or statement expected.
src/services/api/crisisService.ts(1,6133): error TS1011: An element access expression should take an argument.
src/services/api/crisisService.ts(1,6136): error TS1005: ';' expected.
src/services/api/crisisService.ts(1,6145): error TS1109: Expression expected.
src/services/api/crisisService.ts(1,6163): error TS1005: ':' expected.
src/services/api/crisisService.ts(1,6173): error TS1005: ',' expected.
src/services/api/crisisService.ts(1,6181): error TS1005: ',' expected.
src/services/api/crisisService.ts(1,6194): error TS1005: ',' expected.
src/services/api/crisisService.ts(1,6199): error TS1005: ':' expected.
src/services/api/crisisService.ts(1,6210): error TS1005: ',' expected.
src/services/api/crisisService.ts(1,6219): error TS1005: ',' expected.
src/services/api/crisisService.ts(1,9100): error TS1005: ':' expected.
src/services/api/crisisService.ts(1,12139): error TS1002: Unterminated string literal.
src/services/api/moodService.ts(1,10): error TS1005: 'as' expected.
src/services/api/moodService.ts(1,15): error TS1005: 'from' expected.
src/services/api/moodService.ts(1,35): error TS1005: ';' expected.
src/services/api/moodService.ts(1,51): error TS1003: Identifier expected.
src/services/api/moodService.ts(1,97): error TS1005: ',' expected.
src/services/api/moodService.ts(1,107): error TS1005: ',' expected.
src/services/api/moodService.ts(1,108): error TS1003: Identifier expected.
src/services/api/moodService.ts(1,109): error TS1003: Identifier expected.
src/services/api/moodService.ts(1,133): error TS1005: ';' expected.
src/services/api/moodService.ts(1,610): error TS1005: ';' expected.
src/services/api/moodService.ts(1,633): error TS1005: ';' expected.
src/services/api/moodService.ts(1,691): error TS1005: ';' expected.
src/services/api/moodService.ts(1,1673): error TS1005: ')' expected.
src/services/api/moodService.ts(1,2130): error TS1005: ';' expected.
src/services/api/moodService.ts(1,2162): error TS1005: ';' expected.
src/services/api/moodService.ts(1,2197): error TS1005: ';' expected.
src/services/api/moodService.ts(1,2233): error TS1005: ';' expected.
src/services/api/moodService.ts(1,2264): error TS1005: ';' expected.
src/services/api/moodService.ts(1,2293): error TS1005: ';' expected.
src/services/api/moodService.ts(1,2319): error TS1005: ';' expected.
src/services/api/moodService.ts(1,2342): error TS1005: ';' expected.
src/services/api/moodService.ts(1,2378): error TS1005: ';' expected.
src/services/api/moodService.ts(1,2414): error TS1005: ';' expected.
src/services/api/moodService.ts(1,2449): error TS1005: ';' expected.
src/services/api/moodService.ts(1,2473): error TS1128: Declaration or statement expected.
src/services/api/moodService.ts(1,2474): error TS1128: Declaration or statement expected.
src/services/api/moodService.ts(1,2501): error TS1005: ',' expected.
src/services/api/moodService.ts(1,2530): error TS1005: ':' expected.
src/services/api/moodService.ts(1,2535): error TS1005: ',' expected.
src/services/api/moodService.ts(1,2551): error TS1005: ';' expected.
src/services/api/moodService.ts(1,2592): error TS1005: ';' expected.
src/services/api/moodService.ts(1,2605): error TS1005: ';' expected.
src/services/api/moodService.ts(1,2808): error TS1109: Expression expected.
src/services/api/moodService.ts(1,2816): error TS1005: ';' expected.
src/services/api/moodService.ts(1,2860): error TS1109: Expression expected.
src/services/api/moodService.ts(1,2873): error TS1005: ';' expected.
src/services/api/moodService.ts(1,2924): error TS1005: ',' expected.
src/services/api/moodService.ts(1,2942): error TS1005: ';' expected.
src/services/api/moodService.ts(1,2957): error TS1005: ';' expected.
src/services/api/moodService.ts(1,2974): error TS1005: ';' expected.
src/services/api/moodService.ts(1,2993): error TS1005: ';' expected.
src/services/api/moodService.ts(1,3024): error TS1005: ',' expected.
src/services/api/moodService.ts(1,3028): error TS1005: ':' expected.
src/services/api/moodService.ts(1,3029): error TS1005: ';' expected.
src/services/api/moodService.ts(1,3038): error TS1128: Declaration or statement expected.
src/services/api/moodService.ts(1,3057): error TS1005: ';' expected.
src/services/api/moodService.ts(1,3202): error TS1005: ')' expected.
src/services/api/moodService.ts(1,3662): error TS1005: ';' expected.
src/services/api/moodService.ts(1,3761): error TS1005: ',' expected.
src/services/api/moodService.ts(1,3793): error TS1005: ',' expected.
src/services/api/moodService.ts(1,3850): error TS1005: ',' expected.
src/services/api/moodService.ts(1,3867): error TS1005: ',' expected.
src/services/api/moodService.ts(1,3898): error TS1005: ',' expected.
src/services/api/moodService.ts(1,3905): error TS1005: ':' expected.
src/services/api/moodService.ts(1,3923): error TS1005: '{' expected.
src/services/api/moodService.ts(1,3929): error TS1005: ':' expected.
src/services/api/moodService.ts(1,13465): error TS1005: '}' expected.
src/services/api/realtimeService.ts(1,10): error TS1005: 'as' expected.
src/services/api/realtimeService.ts(1,15): error TS1005: 'from' expected.
src/services/api/realtimeService.ts(1,35): error TS1005: ';' expected.
src/services/api/realtimeService.ts(1,97): error TS1005: 'from' expected.
src/services/api/realtimeService.ts(1,104): error TS1005: ';' expected.
src/services/api/realtimeService.ts(1,130): error TS1109: Expression expected.
src/services/api/realtimeService.ts(1,168): error TS1131: Property or signature expected.
src/services/api/realtimeService.ts(1,177): error TS1005: ';' expected.
src/services/api/realtimeService.ts(1,197): error TS1005: ';' expected.
src/services/api/realtimeService.ts(1,219): error TS1005: ';' expected.
src/services/api/realtimeService.ts(1,276): error TS1005: ';' expected.
src/services/api/realtimeService.ts(1,295): error TS1005: ';' expected.
src/services/api/realtimeService.ts(1,297): error TS1434: Unexpected keyword or identifier.
src/services/api/realtimeService.ts(1,315): error TS1109: Expression expected.
src/services/api/realtimeService.ts(1,323): error TS1128: Declaration or statement expected.
src/services/api/realtimeService.ts(1,426): error TS1005: ';' expected.
src/services/api/realtimeService.ts(1,683): error TS1131: Property or signature expected.
src/services/api/realtimeService.ts(1,733): error TS1005: ';' expected.
src/services/api/realtimeService.ts(1,735): error TS1434: Unexpected keyword or identifier.
src/services/api/realtimeService.ts(1,752): error TS1109: Expression expected.
src/services/api/realtimeService.ts(1,769): error TS1005: ';' expected.
src/services/api/realtimeService.ts(1,788): error TS1005: ';' expected.
src/services/api/realtimeService.ts(1,796): error TS1128: Declaration or statement expected.
src/services/api/realtimeService.ts(1,849): error TS1005: '>' expected.
src/services/api/realtimeService.ts(1,864): error TS1068: Unexpected token. A constructor, method, accessor, or property was expected.
src/services/api/realtimeService.ts(1,866): error TS1109: Expression expected.
src/services/api/realtimeService.ts(1,879): error TS1005: ';' expected.
src/services/api/realtimeService.ts(1,912): error TS1005: ';' expected.
src/services/api/realtimeService.ts(1,1003): error TS1005: ';' expected.
src/services/api/realtimeService.ts(1,1035): error TS1005: ',' expected.
src/services/api/realtimeService.ts(1,1046): error TS1005: ')' expected.
src/services/api/realtimeService.ts(1,1066): error TS1005: ';' expected.
src/services/api/realtimeService.ts(1,1073): error TS1109: Expression expected.
src/services/api/realtimeService.ts(1,1127): error TS1389: 'const' is not allowed as a variable declaration name.
src/services/api/realtimeService.ts(1,1206): error TS1005: ';' expected.
src/services/api/realtimeService.ts(1,1233): error TS1005: ';' expected.
src/services/api/realtimeService.ts(1,1269): error TS1005: ';' expected.
src/services/api/realtimeService.ts(1,1296): error TS1005: ';' expected.
src/services/api/realtimeService.ts(1,1331): error TS1005: ';' expected.
src/services/api/realtimeService.ts(1,2040): error TS1005: ';' expected.
src/services/api/realtimeService.ts(1,2156): error TS1005: ';' expected.
src/services/api/realtimeService.ts(1,2183): error TS1005: ';' expected.
src/services/api/realtimeService.ts(1,3009): error TS1005: ';' expected.
src/services/api/realtimeService.ts(1,3096): error TS1005: ',' expected.
src/services/api/realtimeService.ts(1,3124): error TS1005: ',' expected.
src/services/api/realtimeService.ts(1,3151): error TS1005: ',' expected.
src/services/api/realtimeService.ts(1,3810): error TS1005: ')' expected.
src/services/api/realtimeService.ts(1,3834): error TS1005: ';' expected.
src/services/api/realtimeService.ts(1,3921): error TS1005: ',' expected.
src/services/api/realtimeService.ts(1,3949): error TS1005: ',' expected.
src/services/api/realtimeService.ts(1,3976): error TS1005: ',' expected.
src/services/api/realtimeService.ts(1,4763): error TS1005: ')' expected.
src/services/api/realtimeService.ts(1,4875): error TS1005: ';' expected.
src/services/api/realtimeService.ts(1,4933): error TS1005: ',' expected.
src/services/api/realtimeService.ts(1,4961): error TS1005: ',' expected.
src/services/api/realtimeService.ts(1,4988): error TS1005: ',' expected.
src/services/api/realtimeService.ts(1,5032): error TS1005: ',' expected.
src/services/api/realtimeService.ts(1,5068): error TS1005: ',' expected.
src/services/api/realtimeService.ts(1,5069): error TS1128: Declaration or statement expected.
src/services/api/realtimeService.ts(1,5212): error TS1005: ';' expected.
src/services/api/realtimeService.ts(1,5283): error TS1005: ';' expected.
src/services/api/realtimeService.ts(1,5553): error TS1005: ';' expected.
src/services/api/realtimeService.ts(1,5612): error TS1005: ',' expected.
src/services/api/realtimeService.ts(1,5640): error TS1005: ',' expected.
src/services/api/realtimeService.ts(1,5667): error TS1005: ',' expected.
src/services/api/realtimeService.ts(1,5702): error TS1005: ',' expected.
src/services/api/realtimeService.ts(1,5713): error TS1109: Expression expected.
src/services/api/realtimeService.ts(1,5715): error TS1109: Expression expected.
src/services/api/realtimeService.ts(1,5716): error TS1003: Identifier expected.
src/services/api/realtimeService.ts(1,5731): error TS1005: ',' expected.
src/services/api/realtimeService.ts(1,5751): error TS1005: ',' expected.
src/services/api/realtimeService.ts(1,5793): error TS1005: ',' expected.
src/services/api/realtimeService.ts(1,5811): error TS1135: Argument expression expected.
src/services/api/realtimeService.ts(1,5862): error TS1005: ',' expected.
src/services/api/realtimeService.ts(1,5873): error TS1005: ';' expected.
src/services/api/realtimeService.ts(1,5898): error TS1005: ';' expected.
src/services/api/realtimeService.ts(1,5928): error TS1005: ';' expected.
src/services/api/realtimeService.ts(1,6022): error TS1005: ';' expected.
src/services/api/realtimeService.ts(1,6030): error TS1443: Module declaration names may only use ' or " quoted strings.
src/services/api/realtimeService.ts(1,6078): error TS1128: Declaration or statement expected.
src/services/api/realtimeService.ts(1,6079): error TS1128: Declaration or statement expected.
src/services/api/realtimeService.ts(1,6120): error TS1128: Declaration or statement expected.
src/services/api/realtimeService.ts(1,6127): error TS1128: Declaration or statement expected.
src/services/api/realtimeService.ts(1,6134): error TS1128: Declaration or statement expected.
src/services/api/realtimeService.ts(1,6150): error TS1005: ';' expected.
src/services/api/realtimeService.ts(1,6170): error TS1005: ',' expected.
src/services/api/realtimeService.ts(1,6568): error TS1005: ')' expected.
src/services/api/realtimeService.ts(1,6709): error TS1005: ';' expected.
src/services/api/realtimeService.ts(1,6716): error TS1128: Declaration or statement expected.
src/services/api/realtimeService.ts(1,6732): error TS1005: ';' expected.
src/services/api/realtimeService.ts(1,6775): error TS1005: ';' expected.
src/services/api/realtimeService.ts(1,6796): error TS1128: Declaration or statement expected.
src/services/api/realtimeService.ts(1,6864): error TS1434: Unexpected keyword or identifier.
src/services/api/realtimeService.ts(1,6902): error TS1005: ',' expected.
src/services/api/realtimeService.ts(1,6928): error TS1005: ',' expected.
src/services/api/realtimeService.ts(1,6957): error TS1005: ',' expected.
src/services/api/realtimeService.ts(1,7017): error TS1005: ')' expected.
src/services/api/realtimeService.ts(1,7030): error TS1005: ';' expected.
src/services/api/realtimeService.ts(1,7051): error TS1005: ';' expected.
src/services/api/realtimeService.ts(1,7064): error TS1128: Declaration or statement expected.
src/services/api/realtimeService.ts(1,7065): error TS1128: Declaration or statement expected.
src/services/api/realtimeService.ts(1,7332): error TS1005: ';' expected.
src/services/api/realtimeService.ts(1,7355): error TS1005: ';' expected.
src/services/api/realtimeService.ts(1,7364): error TS1128: Declaration or statement expected.
src/services/api/realtimeService.ts(1,7365): error TS1128: Declaration or statement expected.
src/services/api/realtimeService.ts(1,7577): error TS1005: ';' expected.
src/services/api/realtimeService.ts(1,7670): error TS1005: ';' expected.
src/services/api/realtimeService.ts(1,7682): error TS1109: Expression expected.
src/services/api/realtimeService.ts(1,9193): error TS1005: ',' expected.
src/services/api/realtimeService.ts(1,9197): error TS1005: ',' expected.
src/services/api/realtimeService.ts(1,9227): error TS1005: ',' expected.
src/services/api/realtimeService.ts(1,9274): error TS1005: ',' expected.
src/services/api/realtimeService.ts(1,9300): error TS1005: ',' expected.
src/services/api/realtimeService.ts(1,9335): error TS1005: ',' expected.
src/services/api/realtimeService.ts(1,9361): error TS1005: ',' expected.
src/services/api/realtimeService.ts(1,9362): error TS1128: Declaration or statement expected.
src/services/api/realtimeService.ts(1,9363): error TS1128: Declaration or statement expected.
src/services/api/realtimeService.ts(1,9370): error TS1128: Declaration or statement expected.
src/services/api/realtimeService.ts(1,9375): error TS1128: Declaration or statement expected.
src/services/api/realtimeService.ts(1,9378): error TS1128: Declaration or statement expected.
src/services/api/realtimeService.ts(1,9428): error TS1434: Unexpected keyword or identifier.
src/services/api/realtimeService.ts(1,9468): error TS1005: ',' expected.
src/services/api/realtimeService.ts(1,9484): error TS1005: ',' expected.
src/services/api/realtimeService.ts(1,9502): error TS1005: ',' expected.
src/services/api/realtimeService.ts(1,9512): error TS1005: ',' expected.
src/services/api/realtimeService.ts(1,9519): error TS1005: ':' expected.
src/services/api/realtimeService.ts(1,9548): error TS1005: ',' expected.
src/services/api/realtimeService.ts(1,9553): error TS1005: ',' expected.
src/services/api/realtimeService.ts(1,9618): error TS1005: ',' expected.
src/services/api/realtimeService.ts(1,9622): error TS1005: ',' expected.
src/services/api/realtimeService.ts(1,9643): error TS1005: ',' expected.
src/services/api/realtimeService.ts(1,9654): error TS1005: ',' expected.
src/services/api/realtimeService.ts(1,9691): error TS1005: ',' expected.
src/services/api/realtimeService.ts(1,9719): error TS1005: ',' expected.
src/services/api/realtimeService.ts(1,9720): error TS1005: ',' expected.
src/services/api/realtimeService.ts(1,9724): error TS1128: Declaration or statement expected.
src/services/api/realtimeService.ts(1,9814): error TS1005: ',' expected.
src/services/api/realtimeService.ts(1,9832): error TS1005: ',' expected.
src/services/api/realtimeService.ts(1,9843): error TS1005: ')' expected.
src/services/api/realtimeService.ts(1,9852): error TS1005: ';' expected.
src/services/api/realtimeService.ts(1,9859): error TS1109: Expression expected.
src/services/api/realtimeService.ts(1,9863): error TS1128: Declaration or statement expected.
src/services/api/realtimeService.ts(1,9896): error TS1005: ',' expected.
src/services/api/realtimeService.ts(1,9912): error TS1005: ',' expected.
src/services/api/realtimeService.ts(1,9920): error TS1109: Expression expected.
src/services/api/realtimeService.ts(1,9973): error TS1005: ',' expected.
src/services/api/realtimeService.ts(1,9988): error TS1005: ',' expected.
src/services/api/realtimeService.ts(1,9996): error TS1005: ',' expected.
src/services/api/realtimeService.ts(1,10020): error TS1005: ',' expected.
src/services/api/realtimeService.ts(1,10715): error TS1005: ',' expected.
src/services/api/realtimeService.ts(1,10777): error TS1005: ',' expected.
src/services/api/realtimeService.ts(1,10786): error TS1011: An element access expression should take an argument.
src/services/api/realtimeService.ts(1,10788): error TS1005: ',' expected.
src/services/api/realtimeService.ts(1,10795): error TS1135: Argument expression expected.
src/services/api/realtimeService.ts(1,10833): error TS1005: ')' expected.
src/services/api/realtimeService.ts(1,10918): error TS1005: ',' expected.
src/services/api/realtimeService.ts(1,10928): error TS1005: ')' expected.
src/services/api/realtimeService.ts(1,10936): error TS1005: ';' expected.
src/services/api/realtimeService.ts(1,10943): error TS1109: Expression expected.
src/services/api/realtimeService.ts(1,11072): error TS1005: ';' expected.
src/services/api/realtimeService.ts(1,11240): error TS1005: ',' expected.
src/services/api/realtimeService.ts(1,11367): error TS1005: ',' expected.
src/services/api/realtimeService.ts(1,11381): error TS1005: ',' expected.
src/services/api/realtimeService.ts(1,11390): error TS1005: ',' expected.
src/services/api/realtimeService.ts(1,11403): error TS1109: Expression expected.
src/services/api/realtimeService.ts(1,11413): error TS1005: ';' expected.
src/services/api/realtimeService.ts(1,11425): error TS1109: Expression expected.
src/services/api/realtimeService.ts(1,11455): error TS1005: ',' expected.
src/services/api/realtimeService.ts(1,11470): error TS1005: ',' expected.
src/services/api/realtimeService.ts(1,11478): error TS1109: Expression expected.
src/services/api/realtimeService.ts(1,11528): error TS1005: ',' expected.
src/services/api/realtimeService.ts(1,11543): error TS1005: ',' expected.
src/services/api/realtimeService.ts(1,11551): error TS1005: ',' expected.
src/services/api/realtimeService.ts(1,11587): error TS1005: ',' expected.
src/services/api/realtimeService.ts(1,11614): error TS1005: ',' expected.
src/services/api/realtimeService.ts(1,11615): error TS1128: Declaration or statement expected.
src/services/api/realtimeService.ts(1,11622): error TS1128: Declaration or statement expected.
src/services/api/realtimeService.ts(1,11685): error TS1005: ')' expected.
src/services/api/realtimeService.ts(1,11692): error TS1128: Declaration or statement expected.
src/services/api/realtimeService.ts(1,11699): error TS1128: Declaration or statement expected.
src/services/api/realtimeService.ts(1,11715): error TS1005: ';' expected.
src/services/api/realtimeService.ts(1,11741): error TS1005: ',' expected.
src/services/api/realtimeService.ts(1,12957): error TS1005: ')' expected.
src/services/api/safetyPlanService.ts(1,10): error TS1005: 'as' expected.
src/services/api/safetyPlanService.ts(1,15): error TS1005: 'from' expected.
src/services/api/safetyPlanService.ts(1,35): error TS1005: ';' expected.
src/services/api/safetyPlanService.ts(1,51): error TS1003: Identifier expected.
src/services/api/safetyPlanService.ts(1,117): error TS1005: ',' expected.
src/services/api/safetyPlanService.ts(1,127): error TS1005: ',' expected.
src/services/api/safetyPlanService.ts(1,128): error TS1003: Identifier expected.
src/services/api/safetyPlanService.ts(1,129): error TS1003: Identifier expected.
src/services/api/safetyPlanService.ts(1,153): error TS1005: ';' expected.
src/services/api/safetyPlanService.ts(1,609): error TS1109: Expression expected.
src/services/api/safetyPlanService.ts(1,619): error TS1005: ';' expected.
src/services/api/safetyPlanService.ts(1,631): error TS1109: Expression expected.
src/services/api/userService.ts(1,10): error TS1005: 'as' expected.
src/services/api/userService.ts(1,15): error TS1005: 'from' expected.
src/services/api/userService.ts(1,35): error TS1005: ';' expected.
src/services/api/userService.ts(1,51): error TS1003: Identifier expected.
src/services/api/userService.ts(1,126): error TS1005: ',' expected.
src/services/api/userService.ts(1,136): error TS1005: ',' expected.
src/services/api/userService.ts(1,137): error TS1003: Identifier expected.
src/services/api/userService.ts(1,138): error TS1003: Identifier expected.
src/services/api/userService.ts(1,162): error TS1005: ';' expected.
src/services/api/userService.ts(1,331): error TS1109: Expression expected.
src/services/api/userService.ts(1,341): error TS1128: Declaration or statement expected.
src/services/api/userService.ts(1,342): error TS1128: Declaration or statement expected.
src/services/api/userService.ts(1,418): error TS1109: Expression expected.
src/services/api/userService.ts(1,428): error TS1005: ';' expected.
src/services/api/userService.ts(1,437): error TS1109: Expression expected.
src/services/api/userService.ts(1,447): error TS1005: ';' expected.
src/services/api/userService.ts(1,456): error TS1109: Expression expected.
src/services/api/userService.ts(1,466): error TS1005: ';' expected.
src/services/api/userService.ts(1,478): error TS1109: Expression expected.
src/services/api/userService.ts(1,488): error TS1005: ';' expected.
src/services/api/userService.ts(1,506): error TS1109: Expression expected.
src/services/api/userService.ts(1,515): error TS1011: An element access expression should take an argument.
src/services/api/userService.ts(1,518): error TS1005: ';' expected.
src/services/api/userService.ts(1,533): error TS1109: Expression expected.
src/services/api/userService.ts(1,542): error TS1011: An element access expression should take an argument.
src/services/api/userService.ts(1,543): error TS1005: ';' expected.
src/services/api/userService.ts(1,639): error TS1109: Expression expected.
src/services/api/userService.ts(1,648): error TS1005: ';' expected.
src/services/api/userService.ts(1,665): error TS1005: ';' expected.
src/services/api/userService.ts(1,685): error TS1005: ';' expected.
src/services/api/userService.ts(1,692): error TS1109: Expression expected.
src/services/api/userService.ts(1,751): error TS1005: ';' expected.
src/services/api/userService.ts(1,759): error TS1131: Property or signature expected.
src/services/api/userService.ts(1,775): error TS1005: ';' expected.
src/services/api/userService.ts(1,838): error TS1109: Expression expected.
src/services/api/userService.ts(1,845): error TS1005: ';' expected.
src/services/api/userService.ts(1,859): error TS1005: ';' expected.
src/services/api/userService.ts(1,865): error TS1005: ';' expected.
src/services/api/userService.ts(1,880): error TS1005: ';' expected.
src/services/api/userService.ts(1,1439): error TS1005: ';' expected.
src/services/api/userService.ts(1,1532): error TS1128: Declaration or statement expected.
src/services/api/userService.ts(1,1570): error TS1005: ';' expected.
src/services/api/userService.ts(1,1646): error TS1005: ';' expected.
src/services/apiClient.ts(138,9): error TS1005: ';' expected.
src/services/apiClient.ts(148,3): error TS1472: 'catch' or 'finally' expected.
src/services/apiClient.ts(148,15): error TS1005: ';' expected.
src/services/apiClient.ts(149,13): error TS1005: ')' expected.
src/services/apiClient.ts(150,12): error TS1109: Expression expected.
src/services/apiClient.ts(151,12): error TS1109: Expression expected.
src/services/apiClient.ts(152,3): error TS1128: Declaration or statement expected.
src/services/apiClient.ts(152,4): error TS1128: Declaration or statement expected.
src/services/apiClient.ts(153,11): error TS1005: ':' expected.
src/services/apiClient.ts(157,7): error TS1005: ',' expected.
src/services/apiClient.ts(158,12): error TS1005: ':' expected.
src/services/apiClient.ts(158,25): error TS1005: ',' expected.
src/services/apiClient.ts(164,3): error TS1434: Unexpected keyword or identifier.
src/services/apiClient.ts(164,16): error TS1005: ';' expected.
src/services/apiClient.ts(165,13): error TS1005: ')' expected.
src/services/apiClient.ts(166,10): error TS1109: Expression expected.
src/services/apiClient.ts(167,12): error TS1109: Expression expected.
src/services/apiClient.ts(168,3): error TS1128: Declaration or statement expected.
src/services/apiClient.ts(168,4): error TS1128: Declaration or statement expected.
src/services/apiClient.ts(169,11): error TS1005: ':' expected.
src/services/apiClient.ts(173,7): error TS1005: ',' expected.
src/services/apiClient.ts(174,12): error TS1005: ':' expected.
src/services/apiClient.ts(174,25): error TS1005: ',' expected.
src/services/apiClient.ts(180,3): error TS1434: Unexpected keyword or identifier.
src/services/apiClient.ts(180,15): error TS1005: ';' expected.
src/services/apiClient.ts(181,13): error TS1005: ')' expected.
src/services/apiClient.ts(182,10): error TS1109: Expression expected.
src/services/apiClient.ts(183,12): error TS1109: Expression expected.
src/services/apiClient.ts(184,3): error TS1128: Declaration or statement expected.
src/services/apiClient.ts(184,4): error TS1128: Declaration or statement expected.
src/services/apiClient.ts(185,11): error TS1005: ':' expected.
src/services/apiClient.ts(189,7): error TS1005: ',' expected.
src/services/apiClient.ts(190,12): error TS1005: ':' expected.
src/services/apiClient.ts(190,25): error TS1005: ',' expected.
src/services/apiClient.ts(196,3): error TS1434: Unexpected keyword or identifier.
src/services/apiClient.ts(196,17): error TS1005: ';' expected.
src/services/apiClient.ts(197,13): error TS1005: ')' expected.
src/services/apiClient.ts(198,10): error TS1109: Expression expected.
src/services/apiClient.ts(199,12): error TS1109: Expression expected.
src/services/apiClient.ts(200,3): error TS1128: Declaration or statement expected.
src/services/apiClient.ts(200,4): error TS1128: Declaration or statement expected.
src/services/apiClient.ts(201,11): error TS1005: ':' expected.
src/services/apiClient.ts(205,7): error TS1005: ',' expected.
src/services/apiClient.ts(206,12): error TS1005: ':' expected.
src/services/apiClient.ts(206,25): error TS1005: ',' expected.
src/services/apiClient.ts(212,3): error TS1434: Unexpected keyword or identifier.
src/services/apiClient.ts(212,18): error TS1005: '>' expected.
src/services/apiClient.ts(213,13): error TS1005: ')' expected.
src/services/apiClient.ts(214,12): error TS1109: Expression expected.
src/services/apiClient.ts(215,3): error TS1128: Declaration or statement expected.
src/services/apiClient.ts(215,4): error TS1128: Declaration or statement expected.
src/services/apiClient.ts(216,11): error TS1005: ':' expected.
src/services/apiClient.ts(219,7): error TS1005: ',' expected.
src/services/apiClient.ts(220,12): error TS1005: ':' expected.
src/services/apiClient.ts(220,25): error TS1005: ',' expected.
src/services/apiClient.ts(226,3): error TS1434: Unexpected keyword or identifier.
src/services/apiClient.ts(226,18): error TS1005: ';' expected.
src/services/apiClient.ts(227,13): error TS1005: ')' expected.
src/services/apiClient.ts(228,9): error TS1005: ';' expected.
src/services/apiClient.ts(229,20): error TS1109: Expression expected.
src/services/apiClient.ts(230,16): error TS1109: Expression expected.
src/services/apiClient.ts(231,3): error TS1109: Expression expected.
src/services/apiClient.ts(231,4): error TS1128: Declaration or statement expected.
src/services/apiClient.ts(232,11): error TS1005: ':' expected.
src/services/apiClient.ts(232,36): error TS1005: ',' expected.
src/services/apiClient.ts(233,13): error TS1005: ',' expected.
src/services/apiClient.ts(233,34): error TS1005: ',' expected.
src/services/apiClient.ts(243,5): error TS1005: ',' expected.
src/services/apiClient.ts(243,11): error TS1005: ':' expected.
src/services/apiClient.ts(243,54): error TS1005: ',' expected.
src/services/apiClient.ts(246,12): error TS1005: ':' expected.
src/services/apiClient.ts(284,7): error TS1005: ',' expected.
src/services/apiClient.ts(290,3): error TS1434: Unexpected keyword or identifier.
src/services/apiClient.ts(291,13): error TS1005: ',' expected.
src/services/apiClient.ts(292,14): error TS1109: Expression expected.
src/services/apiClient.ts(293,12): error TS1109: Expression expected.
src/services/apiClient.ts(294,4): error TS1005: ';' expected.
src/services/apiClient.ts(294,18): error TS1109: Expression expected.
src/services/apiClient.ts(295,11): error TS1005: ':' expected.
src/services/apiClient.ts(302,7): error TS1005: ',' expected.
src/services/apiClient.ts(305,11): error TS1005: ':' expected.
src/services/apiClient.ts(305,43): error TS1005: ',' expected.
src/services/apiClient.ts(308,11): error TS1005: ':' expected.
src/services/apiClient.ts(308,49): error TS1005: ',' expected.
src/services/apiClient.ts(309,11): error TS1005: ':' expected.
src/services/apiClient.ts(309,45): error TS1005: ',' expected.
src/services/apiClient.ts(310,9): error TS1005: ',' expected.
src/services/apiClient.ts(310,20): error TS1005: ',' expected.
src/services/apiClient.ts(311,9): error TS1005: ',' expected.
src/services/apiClient.ts(311,43): error TS1005: ',' expected.
src/services/apiClient.ts(312,13): error TS1005: ',' expected.
src/services/apiClient.ts(312,36): error TS1005: ',' expected.
src/services/apiClient.ts(313,9): error TS1005: ',' expected.
src/services/apiClient.ts(313,17): error TS1005: ',' expected.
src/services/apiClient.ts(316,13): error TS1005: ',' expected.
src/services/apiClient.ts(316,36): error TS1005: ',' expected.
src/services/apiClient.ts(317,11): error TS1005: ',' expected.
src/services/apiClient.ts(317,36): error TS1005: ',' expected.
src/services/apiClient.ts(323,26): error TS1005: ',' expected.
src/services/apiClient.ts(323,35): error TS1005: ';' expected.
src/services/apiClient.ts(324,11): error TS1005: ':' expected.
src/services/apiClient.ts(324,60): error TS1005: ',' expected.
src/services/apiClient.ts(334,22): error TS1005: ';' expected.
src/services/apiClient.ts(335,9): error TS1005: ':' expected.
src/services/apiClient.ts(335,68): error TS1005: ',' expected.
src/services/apiClient.ts(336,9): error TS1005: ':' expected.
src/services/apiClient.ts(336,34): error TS1005: ',' expected.
src/services/apiClient.ts(342,3): error TS1128: Declaration or statement expected.
src/services/apiService.ts(82,6): error TS1128: Declaration or statement expected.
src/services/apiService.ts(177,3): error TS1128: Declaration or statement expected.
src/services/apiService.ts(239,11): error TS1005: ';' expected.
src/services/apiService.ts(246,15): error TS1005: ';' expected.
src/services/apiService.ts(250,15): error TS1005: ';' expected.
src/services/apiService.ts(255,11): error TS1128: Declaration or statement expected.
src/services/apiService.ts(286,3): error TS1128: Declaration or statement expected.
src/services/astralCoreCrisisResourceCache.ts(69,1): error TS1131: Property or signature expected.
src/services/astralCoreCrisisResourceCache.ts(178,8): error TS1005: ';' expected.
src/services/astralCoreCrisisResourceCache.ts(205,8): error TS1005: ';' expected.
src/services/astralCoreCrisisResourceCache.ts(600,3): error TS1434: Unexpected keyword or identifier.
src/services/astralCoreCrisisResourceCache.ts(600,21): error TS1005: ';' expected.
src/services/astralCoreCrisisResourceCache.ts(600,35): error TS1109: Expression expected.
src/services/astralCoreCrisisResourceCache.ts(601,9): error TS1005: ':' expected.
src/services/astralCoreCrisisResourceCache.ts(601,23): error TS1005: ',' expected.
src/services/astralCoreCrisisResourceCache.ts(603,13): error TS1005: ',' expected.
src/services/astralCoreCrisisResourceCache.ts(603,16): error TS1005: ',' expected.
src/services/astralCoreCrisisResourceCache.ts(603,18): error TS1136: Property assignment expected.
src/services/astralCoreErrorService.ts(230,27): error TS1005: ',' expected.
src/services/astralCoreErrorService.ts(230,43): error TS1109: Expression expected.
src/services/astralCoreErrorService.ts(230,52): error TS1005: ';' expected.
src/services/astralCoreErrorService.ts(230,54): error TS1434: Unexpected keyword or identifier.
src/services/astralCoreErrorService.ts(245,24): error TS1005: ',' expected.
src/services/astralCoreErrorService.ts(245,34): error TS1005: ';' expected.
src/services/astralCoreErrorService.ts(245,36): error TS1434: Unexpected keyword or identifier.
src/services/astralCoreErrorService.ts(265,11): error TS1005: ',' expected.
src/services/astralCoreErrorService.ts(266,14): error TS1109: Expression expected.
src/services/astralCoreErrorService.ts(267,4): error TS1005: ';' expected.
src/services/astralCoreErrorService.ts(267,6): error TS1434: Unexpected keyword or identifier.
src/services/astralCoreErrorService.ts(290,28): error TS1005: ',' expected.
src/services/astralCoreErrorService.ts(290,38): error TS1005: ';' expected.
src/services/astralCoreErrorService.ts(290,40): error TS1434: Unexpected keyword or identifier.
src/services/astralCoreErrorService.ts(308,18): error TS1005: ';' expected.
src/services/astralCoreErrorService.ts(309,9): error TS1005: ':' expected.
src/services/astralCoreErrorService.ts(309,23): error TS1005: ',' expected.
src/services/astralCoreErrorService.ts(315,16): error TS1005: ';' expected.
src/services/astralCoreErrorService.ts(315,34): error TS1011: An element access expression should take an argument.
src/services/astralCoreErrorService.ts(315,36): error TS1005: ';' expected.
src/services/astralCoreErrorService.ts(322,23): error TS1005: ',' expected.
src/services/astralCoreErrorService.ts(322,35): error TS1005: ';' expected.
src/services/astralCoreErrorService.ts(322,53): error TS1011: An element access expression should take an argument.
src/services/astralCoreErrorService.ts(322,55): error TS1005: ';' expected.
src/services/astralCoreErrorService.ts(329,19): error TS1005: ',' expected.
src/services/astralCoreErrorService.ts(329,53): error TS1109: Expression expected.
src/services/astralCoreErrorService.ts(329,54): error TS1005: ';' expected.
src/services/astralCoreErrorService.ts(329,56): error TS1434: Unexpected keyword or identifier.
src/services/astralCoreErrorService.ts(338,22): error TS1005: ',' expected.
src/services/astralCoreErrorService.ts(338,31): error TS1005: ';' expected.
src/services/astralCoreErrorService.ts(339,9): error TS1005: ':' expected.
src/services/astralCoreErrorService.ts(339,43): error TS1005: ',' expected.
src/services/astralCoreErrorService.ts(345,27): error TS1005: ',' expected.
src/services/astralCoreErrorService.ts(345,45): error TS1005: ';' expected.
src/services/astralCoreErrorService.ts(345,47): error TS1434: Unexpected keyword or identifier.
src/services/astralCoreErrorService.ts(352,3): error TS1128: Declaration or statement expected.
src/services/astralCoreErrorService.ts(417,3): error TS1128: Declaration or statement expected.
src/services/astralCoreErrorService.ts(552,3): error TS1128: Declaration or statement expected.
src/services/astralCoreNotificationService.ts(589,3): error TS1128: Declaration or statement expected.
src/services/astralCoreWebSocketService.ts(415,16): error TS1005: ';' expected.
src/services/astralCoreWebSocketService.ts(415,18): error TS1434: Unexpected keyword or identifier.
src/services/astralCoreWebSocketService.ts(422,19): error TS1005: ';' expected.
src/services/astralCoreWebSocketService.ts(422,28): error TS1011: An element access expression should take an argument.
src/services/astralCoreWebSocketService.ts(422,30): error TS1005: ';' expected.
src/services/astralCoreWebSocketService.ts(429,3): error TS1128: Declaration or statement expected.
src/services/astralTetherService.ts(306,9): error TS1005: ';' expected.
src/services/astralTetherService.ts(312,3): error TS1472: 'catch' or 'finally' expected.
src/services/astralTetherService.ts(379,3): error TS1128: Declaration or statement expected.
src/services/auth/authService.ts(1,10): error TS1005: 'as' expected.
src/services/auth/authService.ts(1,15): error TS1005: 'from' expected.
src/services/auth/authService.ts(1,35): error TS1005: ';' expected.
src/services/auth/authService.ts(1,61): error TS1005: 'from' expected.
src/services/auth/authService.ts(1,68): error TS1005: ';' expected.
src/services/auth/authService.ts(1,91): error TS1109: Expression expected.
src/services/auth/authService.ts(1,141): error TS1005: ',' expected.
src/services/auth/authService.ts(1,154): error TS1003: Identifier expected.
src/services/auth/authService.ts(1,155): error TS1003: Identifier expected.
src/services/auth/authService.ts(1,156): error TS1003: Identifier expected.
src/services/auth/authService.ts(1,180): error TS1005: ';' expected.
src/services/auth/authService.ts(1,197): error TS1005: ';' expected.
src/services/auth/authService.ts(1,217): error TS1005: ';' expected.
src/services/auth/authService.ts(1,257): error TS1128: Declaration or statement expected.
src/services/auth/authService.ts(1,258): error TS1128: Declaration or statement expected.
src/services/auth/authService.ts(1,284): error TS1005: ';' expected.
src/services/auth/authService.ts(1,292): error TS1128: Declaration or statement expected.
src/services/auth/authService.ts(1,293): error TS1128: Declaration or statement expected.
src/services/auth/authService.ts(1,358): error TS1005: ';' expected.
src/services/auth/authService.ts(1,378): error TS1005: ';' expected.
src/services/auth/authService.ts(1,483): error TS1131: Property or signature expected.
src/services/auth/authService.ts(1,498): error TS1005: ';' expected.
src/services/auth/authService.ts(1,697): error TS1005: ';' expected.
src/services/auth/authService.ts(1,715): error TS1005: ';' expected.
src/services/auth/authService.ts(1,878): error TS1005: ';' expected.
src/services/auth/authService.ts(1,882): error TS1005: ';' expected.
src/services/auth/authService.ts(1,1153): error TS1005: ',' expected.
src/services/auth/authService.ts(1,1200): error TS1005: ',' expected.
src/services/auth/authService.ts(1,1209): error TS1005: ',' expected.
src/services/auth/authService.ts(1,1226): error TS1005: ',' expected.
src/services/auth/authService.ts(1,1264): error TS1005: ',' expected.
src/services/auth/authService.ts(1,1265): error TS1135: Argument expression expected.
src/services/auth/authService.ts(1,1267): error TS1135: Argument expression expected.
src/services/auth/authService.ts(1,1272): error TS1135: Argument expression expected.
src/services/auth/authService.ts(1,1339): error TS1005: ')' expected.
src/services/auth/authService.ts(1,1380): error TS1005: ';' expected.
src/services/auth/authService.ts(1,1503): error TS1005: ';' expected.
src/services/auth/authService.ts(1,1516): error TS1005: ',' expected.
src/services/auth/authService.ts(1,1532): error TS1005: ';' expected.
src/services/auth/authService.ts(1,1588): error TS1005: ',' expected.
src/services/auth/authService.ts(1,1596): error TS1005: ':' expected.
src/services/auth/authService.ts(1,1608): error TS1005: ':' expected.
src/services/auth/authService.ts(1,1640): error TS1109: Expression expected.
src/services/auth0Service.ts(170,3): error TS1128: Declaration or statement expected.
src/services/auth0Service.ts(463,3): error TS1434: Unexpected keyword or identifier.
src/services/auth0Service.ts(463,29): error TS1005: ';' expected.
src/services/auth0Service.ts(464,9): error TS1003: Identifier expected.
src/services/auth0Service.ts(464,16): error TS1005: ',' expected.
src/services/auth0Service.ts(464,20): error TS1005: ',' expected.
src/services/auth0Service.ts(464,44): error TS1005: ',' expected.
src/services/auth0Service.ts(464,46): error TS1136: Property assignment expected.
src/services/backendApiService.ts(206,16): error TS1005: ';' expected.
src/services/backendApiService.ts(247,11): error TS1005: ';' expected.
src/services/backendApiService.ts(253,6): error TS1128: Declaration or statement expected.
src/services/backendApiService.ts(277,11): error TS1005: ';' expected.
src/services/backendApiService.ts(286,1): error TS1472: 'catch' or 'finally' expected.
src/services/backendApiService.ts(287,34): error TS1005: '}' expected.
src/services/backgroundSyncService.ts(33,1): error TS1131: Property or signature expected.
src/services/backgroundSyncService.ts(144,8): error TS1005: ';' expected.
src/services/backgroundSyncService.ts(171,10): error TS1005: ';' expected.
src/services/backgroundSyncService.ts(646,3): error TS1434: Unexpected keyword or identifier.
src/services/backgroundSyncService.ts(646,21): error TS1005: ';' expected.
src/services/backgroundSyncService.ts(646,35): error TS1109: Expression expected.
src/services/backgroundSyncService.ts(647,9): error TS1005: ':' expected.
src/services/backgroundSyncService.ts(647,27): error TS1005: ',' expected.
src/services/backgroundSyncService.ts(649,13): error TS1005: ',' expected.
src/services/backgroundSyncService.ts(649,16): error TS1005: ',' expected.
src/services/backgroundSyncService.ts(649,18): error TS1136: Property assignment expected.
src/services/backgroundSyncService.ts(711,10): error TS1005: ';' expected.
src/services/backgroundSyncService.ts(745,9): error TS1005: ';' expected.
src/services/backgroundSyncService.ts(749,1): error TS1472: 'catch' or 'finally' expected.
src/services/backgroundSyncService.ts(755,1): error TS1068: Unexpected token. A constructor, method, accessor, or property was expected.
src/services/cacheIntegration.ts(35,3): error TS1128: Declaration or statement expected.
src/services/cacheIntegration.ts(209,6): error TS1005: ';' expected.
src/services/cacheIntegration.ts(234,3): error TS1128: Declaration or statement expected.
src/services/cacheIntegration.ts(314,9): error TS1005: ';' expected.
src/services/cacheIntegration.ts(325,3): error TS1128: Declaration or statement expected.
src/services/cacheStrategyCoordinator.ts(535,3): error TS1128: Declaration or statement expected.
src/services/communityService.ts(1,113): error TS1005: 'as' expected.
src/services/communityService.ts(1,118): error TS1005: 'from' expected.
src/services/communityService.ts(1,144): error TS1005: ';' expected.
src/services/communityService.ts(1,172): error TS1131: Property or signature expected.
src/services/communityService.ts(1,198): error TS1005: ';' expected.
src/services/communityService.ts(1,282): error TS1005: ';' expected.
src/services/communityService.ts(1,304): error TS1005: ';' expected.
src/services/communityService.ts(1,326): error TS1005: ';' expected.
src/services/communityService.ts(1,350): error TS1005: ';' expected.
src/services/communityService.ts(1,356): error TS1005: ';' expected.
src/services/communityService.ts(1,370): error TS1005: ';' expected.
src/services/communityService.ts(1,396): error TS1005: ';' expected.
src/services/communityService.ts(1,446): error TS1005: ';' expected.
src/services/communityService.ts(1,477): error TS1005: ';' expected.
src/services/communityService.ts(1,601): error TS1005: ';' expected.
src/services/communityService.ts(1,637): error TS1005: ';' expected.
src/services/communityService.ts(1,667): error TS1005: ';' expected.
src/services/communityService.ts(1,722): error TS1005: ';' expected.
src/services/communityService.ts(1,741): error TS1005: ';' expected.
src/services/communityService.ts(1,753): error TS1005: ';' expected.
src/services/communityService.ts(1,959): error TS1005: ';' expected.
src/services/communityService.ts(1,990): error TS1005: ';' expected.
src/services/communityService.ts(1,1130): error TS1005: ';' expected.
src/services/communityService.ts(1,1150): error TS1005: ';' expected.
src/services/communityService.ts(1,1217): error TS1005: ';' expected.
src/services/communityService.ts(1,1239): error TS1005: ';' expected.
src/services/communityService.ts(1,1248): error TS1109: Expression expected.
src/services/communityService.ts(1,1250): error TS1109: Expression expected.
src/services/communityService.ts(1,1251): error TS1005: ';' expected.
src/services/communityService.ts(1,1261): error TS1434: Unexpected keyword or identifier.
src/services/communityService.ts(1,1275): error TS1109: Expression expected.
src/services/communityService.ts(1,1283): error TS1005: ';' expected.
src/services/communityService.ts(1,1290): error TS1109: Expression expected.
src/services/communityService.ts(1,1300): error TS1005: ';' expected.
src/services/communityService.ts(1,1309): error TS1109: Expression expected.
src/services/communityService.ts(1,1332): error TS1005: ';' expected.
src/services/communityService.ts(1,1341): error TS1128: Declaration or statement expected.
src/services/communityService.ts(1,1442): error TS1005: ']' expected.
src/services/communityService.ts(1,1444): error TS1131: Property or signature expected.
src/services/communityService.ts(1,1462): error TS1005: ']' expected.
src/services/communityService.ts(1,1464): error TS1131: Property or signature expected.
src/services/communityService.ts(1,1482): error TS1005: ';' expected.
src/services/communityService.ts(1,1495): error TS1005: ']' expected.
src/services/communityService.ts(1,1497): error TS1131: Property or signature expected.
src/services/communityService.ts(1,1539): error TS1128: Declaration or statement expected.
src/services/communityService.ts(1,1556): error TS1128: Declaration or statement expected.
src/services/communityService.ts(1,1597): error TS1005: ';' expected.
src/services/communityService.ts(1,1606): error TS1109: Expression expected.
src/services/communityService.ts(1,1608): error TS1109: Expression expected.
src/services/communityService.ts(1,1609): error TS1005: ';' expected.
src/services/communityService.ts(1,1626): error TS1011: An element access expression should take an argument.
src/services/communityService.ts(1,1629): error TS1128: Declaration or statement expected.
src/services/communityService.ts(1,1630): error TS1128: Declaration or statement expected.
src/services/communityService.ts(1,1642): error TS1128: Declaration or statement expected.
src/services/communityService.ts(1,1680): error TS1005: ';' expected.
src/services/communityService.ts(1,1702): error TS1005: ';' expected.
src/services/communityService.ts(1,1711): error TS1109: Expression expected.
src/services/comprehensivePerformanceMonitor.ts(97,1): error TS1131: Property or signature expected.
src/services/comprehensivePerformanceMonitor.ts(232,3): error TS1128: Declaration or statement expected.
src/services/comprehensivePerformanceMonitor.ts(827,3): error TS1128: Declaration or statement expected.
src/services/coreWebVitalsService.ts(41,1): error TS1131: Property or signature expected.
src/services/coreWebVitalsService.ts(49,1): error TS1131: Property or signature expected.
src/services/coreWebVitalsService.ts(422,3): error TS1128: Declaration or statement expected.
src/services/coreWebVitalsService.ts(492,3): error TS1128: Declaration or statement expected.
src/services/coreWebVitalsService.ts(533,3): error TS1128: Declaration or statement expected.
src/services/crisisDetectionIntegrationService.ts(31,1): error TS1131: Property or signature expected.
src/services/crisisDetectionIntegrationService.ts(88,9): error TS1005: ';' expected.
src/services/crisisDetectionIntegrationService.ts(105,3): error TS1434: Unexpected keyword or identifier.
src/services/crisisDetectionIntegrationService.ts(106,13): error TS1005: ',' expected.
src/services/crisisDetectionIntegrationService.ts(106,22): error TS1011: An element access expression should take an argument.
src/services/crisisDetectionIntegrationService.ts(107,12): error TS1005: ',' expected.
src/services/crisisDetectionIntegrationService.ts(108,4): error TS1005: ';' expected.
src/services/crisisDetectionIntegrationService.ts(108,35): error TS1011: An element access expression should take an argument.
src/services/crisisDetectionIntegrationService.ts(109,11): error TS1005: ':' expected.
src/services/crisisDetectionIntegrationService.ts(109,18): error TS1005: ',' expected.
src/services/crisisDetectionIntegrationService.ts(109,40): error TS1005: ',' expected.
src/services/crisisDetectionIntegrationService.ts(109,41): error TS1109: Expression expected.
src/services/crisisDetectionIntegrationService.ts(109,43): error TS1005: ':' expected.
src/services/crisisDetectionIntegrationService.ts(109,47): error TS1005: ',' expected.
src/services/crisisDetectionIntegrationService.ts(111,14): error TS1005: ',' expected.
src/services/crisisDetectionIntegrationService.ts(111,19): error TS1005: ',' expected.
src/services/crisisDetectionIntegrationService.ts(111,23): error TS1005: ',' expected.
src/services/crisisDetectionIntegrationService.ts(111,33): error TS1005: ',' expected.
src/services/crisisDetectionIntegrationService.ts(111,40): error TS1005: ',' expected.
src/services/crisisDetectionIntegrationService.ts(111,43): error TS1005: ',' expected.
src/services/crisisDetectionIntegrationService.ts(111,45): error TS1005: ';' expected.
src/services/crisisDetectionIntegrationService.ts(138,3): error TS1472: 'catch' or 'finally' expected.
src/services/crisisDetectionIntegrationService.ts(139,11): error TS1005: ',' expected.
src/services/crisisDetectionIntegrationService.ts(140,19): error TS1005: ',' expected.
src/services/crisisDetectionIntegrationService.ts(140,28): error TS1011: An element access expression should take an argument.
src/services/crisisDetectionIntegrationService.ts(141,12): error TS1005: ',' expected.
src/services/crisisDetectionIntegrationService.ts(142,4): error TS1005: ';' expected.
src/services/crisisDetectionIntegrationService.ts(143,24): error TS1005: ',' expected.
src/services/crisisDetectionIntegrationService.ts(144,28): error TS1005: ',' expected.
src/services/crisisDetectionIntegrationService.ts(145,33): error TS1005: ',' expected.
src/services/crisisDetectionIntegrationService.ts(146,32): error TS1011: An element access expression should take an argument.
src/services/crisisDetectionIntegrationService.ts(146,33): error TS1005: ',' expected.
src/services/crisisDetectionIntegrationService.ts(148,11): error TS1005: ':' expected.
src/services/crisisDetectionIntegrationService.ts(151,7): error TS1005: ',' expected.
src/services/crisisDetectionIntegrationService.ts(153,11): error TS1005: ':' expected.
src/services/crisisDetectionIntegrationService.ts(153,58): error TS1005: ',' expected.
src/services/crisisDetectionIntegrationService.ts(154,11): error TS1005: ':' expected.
src/services/crisisDetectionIntegrationService.ts(154,96): error TS1005: ',' expected.
src/services/crisisDetectionIntegrationService.ts(157,11): error TS1005: ':' expected.
src/services/crisisDetectionIntegrationService.ts(157,73): error TS1005: ',' expected.
src/services/crisisDetectionIntegrationService.ts(158,11): error TS1005: ':' expected.
src/services/crisisDetectionIntegrationService.ts(162,15): error TS1005: ',' expected.
src/services/crisisDetectionIntegrationService.ts(165,11): error TS1005: ':' expected.
src/services/crisisDetectionIntegrationService.ts(175,73): error TS1005: ',' expected.
src/services/crisisDetectionIntegrationService.ts(177,12): error TS1005: ':' expected.
src/services/crisisDetectionIntegrationService.ts(186,3): error TS1005: ',' expected.
src/services/crisisDetectionIntegrationService.ts(224,1): error TS1005: '}' expected.
src/services/crisisDetectionService.ts(33,1): error TS1131: Property or signature expected.
src/services/crisisDetectionService.ts(289,3): error TS1128: Declaration or statement expected.
src/services/crisisDetectionService.ts(796,1): error TS1005: '}' expected.
src/services/crisisEscalationWorkflowService.ts(75,1): error TS1131: Property or signature expected.
src/services/crisisEscalationWorkflowService.ts(369,3): error TS1128: Declaration or statement expected.
src/services/crisisEscalationWorkflowService.ts(437,3): error TS1128: Declaration or statement expected.
src/services/crisisEscalationWorkflowService.ts(810,3): error TS1128: Declaration or statement expected.
src/services/crisisEscalationWorkflowService.ts(1115,3): error TS1128: Declaration or statement expected.
src/services/crisisEscalationWorkflowService.ts(1120,3): error TS1128: Declaration or statement expected.
src/services/crisisEscalationWorkflowService.ts(1151,3): error TS1128: Declaration or statement expected.
src/services/crisisEscalationWorkflowService.ts(1191,1): error TS1434: Unexpected keyword or identifier.
src/services/crisisEscalationWorkflowService.ts(1191,8): error TS1434: Unexpected keyword or identifier.
src/services/crisisEscalationWorkflowService.ts(1192,1): error TS1005: '}' expected.
src/services/crisisHistoryService.ts(1,115): error TS1005: 'as' expected.
src/services/crisisHistoryService.ts(1,120): error TS1005: 'from' expected.
src/services/crisisHistoryService.ts(1,146): error TS1005: ';' expected.
src/services/crisisHistoryService.ts(1,256): error TS1005: ';' expected.
src/services/crisisHistoryService.ts(1,282): error TS1005: ';' expected.
src/services/crisisHistoryService.ts(1,321): error TS1005: ';' expected.
src/services/crisisHistoryService.ts(1,340): error TS1128: Declaration or statement expected.
src/services/crisisHistoryService.ts(1,361): error TS1109: Expression expected.
src/services/crisisHistoryService.ts(1,377): error TS1005: ';' expected.
src/services/crisisHistoryService.ts(1,386): error TS1109: Expression expected.
src/services/crisisHistoryService.ts(1,388): error TS1109: Expression expected.
src/services/crisisHistoryService.ts(1,389): error TS1005: ';' expected.
src/services/crisisHistoryService.ts(1,418): error TS1005: ';' expected.
src/services/crisisHistoryService.ts(1,420): error TS1434: Unexpected keyword or identifier.
src/services/crisisHistoryService.ts(1,452): error TS1109: Expression expected.
src/services/crisisHistoryService.ts(1,461): error TS1011: An element access expression should take an argument.
src/services/crisisHistoryService.ts(1,462): error TS1128: Declaration or statement expected.
src/services/crisisHistoryService.ts(1,463): error TS1128: Declaration or statement expected.
src/services/crisisHistoryService.ts(1,503): error TS1005: ';' expected.
src/services/crisisHistoryService.ts(1,536): error TS1005: ';' expected.
src/services/crisisHistoryService.ts(1,554): error TS1005: ';' expected.
src/services/crisisHistoryService.ts(1,2061): error TS1109: Expression expected.
src/services/crisisHistoryService.ts(1,2106): error TS1005: ';' expected.
src/services/crisisHistoryService.ts(1,2122): error TS1005: ';' expected.
src/services/crisisHistoryService.ts(1,2147): error TS1128: Declaration or statement expected.
src/services/crisisInterventionWorkflow.ts(955,3): error TS1128: Declaration or statement expected.
src/services/crisisInterventionWorkflow.ts(991,3): error TS1128: Declaration or statement expected.
src/services/crisisInterventionWorkflow.ts(1027,3): error TS1128: Declaration or statement expected.
src/services/crisisInterventionWorkflow.ts(1059,1): error TS1434: Unexpected keyword or identifier.
src/services/crisisInterventionWorkflow.ts(1059,8): error TS1434: Unexpected keyword or identifier.
src/services/crisisInterventionWorkflow.ts(1061,1): error TS1005: '}' expected.
src/services/crisisResourceCache.ts(269,8): error TS1005: ';' expected.
src/services/crisisResourceCache.ts(326,8): error TS1005: ';' expected.
src/services/crisisResourceCache.ts(352,8): error TS1005: ';' expected.
src/services/crisisResourceCache.ts(381,10): error TS1005: ';' expected.
src/services/crisisResourceCache.ts(408,8): error TS1005: ';' expected.
src/services/crisisResourceCache.ts(431,8): error TS1005: ';' expected.
src/services/crisisResourceCache.ts(460,10): error TS1005: ';' expected.
src/services/crisisResourceCache.ts(724,13): error TS1005: ';' expected.
src/services/crisisResourceCache.ts(740,1): error TS1434: Unexpected keyword or identifier.
src/services/crisisResourceCache.ts(740,8): error TS1434: Unexpected keyword or identifier.
src/services/crisisResourceCache.ts(740,36): error TS1005: '}' expected.
src/services/crisisStressTestingSystem.ts(72,1): error TS1131: Property or signature expected.
src/services/crisisStressTestingSystem.ts(354,3): error TS1128: Declaration or statement expected.
src/services/crisisStressTestingSystem.ts(894,3): error TS1128: Declaration or statement expected.
src/services/crisisStressTestingSystem.ts(1025,3): error TS1128: Declaration or statement expected.
src/services/crisisStressTestingSystem.ts(1032,64): error TS1005: ';' expected.
src/services/crisisStressTestingSystem.ts(1037,3): error TS1128: Declaration or statement expected.
src/services/crisisStressTestingSystem.ts(1087,8): error TS1005: ';' expected.
src/services/crisisStressTestingSystem.ts(1103,3): error TS1128: Declaration or statement expected.
src/services/crisisStressTestingSystem.ts(1141,65): error TS1005: ';' expected.
src/services/crisisStressTestingSystem.ts(1146,3): error TS1128: Declaration or statement expected.
src/services/crisisStressTestingSystem.ts(1230,3): error TS1128: Declaration or statement expected.
src/services/culturalAssessmentService.ts(38,1): error TS1131: Property or signature expected.
src/services/culturalAssessmentService.ts(58,1): error TS1131: Property or signature expected.
src/services/culturalAssessmentService.ts(87,1): error TS1131: Property or signature expected.
src/services/culturalAssessmentService.ts(261,9): error TS1005: ';' expected.
src/services/culturalAssessmentService.ts(270,3): error TS1472: 'catch' or 'finally' expected.
src/services/culturalAssessmentService.ts(271,19): error TS1005: ',' expected.
src/services/culturalAssessmentService.ts(272,24): error TS1005: ',' expected.
src/services/culturalAssessmentService.ts(273,30): error TS1005: ',' expected.
src/services/culturalAssessmentService.ts(274,22): error TS1011: An element access expression should take an argument.
src/services/culturalAssessmentService.ts(274,23): error TS1005: ',' expected.
src/services/culturalAssessmentService.ts(275,23): error TS1011: An element access expression should take an argument.
src/services/culturalAssessmentService.ts(275,24): error TS1005: ',' expected.
src/services/culturalAssessmentService.ts(276,27): error TS1005: ',' expected.
src/services/culturalAssessmentService.ts(277,31): error TS1005: ',' expected.
src/services/culturalAssessmentService.ts(278,30): error TS1005: ',' expected.
src/services/culturalAssessmentService.ts(280,4): error TS1005: ';' expected.
src/services/culturalAssessmentService.ts(281,9): error TS1005: ':' expected.
src/services/culturalAssessmentService.ts(282,13): error TS1005: ':' expected.
src/services/culturalAssessmentService.ts(282,114): error TS1005: ',' expected.
src/services/culturalAssessmentService.ts(285,13): error TS1005: ':' expected.
src/services/culturalAssessmentService.ts(291,8): error TS1005: ',' expected.
src/services/culturalAssessmentService.ts(294,13): error TS1005: ':' expected.
src/services/culturalAssessmentService.ts(294,23): error TS1005: ',' expected.
src/services/culturalAssessmentService.ts(306,8): error TS1005: ',' expected.
src/services/culturalAssessmentService.ts(309,13): error TS1005: ':' expected.
src/services/culturalAssessmentService.ts(309,78): error TS1005: ',' expected.
src/services/culturalAssessmentService.ts(311,14): error TS1005: ':' expected.
src/services/culturalAssessmentService.ts(311,24): error TS1005: ',' expected.
src/services/culturalAssessmentService.ts(312,7): error TS1005: ',' expected.
src/services/culturalAssessmentService.ts(321,3): error TS1434: Unexpected keyword or identifier.
src/services/culturalAssessmentService.ts(321,56): error TS1109: Expression expected.
src/services/culturalAssessmentService.ts(321,65): error TS1005: ';' expected.
src/services/culturalAssessmentService.ts(322,23): error TS1005: ',' expected.
src/services/culturalAssessmentService.ts(323,30): error TS1011: An element access expression should take an argument.
src/services/culturalAssessmentService.ts(323,31): error TS1005: ',' expected.
src/services/culturalAssessmentService.ts(324,29): error TS1011: An element access expression should take an argument.
src/services/culturalAssessmentService.ts(324,30): error TS1005: ',' expected.
src/services/culturalAssessmentService.ts(325,30): error TS1005: ',' expected.
src/services/culturalAssessmentService.ts(327,9): error TS1005: ':' expected.
src/services/culturalAssessmentService.ts(329,13): error TS1005: ':' expected.
src/services/culturalAssessmentService.ts(329,104): error TS1005: ',' expected.
src/services/culturalAssessmentService.ts(332,13): error TS1005: ':' expected.
src/services/culturalAssessmentService.ts(336,47): error TS1005: ',' expected.
src/services/culturalAssessmentService.ts(338,14): error TS1005: ':' expected.
src/services/culturalAssessmentService.ts(343,9): error TS1005: ',' expected.
src/services/culturalAssessmentService.ts(350,3): error TS1005: ',' expected.
src/services/culturalAssessmentService.ts(520,3): error TS1005: ',' expected.
src/services/culturalAssessmentService.ts(546,3): error TS1128: Declaration or statement expected.
src/services/culturalAssessmentService.ts(552,3): error TS1005: ',' expected.
src/services/culturalAssessmentService.ts(568,3): error TS1005: ',' expected.
src/services/culturalAssessmentService.ts(586,3): error TS1005: ',' expected.
src/services/culturalAssessmentService.ts(599,3): error TS1005: ',' expected.
src/services/culturalAssessmentService.ts(617,3): error TS1005: ',' expected.
src/services/culturalAssessmentService.ts(640,3): error TS1128: Declaration or statement expected.
src/services/culturalAssessmentService.ts(649,3): error TS1005: ',' expected.
src/services/culturalAssessmentService.ts(657,3): error TS1005: ',' expected.
src/services/culturalAssessmentService.ts(663,3): error TS1005: ',' expected.
src/services/culturalAssessmentService.ts(691,3): error TS1005: ',' expected.
src/services/culturalAssessmentService.ts(712,3): error TS1005: ',' expected.
src/services/culturalAssessmentService.ts(728,3): error TS1005: ',' expected.
src/services/culturalAssessmentService.ts(742,3): error TS1005: ',' expected.
src/services/culturalAssessmentService.ts(778,3): error TS1128: Declaration or statement expected.
src/services/culturalAssessmentService.ts(797,3): error TS1005: ',' expected.
src/services/culturalAssessmentService.ts(825,3): error TS1005: ',' expected.
src/services/culturalAssessmentService.ts(847,3): error TS1005: ',' expected.
src/services/culturalAssessmentService.ts(860,3): error TS1005: ',' expected.
src/services/culturalAssessmentService.ts(875,3): error TS1128: Declaration or statement expected.
src/services/culturalAssessmentService.ts(882,3): error TS1128: Declaration or statement expected.
src/services/culturalAssessmentService.ts(905,3): error TS1005: ',' expected.
src/services/culturalAssessmentService.ts(909,3): error TS1005: ',' expected.
src/services/culturalAssessmentService.ts(914,3): error TS1005: ',' expected.
src/services/culturalAssessmentService.ts(927,1): error TS1005: '}' expected.
src/services/culturalContextService.ts(94,23): error TS1005: ';' expected.
src/services/culturalContextService.ts(94,32): error TS1011: An element access expression should take an argument.
src/services/culturalContextService.ts(94,34): error TS1005: ';' expected.
src/services/culturalContextService.ts(99,1): error TS1434: Unexpected keyword or identifier.
src/services/culturalContextService.ts(99,8): error TS1434: Unexpected keyword or identifier.
src/services/culturalContextService.ts(101,1): error TS1005: '}' expected.
src/services/culturalCrisisDetectionService.ts(72,1): error TS1131: Property or signature expected.
src/services/culturalCrisisDetectionService.ts(595,3): error TS1128: Declaration or statement expected.
src/services/culturalCrisisDetectionService.ts(645,3): error TS1128: Declaration or statement expected.
src/services/culturalCrisisDetectionService.ts(771,9): error TS1005: ';' expected.
src/services/culturalCrisisDetectionService.ts(785,3): error TS1434: Unexpected keyword or identifier.
src/services/culturalCrisisDetectionService.ts(786,13): error TS1005: ',' expected.
src/services/culturalCrisisDetectionService.ts(787,19): error TS1005: ',' expected.
src/services/culturalCrisisDetectionService.ts(788,29): error TS1005: ',' expected.
src/services/culturalCrisisDetectionService.ts(789,25): error TS1005: ',' expected.
src/services/culturalCrisisDetectionService.ts(790,28): error TS1005: ',' expected.
src/services/culturalCrisisDetectionService.ts(791,37): error TS1005: ',' expected.
src/services/culturalCrisisDetectionService.ts(793,4): error TS1005: ';' expected.
src/services/culturalCrisisDetectionService.ts(793,18): error TS1109: Expression expected.
src/services/culturalCrisisDetectionService.ts(795,12): error TS1005: ',' expected.
src/services/culturalCrisisDetectionService.ts(795,118): error TS1005: ',' expected.
src/services/culturalCrisisDetectionService.ts(798,11): error TS1005: ':' expected.
src/services/culturalCrisisDetectionService.ts(804,6): error TS1005: ',' expected.
src/services/culturalCrisisDetectionService.ts(806,11): error TS1005: ':' expected.
src/services/culturalCrisisDetectionService.ts(806,100): error TS1005: ',' expected.
src/services/culturalCrisisDetectionService.ts(807,21): error TS1005: ',' expected.
src/services/culturalCrisisDetectionService.ts(807,39): error TS1005: ',' expected.
src/services/culturalCrisisDetectionService.ts(810,25): error TS1005: ',' expected.
src/services/culturalCrisisDetectionService.ts(810,38): error TS1005: ',' expected.
src/services/culturalCrisisDetectionService.ts(810,40): error TS1136: Property assignment expected.
src/services/culturalCrisisDetectionService.ts(816,1): error TS1472: 'catch' or 'finally' expected.
src/services/culturalCrisisDetectionService.ts(820,1): error TS1434: Unexpected keyword or identifier.
src/services/culturalCrisisDetectionService.ts(820,8): error TS1434: Unexpected keyword or identifier.
src/services/culturalCrisisDetectionService.ts(821,1): error TS1005: '}' expected.
src/services/culturalFamilySupportService.ts(37,1): error TS1131: Property or signature expected.
src/services/culturalFamilySupportService.ts(334,3): error TS1434: Unexpected keyword or identifier.
src/services/culturalFamilySupportService.ts(335,11): error TS1005: ',' expected.
src/services/culturalFamilySupportService.ts(336,20): error TS1005: ',' expected.
src/services/culturalFamilySupportService.ts(337,20): error TS1005: ',' expected.
src/services/culturalFamilySupportService.ts(338,20): error TS1005: ',' expected.
src/services/culturalFamilySupportService.ts(339,17): error TS1005: ',' expected.
src/services/culturalFamilySupportService.ts(340,4): error TS1005: ';' expected.
src/services/culturalFamilySupportService.ts(341,11): error TS1005: ':' expected.
src/services/culturalFamilySupportService.ts(341,24): error TS1005: ',' expected.
src/services/culturalFamilySupportService.ts(362,6): error TS1005: ',' expected.
src/services/culturalFamilySupportService.ts(364,9): error TS1005: ':' expected.
src/services/culturalFamilySupportService.ts(364,51): error TS1005: ',' expected.
src/services/culturalFamilySupportService.ts(365,11): error TS1005: ',' expected.
src/services/culturalFamilySupportService.ts(365,15): error TS1005: ':' expected.
src/services/culturalFamilySupportService.ts(365,39): error TS1005: ',' expected.
src/services/culturalFamilySupportService.ts(368,38): error TS1005: ',' expected.
src/services/culturalFamilySupportService.ts(379,7): error TS1005: ',' expected.
src/services/culturalFamilySupportService.ts(381,12): error TS1005: ':' expected.
src/services/culturalFamilySupportService.ts(381,25): error TS1005: ',' expected.
src/services/culturalFamilySupportService.ts(387,3): error TS1434: Unexpected keyword or identifier.
src/services/culturalFamilySupportService.ts(387,31): error TS1005: ',' expected.
src/services/culturalFamilySupportService.ts(387,53): error TS1005: ',' expected.
src/services/culturalFamilySupportService.ts(387,80): error TS1005: ';' expected.
src/services/culturalFamilySupportService.ts(387,94): error TS1109: Expression expected.
src/services/culturalFamilySupportService.ts(388,11): error TS1005: ':' expected.
src/services/culturalFamilySupportService.ts(388,58): error TS1005: ',' expected.
src/services/culturalFamilySupportService.ts(389,9): error TS1003: Identifier expected.
src/services/culturalFamilySupportService.ts(393,5): error TS1005: ',' expected.
src/services/culturalFamilySupportService.ts(393,11): error TS1005: ':' expected.
src/services/culturalFamilySupportService.ts(393,20): error TS1005: ',' expected.
src/services/culturalFamilySupportService.ts(396,6): error TS1005: ',' expected.
src/services/culturalFamilySupportService.ts(398,18): error TS1005: ',' expected.
src/services/culturalFamilySupportService.ts(398,48): error TS1005: ',' expected.
src/services/culturalFamilySupportService.ts(399,18): error TS1005: ',' expected.
src/services/culturalFamilySupportService.ts(399,57): error TS1005: ',' expected.
src/services/culturalFamilySupportService.ts(401,11): error TS1005: ',' expected.
src/services/culturalFamilySupportService.ts(401,15): error TS1005: ':' expected.
src/services/culturalFamilySupportService.ts(401,39): error TS1005: ',' expected.
src/services/culturalFamilySupportService.ts(404,12): error TS1005: ',' expected.
src/services/culturalFamilySupportService.ts(404,140): error TS1005: ',' expected.
src/services/culturalFamilySupportService.ts(410,3): error TS1128: Declaration or statement expected.
src/services/culturalFamilySupportService.ts(463,3): error TS1434: Unexpected keyword or identifier.
src/services/culturalFamilySupportService.ts(464,11): error TS1005: ',' expected.
src/services/culturalFamilySupportService.ts(465,15): error TS1005: ',' expected.
src/services/culturalFamilySupportService.ts(466,18): error TS1005: ',' expected.
src/services/culturalFamilySupportService.ts(467,22): error TS1005: ',' expected.
src/services/culturalFamilySupportService.ts(468,23): error TS1005: ',' expected.
src/services/culturalFamilySupportService.ts(469,24): error TS1005: ',' expected.
src/services/culturalFamilySupportService.ts(470,24): error TS1005: ',' expected.
src/services/culturalFamilySupportService.ts(472,4): error TS1005: ';' expected.
src/services/culturalFamilySupportService.ts(472,18): error TS1109: Expression expected.
src/services/culturalFamilySupportService.ts(473,11): error TS1005: ':' expected.
src/services/culturalFamilySupportService.ts(473,58): error TS1005: ',' expected.
src/services/culturalFamilySupportService.ts(474,9): error TS1003: Identifier expected.
src/services/culturalFamilySupportService.ts(474,24): error TS1005: ',' expected.
src/services/culturalFamilySupportService.ts(474,67): error TS1005: ';' expected.
src/services/culturalFamilySupportService.ts(593,26): error TS1005: ',' expected.
src/services/culturalFamilySupportService.ts(593,35): error TS1005: ';' expected.
src/services/culturalFamilySupportService.ts(593,63): error TS1005: ';' expected.
src/services/culturalFamilySupportService.ts(600,29): error TS1005: ',' expected.
src/services/culturalFamilySupportService.ts(600,38): error TS1005: ';' expected.
src/services/culturalFamilySupportService.ts(600,69): error TS1005: ';' expected.
src/services/culturalFamilySupportService.ts(607,3): error TS1434: Unexpected keyword or identifier.
src/services/culturalFamilySupportService.ts(607,41): error TS1005: ',' expected.
src/services/culturalFamilySupportService.ts(607,50): error TS1005: ';' expected.
src/services/culturalFamilySupportService.ts(608,30): error TS1005: ',' expected.
src/services/culturalFamilySupportService.ts(609,31): error TS1005: ',' expected.
src/services/culturalFamilySupportService.ts(610,33): error TS1005: ',' expected.
src/services/culturalFamilySupportService.ts(611,35): error TS1011: An element access expression should take an argument.
src/services/culturalFamilySupportService.ts(611,36): error TS1005: ',' expected.
src/services/culturalFamilySupportService.ts(613,11): error TS1005: ':' expected.
src/services/culturalFamilySupportService.ts(613,58): error TS1005: ',' expected.
src/services/culturalFamilySupportService.ts(614,9): error TS1003: Identifier expected.
src/services/culturalFamilySupportService.ts(660,3): error TS1128: Declaration or statement expected.
src/services/culturalFamilySupportService.ts(698,3): error TS1005: ',' expected.
src/services/culturalFamilySupportService.ts(721,3): error TS1128: Declaration or statement expected.
src/services/culturalFamilySupportService.ts(757,3): error TS1005: ',' expected.
src/services/culturalFamilySupportService.ts(811,3): error TS1005: ',' expected.
src/services/culturalFamilySupportService.ts(845,3): error TS1005: ',' expected.
src/services/culturalFamilySupportService.ts(852,3): error TS1005: ',' expected.
src/services/culturalFamilySupportService.ts(859,3): error TS1005: ',' expected.
src/services/culturalFamilySupportService.ts(871,3): error TS1005: ',' expected.
src/services/culturalFamilySupportService.ts(887,3): error TS1005: ',' expected.
src/services/culturalFamilySupportService.ts(918,3): error TS1128: Declaration or statement expected.
src/services/culturalFamilySupportService.ts(927,1): error TS1005: '}' expected.
src/services/dataExportService.ts(18,1): error TS1131: Property or signature expected.
src/services/dataExportService.ts(175,3): error TS1128: Declaration or statement expected.
src/services/dataExportService.ts(192,3): error TS1128: Declaration or statement expected.
src/services/dataExportService.ts(438,6): error TS1128: Declaration or statement expected.
src/services/dataExportService.ts(467,42): error TS1005: ';' expected.
src/services/dataExportService.ts(469,98): error TS1005: ';' expected.
src/services/dataExportService.ts(472,4): error TS1128: Declaration or statement expected.
src/services/dataExportService.ts(472,15): error TS1005: ';' expected.
src/services/dataExportService.ts(503,34): error TS1005: '}' expected.
src/services/dataMigrationService.ts(49,3): error TS1128: Declaration or statement expected.
src/services/dataMigrationService.ts(301,3): error TS1128: Declaration or statement expected.
src/services/dataMigrationService.ts(344,3): error TS1128: Declaration or statement expected.
src/services/dataMigrationService.ts(385,1): error TS1068: Unexpected token. A constructor, method, accessor, or property was expected.
src/services/dataMigrationService.ts(411,1): error TS1005: '}' expected.
src/services/demoDataService.ts(178,30): error TS1005: ';' expected.
src/services/demoDataService.ts(178,40): error TS1011: An element access expression should take an argument.
src/services/demoDataService.ts(178,42): error TS1005: ';' expected.
src/services/demoDataService.ts(239,28): error TS1005: ';' expected.
src/services/demoDataService.ts(239,42): error TS1011: An element access expression should take an argument.
src/services/demoDataService.ts(239,44): error TS1005: ';' expected.
src/services/demoDataService.ts(276,24): error TS1005: ';' expected.
src/services/demoDataService.ts(276,38): error TS1011: An element access expression should take an argument.
src/services/demoDataService.ts(276,40): error TS1005: ';' expected.
src/services/demoDataService.ts(306,33): error TS1005: ';' expected.
src/services/demoDataService.ts(306,42): error TS1011: An element access expression should take an argument.
src/services/demoDataService.ts(306,44): error TS1005: ';' expected.
src/services/demoDataService.ts(349,32): error TS1005: ';' expected.
src/services/demoDataService.ts(349,51): error TS1011: An element access expression should take an argument.
src/services/demoDataService.ts(349,53): error TS1005: ';' expected.
src/services/demoDataService.ts(388,29): error TS1005: ';' expected.
src/services/demoDataService.ts(388,31): error TS1434: Unexpected keyword or identifier.
src/services/demoDataService.ts(397,28): error TS1005: ';' expected.
src/services/demoDataService.ts(397,30): error TS1434: Unexpected keyword or identifier.
src/services/demoDataService.ts(607,30): error TS1005: ';' expected.
src/services/demoDataService.ts(607,43): error TS1011: An element access expression should take an argument.
src/services/demoDataService.ts(607,45): error TS1005: ';' expected.
src/services/demoDataService.ts(634,22): error TS1005: ';' expected.
src/services/demoDataService.ts(634,36): error TS1011: An element access expression should take an argument.
src/services/demoDataService.ts(634,38): error TS1005: ';' expected.
src/services/demoDataService.ts(658,27): error TS1005: ';' expected.
src/services/demoDataService.ts(658,29): error TS1434: Unexpected keyword or identifier.
src/services/demoDataService.ts(692,29): error TS1005: ';' expected.
src/services/demoDataService.ts(725,36): error TS1005: ';' expected.
src/services/demoDataService.ts(725,38): error TS1434: Unexpected keyword or identifier.
src/services/demoDataService.ts(857,35): error TS1005: ';' expected.
src/services/demoDataService.ts(857,37): error TS1434: Unexpected keyword or identifier.
src/services/demoDataService.ts(1018,32): error TS1005: ',' expected.
src/services/demoDataService.ts(1018,72): error TS1005: ',' expected.
src/services/demoDataService.ts(1018,82): error TS1005: ';' expected.
src/services/demoDataService.ts(1069,15): error TS1005: ';' expected.
src/services/demoDataService.ts(1115,15): error TS1005: ';' expected.
src/services/demoDataService.ts(1177,25): error TS1005: ',' expected.
src/services/demoDataService.ts(1177,55): error TS1005: ';' expected.
src/services/demoDataService.ts(1177,57): error TS1434: Unexpected keyword or identifier.
src/services/demoDataService.ts(1211,21): error TS1005: ';' expected.
src/services/demoDataService.ts(1218,35): error TS1005: ';' expected.
src/services/demoDataService.ts(1218,37): error TS1434: Unexpected keyword or identifier.
src/services/demoDataService.ts(1532,28): error TS1005: ';' expected.
src/services/demoDataService.ts(1532,38): error TS1011: An element access expression should take an argument.
src/services/demoDataService.ts(1532,40): error TS1005: ';' expected.
src/services/demoDataService.ts(1695,26): error TS1005: ';' expected.
src/services/demoDataService.ts(1695,36): error TS1011: An element access expression should take an argument.
src/services/demoDataService.ts(1695,38): error TS1005: ';' expected.
src/services/demoDataService.ts(1904,29): error TS1005: ';' expected.
src/services/demoDataService.ts(1904,39): error TS1011: An element access expression should take an argument.
src/services/demoDataService.ts(1904,41): error TS1005: ';' expected.
src/services/demoDataService.ts(2129,25): error TS1005: ';' expected.
src/services/demoDataService.ts(2129,35): error TS1011: An element access expression should take an argument.
src/services/demoDataService.ts(2129,37): error TS1005: ';' expected.
src/services/demoDataService.ts(2266,25): error TS1005: ';' expected.
src/services/demoDataService.ts(2266,35): error TS1011: An element access expression should take an argument.
src/services/demoDataService.ts(2266,37): error TS1005: ';' expected.
src/services/demoDataService.ts(2322,24): error TS1005: ';' expected.
src/services/demoDataService.ts(2322,34): error TS1011: An element access expression should take an argument.
src/services/demoDataService.ts(2322,36): error TS1005: ';' expected.
src/services/demoDataService.ts(2402,1): error TS1005: '}' expected.
src/services/emergencyContactService.ts(28,1): error TS1131: Property or signature expected.
src/services/emergencyContactService.ts(429,1): error TS1434: Unexpected keyword or identifier.
src/services/emergencyContactService.ts(429,8): error TS1434: Unexpected keyword or identifier.
src/services/emergencyContactService.ts(430,14): error TS1005: '(' expected.
src/services/emergencyContactService.ts(431,12): error TS1005: '(' expected.
src/services/emergencyContactService.ts(431,22): error TS1434: Unexpected keyword or identifier.
src/services/emergencyContactService.ts(431,31): error TS1434: Unexpected keyword or identifier.
src/services/emergencyContactService.ts(431,35): error TS1434: Unexpected keyword or identifier.
src/services/emergencyContactService.ts(431,42): error TS1434: Unexpected keyword or identifier.
src/services/emergencyContactService.ts(431,51): error TS1068: Unexpected token. A constructor, method, accessor, or property was expected.
src/services/emergencyContactService.ts(431,55): error TS1005: '(' expected.
src/services/emergencyContactService.ts(431,62): error TS1005: ';' expected.
src/services/emergencyContactService.ts(431,69): error TS1005: ';' expected.
src/services/emergencyContactService.ts(432,3): error TS1161: Unterminated regular expression literal.
src/services/emergencyContactService.ts(434,1): error TS1005: ')' expected.
src/services/emergencyContactService.ts(456,1): error TS1131: Property or signature expected.
src/services/emergencyContactService.ts(857,1): error TS1434: Unexpected keyword or identifier.
src/services/emergencyContactService.ts(857,8): error TS1434: Unexpected keyword or identifier.
src/services/emergencyContactService.ts(857,40): error TS1005: '}' expected.
src/services/emergencyProtocol.ts(1,194): error TS1005: ';' expected.
src/services/emergencyProtocol.ts(1,232): error TS1005: ')' expected.
src/services/emergencyProtocol.ts(1,234): error TS1131: Property or signature expected.
src/services/emergencyProtocol.ts(1,244): error TS1005: ';' expected.
src/services/emergencyProtocol.ts(1,266): error TS1005: ';' expected.
src/services/emergencyProtocol.ts(1,275): error TS1109: Expression expected.
src/services/emergencyProtocolService.ts(1,263): error TS1005: 'from' expected.
src/services/emergencyProtocolService.ts(1,270): error TS1005: ';' expected.
src/services/emergencyProtocolService.ts(1,297): error TS1109: Expression expected.
src/services/emergencyProtocolService.ts(1,389): error TS1005: 'from' expected.
src/services/emergencyProtocolService.ts(1,396): error TS1005: ';' expected.
src/services/encryptionService.ts(280,3): error TS1128: Declaration or statement expected.
src/services/encryptionService.ts(670,3): error TS1128: Declaration or statement expected.
src/services/encryptionService.ts(785,1): error TS1068: Unexpected token. A constructor, method, accessor, or property was expected.
src/services/encryptionService.ts(836,1): error TS1005: '}' expected.
src/services/enhancedAiCrisisDetectionService.ts(97,3): error TS1434: Unexpected keyword or identifier.
src/services/enhancedAiCrisisDetectionService.ts(97,26): error TS1005: ',' expected.
src/services/enhancedAiCrisisDetectionService.ts(97,35): error TS1005: ';' expected.
src/services/enhancedAiCrisisDetectionService.ts(97,64): error TS1005: ',' expected.
src/services/enhancedAiCrisisDetectionService.ts(98,11): error TS1005: ':' expected.
src/services/enhancedAiCrisisDetectionService.ts(98,58): error TS1005: ',' expected.
src/services/enhancedAiCrisisDetectionService.ts(99,12): error TS1005: ':' expected.
src/services/enhancedAiCrisisDetectionService.ts(107,1): error TS1005: '}' expected.
src/services/enhancedCrisisDetectionIntegrationService.ts(78,1): error TS1131: Property or signature expected.
src/services/enhancedCrisisDetectionIntegrationService.ts(311,3): error TS1128: Declaration or statement expected.
src/services/enhancedCrisisDetectionIntegrationService.ts(364,3): error TS1128: Declaration or statement expected.
src/services/enhancedCrisisDetectionIntegrationService.ts(382,3): error TS1128: Declaration or statement expected.
src/services/enhancedCrisisDetectionIntegrationService.ts(436,3): error TS1128: Declaration or statement expected.
src/services/enhancedCrisisDetectionIntegrationService.ts(545,3): error TS1128: Declaration or statement expected.
src/services/enhancedCrisisDetectionIntegrationService.ts(777,3): error TS1128: Declaration or statement expected.
src/services/enhancedCrisisDetectionIntegrationService.ts(877,11): error TS1005: ';' expected.
src/services/enhancedCrisisDetectionIntegrationService.ts(885,7): error TS1005: 'try' expected.
src/services/enhancedCrisisDetectionIntegrationService.ts(898,3): error TS1128: Declaration or statement expected.
src/services/enhancedCrisisKeywordDetectionService.ts(84,1): error TS1131: Property or signature expected.
src/services/enhancedCrisisKeywordDetectionService.ts(101,1): error TS1131: Property or signature expected.
src/services/enhancedCrisisKeywordDetectionService.ts(433,9): error TS1005: ';' expected.
src/services/enhancedCrisisKeywordDetectionService.ts(442,3): error TS1472: 'catch' or 'finally' expected.
src/services/enhancedCrisisKeywordDetectionService.ts(609,3): error TS1128: Declaration or statement expected.
src/services/enhancedCrisisKeywordDetectionService.ts(843,3): error TS1128: Declaration or statement expected.
src/services/enhancedCrisisKeywordDetectionService.ts(880,3): error TS1128: Declaration or statement expected.
src/services/enhancedCrisisKeywordDetectionService.ts(1025,1): error TS1434: Unexpected keyword or identifier.
src/services/enhancedCrisisKeywordDetectionService.ts(1025,8): error TS1434: Unexpected keyword or identifier.
src/services/enhancedCrisisKeywordDetectionService.ts(1026,1): error TS1005: '}' expected.
src/services/enhancedOfflineService.ts(39,1): error TS1131: Property or signature expected.
src/services/enhancedOfflineService.ts(55,1): error TS1131: Property or signature expected.
src/services/enhancedOfflineService.ts(221,8): error TS1005: ';' expected.
src/services/enhancedOfflineService.ts(505,9): error TS1005: ';' expected.
src/services/enhancedOfflineService.ts(514,3): error TS1472: 'catch' or 'finally' expected.
src/services/enhancedOfflineService.ts(514,28): error TS1005: ',' expected.
src/services/enhancedOfflineService.ts(514,85): error TS1005: ';' expected.
src/services/enhancedOfflineService.ts(514,99): error TS1109: Expression expected.
src/services/enhancedOfflineService.ts(515,11): error TS1005: ':' expected.
src/services/enhancedOfflineService.ts(515,19): error TS1005: ',' expected.
src/services/enhancedOfflineService.ts(520,6): error TS1005: ',' expected.
src/services/enhancedOfflineService.ts(522,9): error TS1005: ':' expected.
src/services/enhancedOfflineService.ts(522,34): error TS1005: ',' expected.
src/services/enhancedOfflineService.ts(525,13): error TS1005: ',' expected.
src/services/enhancedOfflineService.ts(525,16): error TS1005: ',' expected.
src/services/enhancedOfflineService.ts(525,18): error TS1136: Property assignment expected.
src/services/enhancedOfflineService.ts(660,3): error TS1128: Declaration or statement expected.
src/services/enhancedOfflineService.ts(693,3): error TS1128: Declaration or statement expected.
src/services/enhancedOfflineService.ts(718,3): error TS1434: Unexpected keyword or identifier.
src/services/enhancedOfflineService.ts(718,27): error TS1005: ';' expected.
src/services/enhancedOfflineService.ts(718,41): error TS1109: Expression expected.
src/services/enhancedOfflineService.ts(719,13): error TS1005: ',' expected.
src/services/enhancedOfflineService.ts(719,16): error TS1005: ',' expected.
src/services/enhancedOfflineService.ts(719,18): error TS1136: Property assignment expected.
src/services/errorHandlingService.ts(142,3): error TS1128: Declaration or statement expected.
src/services/errorHandlingService.ts(662,25): error TS1005: ',' expected.
src/services/errorHandlingService.ts(662,34): error TS1005: ';' expected.
src/services/errorHandlingService.ts(662,60): error TS1005: ';' expected.
src/services/errorHandlingService.ts(669,19): error TS1005: ';' expected.
src/services/errorHandlingService.ts(680,23): error TS1005: ';' expected.
src/services/errorHandlingService.ts(696,22): error TS1005: ',' expected.
src/services/errorHandlingService.ts(696,32): error TS1005: ';' expected.
src/services/errorHandlingService.ts(707,3): error TS1128: Declaration or statement expected.
src/services/errorHandlingService.ts(799,37): error TS1005: '}' expected.
src/services/errorTracking.ts(138,6): error TS1128: Declaration or statement expected.
src/services/errorTracking.ts(142,21): error TS1005: ';' expected.
src/services/errorTracking.ts(143,19): error TS1005: ';' expected.
src/services/errorTracking.ts(146,12): error TS1005: ';' expected.
src/services/errorTracking.ts(147,3): error TS1109: Expression expected.
src/services/errorTracking.ts(147,4): error TS1005: ',' expected.
src/services/errorTracking.ts(374,1): error TS1005: '}' expected.
src/services/gamificationService.ts(31,1): error TS1131: Property or signature expected.
src/services/gamificationService.ts(52,1): error TS1131: Property or signature expected.
src/services/gamificationService.ts(225,3): error TS1128: Declaration or statement expected.
src/services/gamificationService.ts(263,3): error TS1128: Declaration or statement expected.
src/services/gamificationService.ts(414,20): error TS1005: ';' expected.
src/services/gamificationService.ts(414,34): error TS1011: An element access expression should take an argument.
src/services/gamificationService.ts(414,36): error TS1005: ';' expected.
src/services/gamificationService.ts(418,22): error TS1109: Expression expected.
src/services/gamificationService.ts(418,31): error TS1005: ';' expected.
src/services/gamificationService.ts(418,55): error TS1005: ';' expected.
src/services/gamificationService.ts(423,27): error TS1005: ';' expected.
src/services/gamificationService.ts(423,29): error TS1434: Unexpected keyword or identifier.
src/services/gamificationService.ts(429,21): error TS1005: ',' expected.
src/services/gamificationService.ts(429,49): error TS1109: Expression expected.
src/services/gamificationService.ts(429,51): error TS1005: ';' expected.
src/services/gamificationService.ts(441,11): error TS1005: ';' expected.
src/services/gamificationService.ts(481,36): error TS1005: '}' expected.
src/services/integratedAuthService.ts(1,126): error TS1005: 'as' expected.
src/services/integratedAuthService.ts(1,131): error TS1005: 'from' expected.
src/services/integratedAuthService.ts(1,138): error TS1005: ';' expected.
src/services/integratedAuthService.ts(1,150): error TS1005: 'as' expected.
src/services/integratedAuthService.ts(1,155): error TS1005: 'from' expected.
src/services/integratedAuthService.ts(1,172): error TS1005: ';' expected.
src/services/integratedAuthService.ts(1,184): error TS1005: 'as' expected.
src/services/integratedAuthService.ts(1,189): error TS1005: 'from' expected.
src/services/integratedAuthService.ts(1,212): error TS1005: ';' expected.
src/services/integratedAuthService.ts(1,224): error TS1005: 'as' expected.
src/services/integratedAuthService.ts(1,229): error TS1005: 'from' expected.
src/services/integratedAuthService.ts(1,251): error TS1005: ';' expected.
src/services/integratedAuthService.ts(1,2960): error TS1128: Declaration or statement expected.
src/services/integratedAuthService.ts(1,2991): error TS1005: ',' expected.
src/services/integratedAuthService.ts(1,3015): error TS1005: ',' expected.
src/services/integratedAuthService.ts(1,3038): error TS1005: ',' expected.
src/services/integratedAuthService.ts(1,3056): error TS1005: ',' expected.
src/services/integratedAuthService.ts(1,3070): error TS1005: ',' expected.
src/services/integratedAuthService.ts(1,3076): error TS1005: ',' expected.
src/services/integrationService.ts(1,117): error TS1005: 'as' expected.
src/services/integrationService.ts(1,122): error TS1005: 'from' expected.
src/services/integrationService.ts(1,139): error TS1005: ';' expected.
src/services/integrationService.ts(1,151): error TS1005: 'as' expected.
src/services/integrationService.ts(1,156): error TS1005: 'from' expected.
src/services/integrationService.ts(1,169): error TS1005: ';' expected.
src/services/integrationService.ts(1,181): error TS1005: 'as' expected.
src/services/integrationService.ts(1,186): error TS1005: 'from' expected.
src/services/integrationService.ts(1,201): error TS1005: ';' expected.
src/services/integrationService.ts(1,213): error TS1005: 'as' expected.
src/services/integrationService.ts(1,218): error TS1005: 'from' expected.
src/services/integrationService.ts(1,244): error TS1005: ';' expected.
src/services/integrationService.ts(1,256): error TS1005: 'as' expected.
src/services/integrationService.ts(1,261): error TS1005: 'from' expected.
src/services/integrationService.ts(1,284): error TS1005: ';' expected.
src/services/integrationService.ts(1,296): error TS1005: 'as' expected.
src/services/integrationService.ts(1,301): error TS1005: 'from' expected.
src/services/integrationService.ts(1,321): error TS1005: ';' expected.
src/services/integrationService.ts(1,333): error TS1005: 'as' expected.
src/services/integrationService.ts(1,338): error TS1005: 'from' expected.
src/services/integrationService.ts(1,356): error TS1005: ';' expected.
src/services/integrationService.ts(1,368): error TS1005: 'as' expected.
src/services/integrationService.ts(1,373): error TS1005: 'from' expected.
src/services/integrationService.ts(1,400): error TS1005: ';' expected.
src/services/integrationService.ts(1,412): error TS1005: 'as' expected.
src/services/integrationService.ts(1,417): error TS1005: 'from' expected.
src/services/integrationService.ts(1,445): error TS1005: ';' expected.
src/services/integrationService.ts(1,457): error TS1005: 'as' expected.
src/services/integrationService.ts(1,462): error TS1005: 'from' expected.
src/services/integrationService.ts(1,481): error TS1005: ';' expected.
src/services/integrationService.ts(1,493): error TS1005: 'as' expected.
src/services/integrationService.ts(1,498): error TS1005: 'from' expected.
src/services/integrationService.ts(1,517): error TS1005: ';' expected.
src/services/integrationService.ts(1,550): error TS1005: 'from' expected.
src/services/integrationService.ts(1,557): error TS1005: ';' expected.
src/services/intelligentCachingService.ts(79,1): error TS1131: Property or signature expected.
src/services/intelligentCachingService.ts(541,9): error TS1005: ';' expected.
src/services/intelligentCachingService.ts(554,3): error TS1128: Declaration or statement expected.
src/services/intelligentPreloading.ts(28,1): error TS1131: Property or signature expected.
src/services/intelligentPreloading.ts(80,3): error TS1128: Declaration or statement expected.
src/services/intelligentPreloading.ts(816,3): error TS1128: Declaration or statement expected.
src/services/intelligentPreloading.ts(840,3): error TS1128: Declaration or statement expected.
src/services/intelligentPreloading.ts(865,3): error TS1128: Declaration or statement expected.
src/services/intelligentPreloading.ts(923,3): error TS1128: Declaration or statement expected.
src/services/intelligentPreloading.ts(924,3): error TS1128: Declaration or statement expected.
src/services/intelligentPreloading.ts(928,3): error TS1128: Declaration or statement expected.
src/services/intelligentPreloading.ts(930,3): error TS1128: Declaration or statement expected.
src/services/intelligentPreloading.ts(931,3): error TS1128: Declaration or statement expected.
src/services/intelligentPreloading.ts(935,3): error TS1128: Declaration or statement expected.
src/services/localStorageService.ts(187,18): error TS1005: ';' expected.
src/services/localStorageService.ts(188,9): error TS1005: ':' expected.
src/services/localStorageService.ts(189,19): error TS1005: ',' expected.
src/services/localStorageService.ts(189,45): error TS1005: ',' expected.
src/services/localStorageService.ts(190,19): error TS1005: ',' expected.
src/services/localStorageService.ts(190,45): error TS1005: ',' expected.
src/services/localStorageService.ts(191,7): error TS1005: ',' expected.
src/services/localStorageService.ts(199,14): error TS1005: ';' expected.
src/services/localStorageService.ts(199,16): error TS1434: Unexpected keyword or identifier.
src/services/localStorageService.ts(212,17): error TS1005: ';' expected.
src/services/localStorageService.ts(213,9): error TS1005: ':' expected.
src/services/localStorageService.ts(214,19): error TS1005: ',' expected.
src/services/localStorageService.ts(214,52): error TS1005: ',' expected.
src/services/localStorageService.ts(215,11): error TS1005: ':' expected.
src/services/localStorageService.ts(215,66): error TS1005: ',' expected.
src/services/localStorageService.ts(216,7): error TS1005: ',' expected.
src/services/localStorageService.ts(224,20): error TS1005: ';' expected.
src/services/localStorageService.ts(225,9): error TS1005: ':' expected.
src/services/localStorageService.ts(226,19): error TS1005: ',' expected.
src/services/localStorageService.ts(226,53): error TS1005: ',' expected.
src/services/localStorageService.ts(227,7): error TS1005: ',' expected.
src/services/localStorageService.ts(235,3): error TS1434: Unexpected keyword or identifier.
src/services/localStorageService.ts(235,42): error TS1005: ',' expected.
src/services/localStorageService.ts(235,51): error TS1005: ';' expected.
src/services/localStorageService.ts(236,9): error TS1005: ':' expected.
src/services/localStorageService.ts(237,13): error TS1005: ':' expected.
src/services/localStorageService.ts(237,38): error TS1005: ',' expected.
src/services/localStorageService.ts(238,11): error TS1003: Identifier expected.
src/services/localStorageService.ts(244,7): error TS1005: ',' expected.
src/services/localStorageService.ts(244,14): error TS1005: ',' expected.
src/services/localStorageService.ts(244,63): error TS1005: ',' expected.
src/services/localStorageService.ts(245,14): error TS1005: ',' expected.
src/services/localStorageService.ts(245,44): error TS1005: ',' expected.
src/services/localStorageService.ts(248,11): error TS1005: ':' expected.
src/services/localStorageService.ts(248,27): error TS1005: ',' expected.
src/services/localStorageService.ts(249,11): error TS1005: ':' expected.
src/services/localStorageService.ts(249,26): error TS1005: ',' expected.
src/services/localStorageService.ts(251,14): error TS1005: ':' expected.
src/services/localStorageService.ts(251,18): error TS1005: ',' expected.
src/services/localStorageService.ts(252,7): error TS1005: ',' expected.
src/services/localStorageService.ts(261,23): error TS1005: ';' expected.
src/services/localStorageService.ts(261,25): error TS1434: Unexpected keyword or identifier.
src/services/localStorageService.ts(275,19): error TS1005: ';' expected.
src/services/localStorageService.ts(289,9): error TS1005: ';' expected.
src/services/localStorageService.ts(296,1): error TS1472: 'catch' or 'finally' expected.
src/services/localStorageService.ts(299,36): error TS1005: '}' expected.
src/services/mobileNetworkService.ts(132,9): error TS1005: ';' expected.
src/services/mobileNetworkService.ts(142,9): error TS1005: ';' expected.
src/services/mobileNetworkService.ts(157,3): error TS1128: Declaration or statement expected.
src/services/mobileNetworkService.ts(203,9): error TS1005: ';' expected.
src/services/mobileNetworkService.ts(212,9): error TS1005: ';' expected.
src/services/mobileNetworkService.ts(225,3): error TS1128: Declaration or statement expected.
src/services/mobileNetworkService.ts(248,3): error TS1128: Declaration or statement expected.
src/services/mobileNetworkService.ts(311,3): error TS1128: Declaration or statement expected.
src/services/mobileNetworkService.ts(376,1): error TS1005: '}' expected.
src/services/moodAnalysisService.ts(230,3): error TS1128: Declaration or statement expected.
src/services/moodAnalysisService.ts(287,3): error TS1128: Declaration or statement expected.
src/services/moodAnalysisService.ts(520,36): error TS1005: '}' expected.
src/services/multilingualCrisisDetectionService.ts(380,3): error TS1128: Declaration or statement expected.
src/services/multilingualCrisisDetectionService.ts(457,3): error TS1128: Declaration or statement expected.
src/services/netlifyApiService.ts(18,1): error TS1131: Property or signature expected.
src/services/netlifyApiService.ts(330,1): error TS1434: Unexpected keyword or identifier.
src/services/netlifyApiService.ts(330,8): error TS1434: Unexpected keyword or identifier.
src/services/netlifyApiService.ts(330,34): error TS1005: '}' expected.
src/services/notificationScheduler.ts(29,1): error TS1131: Property or signature expected.
src/services/notificationService.ts(59,1): error TS1131: Property or signature expected.
src/services/notificationService.ts(157,3): error TS1128: Declaration or statement expected.
src/services/notificationService.ts(618,3): error TS1434: Unexpected keyword or identifier.
src/services/notificationService.ts(618,37): error TS1005: ',' expected.
src/services/notificationService.ts(618,51): error TS1005: ',' expected.
src/services/notificationService.ts(618,66): error TS1109: Expression expected.
src/services/notificationService.ts(618,73): error TS1005: ';' expected.
src/services/notificationService.ts(639,3): error TS1434: Unexpected keyword or identifier.
src/services/notificationService.ts(639,37): error TS1005: ',' expected.
src/services/notificationService.ts(639,54): error TS1005: ',' expected.
src/services/notificationService.ts(639,78): error TS1005: ',' expected.
src/services/notificationService.ts(639,88): error TS1005: ';' expected.
src/services/notificationService.ts(659,3): error TS1434: Unexpected keyword or identifier.
src/services/notificationService.ts(659,39): error TS1005: ',' expected.
src/services/notificationService.ts(659,53): error TS1005: ',' expected.
src/services/notificationService.ts(659,73): error TS1005: ',' expected.
src/services/notificationService.ts(659,83): error TS1005: ';' expected.
src/services/notificationService.ts(677,3): error TS1434: Unexpected keyword or identifier.
src/services/notificationService.ts(677,48): error TS1005: ',' expected.
src/services/notificationService.ts(677,69): error TS1005: ',' expected.
src/services/notificationService.ts(677,79): error TS1005: ';' expected.
src/services/notificationService.ts(690,3): error TS1434: Unexpected keyword or identifier.
src/services/notificationService.ts(690,20): error TS1005: ';' expected.
src/services/notificationService.ts(700,3): error TS1434: Unexpected keyword or identifier.
src/services/notificationService.ts(700,23): error TS1005: ',' expected.
src/services/notificationService.ts(700,33): error TS1005: ';' expected.
src/services/notificationService.ts(710,16): error TS1005: ';' expected.
src/services/notificationService.ts(710,18): error TS1434: Unexpected keyword or identifier.
src/services/notificationService.ts(717,24): error TS1005: ';' expected.
src/services/notificationService.ts(717,26): error TS1434: Unexpected keyword or identifier.
src/services/notificationService.ts(724,3): error TS1434: Unexpected keyword or identifier.
src/services/notificationService.ts(724,28): error TS1005: ';' expected.
src/services/notificationService.ts(734,30): error TS1005: ',' expected.
src/services/notificationService.ts(734,79): error TS1109: Expression expected.
src/services/notificationService.ts(734,81): error TS1005: ';' expected.
src/services/notificationService.ts(738,19): error TS1005: ',' expected.
src/services/notificationService.ts(738,33): error TS1005: ',' expected.
src/services/notificationService.ts(738,62): error TS1005: ';' expected.
src/services/notificationService.ts(752,5): error TS1359: Identifier expected. 'typeof' is a reserved word that cannot be used here.
src/services/notificationService.ts(752,19): error TS1005: ',' expected.
src/services/notificationService.ts(752,34): error TS1005: ';' expected.
src/services/offlineService.ts(112,20): error TS1005: ';' expected.
src/services/offlineService.ts(112,22): error TS1434: Unexpected keyword or identifier.
src/services/offlineService.ts(116,24): error TS1005: ';' expected.
src/services/offlineService.ts(116,41): error TS1011: An element access expression should take an argument.
src/services/offlineService.ts(116,43): error TS1005: ';' expected.
src/services/offlineService.ts(120,18): error TS1005: ';' expected.
src/services/offlineService.ts(120,38): error TS1005: ';' expected.
src/services/offlineService.ts(124,22): error TS1005: ',' expected.
src/services/offlineService.ts(124,35): error TS1005: ';' expected.
src/services/offlineService.ts(125,9): error TS1005: ':' expected.
src/services/offlineService.ts(125,39): error TS1005: ',' expected.
src/services/offlineService.ts(126,9): error TS1005: ':' expected.
src/services/offlineService.ts(126,27): error TS1005: ',' expected.
src/services/offlineService.ts(129,21): error TS1005: ',' expected.
src/services/offlineService.ts(129,45): error TS1005: ';' expected.
src/services/offlineService.ts(129,47): error TS1434: Unexpected keyword or identifier.
src/services/offlineService.ts(154,29): error TS1005: ',' expected.
src/services/offlineService.ts(154,43): error TS1005: ';' expected.
src/services/offlineService.ts(154,55): error TS1011: An element access expression should take an argument.
src/services/offlineService.ts(154,57): error TS1005: ';' expected.
src/services/offlineService.ts(158,3): error TS1128: Declaration or statement expected.
src/services/offlineService.ts(198,1): error TS1434: Unexpected keyword or identifier.
src/services/offlineService.ts(198,8): error TS1434: Unexpected keyword or identifier.
src/services/offlineService.ts(199,12): error TS1005: '(' expected.
src/services/offlineService.ts(200,12): error TS1005: '(' expected.
src/services/offlineService.ts(200,20): error TS1435: Unknown keyword or identifier. Did you mean 'function ality'?
src/services/offlineService.ts(200,34): error TS1068: Unexpected token. A constructor, method, accessor, or property was expected.
src/services/offlineService.ts(200,38): error TS1005: '(' expected.
src/services/offlineService.ts(200,42): error TS1005: ';' expected.
src/services/offlineService.ts(200,49): error TS1005: ';' expected.
src/services/offlineService.ts(200,56): error TS1005: ')' expected.
src/services/offlineService.ts(201,3): error TS1161: Unterminated regular expression literal.
src/services/offlineService.ts(309,20): error TS1005: ';' expected.
src/services/offlineService.ts(309,22): error TS1434: Unexpected keyword or identifier.
src/services/offlineService.ts(313,24): error TS1005: ';' expected.
src/services/offlineService.ts(313,41): error TS1011: An element access expression should take an argument.
src/services/offlineService.ts(313,43): error TS1005: ';' expected.
src/services/offlineService.ts(317,18): error TS1005: ';' expected.
src/services/offlineService.ts(317,38): error TS1005: ';' expected.
src/services/offlineService.ts(321,22): error TS1005: ',' expected.
src/services/offlineService.ts(321,35): error TS1005: ';' expected.
src/services/offlineService.ts(322,9): error TS1005: ':' expected.
src/services/offlineService.ts(322,39): error TS1005: ',' expected.
src/services/offlineService.ts(323,9): error TS1005: ':' expected.
src/services/offlineService.ts(323,27): error TS1005: ',' expected.
src/services/offlineService.ts(326,21): error TS1005: ',' expected.
src/services/offlineService.ts(326,45): error TS1005: ';' expected.
src/services/offlineService.ts(326,47): error TS1434: Unexpected keyword or identifier.
src/services/offlineService.ts(351,29): error TS1005: ',' expected.
src/services/offlineService.ts(351,43): error TS1005: ';' expected.
src/services/offlineService.ts(351,55): error TS1011: An element access expression should take an argument.
src/services/offlineService.ts(351,57): error TS1005: ';' expected.
src/services/offlineService.ts(355,3): error TS1128: Declaration or statement expected.
src/services/offlineService.ts(395,1): error TS1434: Unexpected keyword or identifier.
src/services/offlineService.ts(395,8): error TS1434: Unexpected keyword or identifier.
src/services/offlineService.ts(395,31): error TS1005: '}' expected.
src/services/optimizedAIService.ts(63,19): error TS1005: ';' expected.
src/services/optimizedAIService.ts(98,15): error TS1005: ';' expected.
src/services/optimizedAIService.ts(114,17): error TS1005: ';' expected.
src/services/optimizedAIService.ts(125,8): error TS1128: Declaration or statement expected.
src/services/optimizedAIService.ts(128,5): error TS1434: Unexpected keyword or identifier.
src/services/optimizedAIService.ts(128,49): error TS1005: ',' expected.
src/services/optimizedAIService.ts(128,67): error TS1005: ',' expected.
src/services/optimizedAIService.ts(128,87): error TS1005: ',' expected.
src/services/optimizedAIService.ts(128,97): error TS1005: ';' expected.
src/services/optimizedAIService.ts(160,6): error TS1128: Declaration or statement expected.
src/services/optimizedAIService.ts(163,5): error TS1434: Unexpected keyword or identifier.
src/services/optimizedAIService.ts(163,34): error TS1005: ';' expected.
src/services/optimizedAIService.ts(345,1): error TS1005: '}' expected.
src/services/peerSupportNetworkService.ts(291,3): error TS1128: Declaration or statement expected.
src/services/peerSupportNetworkService.ts(618,1): error TS1005: '}' expected.
src/services/performanceMonitor.ts(1,154): error TS1442: Expected '=' for property initializer.
src/services/performanceMonitor.ts(1,156): error TS1434: Unexpected keyword or identifier.
src/services/performanceMonitor.ts(1,164): error TS1005: ';' expected.
src/services/performanceMonitor.ts(1,166): error TS1109: Expression expected.
src/services/performanceMonitor.ts(1,180): error TS1128: Declaration or statement expected.
src/services/performanceMonitor.ts(1,3062): error TS1005: '}' expected.
src/services/privacyPreservingAnalyticsService.ts(65,1): error TS1131: Property or signature expected.
src/services/privacyPreservingAnalyticsService.ts(320,3): error TS1128: Declaration or statement expected.
src/services/privacyPreservingAnalyticsService.ts(362,3): error TS1128: Declaration or statement expected.
src/services/privacyPreservingAnalyticsService.ts(459,9): error TS1005: ';' expected.
src/services/privacyPreservingAnalyticsService.ts(468,3): error TS1472: 'catch' or 'finally' expected.
src/services/privacyPreservingAnalyticsService.ts(468,31): error TS1005: ';' expected.
src/services/privacyPreservingAnalyticsService.ts(469,57): error TS1011: An element access expression should take an argument.
src/services/privacyPreservingAnalyticsService.ts(469,58): error TS1005: ',' expected.
src/services/privacyPreservingAnalyticsService.ts(470,42): error TS1005: ',' expected.
src/services/privacyPreservingAnalyticsService.ts(472,42): error TS1005: ',' expected.
src/services/privacyPreservingAnalyticsService.ts(473,30): error TS1005: ',' expected.
src/services/privacyPreservingAnalyticsService.ts(474,34): error TS1005: ',' expected.
src/services/privacyPreservingAnalyticsService.ts(475,41): error TS1005: ',' expected.
src/services/privacyPreservingAnalyticsService.ts(477,9): error TS1005: ':' expected.
src/services/privacyPreservingAnalyticsService.ts(478,13): error TS1005: ':' expected.
src/services/privacyPreservingAnalyticsService.ts(478,62): error TS1005: ',' expected.
src/services/privacyPreservingAnalyticsService.ts(480,14): error TS1005: ':' expected.
src/services/privacyPreservingAnalyticsService.ts(489,9): error TS1005: ',' expected.
src/services/privacyPreservingAnalyticsService.ts(498,3): error TS1005: ',' expected.
src/services/privacyPreservingAnalyticsService.ts(546,9): error TS1005: ';' expected.
src/services/privacyPreservingAnalyticsService.ts(555,3): error TS1472: 'catch' or 'finally' expected.
src/services/privacyPreservingAnalyticsService.ts(555,22): error TS1005: ';' expected.
src/services/privacyPreservingAnalyticsService.ts(570,23): error TS1005: ';' expected.
src/services/privacyPreservingAnalyticsService.ts(571,9): error TS1005: ':' expected.
src/services/privacyPreservingAnalyticsService.ts(571,31): error TS1005: ',' expected.
src/services/privacyPreservingAnalyticsService.ts(572,12): error TS1005: ',' expected.
src/services/privacyPreservingAnalyticsService.ts(572,60): error TS1005: ',' expected.
src/services/privacyPreservingAnalyticsService.ts(578,1): error TS1005: '}' expected.
src/services/pushNotificationService.ts(20,1): error TS1131: Property or signature expected.
src/services/pushNotificationService.ts(58,34): error TS1005: ';' expected.
src/services/pushNotificationService.ts(66,3): error TS1128: Declaration or statement expected.
src/services/pushNotificationService.ts(103,3): error TS1128: Declaration or statement expected.
src/services/pushNotificationService.ts(207,3): error TS1128: Declaration or statement expected.
src/services/pushNotificationService.ts(696,3): error TS1128: Declaration or statement expected.
src/services/rbacService.ts(446,1): error TS1434: Unexpected keyword or identifier.
src/services/rbacService.ts(446,8): error TS1434: Unexpected keyword or identifier.
src/services/rbacService.ts(446,28): error TS1005: '}' expected.
src/services/realtimeService.ts(17,1): error TS1131: Property or signature expected.
src/services/realtimeService.ts(325,3): error TS1128: Declaration or statement expected.
src/services/realtimeService.ts(351,3): error TS1128: Declaration or statement expected.
src/services/realtimeService.ts(642,17): error TS1005: ';' expected.
src/services/realtimeService.ts(677,30): error TS1005: ';' expected.
src/services/realtimeService.ts(726,30): error TS1005: ';' expected.
src/services/realtimeService.ts(733,32): error TS1005: '}' expected.
src/services/safetyPlanRemindersService.ts(63,1): error TS1131: Property or signature expected.
src/services/safetyPlanRemindersService.ts(84,1): error TS1131: Property or signature expected.
src/services/safetyPlanRemindersService.ts(482,3): error TS1434: Unexpected keyword or identifier.
src/services/safetyPlanRemindersService.ts(482,33): error TS1005: ',' expected.
src/services/safetyPlanRemindersService.ts(482,54): error TS1005: ',' expected.
src/services/safetyPlanRemindersService.ts(482,60): error TS1005: ';' expected.
src/services/safetyPlanRemindersService.ts(482,74): error TS1109: Expression expected.
src/services/safetyPlanRemindersService.ts(484,12): error TS1005: ',' expected.
src/services/safetyPlanRemindersService.ts(484,74): error TS1005: ',' expected.
src/services/safetyPlanRemindersService.ts(490,3): error TS1434: Unexpected keyword or identifier.
src/services/safetyPlanRemindersService.ts(490,36): error TS1005: ',' expected.
src/services/safetyPlanRemindersService.ts(490,45): error TS1005: ';' expected.
src/services/safetyPlanRemindersService.ts(491,12): error TS1005: ':' expected.
src/services/safetyPlanRemindersService.ts(502,3): error TS1005: ',' expected.
src/services/safetyPlanRemindersService.ts(536,3): error TS1434: Unexpected keyword or identifier.
src/services/safetyPlanRemindersService.ts(536,27): error TS1005: ',' expected.
src/services/safetyPlanRemindersService.ts(536,47): error TS1005: ',' expected.
src/services/safetyPlanRemindersService.ts(536,53): error TS1005: ';' expected.
src/services/safetyPlanRemindersService.ts(536,67): error TS1109: Expression expected.
src/services/safetyPlanRemindersService.ts(537,12): error TS1005: ',' expected.
src/services/safetyPlanRemindersService.ts(537,67): error TS1005: ',' expected.
src/services/safetyPlanRemindersService.ts(543,3): error TS1434: Unexpected keyword or identifier.
src/services/safetyPlanRemindersService.ts(543,33): error TS1005: ',' expected.
src/services/safetyPlanRemindersService.ts(543,42): error TS1005: ';' expected.
src/services/safetyPlanRemindersService.ts(544,12): error TS1005: ':' expected.
src/services/safetyPlanRemindersService.ts(566,3): error TS1005: ',' expected.
src/services/safetyPlanRemindersService.ts(573,3): error TS1005: ',' expected.
src/services/safetyPlanRemindersService.ts(603,3): error TS1434: Unexpected keyword or identifier.
src/services/safetyPlanRemindersService.ts(603,38): error TS1005: ',' expected.
src/services/safetyPlanRemindersService.ts(603,59): error TS1005: ',' expected.
src/services/safetyPlanRemindersService.ts(603,65): error TS1005: ';' expected.
src/services/safetyPlanRemindersService.ts(604,11): error TS1005: ':' expected.
src/services/safetyPlanRemindersService.ts(616,6): error TS1005: ',' expected.
src/services/safetyPlanRemindersService.ts(618,11): error TS1005: ':' expected.
src/services/safetyPlanRemindersService.ts(622,7): error TS1005: ',' expected.
src/services/safetyPlanRemindersService.ts(624,12): error TS1005: ':' expected.
src/services/safetyPlanRemindersService.ts(624,16): error TS1005: ',' expected.
src/services/safetyPlanRemindersService.ts(630,3): error TS1434: Unexpected keyword or identifier.
src/services/safetyPlanRemindersService.ts(630,31): error TS1005: ',' expected.
src/services/safetyPlanRemindersService.ts(630,49): error TS1005: ',' expected.
src/services/safetyPlanRemindersService.ts(630,55): error TS1005: ';' expected.
src/services/safetyPlanRemindersService.ts(630,69): error TS1109: Expression expected.
src/services/safetyPlanRemindersService.ts(631,12): error TS1005: ',' expected.
src/services/safetyPlanRemindersService.ts(631,67): error TS1005: ',' expected.
src/services/safetyPlanRemindersService.ts(637,3): error TS1434: Unexpected keyword or identifier.
src/services/safetyPlanRemindersService.ts(637,28): error TS1005: ',' expected.
src/services/safetyPlanRemindersService.ts(637,37): error TS1005: ';' expected.
src/services/safetyPlanRemindersService.ts(638,11): error TS1005: ':' expected.
src/services/safetyPlanRemindersService.ts(638,56): error TS1005: ',' expected.
src/services/safetyPlanRemindersService.ts(640,12): error TS1005: ':' expected.
src/services/safetyPlanRemindersService.ts(655,3): error TS1005: ',' expected.
src/services/safetyPlanRemindersService.ts(662,3): error TS1005: ',' expected.
src/services/safetyPlanRemindersService.ts(670,3): error TS1005: ',' expected.
src/services/safetyPlanRemindersService.ts(692,3): error TS1005: ',' expected.
src/services/safetyPlanRemindersService.ts(699,3): error TS1005: ',' expected.
src/services/safetyPlanRemindersService.ts(712,3): error TS1434: Unexpected keyword or identifier.
src/services/safetyPlanRemindersService.ts(712,26): error TS1005: ',' expected.
src/services/safetyPlanRemindersService.ts(712,43): error TS1005: ',' expected.
src/services/safetyPlanRemindersService.ts(712,49): error TS1005: ';' expected.
src/services/safetyPlanRemindersService.ts(713,12): error TS1005: ':' expected.
src/services/safetyPlanRemindersService.ts(723,3): error TS1005: ',' expected.
src/services/safetyPlanRemindersService.ts(734,3): error TS1434: Unexpected keyword or identifier.
src/services/safetyPlanRemindersService.ts(734,33): error TS1005: ',' expected.
src/services/safetyPlanRemindersService.ts(734,42): error TS1005: ';' expected.
src/services/safetyPlanRemindersService.ts(735,12): error TS1005: ':' expected.
src/services/safetyPlanRemindersService.ts(745,3): error TS1005: ',' expected.
src/services/safetyPlanRemindersService.ts(767,3): error TS1005: ',' expected.
src/services/safetyPlanRemindersService.ts(777,3): error TS1434: Unexpected keyword or identifier.
src/services/safetyPlanRemindersService.ts(778,11): error TS1005: ',' expected.
src/services/safetyPlanRemindersService.ts(779,14): error TS1005: ',' expected.
src/services/safetyPlanRemindersService.ts(780,16): error TS1005: ',' expected.
src/services/safetyPlanRemindersService.ts(781,28): error TS1005: ',' expected.
src/services/safetyPlanRemindersService.ts(782,24): error TS1005: ',' expected.
src/services/safetyPlanRemindersService.ts(783,45): error TS1005: ',' expected.
src/services/safetyPlanRemindersService.ts(785,4): error TS1005: ';' expected.
src/services/safetyPlanRemindersService.ts(785,18): error TS1109: Expression expected.
src/services/safetyPlanRemindersService.ts(786,9): error TS1005: ':' expected.
src/services/safetyPlanRemindersService.ts(788,13): error TS1005: ':' expected.
src/services/safetyPlanRemindersService.ts(788,77): error TS1005: ',' expected.
src/services/safetyPlanRemindersService.ts(789,11): error TS1005: ':' expected.
src/services/safetyPlanRemindersService.ts(789,53): error TS1005: ',' expected.
src/services/safetyPlanRemindersService.ts(792,13): error TS1005: ',' expected.
src/services/safetyPlanRemindersService.ts(792,17): error TS1005: ':' expected.
src/services/safetyPlanRemindersService.ts(792,60): error TS1005: ',' expected.
src/services/safetyPlanRemindersService.ts(794,14): error TS1005: ',' expected.
src/services/safetyPlanRemindersService.ts(794,101): error TS1005: ',' expected.
src/services/safetyPlanRemindersService.ts(795,7): error TS1005: ',' expected.
src/services/safetyPlanRemindersService.ts(804,3): error TS1434: Unexpected keyword or identifier.
src/services/safetyPlanRemindersService.ts(805,11): error TS1005: ',' expected.
src/services/safetyPlanRemindersService.ts(806,19): error TS1005: ',' expected.
src/services/safetyPlanRemindersService.ts(806,34): error TS1011: An element access expression should take an argument.
src/services/safetyPlanRemindersService.ts(807,16): error TS1005: ',' expected.
src/services/safetyPlanRemindersService.ts(808,4): error TS1005: ';' expected.
src/services/safetyPlanRemindersService.ts(808,33): error TS1011: An element access expression should take an argument.
src/services/safetyPlanRemindersService.ts(809,9): error TS1005: ':' expected.
src/services/safetyPlanRemindersService.ts(810,13): error TS1005: ':' expected.
src/services/safetyPlanRemindersService.ts(810,31): error TS1005: ',' expected.
src/services/safetyPlanRemindersService.ts(810,51): error TS1005: ',' expected.
src/services/safetyPlanRemindersService.ts(810,52): error TS1109: Expression expected.
src/services/safetyPlanRemindersService.ts(810,54): error TS1005: ':' expected.
src/services/safetyPlanRemindersService.ts(810,58): error TS1005: ',' expected.
src/services/safetyPlanRemindersService.ts(811,13): error TS1005: ':' expected.
src/services/safetyPlanRemindersService.ts(811,60): error TS1005: ',' expected.
src/services/safetyPlanRemindersService.ts(813,11): error TS1003: Identifier expected.
src/services/safetyPlanRemindersService.ts(819,7): error TS1005: ',' expected.
src/services/safetyPlanRemindersService.ts(819,13): error TS1005: ':' expected.
src/services/safetyPlanRemindersService.ts(819,62): error TS1005: ',' expected.
src/services/safetyPlanRemindersService.ts(820,13): error TS1005: ':' expected.
src/services/safetyPlanRemindersService.ts(820,99): error TS1005: ',' expected.
src/services/safetyPlanRemindersService.ts(823,15): error TS1005: ',' expected.
src/services/safetyPlanRemindersService.ts(823,73): error TS1005: ',' expected.
src/services/safetyPlanRemindersService.ts(823,75): error TS1136: Property assignment expected.
src/services/safetyPlanRemindersService.ts(845,7): error TS1005: ',' expected.
src/services/safetyPlanRemindersService.ts(854,3): error TS1434: Unexpected keyword or identifier.
src/services/safetyPlanRemindersService.ts(855,15): error TS1005: ',' expected.
src/services/safetyPlanRemindersService.ts(856,13): error TS1005: ',' expected.
src/services/safetyPlanRemindersService.ts(857,4): error TS1005: ';' expected.
src/services/safetyPlanRemindersService.ts(858,28): error TS1005: ',' expected.
src/services/safetyPlanRemindersService.ts(859,33): error TS1005: ',' expected.
src/services/safetyPlanRemindersService.ts(860,25): error TS1011: An element access expression should take an argument.
src/services/safetyPlanRemindersService.ts(860,26): error TS1005: ',' expected.
src/services/safetyPlanRemindersService.ts(862,9): error TS1005: ':' expected.
src/services/safetyPlanRemindersService.ts(863,13): error TS1005: ':' expected.
src/services/safetyPlanRemindersService.ts(863,60): error TS1005: ',' expected.
src/services/safetyPlanRemindersService.ts(864,11): error TS1003: Identifier expected.
src/services/safetyPlanRemindersService.ts(869,7): error TS1005: ',' expected.
src/services/safetyPlanRemindersService.ts(869,13): error TS1005: ':' expected.
src/services/safetyPlanRemindersService.ts(869,25): error TS1005: ',' expected.
src/services/safetyPlanRemindersService.ts(875,8): error TS1005: ',' expected.
src/services/safetyPlanRemindersService.ts(878,13): error TS1005: ':' expected.
src/services/safetyPlanRemindersService.ts(878,82): error TS1005: ',' expected.
src/services/safetyPlanRemindersService.ts(881,15): error TS1005: ',' expected.
src/services/safetyPlanRemindersService.ts(881,49): error TS1005: ',' expected.
src/services/safetyPlanRemindersService.ts(882,15): error TS1005: ',' expected.
src/services/safetyPlanRemindersService.ts(882,40): error TS1005: ',' expected.
src/services/safetyPlanRemindersService.ts(885,19): error TS1005: ',' expected.
src/services/safetyPlanRemindersService.ts(885,36): error TS1005: ',' expected.
src/services/safetyPlanRemindersService.ts(885,38): error TS1136: Property assignment expected.
src/services/safetyPlanRemindersService.ts(903,9): error TS1005: ';' expected.
src/services/safetyPlanRemindersService.ts(912,3): error TS1005: ',' expected.
src/services/safetyPlanRemindersService.ts(936,3): error TS1005: ',' expected.
src/services/safetyPlanRemindersService.ts(961,3): error TS1005: ',' expected.
src/services/safetyPlanRemindersService.ts(992,3): error TS1128: Declaration or statement expected.
src/services/safetyPlanRemindersService.ts(1000,3): error TS1005: ',' expected.
src/services/safetyPlanRemindersService.ts(1012,3): error TS1005: ',' expected.
src/services/safetyPlanRemindersService.ts(1041,3): error TS1128: Declaration or statement expected.
src/services/safetyPlanRemindersService.ts(1049,3): error TS1005: ',' expected.
src/services/safetyPlanRemindersService.ts(1057,3): error TS1005: ',' expected.
src/services/safetyPlanRemindersService.ts(1064,3): error TS1005: ',' expected.
src/services/safetyPlanRemindersService.ts(1097,3): error TS1128: Declaration or statement expected.
src/services/safetyPlanRemindersService.ts(1135,3): error TS1128: Declaration or statement expected.
src/services/safetyPlanRemindersService.ts(1173,3): error TS1128: Declaration or statement expected.
src/services/safetyPlanRemindersService.ts(1195,3): error TS1005: ',' expected.
src/services/safetyPlanRemindersService.ts(1206,3): error TS1005: ',' expected.
src/services/safetyPlanRemindersService.ts(1212,3): error TS1005: ',' expected.
src/services/safetyPlanRemindersService.ts(1238,3): error TS1128: Declaration or statement expected.
src/services/safetyPlanRemindersService.ts(1291,3): error TS1005: ',' expected.
src/services/safetyPlanRemindersService.ts(1297,3): error TS1005: ',' expected.
src/services/safetyPlanRemindersService.ts(1308,3): error TS1005: ',' expected.
src/services/safetyPlanRemindersService.ts(1313,3): error TS1005: ',' expected.
src/services/safetyPlanRemindersService.ts(1318,3): error TS1005: ',' expected.
src/services/safetyPlanRemindersService.ts(1323,3): error TS1005: ',' expected.
src/services/safetyPlanRemindersService.ts(1337,1): error TS1005: '}' expected.
src/services/safetyPlanService.ts(1,214): error TS1005: ';' expected.
src/services/safetyPlanService.ts(1,241): error TS1005: ';' expected.
src/services/safetyPlanService.ts(1,263): error TS1005: ';' expected.
src/services/safetyPlanService.ts(1,281): error TS1005: ';' expected.
src/services/safetyPlanService.ts(1,461): error TS1005: ';' expected.
src/services/safetyPlanService.ts(1,490): error TS1005: ';' expected.
src/services/safetyPlanService.ts(1,496): error TS1005: ';' expected.
src/services/safetyPlanService.ts(1,511): error TS1005: ';' expected.
src/services/safetyPlanService.ts(1,555): error TS1005: ';' expected.
src/services/safetyPlanService.ts(1,585): error TS1005: ';' expected.
src/services/safetyPlanService.ts(1,587): error TS1434: Unexpected keyword or identifier.
src/services/safetyPlanService.ts(1,604): error TS1109: Expression expected.
src/services/safetyPlanService.ts(1,613): error TS1011: An element access expression should take an argument.
src/services/safetyPlanService.ts(1,618): error TS1005: ';' expected.
src/services/safetyPlanService.ts(1,627): error TS1109: Expression expected.
src/services/safetyPlanService.ts(1,644): error TS1005: ';' expected.
src/services/safetyPlanService.ts(1,654): error TS1128: Declaration or statement expected.
src/services/screenReaderService.ts(926,3): error TS1128: Declaration or statement expected.
src/services/screenReaderService.ts(932,3): error TS1128: Declaration or statement expected.
src/services/secureStorageService.ts(313,60): error TS1005: ';' expected.
src/services/secureStorageService.ts(553,1): error TS1005: '}' expected.
src/services/securityService.ts(132,22): error TS1005: ',' expected.
src/services/securityService.ts(132,31): error TS1005: ';' expected.
src/services/securityService.ts(132,33): error TS1434: Unexpected keyword or identifier.
src/services/securityService.ts(147,20): error TS1005: ',' expected.
src/services/securityService.ts(147,29): error TS1005: ';' expected.
src/services/securityService.ts(147,31): error TS1434: Unexpected keyword or identifier.
src/services/securityService.ts(151,20): error TS1005: ',' expected.
src/services/securityService.ts(151,29): error TS1005: ';' expected.
src/services/securityService.ts(151,31): error TS1434: Unexpected keyword or identifier.
src/services/securityService.ts(164,21): error TS1005: ',' expected.
src/services/securityService.ts(164,41): error TS1005: ',' expected.
src/services/securityService.ts(164,50): error TS1005: ';' expected.
src/services/securityService.ts(164,82): error TS1109: Expression expected.
src/services/securityService.ts(164,102): error TS1109: Expression expected.
src/services/securityService.ts(203,13): error TS1005: ',' expected.
src/services/securityService.ts(203,32): error TS1109: Expression expected.
src/services/securityService.ts(203,42): error TS1005: ';' expected.
src/services/securityService.ts(213,17): error TS1005: ',' expected.
src/services/securityService.ts(213,26): error TS1005: ';' expected.
src/services/securityService.ts(213,28): error TS1434: Unexpected keyword or identifier.
src/services/securityService.ts(218,28): error TS1005: ',' expected.
src/services/securityService.ts(218,37): error TS1005: ';' expected.
src/services/securityService.ts(218,91): error TS1011: An element access expression should take an argument.
src/services/securityService.ts(259,24): error TS1005: ',' expected.
src/services/securityService.ts(259,33): error TS1005: ';' expected.
src/services/securityService.ts(262,11): error TS1005: ':' expected.
src/services/securityService.ts(262,38): error TS1005: ',' expected.
src/services/securityService.ts(263,11): error TS1005: ':' expected.
src/services/securityService.ts(263,58): error TS1005: ',' expected.
src/services/securityService.ts(265,12): error TS1005: ':' expected.
src/services/securityService.ts(268,7): error TS1005: ',' expected.
src/services/securityService.ts(272,29): error TS1005: ',' expected.
src/services/securityService.ts(272,43): error TS1005: ';' expected.
src/services/securityService.ts(272,45): error TS1434: Unexpected keyword or identifier.
src/services/securityService.ts(278,24): error TS1005: ',' expected.
src/services/securityService.ts(278,33): error TS1005: ';' expected.
src/services/securityService.ts(278,35): error TS1434: Unexpected keyword or identifier.
src/services/securityService.ts(289,22): error TS1005: ';' expected.
src/services/securityService.ts(289,24): error TS1434: Unexpected keyword or identifier.
src/services/securityService.ts(295,26): error TS1005: ',' expected.
src/services/securityService.ts(295,35): error TS1005: ';' expected.
src/services/securityService.ts(295,37): error TS1434: Unexpected keyword or identifier.
src/services/securityService.ts(301,25): error TS1005: ',' expected.
src/services/securityService.ts(301,34): error TS1005: ';' expected.
src/services/securityService.ts(301,36): error TS1434: Unexpected keyword or identifier.
src/services/securityService.ts(311,21): error TS1005: ',' expected.
src/services/securityService.ts(311,30): error TS1005: ';' expected.
src/services/securityService.ts(311,32): error TS1434: Unexpected keyword or identifier.
src/services/securityService.ts(322,25): error TS1005: ',' expected.
src/services/securityService.ts(322,42): error TS1005: ',' expected.
src/services/securityService.ts(322,57): error TS1005: ',' expected.
src/services/securityService.ts(322,85): error TS1005: ',' expected.
src/services/securityService.ts(322,97): error TS1005: ';' expected.
src/services/securityService.ts(348,25): error TS1005: ',' expected.
src/services/securityService.ts(348,44): error TS1005: ';' expected.
src/services/securityService.ts(376,25): error TS1005: ';' expected.
src/services/securityService.ts(385,20): error TS1005: ';' expected.
src/services/securityService.ts(385,30): error TS1011: An element access expression should take an argument.
src/services/securityService.ts(385,32): error TS1005: ';' expected.
src/services/securityService.ts(389,23): error TS1005: ';' expected.
src/services/securityService.ts(461,32): error TS1005: '}' expected.
src/services/serviceWorkerManager.ts(32,52): error TS1005: ';' expected.
src/services/serviceWorkerManager.ts(37,22): error TS1005: ';' expected.
src/services/serviceWorkerManager.ts(37,24): error TS1434: Unexpected keyword or identifier.
src/services/serviceWorkerManager.ts(41,3): error TS1434: Unexpected keyword or identifier.
src/services/serviceWorkerManager.ts(41,33): error TS1005: ',' expected.
src/services/serviceWorkerManager.ts(41,42): error TS1011: An element access expression should take an argument.
src/services/serviceWorkerManager.ts(41,44): error TS1005: ';' expected.
src/services/serviceWorkerManager.ts(42,12): error TS1005: ',' expected.
src/services/serviceWorkerManager.ts(42,63): error TS1005: ',' expected.
src/services/serviceWorkerManager.ts(43,12): error TS1005: ':' expected.
src/services/serviceWorkerManager.ts(43,16): error TS1005: ',' expected.
src/services/serviceWorkerManager.ts(46,3): error TS1434: Unexpected keyword or identifier.
src/services/serviceWorkerManager.ts(46,43): error TS1005: ',' expected.
src/services/serviceWorkerManager.ts(46,52): error TS1011: An element access expression should take an argument.
src/services/serviceWorkerManager.ts(46,54): error TS1005: ';' expected.
src/services/serviceWorkerManager.ts(46,68): error TS1109: Expression expected.
src/services/serviceWorkerManager.ts(47,12): error TS1005: ',' expected.
src/services/serviceWorkerManager.ts(47,74): error TS1005: ',' expected.
src/services/serviceWorkerManager.ts(50,3): error TS1434: Unexpected keyword or identifier.
src/services/serviceWorkerManager.ts(50,36): error TS1005: ',' expected.
src/services/serviceWorkerManager.ts(50,46): error TS1005: ';' expected.
src/services/serviceWorkerManager.ts(50,60): error TS1109: Expression expected.
src/services/serviceWorkerManager.ts(51,12): error TS1005: ',' expected.
src/services/serviceWorkerManager.ts(51,67): error TS1005: ',' expected.
src/services/serviceWorkerManager.ts(54,3): error TS1434: Unexpected keyword or identifier.
src/services/serviceWorkerManager.ts(54,34): error TS1005: ',' expected.
src/services/serviceWorkerManager.ts(54,40): error TS1005: ';' expected.
src/services/serviceWorkerManager.ts(54,54): error TS1109: Expression expected.
src/services/serviceWorkerManager.ts(55,12): error TS1005: ',' expected.
src/services/serviceWorkerManager.ts(55,65): error TS1005: ',' expected.
src/services/serviceWorkerManager.ts(58,3): error TS1434: Unexpected keyword or identifier.
src/services/serviceWorkerManager.ts(58,40): error TS1005: ',' expected.
src/services/serviceWorkerManager.ts(58,49): error TS1005: ';' expected.
src/services/serviceWorkerManager.ts(59,12): error TS1005: ',' expected.
src/services/serviceWorkerManager.ts(59,86): error TS1005: ',' expected.
src/services/serviceWorkerManager.ts(60,12): error TS1005: ':' expected.
src/services/serviceWorkerManager.ts(60,16): error TS1005: ',' expected.
src/services/serviceWorkerManager.ts(63,3): error TS1434: Unexpected keyword or identifier.
src/services/serviceWorkerManager.ts(63,38): error TS1005: ',' expected.
src/services/serviceWorkerManager.ts(63,44): error TS1005: ';' expected.
src/services/serviceWorkerManager.ts(63,58): error TS1109: Expression expected.
src/services/serviceWorkerManager.ts(64,12): error TS1005: ',' expected.
src/services/serviceWorkerManager.ts(64,68): error TS1005: ',' expected.
src/services/serviceWorkerManager.ts(68,18): error TS1109: Expression expected.
src/services/serviceWorkerManager.ts(68,47): error TS1109: Expression expected.
src/services/serviceWorkerManager.ts(70,3): error TS1434: Unexpected keyword or identifier.
src/services/serviceWorkerManager.ts(70,25): error TS1005: ';' expected.
src/services/serviceWorkerManager.ts(71,12): error TS1005: ':' expected.
src/services/serviceWorkerManager.ts(71,24): error TS1005: ',' expected.
src/services/serviceWorkerManager.ts(74,3): error TS1434: Unexpected keyword or identifier.
src/services/serviceWorkerManager.ts(74,25): error TS1005: ';' expected.
src/services/serviceWorkerManager.ts(75,12): error TS1005: ':' expected.
src/services/serviceWorkerManager.ts(86,3): error TS1005: ',' expected.
src/services/serviceWorkerManager.ts(91,3): error TS1005: ',' expected.
src/services/serviceWorkerManager.ts(96,3): error TS1005: ',' expected.
src/services/serviceWorkerManager.ts(102,3): error TS1005: ',' expected.
src/services/serviceWorkerManager.ts(107,3): error TS1005: ',' expected.
src/services/serviceWorkerManager.ts(111,3): error TS1005: ',' expected.
src/services/serviceWorkerManager.ts(115,3): error TS1005: ',' expected.
src/services/serviceWorkerManager.ts(119,3): error TS1005: ',' expected.
src/services/serviceWorkerManager.ts(123,3): error TS1005: ',' expected.
src/services/serviceWorkerManager.ts(127,3): error TS1005: ',' expected.
src/services/serviceWorkerManager.ts(134,3): error TS1005: ',' expected.
src/services/serviceWorkerManager.ts(141,3): error TS1005: ',' expected.
src/services/serviceWorkerManager.ts(148,3): error TS1005: ',' expected.
src/services/serviceWorkerManager.ts(155,5): error TS1131: Property or signature expected.
src/services/serviceWorkerManager.ts(161,1): error TS1005: ',' expected.
src/services/serviceWorkerManager.ts(161,7): error TS1005: ':' expected.
src/services/serviceWorkerManager.ts(161,56): error TS1005: ',' expected.
src/services/serviceWorkerManager.ts(162,8): error TS1005: ':' expected.
src/services/serviceWorkerManager.ts(162,16): error TS1005: ':' expected.
src/services/serviceWorkerManager.ts(162,36): error TS1005: ',' expected.
src/services/serviceWorkerManager.ts(163,1): error TS1005: '}' expected.
src/services/simpleAuthService.ts(132,3): error TS1434: Unexpected keyword or identifier.
src/services/simpleAuthService.ts(132,23): error TS1005: ',' expected.
src/services/simpleAuthService.ts(132,41): error TS1005: ',' expected.
src/services/simpleAuthService.ts(132,55): error TS1005: ',' expected.
src/services/simpleAuthService.ts(132,81): error TS1005: ';' expected.
src/services/simpleAuthService.ts(133,9): error TS1005: ':' expected.
src/services/simpleAuthService.ts(134,13): error TS1005: ':' expected.
src/services/simpleAuthService.ts(139,9): error TS1005: ',' expected.
src/services/simpleAuthService.ts(142,13): error TS1005: ':' expected.
src/services/simpleAuthService.ts(142,52): error TS1005: ',' expected.
src/services/simpleAuthService.ts(143,23): error TS1005: ',' expected.
src/services/simpleAuthService.ts(143,74): error TS1005: ',' expected.
src/services/simpleAuthService.ts(143,76): error TS1136: Property assignment expected.
src/services/simpleAuthService.ts(308,9): error TS1005: ';' expected.
src/services/simpleAuthService.ts(319,3): error TS1128: Declaration or statement expected.
src/services/simpleAuthService.ts(362,9): error TS1005: ';' expected.
src/services/simpleAuthService.ts(373,3): error TS1434: Unexpected keyword or identifier.
src/services/simpleAuthService.ts(373,28): error TS1005: ',' expected.
src/services/simpleAuthService.ts(373,43): error TS1005: ',' expected.
src/services/simpleAuthService.ts(373,64): error TS1005: ',' expected.
src/services/simpleAuthService.ts(373,73): error TS1005: ';' expected.
src/services/simpleAuthService.ts(374,9): error TS1005: ':' expected.
src/services/simpleAuthService.ts(376,11): error TS1003: Identifier expected.
src/services/simpleAuthService.ts(376,18): error TS1005: ',' expected.
src/services/simpleAuthService.ts(376,43): error TS1005: ',' expected.
src/services/simpleAuthService.ts(376,45): error TS1136: Property assignment expected.
src/services/simpleAuthService.ts(419,9): error TS1005: ';' expected.
src/services/simpleAuthService.ts(430,29): error TS1005: ',' expected.
src/services/simpleAuthService.ts(430,58): error TS1109: Expression expected.
src/services/simpleAuthService.ts(430,59): error TS1005: ';' expected.
src/services/simpleAuthService.ts(431,11): error TS1005: ':' expected.
src/services/simpleAuthService.ts(431,71): error TS1005: ',' expected.
src/services/simpleAuthService.ts(432,11): error TS1005: ':' expected.
src/services/simpleAuthService.ts(432,46): error TS1005: ',' expected.
src/services/simpleAuthService.ts(433,11): error TS1005: ':' expected.
src/services/simpleAuthService.ts(433,74): error TS1005: ',' expected.
src/services/simpleAuthService.ts(435,11): error TS1005: ',' expected.
src/services/simpleAuthService.ts(435,72): error TS1005: ',' expected.
src/services/simpleAuthService.ts(436,11): error TS1005: ',' expected.
src/services/simpleAuthService.ts(436,57): error TS1005: ',' expected.
src/services/simpleAuthService.ts(437,11): error TS1005: ',' expected.
src/services/simpleAuthService.ts(437,78): error TS1005: ',' expected.
src/services/simpleAuthService.ts(440,15): error TS1005: '{' expected.
src/services/simpleAuthService.ts(440,18): error TS1136: Property assignment expected.
src/services/simpleAuthService.ts(452,9): error TS1005: 'try' expected.
src/services/simpleAuthService.ts(463,3): error TS1128: Declaration or statement expected.
src/services/simpleAuthService.ts(506,9): error TS1005: ';' expected.
src/services/simpleAuthService.ts(517,3): error TS1434: Unexpected keyword or identifier.
src/services/simpleAuthService.ts(517,28): error TS1005: ',' expected.
src/services/simpleAuthService.ts(517,43): error TS1005: ',' expected.
src/services/simpleAuthService.ts(517,64): error TS1005: ',' expected.
src/services/simpleAuthService.ts(517,73): error TS1005: ';' expected.
src/services/simpleAuthService.ts(518,9): error TS1005: ':' expected.
src/services/simpleAuthService.ts(520,11): error TS1003: Identifier expected.
src/services/simpleAuthService.ts(520,18): error TS1005: ',' expected.
src/services/simpleAuthService.ts(520,43): error TS1005: ',' expected.
src/services/simpleAuthService.ts(520,45): error TS1136: Property assignment expected.
src/services/simpleAuthService.ts(563,9): error TS1005: ';' expected.
src/services/simpleAuthService.ts(574,29): error TS1005: ',' expected.
src/services/simpleAuthService.ts(574,58): error TS1109: Expression expected.
src/services/simpleAuthService.ts(574,59): error TS1005: ';' expected.
src/services/simpleAuthService.ts(575,11): error TS1005: ':' expected.
src/services/simpleAuthService.ts(575,71): error TS1005: ',' expected.
src/services/simpleAuthService.ts(576,11): error TS1005: ':' expected.
src/services/simpleAuthService.ts(576,46): error TS1005: ',' expected.
src/services/simpleAuthService.ts(577,11): error TS1005: ':' expected.
src/services/simpleAuthService.ts(577,74): error TS1005: ',' expected.
src/services/simpleAuthService.ts(579,11): error TS1005: ',' expected.
src/services/simpleAuthService.ts(579,72): error TS1005: ',' expected.
src/services/simpleAuthService.ts(580,11): error TS1005: ',' expected.
src/services/simpleAuthService.ts(580,57): error TS1005: ',' expected.
src/services/simpleAuthService.ts(581,11): error TS1005: ',' expected.
src/services/simpleAuthService.ts(581,78): error TS1005: ',' expected.
src/services/simpleAuthService.ts(584,15): error TS1005: '{' expected.
src/services/simpleAuthService.ts(584,18): error TS1136: Property assignment expected.
src/services/simpleAuthService.ts(595,34): error TS1005: '}' expected.
src/services/tetherSyncService.ts(1,181): error TS1005: 'as' expected.
src/services/tetherSyncService.ts(1,186): error TS1005: 'from' expected.
src/services/tetherSyncService.ts(1,206): error TS1005: ';' expected.
src/services/tetherSyncService.ts(1,240): error TS1005: 'from' expected.
src/services/tetherSyncService.ts(1,247): error TS1005: ';' expected.
src/services/tetherSyncService.ts(1,273): error TS1109: Expression expected.
src/services/tetherSyncService.ts(1,283): error TS1005: 'as' expected.
src/services/tetherSyncService.ts(1,288): error TS1005: 'from' expected.
src/services/tetherSyncService.ts(1,312): error TS1005: ';' expected.
src/services/tetherSyncService.ts(1,342): error TS1131: Property or signature expected.
src/services/tetherSyncService.ts(1,355): error TS1005: ';' expected.
src/services/tetherSyncService.ts(1,378): error TS1005: ';' expected.
src/services/tetherSyncService.ts(1,400): error TS1005: ';' expected.
src/services/tetherSyncService.ts(1,495): error TS1005: ';' expected.
src/services/tetherSyncService.ts(1,497): error TS1434: Unexpected keyword or identifier.
src/services/tetherSyncService.ts(1,519): error TS1109: Expression expected.
src/services/therapeuticAIService.ts(1,114): error TS1005: 'as' expected.
src/services/therapeuticAIService.ts(1,119): error TS1005: 'from' expected.
src/services/therapeuticAIService.ts(1,145): error TS1005: ';' expected.
src/services/therapeuticAIService.ts(1,180): error TS1005: 'from' expected.
src/services/therapeuticAIService.ts(1,187): error TS1005: ';' expected.
src/services/therapeuticAIService.ts(1,214): error TS1109: Expression expected.
src/services/therapeuticAIService.ts(1,237): error TS1131: Property or signature expected.
src/services/therapeuticAIService.ts(1,257): error TS1005: ';' expected.
src/services/therapeuticAIService.ts(1,278): error TS1005: ';' expected.
src/services/therapeuticAIService.ts(1,362): error TS1109: Expression expected.
src/services/therapeuticAIService.ts(1,371): error TS1011: An element access expression should take an argument.
src/services/therapeuticAIService.ts(1,374): error TS1005: ';' expected.
src/services/therapeuticAIService.ts(1,384): error TS1109: Expression expected.
src/services/therapeuticAIService.ts(1,393): error TS1011: An element access expression should take an argument.
src/services/therapeuticAIService.ts(1,396): error TS1005: ';' expected.
src/services/therapeuticAIService.ts(1,405): error TS1109: Expression expected.
src/services/therapeuticAIService.ts(1,416): error TS1005: ';' expected.
src/services/therapeuticAIService.ts(1,432): error TS1109: Expression expected.
src/services/therapeuticAIService.ts(1,443): error TS1005: ';' expected.
src/services/therapeuticAIService.ts(1,455): error TS1109: Expression expected.
src/services/therapeuticAIService.ts(1,464): error TS1128: Declaration or statement expected.
src/services/therapeuticAIService.ts(1,465): error TS1128: Declaration or statement expected.
src/services/therapeuticAIService.ts(1,497): error TS1131: Property or signature expected.
src/services/therapeuticAIService.ts(1,527): error TS1005: ';' expected.
src/services/therapeuticAIService.ts(1,563): error TS1005: ';' expected.
src/services/therapeuticAIService.ts(1,594): error TS1005: ';' expected.
src/services/therapeuticAIService.ts(1,613): error TS1005: ';' expected.
src/services/therapeuticAIService.ts(1,615): error TS1434: Unexpected keyword or identifier.
src/services/therapeuticAIService.ts(1,635): error TS1109: Expression expected.
src/services/therapeuticAIService.ts(1,645): error TS1128: Declaration or statement expected.
src/services/therapeuticAIService.ts(1,693): error TS1005: ';' expected.
src/services/therapeuticAIService.ts(1,718): error TS1005: ';' expected.
src/services/therapeuticAIService.ts(1,753): error TS1005: ';' expected.
src/services/therapeuticAIService.ts(1,762): error TS1011: An element access expression should take an argument.
src/services/therapeuticAIService.ts(1,766): error TS1128: Declaration or statement expected.
src/services/therapeuticAIService.ts(1,786): error TS1109: Expression expected.
src/services/therapeuticAIService.ts(1,795): error TS1011: An element access expression should take an argument.
src/services/therapeuticAIService.ts(1,796): error TS1128: Declaration or statement expected.
src/services/therapeuticAIService.ts(1,797): error TS1128: Declaration or statement expected.
src/services/therapeuticAIService.ts(1,934): error TS1128: Declaration or statement expected.
src/services/therapeuticAIService.ts(1,937): error TS1128: Declaration or statement expected.
src/services/therapeuticAIService.ts(1,970): error TS1005: ';' expected.
src/services/therapeuticAIService.ts(1,1017): error TS1005: ';' expected.
src/services/therapeuticAIService.ts(1,1061): error TS1011: An element access expression should take an argument.
src/services/therapeuticAIService.ts(1,1065): error TS1011: An element access expression should take an argument.
src/services/therapeuticAIService.ts(1,1070): error TS1005: ';' expected.
src/services/therapeuticAIService.ts(1,1124): error TS1005: ';' expected.
src/services/therapeuticAIService.ts(1,1142): error TS1005: ';' expected.
src/services/therapeuticAIService.ts(1,1146): error TS1434: Unexpected keyword or identifier.
src/services/therapeuticAIService.ts(1,1156): error TS1434: Unexpected keyword or identifier.
src/services/therapeuticAIService.ts(1,1165): error TS1434: Unexpected keyword or identifier.
src/services/therapeuticAIService.ts(1,1173): error TS1434: Unexpected keyword or identifier.
src/services/therapeuticAIService.ts(1,1202): error TS1005: ';' expected.
src/services/therapeuticAIService.ts(1,1219): error TS1005: ';' expected.
src/services/therapeuticAIService.ts(1,1229): error TS1434: Unexpected keyword or identifier.
src/services/therapeuticAIService.ts(1,1266): error TS1005: ';' expected.
src/services/therapeuticAIService.ts(1,1270): error TS1005: ';' expected.
src/services/therapeuticAIService.ts(1,1322): error TS1005: ';' expected.
src/services/therapeuticAIService.ts(1,1330): error TS1128: Declaration or statement expected.
src/services/therapeuticAIService.ts(1,1355): error TS1005: ';' expected.
src/services/therapeuticAIService.ts(1,1388): error TS1005: ';' expected.
src/services/therapeuticAIService.ts(1,1407): error TS1005: ';' expected.
src/services/therapeuticAIService.ts(1,1417): error TS1434: Unexpected keyword or identifier.
src/services/therapeuticAIService.ts(1,1426): error TS1435: Unknown keyword or identifier. Did you mean 'with out'?
src/services/therapeuticAIService.ts(1,1434): error TS1434: Unexpected keyword or identifier.
src/services/therapeuticAIService.ts(1,1463): error TS1005: ';' expected.
src/services/therapeuticAIService.ts(1,1541): error TS1005: ';' expected.
src/services/therapeuticAIService.ts(1,1556): error TS1005: ';' expected.
src/services/therapeuticAIService.ts(1,1572): error TS1005: ';' expected.
src/services/therapeuticAIService.ts(1,1583): error TS1005: ';' expected.
src/services/therapeuticAIService.ts(1,1615): error TS1005: ';' expected.
src/services/therapeuticAIService.ts(1,1654): error TS1005: ';' expected.
src/services/therapeuticAIService.ts(1,1722): error TS1005: ';' expected.
src/services/therapeuticAIService.ts(1,1738): error TS1005: ';' expected.
src/services/therapeuticAIService.ts(1,1765): error TS1005: ';' expected.
src/services/therapeuticAIService.ts(1,1769): error TS1005: ';' expected.
src/services/therapeuticAIService.ts(1,1831): error TS1005: ';' expected.
src/services/therapeuticAIService.ts(1,1836): error TS1434: Unexpected keyword or identifier.
src/services/therapeuticAIService.ts(1,1843): error TS1128: Declaration or statement expected.
src/services/therapeuticAIService.ts(1,1868): error TS1005: ';' expected.
src/services/therapeuticAIService.ts(1,1884): error TS1005: ';' expected.
src/services/therapeuticAIService.ts(1,1905): error TS1005: ';' expected.
src/services/therapeuticAIService.ts(1,1971): error TS1005: ';' expected.
src/services/therapeuticAIService.ts(1,1976): error TS1434: Unexpected keyword or identifier.
src/services/therapeuticAIService.ts(1,1981): error TS1434: Unexpected keyword or identifier.
src/services/therapeuticAIService.ts(1,2000): error TS1005: ';' expected.
src/services/therapeuticAIService.ts(1,2003): error TS1434: Unexpected keyword or identifier.
src/services/therapeuticAIService.ts(1,2012): error TS1434: Unexpected keyword or identifier.
src/services/therapeuticAIService.ts(1,2038): error TS1005: ';' expected.
src/services/therapeuticAIService.ts(1,2042): error TS1005: ';' expected.
src/services/therapeuticAIService.ts(1,2098): error TS1005: ';' expected.
src/services/therapeuticAIService.ts(1,2102): error TS1128: Declaration or statement expected.
src/services/therapeuticAIService.ts(1,2127): error TS1005: ';' expected.
src/services/therapeuticAIService.ts(1,2143): error TS1005: ';' expected.
src/services/therapeuticAIService.ts(1,2164): error TS1005: ';' expected.
src/services/therapeuticAIService.ts(1,2238): error TS1005: ';' expected.
src/services/therapeuticAIService.ts(1,2248): error TS1005: ';' expected.
src/services/therapeuticAIService.ts(1,2253): error TS1434: Unexpected keyword or identifier.
src/services/therapeuticAIService.ts(1,2286): error TS1005: ';' expected.
src/services/therapeuticAIService.ts(1,2290): error TS1005: ';' expected.
src/services/therapeuticAIService.ts(1,2340): error TS1005: ';' expected.
src/services/therapeuticAIService.ts(1,2347): error TS1128: Declaration or statement expected.
src/services/therapeuticAIService.ts(1,2467): error TS1005: ';' expected.
src/services/therapeuticAIService.ts(1,2473): error TS1434: Unexpected keyword or identifier.
src/services/therapeuticAIService.ts(1,2513): error TS1005: ';' expected.
src/services/therapeuticAIService.ts(1,2514): error TS1128: Declaration or statement expected.
src/services/therapeuticAIService.ts(1,2596): error TS1005: ';' expected.
src/services/therapeuticAIService.ts(1,2604): error TS1434: Unexpected keyword or identifier.
src/services/therapeuticAIService.ts(1,2643): error TS1005: ';' expected.
src/services/therapeuticAIService.ts(1,2649): error TS1434: Unexpected keyword or identifier.
src/services/therapeuticAIService.ts(1,2681): error TS1005: ';' expected.
src/services/therapeuticAIService.ts(1,2685): error TS1005: ';' expected.
src/services/therapeuticAIService.ts(1,2692): error TS1434: Unexpected keyword or identifier.
src/services/therapeuticAIService.ts(1,2705): error TS1005: ';' expected.
src/services/therapeuticAIService.ts(1,2716): error TS1005: ';' expected.
src/services/therapeuticAIService.ts(1,2723): error TS1434: Unexpected keyword or identifier.
src/services/therapeuticAIService.ts(1,2774): error TS1005: ';' expected.
src/services/therapeuticAIService.ts(1,2777): error TS1128: Declaration or statement expected.
src/services/therapeuticAIService.ts(1,2882): error TS1005: ';' expected.
src/services/therapeuticAIService.ts(1,2903): error TS1005: ';' expected.
src/services/therapeuticAIService.ts(1,2905): error TS1434: Unexpected keyword or identifier.
src/services/therapeuticAIService.ts(1,2926): error TS1109: Expression expected.
src/services/therapeuticAIService.ts(1,2936): error TS1005: ';' expected.
src/services/therapeuticAIService.ts(1,2937): error TS1128: Declaration or statement expected.
src/services/therapeuticAIService.ts(1,2958): error TS1128: Declaration or statement expected.
src/services/webSocketService.ts(249,3): error TS1128: Declaration or statement expected.
src/services/webSocketService.ts(526,12): error TS1005: ',' expected.
src/services/webSocketService.ts(526,37): error TS1005: ',' expected.
src/services/webSocketService.ts(526,62): error TS1109: Expression expected.
src/services/webSocketService.ts(526,63): error TS1005: ';' expected.
src/services/webSocketService.ts(527,11): error TS1005: ':' expected.
src/services/webSocketService.ts(527,51): error TS1005: ',' expected.
src/services/webSocketService.ts(533,13): error TS1005: ',' expected.
src/services/webSocketService.ts(533,38): error TS1005: ',' expected.
src/services/webSocketService.ts(533,63): error TS1109: Expression expected.
src/services/webSocketService.ts(533,64): error TS1005: ';' expected.
src/services/webSocketService.ts(534,11): error TS1005: ':' expected.
src/services/webSocketService.ts(537,6): error TS1005: ',' expected.
src/services/webSocketService.ts(539,12): error TS1005: ':' expected.
src/services/webSocketService.ts(539,42): error TS1005: ',' expected.
src/services/webSocketService.ts(542,3): error TS1128: Declaration or statement expected.
src/services/webSocketService.ts(572,30): error TS1005: ',' expected.
src/services/webSocketService.ts(572,60): error TS1109: Expression expected.
src/services/webSocketService.ts(572,62): error TS1005: ';' expected.
src/services/webSocketService.ts(583,16): error TS1005: ';' expected.
src/services/webSocketService.ts(583,18): error TS1434: Unexpected keyword or identifier.
src/services/webSocketService.ts(591,16): error TS1005: ';' expected.
src/services/webSocketService.ts(600,18): error TS1005: ',' expected.
src/services/webSocketService.ts(600,28): error TS1005: ';' expected.
src/services/webSocketService.ts(605,19): error TS1005: ',' expected.
src/services/webSocketService.ts(605,29): error TS1005: ';' expected.
src/services/webSocketService.ts(619,22): error TS1005: ',' expected.
src/services/webSocketService.ts(619,32): error TS1005: ';' expected.
src/services/webSocketService.ts(623,23): error TS1005: ',' expected.
src/services/webSocketService.ts(623,33): error TS1005: ';' expected.
src/services/webSocketService.ts(627,25): error TS1005: ',' expected.
src/services/webSocketService.ts(627,42): error TS1005: ',' expected.
src/services/webSocketService.ts(627,61): error TS1109: Expression expected.
src/services/webSocketService.ts(627,68): error TS1005: ';' expected.
src/services/webSocketService.ts(637,34): error TS1005: ',' expected.
src/services/webSocketService.ts(637,44): error TS1005: ';' expected.
src/services/webSocketService.ts(641,38): error TS1005: ',' expected.
src/services/webSocketService.ts(641,48): error TS1005: ';' expected.
src/services/webSocketService.ts(646,24): error TS1005: ',' expected.
src/services/webSocketService.ts(646,66): error TS1005: ';' expected.
src/services/webSocketService.ts(651,21): error TS1005: ',' expected.
src/services/webSocketService.ts(651,31): error TS1005: ';' expected.
src/services/webSocketService.ts(655,20): error TS1005: ',' expected.
src/services/webSocketService.ts(655,30): error TS1005: ';' expected.
src/services/webSocketService.ts(659,24): error TS1005: ',' expected.
src/services/webSocketService.ts(659,33): error TS1005: ';' expected.
src/services/webSocketService.ts(659,42): error TS1011: An element access expression should take an argument.
src/services/webSocketService.ts(659,44): error TS1005: ';' expected.
src/services/webSocketService.ts(665,25): error TS1005: ',' expected.
src/services/webSocketService.ts(665,34): error TS1005: ';' expected.
src/services/webSocketService.ts(665,61): error TS1005: ';' expected.
src/services/webSocketService.ts(670,25): error TS1005: ',' expected.
src/services/webSocketService.ts(670,43): error TS1005: ',' expected.
src/services/webSocketService.ts(670,85): error TS1005: ';' expected.
src/services/webSocketService.ts(679,28): error TS1005: ',' expected.
src/services/webSocketService.ts(679,64): error TS1005: ';' expected.
src/services/webSocketService.ts(684,33): error TS1005: ',' expected.
src/services/webSocketService.ts(684,43): error TS1005: ';' expected.
src/services/webSocketService.ts(700,17): error TS1005: ';' expected.
src/services/webSocketService.ts(731,27): error TS1005: ';' expected.
src/services/webSocketService.ts(794,1): error TS1005: '}' expected.
src/services/wellnessTrackingService.ts(1,19192): error TS1005: '}' expected.
src/setupTests.ts(431,4): error TS1005: ';' expected.
src/setupTests.ts(604,2): error TS1128: Declaration or statement expected.
src/setupTests.ts(762,17): error TS1005: ';' expected.
src/setupTests.ts(770,4): error TS1005: ';' expected.
src/setupTests.ts(770,6): error TS1109: Expression expected.
src/setupTests.ts(789,17): error TS1005: ';' expected.
src/setupTests.ts(797,4): error TS1005: ';' expected.
src/setupTests.ts(797,6): error TS1109: Expression expected.
src/setupTests.ts(1321,49): error TS1005: '}' expected.
src/stores/dilemmaStore.ts(352,67): error TS1005: ';' expected.
src/stores/dilemmaStore.ts(355,67): error TS1005: ';' expected.
src/stores/dilemmaStore.ts(358,67): error TS1005: ';' expected.
src/stores/dilemmaStore.ts(361,67): error TS1005: ';' expected.
src/stores/dilemmaStore.ts(383,71): error TS1005: ';' expected.
src/stores/dilemmaStore.ts(393,71): error TS1005: ';' expected.
src/stores/dilemmaStore.ts(405,71): error TS1005: ';' expected.
src/stores/dilemmaStore.ts(428,71): error TS1005: ';' expected.
src/stores/dilemmaStore.ts(436,71): error TS1005: ';' expected.
src/stores/dilemmaStore.ts(467,2): error TS1005: ',' expected.
src/stores/globalStore.ts(79,90): error TS1005: ';' expected.
src/stores/globalStore.ts(79,91): error TS1002: Unterminated string literal.
src/stores/globalStore.ts(92,47): error TS1005: ';' expected.
src/stores/globalStore.ts(92,49): error TS1002: Unterminated string literal.
src/stores/globalStore.ts(163,63): error TS1005: ',' expected.
src/stores/globalStore.ts(163,66): error TS1002: Unterminated string literal.
src/stores/globalStore.ts(236,59): error TS1005: ',' expected.
src/stores/globalStore.ts(236,62): error TS1002: Unterminated string literal.
src/stores/globalStore.ts(275,68): error TS1005: ',' expected.
src/stores/globalStore.ts(276,8): error TS1005: ',' expected.
src/stores/globalStore.ts(291,32): error TS1005: ',' expected.
src/stores/globalStore.ts(291,38): error TS1005: ',' expected.
src/stores/globalStore.ts(292,9): error TS1005: ',' expected.
src/stores/globalStore.ts(293,7): error TS1005: ',' expected.
src/stores/globalStore.ts(305,37): error TS1005: ',' expected.
src/stores/globalStore.ts(305,39): error TS1002: Unterminated string literal.
src/stores/globalStore.ts(306,7): error TS1005: ':' expected.
src/stores/globalStore.ts(306,17): error TS1005: ',' expected.
src/stores/globalStore.ts(306,19): error TS1136: Property assignment expected.
src/stores/globalStore.ts(306,27): error TS1005: ',' expected.
src/stores/globalStore.ts(312,5): error TS1128: Declaration or statement expected.
src/stores/globalStore.ts(313,3): error TS1128: Declaration or statement expected.
src/stores/globalStore.ts(314,1): error TS1128: Declaration or statement expected.
src/stores/globalStore.ts(345,42): error TS1005: ',' expected.
src/stores/globalStore.ts(345,45): error TS1002: Unterminated string literal.
src/stores/globalStore.ts(370,54): error TS1002: Unterminated string literal.
src/stores/globalStore.ts(380,41): error TS1005: ',' expected.
src/stores/globalStore.ts(380,43): error TS1002: Unterminated string literal.
src/stores/globalStore.ts(387,44): error TS1005: ',' expected.
src/stores/globalStore.ts(389,6): error TS1005: ',' expected.
src/stores/globalStore.ts(390,3): error TS1128: Declaration or statement expected.
src/stores/globalStore.ts(391,1): error TS1128: Declaration or statement expected.
src/stores/globalStore.ts(393,30): error TS1005: ';' expected.
src/stores/globalStore.ts(393,31): error TS1002: Unterminated string literal.
src/stores/reflectionStore.ts(40,10): error TS1128: Declaration or statement expected.
src/stores/sessionStore.test.ts(17,40): error TS1005: ';' expected.
src/stores/storeEnhancements.ts(383,17): error TS1005: ';' expected.
src/stores/storeEnhancements.ts(384,9): error TS1005: ':' expected.
src/stores/storeEnhancements.ts(384,25): error TS1005: ',' expected.
src/stores/storeEnhancements.ts(391,1): error TS1068: Unexpected token. A constructor, method, accessor, or property was expected.
src/stores/storeEnhancements.ts(409,67): error TS1005: '}' expected.
src/stores/tetherStore.ts(51,1): error TS1131: Property or signature expected.
src/stores/wellnessStoreEnhanced.ts(212,18): error TS1005: ';' expected.
src/stores/wellnessStoreEnhanced.ts(226,9): error TS1128: Declaration or statement expected.
src/stores/wellnessStoreEnhanced.ts(338,16): error TS1128: Declaration or statement expected.
src/stores/wellnessStoreEnhanced.ts(555,3): error TS1005: ',' expected.
src/sw-enhanced.ts(401,6): error TS1005: ';' expected.
src/test-utils.tsx(148,40): error TS1005: ';' expected.
src/test-utils.tsx(152,4): error TS1472: 'catch' or 'finally' expected.
src/test-utils.tsx(421,3): error TS1005: '}' expected.
src/test-utils/performanceMocks.ts(346,5): error TS1005: '}' expected.
src/test-utils/testHelpers.tsx(267,3): error TS1005: '}' expected.
src/test-utils/testUtils.tsx(485,3): error TS1005: '}' expected.
src/test-utils/timerSetup.ts(165,5): error TS1005: '}' expected.
src/tests/integration.test.ts(1,120): error TS1005: 'from' expected.
src/tests/integration.test.ts(1,127): error TS1005: ';' expected.
src/tests/integration.test.ts(1,160): error TS1109: Expression expected.
src/tests/integration.test.ts(1,189): error TS1005: 'from' expected.
src/tests/integration.test.ts(1,196): error TS1005: ';' expected.
src/tests/integration.test.ts(1,229): error TS1109: Expression expected.
src/tests/integration.test.ts(1,261): error TS1005: 'from' expected.
src/tests/integration.test.ts(1,268): error TS1005: ';' expected.
src/tests/integration.test.ts(1,304): error TS1109: Expression expected.
src/tests/integration.test.ts(1,329): error TS1005: 'from' expected.
src/tests/integration.test.ts(1,336): error TS1005: ';' expected.
src/types.ts(385,1): error TS1131: Property or signature expected.
src/types.ts(448,1): error TS1131: Property or signature expected.
src/types/auth.types.ts(115,2): error TS1109: Expression expected.
src/types/auth.types.ts(115,19): error TS1005: ';' expected.
src/types/auth.types.ts(116,16): error TS1005: ';' expected.
src/types/auth.types.ts(116,33): error TS1005: '=' expected.
src/types/auth.types.ts(116,37): error TS1005: ';' expected.
src/types/auth.types.ts(116,52): error TS1434: Unexpected keyword or identifier.
src/types/auth.types.ts(116,59): error TS1434: Unexpected keyword or identifier.
src/types/auth.types.ts(117,3): error TS1161: Unterminated regular expression literal.
src/utils/__tests__/mobilePerformanceOptimizer.test.ts(1,219): error TS1005: 'from' expected.
src/utils/__tests__/mobilePerformanceOptimizer.test.ts(1,226): error TS1005: ';' expected.
src/utils/__tests__/mobilePerformanceOptimizer.test.ts(1,270): error TS1005: ';' expected.
src/utils/__tests__/mobilePerformanceOptimizer.test.ts(1,320): error TS1005: ';' expected.
src/utils/__tests__/mobilePerformanceOptimizer.test.ts(1,364): error TS1005: ';' expected.
src/utils/__tests__/mobilePerformanceOptimizer.test.ts(1,371): error TS1434: Unexpected keyword or identifier.
src/utils/__tests__/mobilePerformanceOptimizer.test.ts(1,378): error TS1434: Unexpected keyword or identifier.
src/utils/__tests__/mobilePerformanceOptimizer.test.ts(1,385): error TS1434: Unexpected keyword or identifier.
src/utils/__tests__/mobilePerformanceOptimizer.test.ts(1,586): error TS1005: ';' expected.
src/utils/__tests__/mobilePerformanceOptimizer.test.ts(1,647): error TS1005: ';' expected.
src/utils/__tests__/mobilePerformanceOptimizer.test.ts(1,710): error TS1005: ';' expected.
src/utils/__tests__/mobilePerformanceOptimizer.test.ts(1,769): error TS1005: ';' expected.
src/utils/__tests__/mobilePerformanceOptimizer.test.ts(1,807): error TS1005: ';' expected.
src/utils/__tests__/mobilePerformanceOptimizer.test.ts(1,826): error TS1005: ';' expected.
src/utils/__tests__/mobilePerformanceOptimizer.test.ts(1,846): error TS1005: ';' expected.
src/utils/__tests__/mobilePerformanceOptimizer.test.ts(1,1050): error TS1005: ';' expected.
src/utils/__tests__/mobilePerformanceOptimizer.test.ts(1,1094): error TS1005: ';' expected.
src/utils/__tests__/mobilePerformanceOptimizer.test.ts(1,1101): error TS1434: Unexpected keyword or identifier.
src/utils/__tests__/mobilePerformanceOptimizer.test.ts(1,1105): error TS1434: Unexpected keyword or identifier.
src/utils/__tests__/mobilePerformanceOptimizer.test.ts(1,1113): error TS1434: Unexpected keyword or identifier.
src/utils/__tests__/mobilePerformanceOptimizer.test.ts(1,1296): error TS1005: ';' expected.
src/utils/__tests__/mobilePerformanceOptimizer.test.ts(1,1343): error TS1005: ';' expected.
src/utils/__tests__/mobilePerformanceOptimizer.test.ts(1,1398): error TS1005: ';' expected.
src/utils/__tests__/mobilePerformanceOptimizer.test.ts(1,1453): error TS1005: ';' expected.
src/utils/__tests__/mobilePerformanceOptimizer.test.ts(1,1512): error TS1005: ';' expected.
src/utils/__tests__/mobilePerformanceOptimizer.test.ts(1,1561): error TS1005: ';' expected.
src/utils/__tests__/mobilePerformanceOptimizer.test.ts(1,1607): error TS1005: ';' expected.
src/utils/__tests__/mobilePerformanceOptimizer.test.ts(1,1614): error TS1434: Unexpected keyword or identifier.
src/utils/__tests__/mobilePerformanceOptimizer.test.ts(1,1619): error TS1005: 'export' expected.
src/utils/__tests__/mobilePerformanceOptimizer.test.ts(1,1627): error TS1434: Unexpected keyword or identifier.
src/utils/__tests__/mobilePerformanceOptimizer.test.ts(1,1641): error TS1005: '(' expected.
src/utils/__tests__/mobilePerformanceOptimizer.test.ts(1,1648): error TS1005: ')' expected.
src/utils/__tests__/mobilePerformanceOptimizer.test.ts(1,1657): error TS1434: Unexpected keyword or identifier.
src/utils/__tests__/mobilePerformanceOptimizer.test.ts(1,1984): error TS1005: ';' expected.
src/utils/__tests__/mobilePerformanceOptimizer.test.ts(1,1991): error TS1434: Unexpected keyword or identifier.
src/utils/__tests__/mobilePerformanceOptimizer.test.ts(1,1998): error TS1434: Unexpected keyword or identifier.
src/utils/__tests__/mobilePerformanceOptimizer.test.ts(1,2007): error TS1434: Unexpected keyword or identifier.
src/utils/__tests__/mobilePerformanceOptimizer.test.ts(1,2013): error TS1434: Unexpected keyword or identifier.
src/utils/__tests__/mobilePerformanceOptimizer.test.ts(1,2016): error TS1434: Unexpected keyword or identifier.
src/utils/__tests__/mobilePerformanceOptimizer.test.ts(1,2478): error TS1005: ';' expected.
src/utils/__tests__/mobilePerformanceOptimizer.test.ts(1,2530): error TS1005: ';' expected.
src/utils/__tests__/mobilePerformanceOptimizer.test.ts(1,2735): error TS1005: ';' expected.
src/utils/__tests__/mobilePerformanceOptimizer.test.ts(1,2742): error TS1434: Unexpected keyword or identifier.
src/utils/__tests__/mobilePerformanceOptimizer.test.ts(1,2749): error TS1434: Unexpected keyword or identifier.
src/utils/__tests__/mobilePerformanceOptimizer.test.ts(1,2759): error TS1434: Unexpected keyword or identifier.
src/utils/__tests__/mobilePerformanceOptimizer.test.ts(1,2762): error TS1434: Unexpected keyword or identifier.
src/utils/__tests__/mobilePerformanceOptimizer.test.ts(1,2771): error TS1434: Unexpected keyword or identifier.
src/utils/__tests__/mobilePerformanceOptimizer.test.ts(1,3274): error TS1005: ';' expected.
src/utils/__tests__/mobilePerformanceOptimizer.test.ts(1,3316): error TS1005: ';' expected.
src/utils/__tests__/mobilePerformanceOptimizer.test.ts(1,3323): error TS1434: Unexpected keyword or identifier.
src/utils/__tests__/mobilePerformanceOptimizer.test.ts(1,3332): error TS1434: Unexpected keyword or identifier.
src/utils/__tests__/mobilePerformanceOptimizer.test.ts(1,3339): error TS1434: Unexpected keyword or identifier.
src/utils/__tests__/mobilePerformanceOptimizer.test.ts(1,3414): error TS1005: ';' expected.
src/utils/__tests__/mobilePerformanceOptimizer.test.ts(1,3492): error TS1005: ';' expected.
src/utils/__tests__/mobilePerformanceOptimizer.test.ts(1,3506): error TS1005: ';' expected.
src/utils/__tests__/mobilePerformanceOptimizer.test.ts(1,3578): error TS1005: ';' expected.
src/utils/__tests__/mobilePerformanceOptimizer.test.ts(1,3589): error TS1005: ';' expected.
src/utils/__tests__/mobilePerformanceOptimizer.test.ts(1,3661): error TS1005: ';' expected.
src/utils/__tests__/mobilePerformanceOptimizer.test.ts(1,3679): error TS1005: ';' expected.
src/utils/__tests__/mobilePerformanceOptimizer.test.ts(1,3751): error TS1005: ';' expected.
src/utils/__tests__/mobilePerformanceOptimizer.test.ts(1,3767): error TS1005: ';' expected.
src/utils/__tests__/mobilePerformanceOptimizer.test.ts(1,3845): error TS1005: ';' expected.
src/utils/__tests__/mobilePerformanceOptimizer.test.ts(1,3925): error TS1005: ';' expected.
src/utils/__tests__/mobilePerformanceOptimizer.test.ts(1,3969): error TS1005: ';' expected.
src/utils/__tests__/mobilePerformanceOptimizer.test.ts(1,3976): error TS1434: Unexpected keyword or identifier.
src/utils/__tests__/mobilePerformanceOptimizer.test.ts(1,3984): error TS1434: Unexpected keyword or identifier.
src/utils/__tests__/mobilePerformanceOptimizer.test.ts(1,3994): error TS1434: Unexpected keyword or identifier.
src/utils/__tests__/mobilePerformanceOptimizer.test.ts(1,4000): error TS1434: Unexpected keyword or identifier.
src/utils/__tests__/mobilePerformanceOptimizer.test.ts(1,4012): error TS1005: '(' expected.
src/utils/__tests__/mobilePerformanceOptimizer.test.ts(1,4019): error TS1005: ';' expected.
src/utils/__tests__/mobilePerformanceOptimizer.test.ts(1,4028): error TS1005: ';' expected.
src/utils/__tests__/mobilePerformanceOptimizer.test.ts(1,4109): error TS1005: ')' expected.
src/utils/__tests__/mobilePerformanceOptimizer.test.ts(1,4152): error TS1005: ';' expected.
src/utils/__tests__/mobilePerformanceOptimizer.test.ts(1,4163): error TS1005: ';' expected.
src/utils/__tests__/mobilePerformanceOptimizer.test.ts(1,4202): error TS1005: ';' expected.
src/utils/__tests__/mobilePerformanceOptimizer.test.ts(1,4249): error TS1005: ';' expected.
src/utils/__tests__/mobilePerformanceOptimizer.test.ts(1,4276): error TS1005: ';' expected.
src/utils/__tests__/mobilePerformanceOptimizer.test.ts(1,4283): error TS1434: Unexpected keyword or identifier.
src/utils/__tests__/mobilePerformanceOptimizer.test.ts(1,4290): error TS1434: Unexpected keyword or identifier.
src/utils/__tests__/mobilePerformanceOptimizer.test.ts(1,4298): error TS1434: Unexpected keyword or identifier.
src/utils/__tests__/mobilePerformanceOptimizer.test.ts(1,4305): error TS1434: Unexpected keyword or identifier.
src/utils/__tests__/mobilePerformanceOptimizer.test.ts(1,4319): error TS1005: '(' expected.
src/utils/__tests__/mobilePerformanceOptimizer.test.ts(1,4326): error TS1005: ';' expected.
src/utils/__tests__/mobilePerformanceOptimizer.test.ts(1,4335): error TS1005: ';' expected.
src/utils/__tests__/mobilePerformanceOptimizer.test.ts(1,4420): error TS1005: ')' expected.
src/utils/__tests__/mobilePerformanceOptimizer.test.ts(1,4463): error TS1005: ';' expected.
src/utils/__tests__/mobilePerformanceOptimizer.test.ts(1,4495): error TS1005: ';' expected.
src/utils/__tests__/mobilePerformanceOptimizer.test.ts(1,4581): error TS1128: Declaration or statement expected.
src/utils/__tests__/mobilePerformanceOptimizer.test.ts(1,4610): error TS1128: Declaration or statement expected.
src/utils/__tests__/mobilePerformanceOptimizer.test.ts(1,4611): error TS1128: Declaration or statement expected.
src/utils/__tests__/mobilePerformanceOptimizer.test.ts(1,4672): error TS1005: ';' expected.
src/utils/__tests__/mobilePerformanceOptimizer.test.ts(1,4835): error TS1005: ',' expected.
src/utils/__tests__/mobilePerformanceOptimizer.test.ts(1,4837): error TS1005: ',' expected.
src/utils/__tests__/mobilePerformanceOptimizer.test.ts(1,4859): error TS1005: ':' expected.
src/utils/__tests__/mobilePerformanceOptimizer.test.ts(1,4874): error TS1005: ':' expected.
src/utils/__tests__/mobilePerformanceOptimizer.test.ts(1,4896): error TS1005: ',' expected.
src/utils/__tests__/mobilePerformanceOptimizer.test.ts(1,4905): error TS1005: ',' expected.
src/utils/__tests__/mobilePerformanceOptimizer.test.ts(1,4925): error TS1005: ':' expected.
src/utils/__tests__/mobilePerformanceOptimizer.test.ts(1,4932): error TS1005: ',' expected.
src/utils/__tests__/mobilePerformanceOptimizer.test.ts(1,4939): error TS1005: ',' expected.
src/utils/__tests__/mobilePerformanceOptimizer.test.ts(1,4946): error TS1005: ',' expected.
src/utils/__tests__/mobilePerformanceOptimizer.test.ts(1,4955): error TS1005: ',' expected.
src/utils/__tests__/mobilePerformanceOptimizer.test.ts(1,4960): error TS1005: ',' expected.
src/utils/__tests__/mobilePerformanceOptimizer.test.ts(1,4963): error TS1005: ',' expected.
src/utils/__tests__/mobilePerformanceOptimizer.test.ts(1,4968): error TS1005: ',' expected.
src/utils/__tests__/mobilePerformanceOptimizer.test.ts(1,4969): error TS1005: ':' expected.
src/utils/__tests__/mobilePerformanceOptimizer.test.ts(1,4969): error TS1351: An identifier or keyword cannot immediately follow a numeric literal.
src/utils/__tests__/mobilePerformanceOptimizer.test.ts(1,4971): error TS1005: ',' expected.
src/utils/__tests__/mobilePerformanceOptimizer.test.ts(1,4981): error TS1005: ',' expected.
src/utils/__tests__/mobilePerformanceOptimizer.test.ts(1,5403): error TS1005: ':' expected.
src/utils/__tests__/mobilePerformanceOptimizer.test.ts(1,5507): error TS1005: ':' expected.
src/utils/__tests__/mobilePerformanceOptimizer.test.ts(1,5517): error TS1005: ',' expected.
src/utils/__tests__/mobilePerformanceOptimizer.test.ts(1,5520): error TS1005: ':' expected.
src/utils/__tests__/mobilePerformanceOptimizer.test.ts(1,5695): error TS1005: ':' expected.
src/utils/__tests__/mobilePerformanceOptimizer.test.ts(1,5706): error TS1005: ':' expected.
src/utils/__tests__/mobilePerformanceOptimizer.test.ts(1,5713): error TS1005: ',' expected.
src/utils/__tests__/mobilePerformanceOptimizer.test.ts(1,5722): error TS1005: ',' expected.
src/utils/__tests__/mobilePerformanceOptimizer.test.ts(1,5726): error TS1005: ':' expected.
src/utils/__tests__/mobilePerformanceOptimizer.test.ts(1,5734): error TS1005: ',' expected.
src/utils/__tests__/mobilePerformanceOptimizer.test.ts(1,5741): error TS1005: ',' expected.
src/utils/__tests__/mobilePerformanceOptimizer.test.ts(1,6103): error TS1005: ':' expected.
src/utils/__tests__/mobilePerformanceOptimizer.test.ts(1,6204): error TS1005: ':' expected.
src/utils/__tests__/mobilePerformanceOptimizer.test.ts(1,6207): error TS1005: ',' expected.
src/utils/__tests__/mobilePerformanceOptimizer.test.ts(1,6210): error TS1005: ':' expected.
src/utils/__tests__/mobilePerformanceOptimizer.test.ts(1,6483): error TS1005: ':' expected.
src/utils/__tests__/mobilePerformanceOptimizer.test.ts(1,6494): error TS1005: ':' expected.
src/utils/__tests__/mobilePerformanceOptimizer.test.ts(1,6501): error TS1005: ',' expected.
src/utils/__tests__/mobilePerformanceOptimizer.test.ts(1,6508): error TS1005: ',' expected.
src/utils/__tests__/mobilePerformanceOptimizer.test.ts(1,6512): error TS1005: ',' expected.
src/utils/__tests__/mobilePerformanceOptimizer.test.ts(1,6520): error TS1005: ',' expected.
src/utils/__tests__/mobilePerformanceOptimizer.test.ts(1,6529): error TS1005: ',' expected.
src/utils/__tests__/mobilePerformanceOptimizer.test.ts(1,7171): error TS1005: ':' expected.
src/utils/__tests__/mobilePerformanceOptimizer.test.ts(1,7173): error TS1002: Unterminated string literal.
src/utils/accessibilityAuditor.ts(57,1): error TS1131: Property or signature expected.
src/utils/accessibilityAuditor.ts(72,3): error TS1128: Declaration or statement expected.
src/utils/accessibilityAuditor.ts(325,3): error TS1128: Declaration or statement expected.
src/utils/accessibilityAuditor.ts(856,3): error TS1128: Declaration or statement expected.
src/utils/accessibilityUtils.ts(84,3): error TS1128: Declaration or statement expected.
src/utils/animations.ts(1,136): error TS1110: Type expected.
src/utils/animations.ts(1,140): error TS1109: Expression expected.
src/utils/animations.ts(1,265): error TS1109: Expression expected.
src/utils/animations.ts(1,358): error TS1005: ';' expected.
src/utils/animations.ts(1,437): error TS1005: ';' expected.
src/utils/animations.ts(1,487): error TS1109: Expression expected.
src/utils/animations.ts(1,506): error TS1109: Expression expected.
src/utils/animations.ts(1,526): error TS1109: Expression expected.
src/utils/animations.ts(1,558): error TS1109: Expression expected.
src/utils/animations.ts(1,592): error TS1109: Expression expected.
src/utils/animations.ts(1,631): error TS1109: Expression expected.
src/utils/animations.ts(1,651): error TS1128: Declaration or statement expected.
src/utils/animations.ts(1,652): error TS1128: Declaration or statement expected.
src/utils/animations.ts(1,703): error TS1109: Expression expected.
src/utils/animations.ts(1,722): error TS1109: Expression expected.
src/utils/animations.ts(1,742): error TS1109: Expression expected.
src/utils/animations.ts(1,773): error TS1109: Expression expected.
src/utils/animations.ts(1,791): error TS1011: An element access expression should take an argument.
src/utils/animations.ts(1,793): error TS1128: Declaration or statement expected.
src/utils/ApiClient.ts(505,10): error TS1128: Declaration or statement expected.
src/utils/ApiClient.ts(511,20): error TS1005: ';' expected.
src/utils/ApiClient.ts(517,24): error TS1005: ';' expected.
src/utils/ApiClient.ts(523,24): error TS1005: ';' expected.
src/utils/ApiClient.ts(536,21): error TS1005: ';' expected.
src/utils/ApiClient.ts(542,10): error TS1128: Declaration or statement expected.
src/utils/ApiClient.ts(546,26): error TS1005: ';' expected.
src/utils/ApiClient.ts(549,25): error TS1005: ';' expected.
src/utils/ApiClient.ts(553,22): error TS1005: ';' expected.
src/utils/ApiClient.ts(557,29): error TS1005: ';' expected.
src/utils/ApiClient.ts(561,35): error TS1005: ';' expected.
src/utils/ApiClient.ts(565,5): error TS1109: Expression expected.
src/utils/ApiClient.ts(566,2): error TS1005: ',' expected.
src/utils/ApiClient.ts(567,1): error TS1005: '}' expected.
src/utils/assessmentUtils.ts(191,7): error TS1005: ';' expected.
src/utils/assessmentUtils.ts(196,7): error TS1005: ';' expected.
src/utils/assessmentUtils.ts(201,7): error TS1005: ';' expected.
src/utils/assessmentUtils.ts(206,7): error TS1005: ';' expected.
src/utils/assessmentUtils.ts(221,7): error TS1005: ';' expected.
src/utils/assessmentUtils.ts(226,7): error TS1005: ';' expected.
src/utils/assessmentUtils.ts(231,7): error TS1005: ';' expected.
src/utils/assessmentUtils.ts(237,3): error TS1005: '}' expected.
src/utils/bundleOptimization.test.ts(123,8): error TS1005: ';' expected.
src/utils/bundleOptimization.ts(229,3): error TS1128: Declaration or statement expected.
src/utils/bundleOptimization.ts(414,1): error TS1068: Unexpected token. A constructor, method, accessor, or property was expected.
src/utils/bundleOptimization.ts(522,1): error TS1068: Unexpected token. A constructor, method, accessor, or property was expected.
src/utils/chartUtils.ts(45,1): error TS1005: '}' expected.
src/utils/crisisDetection.ts(166,1): error TS1005: '}' expected.
src/utils/crisisPerformanceValidator.ts(1,208): error TS1005: 'from' expected.
src/utils/crisisPerformanceValidator.ts(1,215): error TS1005: ';' expected.
src/utils/crisisPerformanceValidator.ts(1,248): error TS1005: ';' expected.
src/utils/crisisPerformanceValidator.ts(1,306): error TS1005: ';' expected.
src/utils/crisisPerformanceValidator.ts(1,332): error TS1005: ';' expected.
src/utils/crisisPerformanceValidator.ts(1,354): error TS1005: ';' expected.
src/utils/crisisPerformanceValidator.ts(1,377): error TS1005: ';' expected.
src/utils/crisisPerformanceValidator.ts(1,402): error TS1005: ';' expected.
src/utils/crisisPerformanceValidator.ts(1,425): error TS1005: ';' expected.
src/utils/crisisPerformanceValidator.ts(1,446): error TS1005: ';' expected.
src/utils/crisisPerformanceValidator.ts(1,455): error TS1128: Declaration or statement expected.
src/utils/crisisPerformanceValidator.ts(1,456): error TS1128: Declaration or statement expected.
src/utils/culturalAssessmentUtils.ts(48,1): error TS1131: Property or signature expected.
src/utils/culturalAssessmentUtils.ts(130,7): error TS1005: ';' expected.
src/utils/culturalAssessmentUtils.ts(177,7): error TS1005: ';' expected.
src/utils/culturalAssessmentUtils.ts(405,7): error TS1005: ';' expected.
src/utils/culturalAssessmentUtils.ts(411,7): error TS1005: ';' expected.
src/utils/culturalAssessmentUtils.ts(417,7): error TS1005: ';' expected.
src/utils/culturalAssessmentUtils.ts(423,7): error TS1005: ';' expected.
src/utils/culturalAssessmentUtils.ts(441,7): error TS1005: ';' expected.
src/utils/culturalAssessmentUtils.ts(447,7): error TS1005: ';' expected.
src/utils/culturalAssessmentUtils.ts(453,7): error TS1005: ';' expected.
src/utils/culturalAssessmentUtils.ts(512,1): error TS1005: '}' expected.
src/utils/enhancedRouting.ts(423,3): error TS1128: Declaration or statement expected.
src/utils/enhancedRouting.ts(461,12): error TS1005: ';' expected.
src/utils/enhancedRouting.ts(475,1): error TS1005: '}' expected.
src/utils/errorHandler.ts(1,170): error TS1005: 'from' expected.
src/utils/errorHandler.ts(1,177): error TS1005: ';' expected.
src/utils/habitUtils.ts(98,10): error TS1005: ';' expected.
src/utils/identityMasking.ts(1,168): error TS1005: ';' expected.
src/utils/identityMasking.ts(1,184): error TS1005: ';' expected.
src/utils/identityMasking.ts(1,201): error TS1005: ';' expected.
src/utils/identityMasking.ts(1,220): error TS1005: ';' expected.
src/utils/identityMasking.ts(1,239): error TS1005: ';' expected.
src/utils/identityMasking.ts(1,258): error TS1005: ';' expected.
src/utils/identityMasking.ts(1,278): error TS1005: ';' expected.
src/utils/identityMasking.ts(1,294): error TS1005: ';' expected.
src/utils/identityMasking.ts(1,303): error TS1109: Expression expected.
src/utils/identityMasking.ts(1,304): error TS1109: Expression expected.
src/utils/identityMasking.ts(1,307): error TS1005: ';' expected.
src/utils/identityMasking.ts(1,323): error TS1011: An element access expression should take an argument.
src/utils/identityMasking.ts(1,324): error TS1128: Declaration or statement expected.
src/utils/identityMasking.ts(1,325): error TS1128: Declaration or statement expected.
src/utils/identityMasking.ts(1,364): error TS1109: Expression expected.
src/utils/identityMasking.ts(1,386): error TS1109: Expression expected.
src/utils/identityMasking.ts(1,405): error TS1109: Expression expected.
src/utils/identityMasking.ts(1,427): error TS1109: Expression expected.
src/utils/identityMasking.ts(1,447): error TS1109: Expression expected.
src/utils/identityMasking.ts(1,456): error TS1128: Declaration or statement expected.
src/utils/identityMasking.ts(1,457): error TS1128: Declaration or statement expected.
src/utils/identityMasking.ts(1,466): error TS1109: Expression expected.
src/utils/identityMasking.ts(1,476): error TS1005: ';' expected.
src/utils/identityMasking.ts(1,488): error TS1109: Expression expected.
src/utils/identityMasking.ts(1,499): error TS1005: ';' expected.
src/utils/identityMasking.ts(1,511): error TS1109: Expression expected.
src/utils/identityMasking.ts(1,520): error TS1128: Declaration or statement expected.
src/utils/identityMasking.ts(1,521): error TS1128: Declaration or statement expected.
src/utils/identityMasking.ts(1,586): error TS1005: ';' expected.
src/utils/identityMasking.ts(1,611): error TS1005: ';' expected.
src/utils/identityMasking.ts(1,635): error TS1005: ';' expected.
src/utils/identityMasking.ts(1,660): error TS1005: ';' expected.
src/utils/identityMasking.ts(1,690): error TS1005: ';' expected.
src/utils/identityMasking.ts(1,715): error TS1005: ';' expected.
src/utils/identityMasking.ts(1,737): error TS1005: ';' expected.
src/utils/identityMasking.ts(1,767): error TS1005: ';' expected.
src/utils/identityMasking.ts(1,776): error TS1128: Declaration or statement expected.
src/utils/identityMasking.ts(1,777): error TS1128: Declaration or statement expected.
src/utils/identityMasking.ts(1,809): error TS1128: Declaration or statement expected.
src/utils/identityMasking.ts(1,812): error TS1128: Declaration or statement expected.
src/utils/identityMasking.ts(1,820): error TS1128: Declaration or statement expected.
src/utils/identityMasking.ts(1,837): error TS1434: Unexpected keyword or identifier.
src/utils/identityMasking.ts(1,861): error TS1128: Declaration or statement expected.
src/utils/identityMasking.ts(1,886): error TS1434: Unexpected keyword or identifier.
src/utils/identityMasking.ts(1,903): error TS1128: Declaration or statement expected.
src/utils/identityMasking.ts(1,943): error TS1109: Expression expected.
src/utils/identityMasking.ts(1,956): error TS1005: ';' expected.
src/utils/identityMasking.ts(1,1005): error TS1005: ';' expected.
src/utils/identityMasking.ts(1,1019): error TS1005: ';' expected.
src/utils/identityMasking.ts(1,1027): error TS1128: Declaration or statement expected.
src/utils/identityMasking.ts(1,1064): error TS1005: ';' expected.
src/utils/identityMasking.ts(1,1093): error TS1005: ';' expected.
src/utils/identityMasking.ts(1,1119): error TS1005: ';' expected.
src/utils/identityMasking.ts(1,1144): error TS1005: ';' expected.
src/utils/identityMasking.ts(1,1170): error TS1005: ';' expected.
src/utils/identityMasking.ts(1,1201): error TS1005: ';' expected.
src/utils/identityMasking.ts(1,1209): error TS1109: Expression expected.
src/utils/imageOptimization.ts(59,14): error TS1005: ';' expected.
src/utils/imageOptimization.ts(83,1): error TS1131: Property or signature expected.
src/utils/logger.test.ts(42,6): error TS1005: ';' expected.
src/utils/mobileUtils.ts(202,1): error TS1005: '}' expected.
src/utils/mobileViewportManager.ts(35,3): error TS1128: Declaration or statement expected.
src/utils/mobileViewportManager.ts(98,3): error TS1128: Declaration or statement expected.
src/utils/mobileViewportManager.ts(108,3): error TS1128: Declaration or statement expected.
src/utils/networkDetection.test.ts(336,8): error TS1005: ';' expected.
src/utils/networkDetection.ts(176,4): error TS1128: Declaration or statement expected.
src/utils/networkDetection.ts(176,8): error TS1005: ';' expected.
src/utils/networkDetection.ts(227,1): error TS1005: '}' expected.
src/utils/performanceIntegration.tsx(166,17): error TS1005: ';' expected.
src/utils/performanceIntegration.tsx(233,1): error TS1005: '}' expected.
src/utils/performanceMonitor.tsx(1,234): error TS1005: 'from' expected.
src/utils/performanceMonitor.tsx(1,241): error TS1005: ';' expected.
src/utils/performanceMonitor.tsx(1,254): error TS1109: Expression expected.
src/utils/responsiveUtils.ts(355,3): error TS1005: '}' expected.
src/utils/roleAccess.ts(20,14): error TS1005: ';' expected.
src/utils/roleAccess.ts(191,1): error TS1131: Property or signature expected.
src/utils/roleAccess.ts(273,1): error TS1005: '}' expected.
src/utils/sanitizeHtml.test.ts(89,38): error TS1005: ';' expected.
src/utils/sanitizeHtml.test.ts(160,38): error TS1005: ';' expected.
src/utils/sanitizeHtml.test.ts(176,38): error TS1005: ';' expected.
src/utils/sanitizeHtml.test.ts(397,40): error TS1005: ';' expected.
src/utils/sanitizeHtml.ts(70,49): error TS1005: '}' expected.
src/utils/securityValidation.ts(1,150): error TS1005: 'from' expected.
src/utils/securityValidation.ts(1,157): error TS1005: ';' expected.
src/utils/securityValidation.ts(1,163): error TS1109: Expression expected.
src/utils/securityValidation.ts(1,219): error TS1005: 'from' expected.
src/utils/securityValidation.ts(1,226): error TS1005: ';' expected.
src/utils/securityValidation.ts(1,285): error TS1005: ';' expected.
src/utils/securityValidation.ts(1,433): error TS1128: Declaration or statement expected.
src/utils/securityValidation.ts(1,439): error TS1005: ';' expected.
src/utils/securityValidation.ts(1,478): error TS1005: ';' expected.
src/utils/securityValidation.ts(1,495): error TS1005: ';' expected.
src/utils/securityValidation.ts(1,504): error TS1011: An element access expression should take an argument.
src/utils/securityValidation.ts(1,524): error TS1005: ';' expected.
src/utils/securityValidation.ts(1,573): error TS1128: Declaration or statement expected.
src/utils/securityValidation.ts(1,620): error TS1005: ';' expected.
src/utils/securityValidation.ts(1,650): error TS1005: ';' expected.
src/utils/securityValidation.ts(1,656): error TS1005: ';' expected.
src/utils/securityValidation.ts(1,666): error TS1005: ';' expected.
src/utils/securityValidation.ts(1,679): error TS1005: ';' expected.
src/utils/securityValidation.ts(1,898): error TS1005: ';' expected.
src/utils/securityValidation.ts(1,927): error TS1005: ';' expected.
src/utils/securityValidation.ts(1,929): error TS1128: Declaration or statement expected.
src/utils/securityValidation.ts(1,950): error TS1005: ';' expected.
src/utils/securityValidation.ts(1,957): error TS1434: Unexpected keyword or identifier.
src/utils/securityValidation.ts(1,964): error TS1434: Unexpected keyword or identifier.
src/utils/securityValidation.ts(1,967): error TS1434: Unexpected keyword or identifier.
src/utils/securityValidation.ts(1,972): error TS1128: Declaration or statement expected.
src/utils/securityValidation.ts(1,996): error TS1005: ';' expected.
src/utils/securityValidation.ts(1,1238): error TS1005: ';' expected.
src/utils/securityValidation.ts(1,1255): error TS1005: ';' expected.
src/utils/securityValidation.ts(1,1258): error TS1434: Unexpected keyword or identifier.
src/utils/securityValidation.ts(1,1271): error TS1005: ';' expected.
src/utils/securityValidation.ts(1,1274): error TS1434: Unexpected keyword or identifier.
src/utils/securityValidation.ts(1,1355): error TS1005: ';' expected.
src/utils/securityValidation.ts(1,1360): error TS1434: Unexpected keyword or identifier.
src/utils/securityValidation.ts(1,1377): error TS1005: ';' expected.
src/utils/securityValidation.ts(1,1394): error TS1005: ';' expected.
src/utils/securityValidation.ts(1,1406): error TS1109: Expression expected.
src/utils/securityValidation.ts(1,1462): error TS1389: 'const' is not allowed as a variable declaration name.
src/utils/securityValidation.ts(1,1520): error TS1109: Expression expected.
src/utils/videoThumbnailGenerator.test.ts(64,4): error TS1128: Declaration or statement expected.
src/utils/videoThumbnailGenerator.ts(199,9): error TS1005: ';' expected.
src/utils/videoThumbnailGenerator.ts(208,3): error TS1472: 'catch' or 'finally' expected.
src/utils/videoThumbnailGenerator.ts(209,17): error TS1005: ',' expected.
src/utils/videoThumbnailGenerator.ts(209,26): error TS1011: An element access expression should take an argument.
src/utils/videoThumbnailGenerator.ts(210,12): error TS1005: ',' expected.
src/utils/videoThumbnailGenerator.ts(211,4): error TS1005: ';' expected.
src/utils/videoThumbnailGenerator.ts(211,33): error TS1011: An element access expression should take an argument.
src/utils/videoThumbnailGenerator.ts(212,11): error TS1005: ':' expected.
src/utils/videoThumbnailGenerator.ts(212,18): error TS1005: ',' expected.
src/utils/videoThumbnailGenerator.ts(212,38): error TS1005: ',' expected.
src/utils/videoThumbnailGenerator.ts(212,39): error TS1109: Expression expected.
src/utils/videoThumbnailGenerator.ts(212,41): error TS1005: ':' expected.
src/utils/videoThumbnailGenerator.ts(212,45): error TS1005: ',' expected.
src/utils/videoThumbnailGenerator.ts(215,11): error TS1005: ':' expected.
src/utils/videoThumbnailGenerator.ts(215,24): error TS1005: ',' expected.
src/utils/videoThumbnailGenerator.ts(217,14): error TS1005: ',' expected.
src/utils/videoThumbnailGenerator.ts(217,19): error TS1005: ',' expected.
src/utils/videoThumbnailGenerator.ts(217,23): error TS1005: ',' expected.
src/utils/videoThumbnailGenerator.ts(217,37): error TS1005: ',' expected.
src/utils/videoThumbnailGenerator.ts(217,44): error TS1005: ',' expected.
src/utils/videoThumbnailGenerator.ts(217,48): error TS1005: ',' expected.
src/utils/videoThumbnailGenerator.ts(217,60): error TS1005: ',' expected.
src/utils/videoThumbnailGenerator.ts(217,62): error TS1136: Property assignment expected.
src/views/AssessmentDetailView.tsx(28,15): error TS1005: ';' expected.
src/views/AssessmentDetailView.tsx(36,6): error TS1128: Declaration or statement expected.
src/views/AssessmentDetailView.tsx(36,50): error TS1005: ';' expected.
src/views/AssessmentHistoryView.tsx(67,38): error TS1005: '}' expected.
src/views/DesignShowcaseView.tsx(1,156): error TS1005: ';' expected.
src/views/DesignShowcaseView.tsx(1,188): error TS1005: 'from' expected.
src/views/DesignShowcaseView.tsx(1,195): error TS1005: ';' expected.
src/views/DesignShowcaseView.tsx(1,232): error TS1109: Expression expected.
src/views/DesignShowcaseView.tsx(1,279): error TS1389: 'return' is not allowed as a variable declaration name.
src/views/DesignShowcaseView.tsx(1,365): error TS1128: Declaration or statement expected.
src/views/DesignShowcaseView.tsx(1,366): error TS1128: Declaration or statement expected.
src/views/DesignShowcaseView.tsx(1,400): error TS1005: ';' expected.
src/views/EnhancedTetherView.tsx(111,30): error TS1005: ';' expected.
src/views/ShareView.test.tsx(23,6): error TS1005: ';' expected.
src/views/VideoChatView.tsx(86,17): error TS1005: ';' expected.
